03-23 00:10:33.430   340   340 I (1)[340:kworker/1:1]mt6885-audio 11210000.mt6885-afe-pcm: mt6885_afe_disable_clock()
03-23 00:10:33.431  6497  6497 I (1)[6497:HwBinder:6490_2]mtk_dsp_pcm_open(), task_id: 0
03-23 00:10:33.432  6497  6497 I         : (1)[6497:HwBinder:6490_2]adsp_core0_resume(), done elapse 593 us
03-23 00:10:33.432  6497  6497 I         : (4)[6497:HwBinder:6490_2]adsp_core1_resume(), done elapse 602 us
03-23 00:10:33.433  6497  6497 I (4)[6497:HwBinder:6490_2]mtk_dsp_pcm_close(), task_id: 0
03-23 00:10:33.433  6497  6497 I (4)[6497:HwBinder:6490_2]mtk_dsp_pcm_open(), task_id: 1
03-23 00:10:33.433  6497  6497 I         : (4)[6497:HwBinder:6490_2]adsp_core0_resume(), done elapse 0 us
03-23 00:10:33.433  6497  6497 I (4)[6497:HwBinder:6490_2]mtk_dsp_pcm_close(), task_id: 1
03-23 00:10:33.434  6497  6497 I (4)[6497:HwBinder:6490_2]mtk_dsp_pcm_open(), task_id: 3
03-23 00:10:33.434  6497  6497 I         : (4)[6497:HwBinder:6490_2]adsp_core0_resume(), done elapse 0 us
03-23 00:10:33.434  6497  6497 I (4)[6497:HwBinder:6490_2]mtk_dsp_pcm_close(), task_id: 3
03-23 00:10:33.434  6497  6497 I (4)[6497:HwBinder:6490_2]mtk_dsp_pcm_open(), task_id: 4
03-23 00:10:33.434  6497  6497 I         : (4)[6497:HwBinder:6490_2]adsp_core0_resume(), done elapse 0 us
03-23 00:10:33.434  6497  6497 I (4)[6497:HwBinder:6490_2]mtk_dsp_pcm_close(), task_id: 4
03-23 00:10:33.435  6497  6497 I (4)[6497:HwBinder:6490_2]mtk_dsp_pcm_open(), task_id: 6
03-23 00:10:33.435  6497  6497 I         : (4)[6497:HwBinder:6490_2]adsp_core0_resume(), done elapse 0 us
03-23 00:10:33.435  6497  6497 I         : (4)[6497:HwBinder:6490_2]adsp_core1_resume(), done elapse 0 us
03-23 00:10:33.435  6497  6497 I (4)[6497:HwBinder:6490_2]mtk_dsp_pcm_close(), task_id: 6
03-23 00:10:33.435  6497  6497 I (4)[6497:HwBinder:6490_2]mtk_dsp_pcm_open(), task_id: 9
03-23 00:10:33.435  6497  6497 I         : (4)[6497:HwBinder:6490_2]adsp_core0_resume(), done elapse 0 us
03-23 00:10:33.435  6497  6497 I         : (4)[6497:HwBinder:6490_2]mtk_scp_ipi_send() task_scene[14] not enable
03-23 00:10:33.435  6497  6497 I (4)[6497:HwBinder:6490_2]mtk_dsp_pcm_close(), task_id: 9
03-23 00:10:33.435  6497  6497 I         : (4)[6497:HwBinder:6490_2]mtk_scp_ipi_send() task_scene[14] not enable
03-23 00:10:33.435  6497  6497 I         : (4)[6497:HwBinder:6490_2]mtk_dsp_pcm_close ret[-1]
03-23 00:10:33.435  6497  6497 I (4)[6497:HwBinder:6490_2]mtk_dsp_pcm_open(), task_id: 10
03-23 00:10:33.435  6497  6497 I         : (4)[6497:HwBinder:6490_2]adsp_core0_resume(), done elapse 0 us
03-23 00:10:33.435  6497  6497 I (4)[6497:HwBinder:6490_2]mtk_dsp_pcm_close(), task_id: 10
03-23 00:10:33.435  6497  6497 I (4)[6497:HwBinder:6490_2]mtk_dsp_pcm_open(), task_id: 11
03-23 00:10:33.435  6497  6497 I         : (4)[6497:HwBinder:6490_2]adsp_core0_resume(), done elapse 0 us
03-23 00:10:33.435  6497  6497 I         : (4)[6497:HwBinder:6490_2]adsp_core1_resume(), done elapse 0 us
03-23 00:10:33.436  6497  6497 I (4)[6497:HwBinder:6490_2]mtk_dsp_pcm_close(), task_id: 11
03-23 00:10:33.436  6497  6497 I (4)[6497:HwBinder:6490_2]mtk_dsp_pcm_open(), task_id: 12
03-23 00:10:33.436  6497  6497 I         : (4)[6497:HwBinder:6490_2]adsp_core0_resume(), done elapse 0 us
03-23 00:10:33.436  6497  6497 I         : (4)[6497:HwBinder:6490_2]adsp_core1_resume(), done elapse 0 us
03-23 00:10:33.436  6497  6497 I (4)[6497:HwBinder:6490_2]mtk_dsp_pcm_close(), task_id: 12
03-23 00:10:33.436  6497  6497 I (2)[6497:HwBinder:6490_2]mtk_dsp_pcm_open(), task_id: 13
03-23 00:10:33.436  6497  6497 I         : (2)[6497:HwBinder:6490_2]adsp_core0_resume(), done elapse 0 us
03-23 00:10:33.437  6497  6497 I (2)[6497:HwBinder:6490_2]mtk_dsp_pcm_close(), task_id: 13
03-23 00:10:33.437  6497  6497 I (2)[6497:HwBinder:6490_2]mtk_dsp_pcm_open(), task_id: 7
03-23 00:10:33.437  6497  6497 I         : (2)[6497:HwBinder:6490_2]adsp_core0_resume(), done elapse 0 us
03-23 00:10:33.438  6497  6497 I (2)[6497:HwBinder:6490_2]mtk_dsp_pcm_close(), task_id: 7
03-23 00:10:33.438  6497  6497 I (2)[6497:HwBinder:6490_2]mt6885-audio 11210000.mt6885-afe-pcm: mt6885_afe_runtime_resume()
03-23 00:10:33.438  6497  6497 I (2)[6497:HwBinder:6490_2]mt6885-audio 11210000.mt6885-afe-pcm: mt6885_afe_enable_clock()
03-23 00:10:33.438  6497  6497 I (2)[6497:HwBinder:6490_2]mt6885-audio 11210000.mt6885-afe-pcm: mt6885_mt6359_vow_startup(), start
03-23 00:10:33.438   439   439 I (2)[439:kworker/2:2]mt6885-audio 11210000.mt6885-afe-pcm: mt6885_afe_runtime_suspend()
03-23 00:10:33.438   439   439 I (2)[439:kworker/2:2]mt6885-audio 11210000.mt6885-afe-pcm: mt6885_afe_disable_clock()
03-23 00:10:33.438  6497  6497 I (2)[6497:HwBinder:6490_2]mt6885-audio 11210000.mt6885-afe-pcm: mt6885_mt6359_vow_shutdown(), end
03-23 00:10:33.438  6497  6497 I (2)[6497:HwBinder:6490_2]mt6885-audio 11210000.mt6885-afe-pcm: mt6885_afe_runtime_resume()
03-23 00:10:33.438  6497  6497 I (2)[6497:HwBinder:6490_2]mt6885-audio 11210000.mt6885-afe-pcm: mt6885_afe_enable_clock()
03-23 00:10:33.439   439   439 I (2)[439:kworker/2:2]mt6885-audio 11210000.mt6885-afe-pcm: mt6885_afe_runtime_suspend()
03-23 00:10:33.439   439   439 I (2)[439:kworker/2:2]mt6885-audio 11210000.mt6885-afe-pcm: mt6885_afe_disable_clock()
03-23 00:10:33.439  6497  6497 I (2)[6497:HwBinder:6490_2]snd_scp_ultra snd_scp_ultra: mtk_scp_ultra_pcm_open() memif dl=7,ul=15
03-23 00:10:33.440  6497  6497 I (2)[6497:HwBinder:6490_2]snd_scp_ultra snd_scp_ultra: mtk_scp_ultra_pcm_open() memif dl=7,ul=15
03-23 00:10:33.440  6531  6531 I (7)[6531:init]KernelSU: handle_setresuid from 0 to 1010
03-23 00:10:33.440  6497  6497 I         : (2)[6497:HwBinder:6490_2]adsp_core0_resume(), done elapse 0 us
03-23 00:10:33.440  6497  6497 I         : (2)[6497:HwBinder:6490_2]adsp_core1_resume(), done elapse 0 us
03-23 00:10:33.440  6497  6497 I         : (2)[6497:HwBinder:6490_2][IPI][DRV] audio_ipi_init_dsp_hifi3(), audio hal reinit
03-23 00:10:33.440   254   254 I         : (7)[254:scp_send_thread][IPI][DSP_Q] scp_send_msg_to_scp(), pass, task: 26, msg_id: 0xadb0, ack_type: 1, p1: 0x0, p2: 0x0
03-23 00:10:33.440   255   255 I         : (7)[255:scp_recv_thread][IPI][MSG] audio_ipi_msg_dispatcher(), ack back, task: 26, msg_id: 0xadb0, ack_type: 2, p1: 0x0, p2: 0x0
03-23 00:10:33.441  6497  6497 I         : (2)[6497:HwBinder:6490_2]audio_get_dsp_id(), task 20 not support!!
03-23 00:10:33.441  6497  6497 I         : (2)[6497:HwBinder:6490_2]audio_get_dsp_id(), task 21 not support!!
03-23 00:10:33.441  6497  6497 I         : (2)[6497:HwBinder:6490_2]audio_get_dsp_id(), task 22 not support!!
03-23 00:10:33.441  6497  6497 I         : (2)[6497:HwBinder:6490_2]audio_get_dsp_id(), task 23 not support!!
03-23 00:10:33.441  6497  6497 I         : (2)[6497:HwBinder:6490_2][IPI][DMA] audio_ipi_dma_free_region(), task 26, a2d sz 0x0, offset 0x0, d2a sz 0x0, offset 0x0, (1024512/1024512)
03-23 00:10:33.441  6497  6497 I         : (2)[6497:HwBinder:6490_2]adsp_core0_resume(), done elapse 0 us
03-23 00:10:33.441  6497  6497 I         : (2)[6497:HwBinder:6490_2]adsp_core1_resume(), done elapse 0 us
03-23 00:10:33.441  6497  6497 I         : (2)[6497:HwBinder:6490_2][IPI][DRV] audio_ipi_init_dsp_hifi3(), audio hal reinit
03-23 00:10:33.441   256   256 I         : (1)[256:scp_send_thread][IPI][DSP_Q] scp_send_msg_to_scp(), pass, task: 27, msg_id: 0xadb0, ack_type: 1, p1: 0x0, p2: 0x0
03-23 00:10:33.441   257   257 I         : (4)[257:scp_recv_thread][IPI][MSG] audio_ipi_msg_dispatcher(), ack back, task: 27, msg_id: 0xadb0, ack_type: 2, p1: 0x0, p2: 0x0
03-23 00:10:33.441  6497  6497 I         : (4)[6497:HwBinder:6490_2]audio_get_dsp_id(), task 20 not support!!
03-23 00:10:33.441  6497  6497 I         : (4)[6497:HwBinder:6490_2]audio_get_dsp_id(), task 21 not support!!
03-23 00:10:33.441  6497  6497 I         : (4)[6497:HwBinder:6490_2]audio_get_dsp_id(), task 22 not support!!
03-23 00:10:33.441  6497  6497 I         : (4)[6497:HwBinder:6490_2]audio_get_dsp_id(), task 23 not support!!
03-23 00:10:33.441  6497  6497 I         : (4)[6497:HwBinder:6490_2][IPI][DMA] audio_ipi_dma_free_region(), task 27, a2d sz 0x0, offset 0x0, d2a sz 0x0, offset 0x0, (1024512/1024512)
03-23 00:10:33.441  6497  6497 I         : (4)[6497:HwBinder:6490_2]adsp_core0_resume(), done elapse 0 us
03-23 00:10:33.441  6497  6497 I         : (4)[6497:HwBinder:6490_2]adsp_core1_resume(), done elapse 0 us
03-23 00:10:33.441  6497  6497 I         : (4)[6497:HwBinder:6490_2][IPI][DMA] audio_ipi_dma_alloc_region(), task 26, a2d sz 0x20000, offset 0x5e00, d2a sz 0x18000, offset 0x25e00, (795136/1024512)
03-23 00:10:33.441  6497  6497 I         : (4)[6497:HwBinder:6490_2]adsp_core0_resume(), done elapse 0 us
03-23 00:10:33.441  6497  6497 I         : (4)[6497:HwBinder:6490_2]adsp_core1_resume(), done elapse 0 us
03-23 00:10:33.441  6497  6497 I         : (4)[6497:HwBinder:6490_2][IPI][DMA] audio_ipi_dma_alloc_region(), task 27, a2d sz 0x20000, offset 0x5e00, d2a sz 0x18000, offset 0x25e00, (795136/1024512)
03-23 00:10:33.441  6497  6497 I         : (4)[6497:HwBinder:6490_2]adsp_core0_resume(), done elapse 0 us
03-23 00:10:33.441  6527  6527 I         : (6)[6527:mediaserver64]adsp_core1_resume(), done elapse 0 us
03-23 00:10:33.443  6527  6527 I (6)[6527:mediaserver64]binder: 6527:6527 ioctl 40046210 7ff16f80d4 returned -22
03-23 00:10:33.445  6527  6527 I (6)[6527:mediaserver64]binder: 6527:6527 ioctl 40046210 7ff16f8084 returned -22
03-23 00:10:33.446  6497  6497 I         : (4)[6497:HwBinder:6490_2]cs35l41_rcv_switch_pinctrl() fast_switch_file_idx 2
03-23 00:10:33.446  6497  6497 I         : (4)[6497:HwBinder:6490_2]cs35l41_rcv_switch_pinctrl() cs35l41_rcv_switch_pinctrl end
03-23 00:10:33.447  6497  6497 I (4)[6497:HwBinder:6490_2]mt6885-audio 11210000.mt6885-afe-pcm: mt6885_i2s_hd_set(), kcontrol name I2S0_HD_Mux, hd_en 0
03-23 00:10:33.447  6497  6497 I (4)[6497:HwBinder:6490_2]mt6885-audio 11210000.mt6885-afe-pcm: mt6885_i2s_hd_set(), kcontrol name I2S3_HD_Mux, hd_en 0
03-23 00:10:33.447  6497  6497 I (4)[6497:HwBinder:6490_2]mt6885-audio 11210000.mt6885-afe-pcm: mt6885_i2s_hd_set(), kcontrol name I2S0_HD_Mux, hd_en 0
03-23 00:10:33.447  6531  6531 I (7)[6531:wificond]binder: 6531:6531 ioctl 40046210 7fd32491b4 returned -22
03-23 00:10:33.447  6497  6497 I (4)[6497:HwBinder:6490_2]mt6885-audio 11210000.mt6885-afe-pcm: mt6885_record_xrun_assert_set(), xrun_assert 0
03-23 00:10:33.448   586   586 I (0)[586:servicemanager]: Caller(pid=6531,uid=1010,sid=u:r:wificond:s0) Could not find android.hardware.net.nlinterceptor.IInterceptor/default in the VINTF manifest. No alternative instances declared in VINTF.
03-23 00:10:33.449  6531  6531 I (7)[6531:wificond]binder: 6531:6531 ioctl 40046210 7fd3249104 returned -22
03-23 00:10:33.468  6497  6497 I         : (6)[6497:HwBinder:6490_2]usip_ioctl(), cmd 0xc00844f0, arg 4131416176, memory_size = 393216 addr_phy = 0x6e900000
03-23 00:10:33.468  6497  6497 I         : (6)[6497:HwBinder:6490_2]usip_mmap_data(), memory ready 1, size 393216, align_bytes 393216
03-23 00:10:33.469  6497  6497 I         : (6)[6497:HwBinder:6490_2]usip_ioctl(), cmd 0xc00844f1, arg 4115154072, memory_size = 393216 addr_phy = 0x6e900000
03-23 00:10:33.470  6497  6497 I (6)[6497:HwBinder:6490_2]mt6359-sound mt6359_snd: audio_vow_periodic_parm_set(), size = 128
03-23 00:10:33.470  6497  6497 I (6)[6497:HwBinder:6490_2]mt6359-sound mt6359_snd: audio_vow_cfg_get(), Audio VOWCFG4 Data = 0xf
03-23 00:10:33.470  6497  6497 I (6)[6497:HwBinder:6490_2]mt6359-sound mt6359_snd: audio_vow_cfg_get(), Audio VOWCFG0 Data = 0x0
03-23 00:10:33.470  6497  6497 I (6)[6497:HwBinder:6490_2]mt6359-sound mt6359_snd: audio_vow_cfg_set(), Audio VOWCFG0 Data = 0x0
03-23 00:10:33.470  6497  6497 I (6)[6497:HwBinder:6490_2]mt6359-sound mt6359_snd: audio_vow_cfg_get(), Audio VOWCFG1 Data = 0x0
03-23 00:10:33.470  6497  6497 I (6)[6497:HwBinder:6490_2]mt6359-sound mt6359_snd: audio_vow_cfg_set(), Audio VOWCFG1 Data = 0x0
03-23 00:10:33.470  6497  6497 I (6)[6497:HwBinder:6490_2]mt6359-sound mt6359_snd: audio_vow_cfg_get(), Audio VOWCFG2 Data = 0x4343
03-23 00:10:33.470  6497  6497 I (6)[6497:HwBinder:6490_2]mt6359-sound mt6359_snd: audio_vow_cfg_set(), Audio VOWCFG2 Data = 0x4343
03-23 00:10:33.470  6497  6497 I (6)[6497:HwBinder:6490_2]mt6359-sound mt6359_snd: audio_vow_cfg_get(), Audio VOWCFG3 Data = 0xa768
03-23 00:10:33.470  6497  6497 I (6)[6497:HwBinder:6490_2]mt6359-sound mt6359_snd: audio_vow_cfg_set(), Audio VOWCFG3 Data = 0xa768
03-23 00:10:33.470  6497  6497 I (6)[6497:HwBinder:6490_2]mt6359-sound mt6359_snd: audio_vow_cfg_get(), Audio VOWCFG4 Data = 0xf
03-23 00:10:33.470  6497  6497 I (6)[6497:HwBinder:6490_2]mt6359-sound mt6359_snd: audio_vow_cfg_set(), Audio VOWCFG4 Data = 0xf
03-23 00:10:33.470  6497  6497 I (6)[6497:HwBinder:6490_2]mt6359-sound mt6359_snd: audio_vow_cfg_get(), Audio VOWCFG5 Data = 0x1
03-23 00:10:33.470  6497  6497 I (6)[6497:HwBinder:6490_2]mt6359-sound mt6359_snd: audio_vow_cfg_set(), Audio VOWCFG5 Data = 0x1
03-23 00:10:33.470  6497  6497 I (6)[6497:HwBinder:6490_2]mt6359-sound mt6359_snd: audio_vow_cfg_get(), Audio_VOW_Periodic = 0x0
03-23 00:10:33.470  6497  6497 I (6)[6497:HwBinder:6490_2]mt6359-sound mt6359_snd: audio_vow_cfg_set(), Audio_VOW_Periodic = 0x0
03-23 00:10:33.475  6497  6497 I         : (6)[6497:HwBinder:6490_2]mtk_scp_ultra_engine_state_set() new state=4, memdl=7, memul=15
03-23 00:10:33.477  6545  6545 I (4)[6545:HwBinder:6490_2]speaker_amp 7-0040: cal_z = 10013
03-23 00:10:33.477  6545  6545 I (4)[6545:HwBinder:6490_2]speaker_amp 7-0042: cal_z = 9528
03-23 00:10:33.480   586   586 I (4)[586:servicemanager]: Caller(pid=6511,uid=1041,sid=u:r:audioserver:s0) Could not find android.hardware.audio.effect.IFactory/default in the VINTF manifest. No alternative instances declared in VINTF.
03-23 00:10:33.481   586   586 I (4)[586:servicemanager]: Caller(pid=6511,uid=1041,sid=u:r:audioserver:s0) Could not find android.hardware.audio.core.IModule/default in the VINTF manifest. No alternative instances declared in VINTF.
03-23 00:10:33.487   586   586 I (4)[586:servicemanager]: Caller(pid=6511,uid=1041,sid=u:r:audioserver:s0) Found android.system.suspend.ISystemSuspend/default in framework VINTF manifest.
03-23 00:10:33.507  2361  2361 E (7)[2361:kworker/u16:25]get_connector_temp: connector_temp:297
03-23 00:10:33.540  2361  2361 I         : (4)[2361:kworker/u16:25][Thermal/TZ/BTS]T_AP=40957
03-23 00:10:33.546  6550  6550 I         : (6)[6550:VcodecProcess][DPE]DPE open g_u4EnableClockCount: 1
03-23 00:10:33.546  6550  6550 I         : (6)[6550:VcodecProcess][DPE]g_dpewb_dvme_int_Buffer_pa(0xffd12000), g_dpewb_cost_int_Buffer_pa(0xffd5d000), g_dpewb_asfrm_Buffer_pa(0xffda8000), g_dpewb_asfrmext_Buffer_pa(0xffdf3000), g_dpewb_wmfhf_Buffer_pa(0xffe3e000)
03-23 00:10:33.546  6550  6550 E (6)[6550:VcodecProcess][MTK_V4L2][ERROR] mtk_vdec_s_ctrl: 2780: ctrl-id=99200e not support!
03-23 00:10:33.546  6550  6550 I         : (6)[6550:VcodecProcess][MTK_V4L2] level=0 fops_vcodec_open(),117: decoder capability 10
03-23 00:10:33.546  6550  6550 I         : (6)[6550:VcodecProcess][MTK_V4L2] level=0 fops_vcodec_open(),125: 1602f000.vdec decoder [206]
03-23 00:10:33.546  6550  6550 I         : (6)[6550:VcodecProcess][DPE]Curr UsrCnt(0), (process, pid, tgid)=(VcodecProcess, 6550, 3253), last user
03-23 00:10:33.546  6550  6550 I         : (4)[6550:VcodecProcess][DPE]DPE release g_u4EnableClockCount: 0
03-23 00:10:33.548  6550  6550 I         : (4)[6550:VcodecProcess][MTK_V4L2] level=0 fops_vcodec_release(),148: [206] decoder
03-23 00:10:33.553  6552  6552 I         : (6)[6552:VcodecProcess][DPE]DPE open g_u4EnableClockCount: 1
03-23 00:10:33.553  6552  6552 I         : (6)[6552:VcodecProcess][DPE]g_dpewb_dvme_int_Buffer_pa(0xffd12000), g_dpewb_cost_int_Buffer_pa(0xffd5d000), g_dpewb_asfrm_Buffer_pa(0xffda8000), g_dpewb_asfrmext_Buffer_pa(0xffdf3000), g_dpewb_wmfhf_Buffer_pa(0xffe3e000)
03-23 00:10:33.553  6552  6552 E (6)[6552:VcodecProcess][MTK_V4L2][ERROR] mtk_vdec_s_ctrl: 2780: ctrl-id=99200e not support!
03-23 00:10:33.553  6552  6552 I         : (6)[6552:VcodecProcess][MTK_V4L2] level=0 fops_vcodec_open(),117: decoder capability 10
03-23 00:10:33.553  6552  6552 I         : (6)[6552:VcodecProcess][MTK_V4L2] level=0 fops_vcodec_open(),125: 1602f000.vdec decoder [207]
03-23 00:10:33.553  6552  6552 I         : (6)[6552:VcodecProcess][DPE]Curr UsrCnt(0), (process, pid, tgid)=(VcodecProcess, 6552, 3253), last user
03-23 00:10:33.554  6552  6552 I         : (4)[6552:VcodecProcess][DPE]DPE release g_u4EnableClockCount: 0
03-23 00:10:33.555  6552  6552 I         : (4)[6552:VcodecProcess][MTK_V4L2] level=0 fops_vcodec_release(),148: [207] decoder
03-23 00:10:33.557  6554  6554 I         : (4)[6554:VcodecProcess][DPE]DPE open g_u4EnableClockCount: 1
03-23 00:10:33.557  6554  6554 I         : (4)[6554:VcodecProcess][DPE]g_dpewb_dvme_int_Buffer_pa(0xffd12000), g_dpewb_cost_int_Buffer_pa(0xffd5d000), g_dpewb_asfrm_Buffer_pa(0xffda8000), g_dpewb_asfrmext_Buffer_pa(0xffdf3000), g_dpewb_wmfhf_Buffer_pa(0xffe3e000)
03-23 00:10:33.557  6554  6554 E (4)[6554:VcodecProcess][MTK_V4L2][ERROR] mtk_vdec_s_ctrl: 2780: ctrl-id=99200e not support!
03-23 00:10:33.557  6554  6554 I         : (4)[6554:VcodecProcess][MTK_V4L2] level=0 fops_vcodec_open(),117: decoder capability 10
03-23 00:10:33.557  6554  6554 I         : (4)[6554:VcodecProcess][MTK_V4L2] level=0 fops_vcodec_open(),125: 1602f000.vdec decoder [208]
03-23 00:10:33.557  6554  6554 I         : (4)[6554:VcodecProcess][DPE]Curr UsrCnt(0), (process, pid, tgid)=(VcodecProcess, 6554, 3253), last user
03-23 00:10:33.557  6554  6554 I         : (4)[6554:VcodecProcess][DPE]DPE release g_u4EnableClockCount: 0
03-23 00:10:33.559  6554  6554 I         : (4)[6554:VcodecProcess][MTK_V4L2] level=0 fops_vcodec_release(),148: [208] decoder
03-23 00:10:33.561  6556  6556 I         : (4)[6556:VcodecProcess][DPE]DPE open g_u4EnableClockCount: 1
03-23 00:10:33.561  6556  6556 I         : (4)[6556:VcodecProcess][DPE]g_dpewb_dvme_int_Buffer_pa(0xffd12000), g_dpewb_cost_int_Buffer_pa(0xffd5d000), g_dpewb_asfrm_Buffer_pa(0xffda8000), g_dpewb_asfrmext_Buffer_pa(0xffdf3000), g_dpewb_wmfhf_Buffer_pa(0xffe3e000)
03-23 00:10:33.561  6556  6556 E (4)[6556:VcodecProcess][MTK_V4L2][ERROR] mtk_vdec_s_ctrl: 2780: ctrl-id=99200e not support!
03-23 00:10:33.561  6556  6556 I         : (4)[6556:VcodecProcess][MTK_V4L2] level=0 fops_vcodec_open(),117: decoder capability 10
03-23 00:10:33.561  6556  6556 I         : (4)[6556:VcodecProcess][MTK_V4L2] level=0 fops_vcodec_open(),125: 1602f000.vdec decoder [209]
03-23 00:10:33.561  6556  6556 I         : (4)[6556:VcodecProcess][DPE]Curr UsrCnt(0), (process, pid, tgid)=(VcodecProcess, 6556, 3253), last user
03-23 00:10:33.561  6556  6556 I         : (6)[6556:VcodecProcess][DPE]DPE release g_u4EnableClockCount: 0
03-23 00:10:33.563  6556  6556 I         : (6)[6556:VcodecProcess][MTK_V4L2] level=0 fops_vcodec_release(),148: [209] decoder
03-23 00:10:33.565  6558  6558 I         : (6)[6558:VcodecProcess][DPE]DPE open g_u4EnableClockCount: 1
03-23 00:10:33.565  6558  6558 I         : (6)[6558:VcodecProcess][DPE]g_dpewb_dvme_int_Buffer_pa(0xffd12000), g_dpewb_cost_int_Buffer_pa(0xffd5d000), g_dpewb_asfrm_Buffer_pa(0xffda8000), g_dpewb_asfrmext_Buffer_pa(0xffdf3000), g_dpewb_wmfhf_Buffer_pa(0xffe3e000)
03-23 00:10:33.565  6558  6558 E (6)[6558:VcodecProcess][MTK_V4L2][ERROR] mtk_vdec_s_ctrl: 2780: ctrl-id=99200e not support!
03-23 00:10:33.565  6558  6558 I         : (6)[6558:VcodecProcess][MTK_V4L2] level=0 fops_vcodec_open(),117: decoder capability 10
03-23 00:10:33.565  6558  6558 I         : (6)[6558:VcodecProcess][MTK_V4L2] level=0 fops_vcodec_open(),125: 1602f000.vdec decoder [210]
03-23 00:10:33.565  6558  6558 I         : (6)[6558:VcodecProcess][DPE]Curr UsrCnt(0), (process, pid, tgid)=(VcodecProcess, 6558, 3253), last user
03-23 00:10:33.565  6558  6558 I         : (6)[6558:VcodecProcess][DPE]DPE release g_u4EnableClockCount: 0
03-23 00:10:33.565  6558  6558 I         : (6)[6558:VcodecProcess][MTK_V4L2] level=0 vidioc_venc_s_ctrl(),257: [61] V4L2_CID_MPEG_MTK_SEC_ENCODE id 10035217 val 0 array[0] 0 array[1] 0
03-23 00:10:33.565  6558  6558 I         : (6)[6558:VcodecProcess][MTK_V4L2] level=0 vidioc_venc_s_ctrl(),466: V4L2_CID_MPEG_VIDEO_ENABLE_TSVC layer: 0, type: 0
03-23 00:10:33.565  6558  6558 E (6)[6558:VcodecProcess][MTK_V4L2][ERROR] vidioc_venc_s_ctrl: 538: ctrl-id=10035243 not support!
03-23 00:10:33.565  6558  6558 I         : (6)[6558:VcodecProcess][MTK_V4L2] level=0 fops_vcodec_open(),112: encoder capability 0
03-23 00:10:33.565  6558  6558 I         : (6)[6558:VcodecProcess][MTK_V4L2] level=0 fops_vcodec_open(),123: 17020000.venc encoder [61]
03-23 00:10:33.565  6558  6558 I         : (6)[6558:VcodecProcess][MTK_V4L2] level=0 fops_vcodec_release(),148: [210] decoder
03-23 00:10:33.567  6560  6560 I (5)[6560:main]KernelSU: handle_setresuid from 0 to 0
03-23 00:10:33.567  6558  6558 I         : (5)[6558:VcodecProcess][MTK_V4L2] level=0 fops_vcodec_release(),146: [61] encoder
03-23 00:10:33.569  6561  6561 I         : (6)[6561:VcodecProcess][DPE]DPE open g_u4EnableClockCount: 1
03-23 00:10:33.569  6561  6561 I         : (6)[6561:VcodecProcess][DPE]g_dpewb_dvme_int_Buffer_pa(0xffd12000), g_dpewb_cost_int_Buffer_pa(0xffd5d000), g_dpewb_asfrm_Buffer_pa(0xffda8000), g_dpewb_asfrmext_Buffer_pa(0xffdf3000), g_dpewb_wmfhf_Buffer_pa(0xffe3e000)
03-23 00:10:33.569  6561  6561 E (6)[6561:VcodecProcess][MTK_V4L2][ERROR] mtk_vdec_s_ctrl: 2780: ctrl-id=99200e not support!
03-23 00:10:33.569  6561  6561 I         : (6)[6561:VcodecProcess][MTK_V4L2] level=0 fops_vcodec_open(),117: decoder capability 10
03-23 00:10:33.569  6561  6561 I         : (6)[6561:VcodecProcess][MTK_V4L2] level=0 fops_vcodec_open(),125: 1602f000.vdec decoder [211]
03-23 00:10:33.569  6561  6561 I         : (6)[6561:VcodecProcess][DPE]Curr UsrCnt(0), (process, pid, tgid)=(VcodecProcess, 6561, 3253), last user
03-23 00:10:33.570  6561  6561 I         : (6)[6561:VcodecProcess][DPE]DPE release g_u4EnableClockCount: 0
03-23 00:10:33.570  6561  6561 I         : (6)[6561:VcodecProcess][MTK_V4L2] level=0 vidioc_venc_s_ctrl(),257: [62] V4L2_CID_MPEG_MTK_SEC_ENCODE id 10035217 val 0 array[0] 0 array[1] 0
03-23 00:10:33.570  6561  6561 I         : (6)[6561:VcodecProcess][MTK_V4L2] level=0 vidioc_venc_s_ctrl(),466: V4L2_CID_MPEG_VIDEO_ENABLE_TSVC layer: 0, type: 0
03-23 00:10:33.570  6561  6561 E (6)[6561:VcodecProcess][MTK_V4L2][ERROR] vidioc_venc_s_ctrl: 538: ctrl-id=10035243 not support!
03-23 00:10:33.570  6561  6561 I         : (6)[6561:VcodecProcess][MTK_V4L2] level=0 fops_vcodec_open(),112: encoder capability 0
03-23 00:10:33.570  6561  6561 I         : (6)[6561:VcodecProcess][MTK_V4L2] level=0 fops_vcodec_open(),123: 17020000.venc encoder [62]
03-23 00:10:33.570  6561  6561 I         : (6)[6561:VcodecProcess][MTK_V4L2] level=0 fops_vcodec_release(),148: [211] decoder
03-23 00:10:33.571  6561  6561 I         : (5)[6561:VcodecProcess][MTK_V4L2] level=0 fops_vcodec_release(),146: [62] encoder
03-23 00:10:33.573  6563  6563 I         : (6)[6563:VcodecProcess][DPE]DPE open g_u4EnableClockCount: 1
03-23 00:10:33.573  6563  6563 I         : (6)[6563:VcodecProcess][DPE]g_dpewb_dvme_int_Buffer_pa(0xffd12000), g_dpewb_cost_int_Buffer_pa(0xffd5d000), g_dpewb_asfrm_Buffer_pa(0xffda8000), g_dpewb_asfrmext_Buffer_pa(0xffdf3000), g_dpewb_wmfhf_Buffer_pa(0xffe3e000)
03-23 00:10:33.573  6563  6563 E (6)[6563:VcodecProcess][MTK_V4L2][ERROR] mtk_vdec_s_ctrl: 2780: ctrl-id=99200e not support!
03-23 00:10:33.573  6563  6563 I         : (6)[6563:VcodecProcess][MTK_V4L2] level=0 fops_vcodec_open(),117: decoder capability 10
03-23 00:10:33.573  6563  6563 I         : (6)[6563:VcodecProcess][MTK_V4L2] level=0 fops_vcodec_open(),125: 1602f000.vdec decoder [212]
03-23 00:10:33.573  6563  6563 I         : (6)[6563:VcodecProcess][DPE]Curr UsrCnt(0), (process, pid, tgid)=(VcodecProcess, 6563, 3253), last user
03-23 00:10:33.574  6563  6563 I         : (5)[6563:VcodecProcess][DPE]DPE release g_u4EnableClockCount: 0
03-23 00:10:33.575  6563  6563 I         : (5)[6563:VcodecProcess][MTK_V4L2] level=0 fops_vcodec_release(),148: [212] decoder
03-23 00:10:33.578  6565  6565 I         : (5)[6565:VcodecProcess][DPE]DPE open g_u4EnableClockCount: 1
03-23 00:10:33.578  6565  6565 I         : (5)[6565:VcodecProcess][DPE]g_dpewb_dvme_int_Buffer_pa(0xffd12000), g_dpewb_cost_int_Buffer_pa(0xffd5d000), g_dpewb_asfrm_Buffer_pa(0xffda8000), g_dpewb_asfrmext_Buffer_pa(0xffdf3000), g_dpewb_wmfhf_Buffer_pa(0xffe3e000)
03-23 00:10:33.578  6565  6565 E (5)[6565:VcodecProcess][MTK_V4L2][ERROR] mtk_vdec_s_ctrl: 2780: ctrl-id=99200e not support!
03-23 00:10:33.578  6565  6565 I         : (5)[6565:VcodecProcess][MTK_V4L2] level=0 fops_vcodec_open(),117: decoder capability 10
03-23 00:10:33.578  6565  6565 I         : (5)[6565:VcodecProcess][MTK_V4L2] level=0 fops_vcodec_open(),125: 1602f000.vdec decoder [213]
03-23 00:10:33.578  6565  6565 I         : (5)[6565:VcodecProcess][DPE]Curr UsrCnt(0), (process, pid, tgid)=(VcodecProcess, 6565, 3253), last user
03-23 00:10:33.578  6565  6565 I         : (5)[6565:VcodecProcess][DPE]DPE release g_u4EnableClockCount: 0
03-23 00:10:33.579  6565  6565 I         : (5)[6565:VcodecProcess][MTK_V4L2] level=0 vidioc_venc_s_ctrl(),257: [63] V4L2_CID_MPEG_MTK_SEC_ENCODE id 10035217 val 0 array[0] 0 array[1] 0
03-23 00:10:33.579  6565  6565 I         : (5)[6565:VcodecProcess][MTK_V4L2] level=0 vidioc_venc_s_ctrl(),466: V4L2_CID_MPEG_VIDEO_ENABLE_TSVC layer: 0, type: 0
03-23 00:10:33.579  6565  6565 E (5)[6565:VcodecProcess][MTK_V4L2][ERROR] vidioc_venc_s_ctrl: 538: ctrl-id=10035243 not support!
03-23 00:10:33.579  6565  6565 I         : (5)[6565:VcodecProcess][MTK_V4L2] level=0 fops_vcodec_open(),112: encoder capability 0
03-23 00:10:33.579  6565  6565 I         : (5)[6565:VcodecProcess][MTK_V4L2] level=0 fops_vcodec_open(),123: 17020000.venc encoder [63]
03-23 00:10:33.579  6565  6565 I         : (5)[6565:VcodecProcess][MTK_V4L2] level=0 fops_vcodec_release(),148: [213] decoder
03-23 00:10:33.580  6565  6565 I         : (4)[6565:VcodecProcess][MTK_V4L2] level=0 fops_vcodec_release(),146: [63] encoder
03-23 00:10:33.583  6569  6569 I         : (1)[6569:VcodecProcess][DPE]DPE open g_u4EnableClockCount: 1
03-23 00:10:33.583  6569  6569 I         : (1)[6569:VcodecProcess][DPE]g_dpewb_dvme_int_Buffer_pa(0xffd12000), g_dpewb_cost_int_Buffer_pa(0xffd5d000), g_dpewb_asfrm_Buffer_pa(0xffda8000), g_dpewb_asfrmext_Buffer_pa(0xffdf3000), g_dpewb_wmfhf_Buffer_pa(0xffe3e000)
03-23 00:10:33.583  6569  6569 E (1)[6569:VcodecProcess][MTK_V4L2][ERROR] mtk_vdec_s_ctrl: 2780: ctrl-id=99200e not support!
03-23 00:10:33.583  6569  6569 I         : (1)[6569:VcodecProcess][MTK_V4L2] level=0 fops_vcodec_open(),117: decoder capability 10
03-23 00:10:33.583  6569  6569 I         : (1)[6569:VcodecProcess][MTK_V4L2] level=0 fops_vcodec_open(),125: 1602f000.vdec decoder [214]
03-23 00:10:33.583  6569  6569 I         : (1)[6569:VcodecProcess][DPE]Curr UsrCnt(0), (process, pid, tgid)=(VcodecProcess, 6569, 3253), last user
03-23 00:10:33.583  6571  6571 I         : (4)[6571:main][DPE]DPE release g_u4EnableClockCount: 0
03-23 00:10:33.583  6571  6571 I (4)[6571:main]KernelSU: handle_setresuid from 0 to 0
03-23 00:10:33.585  6569  6569 I         : (1)[6569:VcodecProcess][MTK_V4L2] level=0 fops_vcodec_release(),148: [214] decoder
03-23 00:10:33.588  6572  6572 I         : (6)[6572:VcodecProcess][DPE]DPE open g_u4EnableClockCount: 1
03-23 00:10:33.588  6572  6572 I         : (6)[6572:VcodecProcess][DPE]g_dpewb_dvme_int_Buffer_pa(0xffd12000), g_dpewb_cost_int_Buffer_pa(0xffd5d000), g_dpewb_asfrm_Buffer_pa(0xffda8000), g_dpewb_asfrmext_Buffer_pa(0xffdf3000), g_dpewb_wmfhf_Buffer_pa(0xffe3e000)
03-23 00:10:33.588  6572  6572 E (6)[6572:VcodecProcess][MTK_V4L2][ERROR] mtk_vdec_s_ctrl: 2780: ctrl-id=99200e not support!
03-23 00:10:33.588  6572  6572 I         : (6)[6572:VcodecProcess][MTK_V4L2] level=0 fops_vcodec_open(),117: decoder capability 10
03-23 00:10:33.588  6572  6572 I         : (6)[6572:VcodecProcess][MTK_V4L2] level=0 fops_vcodec_open(),125: 1602f000.vdec decoder [215]
03-23 00:10:33.588  6572  6572 I         : (6)[6572:VcodecProcess][DPE]Curr UsrCnt(0), (process, pid, tgid)=(VcodecProcess, 6572, 3253), last user
03-23 00:10:33.589  6572  6572 I         : (6)[6572:VcodecProcess][DPE]DPE release g_u4EnableClockCount: 0
03-23 00:10:33.589  6572  6572 I         : (6)[6572:VcodecProcess][MTK_V4L2] level=0 vidioc_venc_s_ctrl(),257: [64] V4L2_CID_MPEG_MTK_SEC_ENCODE id 10035217 val 0 array[0] 0 array[1] 0
03-23 00:10:33.589  6572  6572 I         : (6)[6572:VcodecProcess][MTK_V4L2] level=0 vidioc_venc_s_ctrl(),466: V4L2_CID_MPEG_VIDEO_ENABLE_TSVC layer: 0, type: 0
03-23 00:10:33.589  6572  6572 E (6)[6572:VcodecProcess][MTK_V4L2][ERROR] vidioc_venc_s_ctrl: 538: ctrl-id=10035243 not support!
03-23 00:10:33.589  6572  6572 I         : (6)[6572:VcodecProcess][MTK_V4L2] level=0 fops_vcodec_open(),112: encoder capability 0
03-23 00:10:33.589  6572  6572 I         : (6)[6572:VcodecProcess][MTK_V4L2] level=0 fops_vcodec_open(),123: 17020000.venc encoder [64]
03-23 00:10:33.589  6572  6572 I         : (6)[6572:VcodecProcess][MTK_V4L2] level=0 fops_vcodec_release(),148: [215] decoder
03-23 00:10:33.591  6572  6572 I         : (6)[6572:VcodecProcess][MTK_V4L2] level=0 fops_vcodec_release(),146: [64] encoder
03-23 00:10:33.592  6574  6574 I         : (6)[6574:VcodecProcess][DPE]DPE open g_u4EnableClockCount: 1
03-23 00:10:33.592  6574  6574 I         : (6)[6574:VcodecProcess][DPE]g_dpewb_dvme_int_Buffer_pa(0xffd12000), g_dpewb_cost_int_Buffer_pa(0xffd5d000), g_dpewb_asfrm_Buffer_pa(0xffda8000), g_dpewb_asfrmext_Buffer_pa(0xffdf3000), g_dpewb_wmfhf_Buffer_pa(0xffe3e000)
03-23 00:10:33.592  6574  6574 E (6)[6574:VcodecProcess][MTK_V4L2][ERROR] mtk_vdec_s_ctrl: 2780: ctrl-id=99200e not support!
03-23 00:10:33.592  6574  6574 I         : (6)[6574:VcodecProcess][MTK_V4L2] level=0 fops_vcodec_open(),117: decoder capability 10
03-23 00:10:33.592  6574  6574 I         : (6)[6574:VcodecProcess][MTK_V4L2] level=0 fops_vcodec_open(),125: 1602f000.vdec decoder [216]
03-23 00:10:33.592  6574  6574 I         : (6)[6574:VcodecProcess][DPE]Curr UsrCnt(0), (process, pid, tgid)=(VcodecProcess, 6574, 3253), last user
03-23 00:10:33.592  6574  6574 I         : (4)[6574:VcodecProcess][DPE]DPE release g_u4EnableClockCount: 0
03-23 00:10:33.594  6574  6574 I         : (4)[6574:VcodecProcess][MTK_V4L2] level=0 fops_vcodec_release(),148: [216] decoder
03-23 00:10:33.596  6576  6576 I         : (4)[6576:VcodecProcess][DPE]DPE open g_u4EnableClockCount: 1
03-23 00:10:33.596  6576  6576 I         : (4)[6576:VcodecProcess][DPE]g_dpewb_dvme_int_Buffer_pa(0xffd12000), g_dpewb_cost_int_Buffer_pa(0xffd5d000), g_dpewb_asfrm_Buffer_pa(0xffda8000), g_dpewb_asfrmext_Buffer_pa(0xffdf3000), g_dpewb_wmfhf_Buffer_pa(0xffe3e000)
03-23 00:10:33.596  6576  6576 E (4)[6576:VcodecProcess][MTK_V4L2][ERROR] mtk_vdec_s_ctrl: 2780: ctrl-id=99200e not support!
03-23 00:10:33.596  6576  6576 I         : (4)[6576:VcodecProcess][MTK_V4L2] level=0 fops_vcodec_open(),117: decoder capability 10
03-23 00:10:33.596  6576  6576 I         : (4)[6576:VcodecProcess][MTK_V4L2] level=0 fops_vcodec_open(),125: 1602f000.vdec decoder [217]
03-23 00:10:33.596  6576  6576 I         : (4)[6576:VcodecProcess][DPE]Curr UsrCnt(0), (process, pid, tgid)=(VcodecProcess, 6576, 3253), last user
03-23 00:10:33.596  6576  6576 I         : (4)[6576:VcodecProcess][DPE]DPE release g_u4EnableClockCount: 0
03-23 00:10:33.598  6576  6576 I         : (4)[6576:VcodecProcess][MTK_V4L2] level=0 fops_vcodec_release(),148: [217] decoder
03-23 00:10:33.600  6578  6578 I         : (4)[6578:VcodecProcess][DPE]DPE open g_u4EnableClockCount: 1
03-23 00:10:33.600  6578  6578 I         : (4)[6578:VcodecProcess][DPE]g_dpewb_dvme_int_Buffer_pa(0xffd12000), g_dpewb_cost_int_Buffer_pa(0xffd5d000), g_dpewb_asfrm_Buffer_pa(0xffda8000), g_dpewb_asfrmext_Buffer_pa(0xffdf3000), g_dpewb_wmfhf_Buffer_pa(0xffe3e000)
03-23 00:10:33.600  6578  6578 E (4)[6578:VcodecProcess][MTK_V4L2][ERROR] mtk_vdec_s_ctrl: 2780: ctrl-id=99200e not support!
03-23 00:10:33.600  6578  6578 I         : (4)[6578:VcodecProcess][MTK_V4L2] level=0 fops_vcodec_open(),117: decoder capability 10
03-23 00:10:33.600  6578  6578 I         : (4)[6578:VcodecProcess][MTK_V4L2] level=0 fops_vcodec_open(),125: 1602f000.vdec decoder [218]
03-23 00:10:33.600  6578  6578 I         : (4)[6578:VcodecProcess][DPE]Curr UsrCnt(0), (process, pid, tgid)=(VcodecProcess, 6578, 3253), last user
03-23 00:10:33.600  6578  6578 I         : (4)[6578:VcodecProcess][DPE]DPE release g_u4EnableClockCount: 0
03-23 00:10:33.600  6578  6578 I         : (4)[6578:VcodecProcess][MTK_V4L2] level=0 vidioc_venc_s_ctrl(),257: [65] V4L2_CID_MPEG_MTK_SEC_ENCODE id 10035217 val 0 array[0] 0 array[1] 0
03-23 00:10:33.600  6578  6578 I         : (4)[6578:VcodecProcess][MTK_V4L2] level=0 vidioc_venc_s_ctrl(),466: V4L2_CID_MPEG_VIDEO_ENABLE_TSVC layer: 0, type: 0
03-23 00:10:33.600  6578  6578 E (4)[6578:VcodecProcess][MTK_V4L2][ERROR] vidioc_venc_s_ctrl: 538: ctrl-id=10035243 not support!
03-23 00:10:33.600  6578  6578 I         : (4)[6578:VcodecProcess][MTK_V4L2] level=0 fops_vcodec_open(),112: encoder capability 0
03-23 00:10:33.600  6578  6578 I         : (4)[6578:VcodecProcess][MTK_V4L2] level=0 fops_vcodec_open(),123: 17020000.venc encoder [65]
03-23 00:10:33.600  6578  6578 I         : (4)[6578:VcodecProcess][MTK_V4L2] level=0 fops_vcodec_release(),148: [218] decoder
03-23 00:10:33.603  6578  6578 I         : (6)[6578:VcodecProcess][MTK_V4L2] level=0 fops_vcodec_release(),146: [65] encoder
03-23 00:10:33.604  6580  6580 I (6)[6580:main]KernelSU: handle_setresuid from 0 to 0
03-23 00:10:33.609  6581  6581 I         : (4)[6581:VcodecProcess][DPE]DPE open g_u4EnableClockCount: 1
03-23 00:10:33.609  6581  6581 I         : (4)[6581:VcodecProcess][DPE]g_dpewb_dvme_int_Buffer_pa(0xffd12000), g_dpewb_cost_int_Buffer_pa(0xffd5d000), g_dpewb_asfrm_Buffer_pa(0xffda8000), g_dpewb_asfrmext_Buffer_pa(0xffdf3000), g_dpewb_wmfhf_Buffer_pa(0xffe3e000)
03-23 00:10:33.610  6581  6581 E (4)[6581:VcodecProcess][MTK_V4L2][ERROR] mtk_vdec_s_ctrl: 2780: ctrl-id=99200e not support!
03-23 00:10:33.610  6581  6581 I         : (4)[6581:VcodecProcess][MTK_V4L2] level=0 fops_vcodec_open(),117: decoder capability 10
03-23 00:10:33.610  6581  6581 I         : (4)[6581:VcodecProcess][MTK_V4L2] level=0 fops_vcodec_open(),125: 1602f000.vdec decoder [219]
03-23 00:10:33.610  6581  6581 I         : (4)[6581:VcodecProcess][DPE]Curr UsrCnt(0), (process, pid, tgid)=(VcodecProcess, 6581, 3253), last user
03-23 00:10:33.610  6581  6581 I         : (4)[6581:VcodecProcess][DPE]DPE release g_u4EnableClockCount: 0
03-23 00:10:33.611  6581  6581 I         : (4)[6581:VcodecProcess][MTK_V4L2] level=0 fops_vcodec_release(),148: [219] decoder
03-23 00:10:33.613  6584  6584 I         : (4)[6584:VcodecProcess][DPE]DPE open g_u4EnableClockCount: 1
03-23 00:10:33.613  6584  6584 I         : (4)[6584:VcodecProcess][DPE]g_dpewb_dvme_int_Buffer_pa(0xffd12000), g_dpewb_cost_int_Buffer_pa(0xffd5d000), g_dpewb_asfrm_Buffer_pa(0xffda8000), g_dpewb_asfrmext_Buffer_pa(0xffdf3000), g_dpewb_wmfhf_Buffer_pa(0xffe3e000)
03-23 00:10:33.613  6584  6584 E (4)[6584:VcodecProcess][MTK_V4L2][ERROR] mtk_vdec_s_ctrl: 2780: ctrl-id=99200e not support!
03-23 00:10:33.613  6584  6584 I         : (4)[6584:VcodecProcess][MTK_V4L2] level=0 fops_vcodec_open(),117: decoder capability 10
03-23 00:10:33.613  6584  6584 I         : (4)[6584:VcodecProcess][MTK_V4L2] level=0 fops_vcodec_open(),125: 1602f000.vdec decoder [220]
03-23 00:10:33.613  6584  6584 I         : (4)[6584:VcodecProcess][DPE]Curr UsrCnt(0), (process, pid, tgid)=(VcodecProcess, 6584, 3253), last user
03-23 00:10:33.614  6586  6586 I         : (5)[6586:VcodecProcess][DPE]DPE release g_u4EnableClockCount: 0
03-23 00:10:33.618  6586  6586 I         : (5)[6586:VcodecProcess][DPE]DPE open g_u4EnableClockCount: 1
03-23 00:10:33.618  6586  6586 I         : (5)[6586:VcodecProcess][DPE]g_dpewb_dvme_int_Buffer_pa(0xffd12000), g_dpewb_cost_int_Buffer_pa(0xffd5d000), g_dpewb_asfrm_Buffer_pa(0xffda8000), g_dpewb_asfrmext_Buffer_pa(0xffdf3000), g_dpewb_wmfhf_Buffer_pa(0xffe3e000)
03-23 00:10:33.618  6586  6586 E (5)[6586:VcodecProcess][MTK_V4L2][ERROR] mtk_vdec_s_ctrl: 2780: ctrl-id=99200e not support!
03-23 00:10:33.618  6586  6586 I         : (5)[6586:VcodecProcess][MTK_V4L2] level=0 fops_vcodec_open(),125: 1602f000.vdec decoder [221]
03-23 00:10:33.618  6586  6586 I         : (5)[6586:VcodecProcess][DPE]Curr UsrCnt(0), (process, pid, tgid)=(VcodecProcess, 6586, 3253), last user
03-23 00:10:33.618  6586  6586 I         : (5)[6586:VcodecProcess][DPE]DPE release g_u4EnableClockCount: 0
03-23 00:10:33.618  6586  6586 I         : (5)[6586:VcodecProcess][MTK_V4L2] level=0 vidioc_venc_s_ctrl(),257: [66] V4L2_CID_MPEG_MTK_SEC_ENCODE id 10035217 val 0 array[0] 0 array[1] 0
03-23 00:10:33.618  6586  6586 I         : (5)[6586:VcodecProcess][MTK_V4L2] level=0 vidioc_venc_s_ctrl(),466: V4L2_CID_MPEG_VIDEO_ENABLE_TSVC layer: 0, type: 0
03-23 00:10:33.618  6586  6586 E (5)[6586:VcodecProcess][MTK_V4L2][ERROR] vidioc_venc_s_ctrl: 538: ctrl-id=10035243 not support!
03-23 00:10:33.618  6586  6586 I         : (5)[6586:VcodecProcess][MTK_V4L2] level=0 fops_vcodec_open(),112: encoder capability 0
03-23 00:10:33.618  6586  6586 I         : (5)[6586:VcodecProcess][MTK_V4L2] level=0 fops_vcodec_open(),123: 17020000.venc encoder [66]
03-23 00:10:33.618  6586  6586 I         : (5)[6586:VcodecProcess][MTK_V4L2] level=0 fops_vcodec_release(),148: [221] decoder
03-23 00:10:33.620  6586  6586 I         : (4)[6586:VcodecProcess][MTK_V4L2] level=0 fops_vcodec_release(),146: [66] encoder
03-23 00:10:33.620  6584  6584 I         : (0)[6584:VcodecProcess][MTK_V4L2] level=0 fops_vcodec_release(),148: [220] decoder
03-23 00:10:33.621  6588  6588 I         : (4)[6588:VcodecProcess][DPE]DPE open g_u4EnableClockCount: 1
03-23 00:10:33.621  6588  6588 I         : (4)[6588:VcodecProcess][DPE]g_dpewb_dvme_int_Buffer_pa(0xffd12000), g_dpewb_cost_int_Buffer_pa(0xffd5d000), g_dpewb_asfrm_Buffer_pa(0xffda8000), g_dpewb_asfrmext_Buffer_pa(0xffdf3000), g_dpewb_wmfhf_Buffer_pa(0xffe3e000)
03-23 00:10:33.621  6588  6588 E (4)[6588:VcodecProcess][MTK_V4L2][ERROR] mtk_vdec_s_ctrl: 2780: ctrl-id=99200e not support!
03-23 00:10:33.621  6588  6588 I         : (4)[6588:VcodecProcess][MTK_V4L2] level=0 fops_vcodec_open(),117: decoder capability 10
03-23 00:10:33.621  6588  6588 I         : (4)[6588:VcodecProcess][MTK_V4L2] level=0 fops_vcodec_open(),125: 1602f000.vdec decoder [222]
03-23 00:10:33.621  6588  6588 I         : (4)[6588:VcodecProcess][DPE]Curr UsrCnt(0), (process, pid, tgid)=(VcodecProcess, 6588, 3253), last user
03-23 00:10:33.622  6588  6588 I         : (4)[6588:VcodecProcess][DPE]DPE release g_u4EnableClockCount: 0
03-23 00:10:33.623  6588  6588 I         : (4)[6588:VcodecProcess][MTK_V4L2] level=0 fops_vcodec_release(),148: [222] decoder
03-23 00:10:33.625  6590  6590 I         : (4)[6590:VcodecProcess][DPE]DPE open g_u4EnableClockCount: 1
03-23 00:10:33.625  6590  6590 I         : (4)[6590:VcodecProcess][DPE]g_dpewb_dvme_int_Buffer_pa(0xffd12000), g_dpewb_cost_int_Buffer_pa(0xffd5d000), g_dpewb_asfrm_Buffer_pa(0xffda8000), g_dpewb_asfrmext_Buffer_pa(0xffdf3000), g_dpewb_wmfhf_Buffer_pa(0xffe3e000)
03-23 00:10:33.625  6590  6590 E (4)[6590:VcodecProcess][MTK_V4L2][ERROR] mtk_vdec_s_ctrl: 2780: ctrl-id=99200e not support!
03-23 00:10:33.625  6590  6590 I         : (4)[6590:VcodecProcess][MTK_V4L2] level=0 fops_vcodec_open(),117: decoder capability 10
03-23 00:10:33.625  6590  6590 I         : (4)[6590:VcodecProcess][MTK_V4L2] level=0 fops_vcodec_open(),125: 1602f000.vdec decoder [223]
03-23 00:10:33.625  6590  6590 I         : (4)[6590:VcodecProcess][DPE]Curr UsrCnt(0), (process, pid, tgid)=(VcodecProcess, 6590, 3253), last user
03-23 00:10:33.625  6590  6590 I         : (4)[6590:VcodecProcess][DPE]DPE release g_u4EnableClockCount: 0
03-23 00:10:33.627  6590  6590 I         : (4)[6590:VcodecProcess][MTK_V4L2] level=0 fops_vcodec_release(),148: [223] decoder
03-23 00:10:33.629  6592  6592 I         : (5)[6592:VcodecProcess][DPE]DPE open g_u4EnableClockCount: 1
03-23 00:10:33.629  6592  6592 I         : (5)[6592:VcodecProcess][DPE]g_dpewb_dvme_int_Buffer_pa(0xffd12000), g_dpewb_cost_int_Buffer_pa(0xffd5d000), g_dpewb_asfrm_Buffer_pa(0xffda8000), g_dpewb_asfrmext_Buffer_pa(0xffdf3000), g_dpewb_wmfhf_Buffer_pa(0xffe3e000)
03-23 00:10:33.629  6592  6592 E (5)[6592:VcodecProcess][MTK_V4L2][ERROR] mtk_vdec_s_ctrl: 2780: ctrl-id=99200e not support!
03-23 00:10:33.629  6592  6592 I         : (5)[6592:VcodecProcess][MTK_V4L2] level=0 fops_vcodec_open(),117: decoder capability 10
03-23 00:10:33.629  6592  6592 I         : (5)[6592:VcodecProcess][MTK_V4L2] level=0 fops_vcodec_open(),125: 1602f000.vdec decoder [224]
03-23 00:10:33.629  6592  6592 I         : (5)[6592:VcodecProcess][DPE]Curr UsrCnt(0), (process, pid, tgid)=(VcodecProcess, 6592, 3253), last user
03-23 00:10:33.629  6592  6592 I         : (5)[6592:VcodecProcess][DPE]DPE release g_u4EnableClockCount: 0
03-23 00:10:33.633  6592  6592 I         : (5)[6592:VcodecProcess][MTK_V4L2] level=0 fops_vcodec_release(),148: [224] decoder
03-23 00:10:33.637  6595  6595 I         : (5)[6595:VcodecProcess][DPE]DPE open g_u4EnableClockCount: 1
03-23 00:10:33.637  6595  6595 I         : (5)[6595:VcodecProcess][DPE]g_dpewb_dvme_int_Buffer_pa(0xffd12000), g_dpewb_cost_int_Buffer_pa(0xffd5d000), g_dpewb_asfrm_Buffer_pa(0xffda8000), g_dpewb_asfrmext_Buffer_pa(0xffdf3000), g_dpewb_wmfhf_Buffer_pa(0xffe3e000)
03-23 00:10:33.637  6595  6595 E (5)[6595:VcodecProcess][MTK_V4L2][ERROR] mtk_vdec_s_ctrl: 2780: ctrl-id=99200e not support!
03-23 00:10:33.637  6595  6595 I         : (5)[6595:VcodecProcess][MTK_V4L2] level=0 fops_vcodec_open(),117: decoder capability 10
03-23 00:10:33.637  6595  6595 I         : (5)[6595:VcodecProcess][MTK_V4L2] level=0 fops_vcodec_open(),125: 1602f000.vdec decoder [225]
03-23 00:10:33.637  6595  6595 I         : (5)[6595:VcodecProcess][DPE]Curr UsrCnt(0), (process, pid, tgid)=(VcodecProcess, 6595, 3253), last user
03-23 00:10:33.637  6595  6595 I         : (4)[6595:VcodecProcess][DPE]DPE release g_u4EnableClockCount: 0
03-23 00:10:33.638  6595  6595 I         : (4)[6595:VcodecProcess][MTK_V4L2] level=0 fops_vcodec_release(),148: [225] decoder
03-23 00:10:33.666  6489  6489 I (6)[6489:main]KernelSU: handle_setresuid from 0 to 0
03-23 00:10:33.683   586   586 I (0)[586:servicemanager]: Caller(pid=6511,uid=1041,sid=u:r:audioserver:s0) Could not find android.hardware.audio.effect.IFactory/default in the VINTF manifest. No alternative instances declared in VINTF.
03-23 00:10:33.756    50    50 I (7)[50:kworker/7:1]sd 0: 0:0:2: [sdc] Synchronizing SCSI cache
03-23 00:10:33.757    50    50 E (7)[50:kworker/7:1]ghr: scsi_execute exit ret = 0x0
03-23 00:10:33.757    50    50 I (7)[50:kworker/7:1]ufshpb_suspend: 3294 info: ufshpb_lu 2 goto suspend
03-23 00:10:33.757    50    50 I (7)[50:kworker/7:1]ufshpb_suspend: 3295 info: ufshpb_lu 2 changes suspend state
03-23 00:10:33.757    50    50 E (7)[50:kworker/7:1]ghr: scsi_execute exit ret = 0x0
03-23 00:10:34.031  6612  6612 I (4)[6612:main]KernelSU: handle_setresuid from 0 to 1000
03-23 00:10:34.053  6612  6612 I (5)[6612:system_server]binder: 6612:6612 ioctl 40046210 7fc1e43934 returned -22
03-23 00:10:34.101   914   914 I (7)[914:binder:683_2]apexd: getActivePackages received by ApexService
03-23 00:10:34.125  6612  6612 I (6)[6612:system_server]binder: 6612:6612 ioctl 40046210 7fc1e424c4 returned -22
03-23 00:10:34.139  6612  6612 I (6)[6612:system_server]psi_write: new:00000000e4bc2305
03-23 00:10:34.139  6612  6612 I (6)[6612:system_server]psi_write: new:00000000668523c2
03-23 00:10:34.139  6612  6612 I (6)[6612:system_server]psi_write: new:000000003d3eedc7
03-23 00:10:34.197   667   667 I         : (7)[667:android.hardwar]xiaomi_touch_dev_open
03-23 00:10:34.197   667   667 I (7)[667:android.hardwar]xiaomi_touch_dev_ioctl cmd: 0, touchId:0, mode:14, value:0
03-23 00:10:34.197   667   667 I (7)[667:android.hardwar][FTS_TS/I]fts_set_cur_value: mode:14, value:0
03-23 00:10:34.197   667   667 I (7)[667:android.hardwar][FTS_TS/I]fts_update_gesture_state: gesture state:0x00
03-23 00:10:34.333  6612  6612 I (6)[6612:system_server]sdcardfs: removing com.android.configinfrastructure
03-23 00:10:34.333  6612  6612 I (4)[6612:system_server]sdcardfs: removing com.android.appsearch
03-23 00:10:34.333  6612  6612 I (4)[6612:system_server]sdcardfs: removing com.android.hardware.boot
03-23 00:10:34.333  6612  6612 I (6)[6612:system_server]sdcardfs: removing com.android.telephonycore
03-23 00:10:34.333  6612  6612 I (4)[6612:system_server]sdcardfs: removing com.android.adservices
03-23 00:10:34.333  6612  6612 I (4)[6612:system_server]sdcardfs: removing com.android.scheduling
03-23 00:10:34.333  6612  6612 I (4)[6612:system_server]sdcardfs: removing com.android.permission
03-23 00:10:34.333  6612  6612 I (4)[6612:system_server]sdcardfs: removing com.android.profiling
03-23 00:10:34.333  6612  6612 I (4)[6612:system_server]sdcardfs: removing com.android.art
03-23 00:10:34.333  6612  6612 I (4)[6612:system_server]sdcardfs: removing com.android.uwb
03-23 00:10:34.333  6612  6612 I (4)[6612:system_server]sdcardfs: removing com.android.tethering
03-23 00:10:34.333  6612  6612 I (4)[6612:system_server]sdcardfs: removing com.android.media.swcodec
03-23 00:10:34.333  6612  6612 I (4)[6612:system_server]sdcardfs: removing com.android.conscrypt
03-23 00:10:34.333  6612  6612 I (4)[6612:system_server]sdcardfs: removing com.android.bt
03-23 00:10:34.333  6612  6612 I (4)[6612:system_server]sdcardfs: removing com.android.adbd
03-23 00:10:34.333  6612  6612 I (4)[6612:system_server]sdcardfs: removing com.android.i18n
03-23 00:10:34.333  6612  6612 I (4)[6612:system_server]sdcardfs: removing com.android.rkpd
03-23 00:10:34.333  6612  6612 I (4)[6612:system_server]sdcardfs: removing com.android.virt
03-23 00:10:34.333  6612  6612 I (4)[6612:system_server]sdcardfs: removing com.android.wifi
03-23 00:10:34.333  6612  6612 I (4)[6612:system_server]sdcardfs: removing com.android.runtime
03-23 00:10:34.333  6612  6612 I (4)[6612:system_server]sdcardfs: removing com.android.devicelock
03-23 00:10:34.333  6612  6612 I (4)[6612:system_server]sdcardfs: removing com.android.apex.cts.shim
03-23 00:10:34.334  6612  6612 I (4)[6612:system_server]sdcardfs: removing com.android.neuralnetworks
03-23 00:10:34.334  6612  6612 I (4)[6612:system_server]sdcardfs: removing com.android.healthfitness
03-23 00:10:34.334  6612  6612 I (4)[6612:system_server]sdcardfs: removing com.android.resolv
03-23 00:10:34.334  6612  6612 I (4)[6612:system_server]sdcardfs: removing com.android.sdkext
03-23 00:10:34.334  6612  6612 I (4)[6612:system_server]sdcardfs: removing com.android.tzdata
03-23 00:10:34.334  6612  6612 I (4)[6612:system_server]sdcardfs: removing com.android.os.statsd
03-23 00:10:34.334  6612  6612 I (4)[6612:system_server]sdcardfs: removing com.android.extservices
03-23 00:10:34.334  6612  6612 I (4)[6612:system_server]sdcardfs: removing com.android.cellbroadcast
03-23 00:10:34.334  6612  6612 I (4)[6612:system_server]sdcardfs: removing com.android.ipsec
03-23 00:10:34.334  6612  6612 I (4)[6612:system_server]sdcardfs: removing com.android.media
03-23 00:10:34.334  6612  6612 I (4)[6612:system_server]sdcardfs: removing com.android.crashrecovery
03-23 00:10:34.334  6612  6612 I (4)[6612:system_server]sdcardfs: removing com.android.mediaprovider
03-23 00:10:34.334  6612  6612 I (4)[6612:system_server]sdcardfs: removing com.android.uprobestats
03-23 00:10:34.334  6612  6612 I (4)[6612:system_server]sdcardfs: removing com.android.nfcservices
03-23 00:10:34.334  6612  6612 I (4)[6612:system_server]sdcardfs: removing com.android.ondevicepersonalization
03-23 00:10:34.362   914   914 I (7)[914:binder:683_2]apexd: getAllPackages received by ApexService
03-23 00:10:34.373  2347  2347 I         : (7)[2347:kworker/u16:11]adsp_core1_suspend(), done elapse 496 us
03-23 00:10:34.565  2347  2347 I         : (7)[2347:kworker/u16:11][Thermal/TZ/BTS]T_AP=41391
03-23 00:10:34.682  1096  1096 E (1)[1096:mi_thermald]get_connector_temp: connector_temp:297
03-23 00:10:34.683  1096  1096 I         : (1)[1096:mi_thermald][Thermal/TZ/BTS]T_AP=41369
03-23 00:10:34.824  1824  1824 E (4)[1824:kworker/4:54]ghr: scsi_execute exit ret = 0x0
03-23 00:10:34.824  1824  1824 I (4)[1824:kworker/4:54]ufshpb_resume: 3320 info: ufshpb_lu 2 resume. do_task_work 0 retry 0
03-23 00:10:34.854  6612  6612 I (4)[6612:system_server]KernelSU: renameat: packages.list.tmp -> packages.list, new path: /system/packages.list
03-23 00:10:34.872  6612  6612 I (4)[6612:system_server]KernelSU: Searching manager...
03-23 00:10:34.872  6612  6612 I (4)[6612:system_server]KernelSU: Search manager finished
03-23 00:10:34.872  6612  6612 I (4)[6612:system_server]KernelSU: boot not completed, skip prune
03-23 00:10:34.873  6612  6612 I (4)[6612:system_server]KernelSU: packages.list detected: 134217856
03-23 00:10:34.889  6612  6612 I (4)[6612:system_server]KernelSU: Searching manager...
03-23 00:10:34.889  6612  6612 I (4)[6612:system_server]KernelSU: Search manager finished
03-23 00:10:34.889  6612  6612 I (4)[6612:system_server]KernelSU: boot not completed, skip prune
03-23 00:10:34.987   955   955 E         : (3)[955:android.hardwar][mtk_nanohub]sensor_id id 0, sensor_type:1
03-23 00:10:34.998   948   948 W (4)[948:android.hardwar]healthd: battery l=100 v=4292 t=31.8 h=2 st=2 c=295000 fc=4270000 cc=399 chg=u
03-23 00:10:35.078  6612  6612 I (6)[6612:system_server]binder: 6612:6612 ioctl c00c620f 7fc1e42f9c returned -22
