03-23 00:10:48.607  7562  7562 I         : (4)[7562:VcodecProcess][DPE]DPE release g_u4EnableClockCount: 0
03-23 00:10:48.607  7562  7562 I         : (4)[7562:VcodecProcess][MTK_V4L2] level=0 vidioc_venc_s_ctrl(),257: [83] V4L2_CID_MPEG_MTK_SEC_ENCODE id 10035217 val 0 array[0] 0 array[1] 0
03-23 00:10:48.607  7562  7562 I         : (4)[7562:VcodecProcess][MTK_V4L2] level=0 vidioc_venc_s_ctrl(),466: V4L2_CID_MPEG_VIDEO_ENABLE_TSVC layer: 0, type: 0
03-23 00:10:48.607  7562  7562 E (4)[7562:VcodecProcess][MTK_V4L2][ERROR] vidioc_venc_s_ctrl: 538: ctrl-id=10035243 not support!
03-23 00:10:48.607  7562  7562 I         : (4)[7562:VcodecProcess][MTK_V4L2] level=0 fops_vcodec_open(),112: encoder capability 0
03-23 00:10:48.607  7562  7562 I         : (4)[7562:VcodecProcess][MTK_V4L2] level=0 fops_vcodec_open(),123: 17020000.venc encoder [83]
03-23 00:10:48.607  7562  7562 I         : (4)[7562:VcodecProcess][MTK_V4L2] level=0 fops_vcodec_release(),148: [278] decoder
03-23 00:10:48.613  7564  7564 I         : (6)[7564:VcodecProcess][DPE]DPE open g_u4EnableClockCount: 1
03-23 00:10:48.613  7564  7564 I         : (6)[7564:VcodecProcess][DPE]g_dpewb_dvme_int_Buffer_pa(0xffd12000), g_dpewb_cost_int_Buffer_pa(0xffd5d000), g_dpewb_asfrm_Buffer_pa(0xffda8000), g_dpewb_asfrmext_Buffer_pa(0xffdf3000), g_dpewb_wmfhf_Buffer_pa(0xffe3e000)
03-23 00:10:48.613  7564  7564 E (6)[7564:VcodecProcess][MTK_V4L2][ERROR] mtk_vdec_s_ctrl: 2780: ctrl-id=99200e not support!
03-23 00:10:48.613  7564  7564 I         : (6)[7564:VcodecProcess][MTK_V4L2] level=0 fops_vcodec_open(),117: decoder capability 10
03-23 00:10:48.613  7564  7564 I         : (6)[7564:VcodecProcess][MTK_V4L2] level=0 fops_vcodec_open(),125: 1602f000.vdec decoder [279]
03-23 00:10:48.613  7564  7564 I         : (6)[7564:VcodecProcess][DPE]Curr UsrCnt(0), (process, pid, tgid)=(VcodecProcess, 7564, 3253), last user
03-23 00:10:48.613  7564  7564 I         : (6)[7564:VcodecProcess][DPE]DPE release g_u4EnableClockCount: 0
03-23 00:10:48.615  7564  7564 I         : (6)[7564:VcodecProcess][MTK_V4L2] level=0 fops_vcodec_release(),148: [279] decoder
03-23 00:10:48.617  7566  7566 I         : (6)[7566:VcodecProcess][DPE]DPE open g_u4EnableClockCount: 1
03-23 00:10:48.617  7566  7566 I         : (6)[7566:VcodecProcess][DPE]g_dpewb_dvme_int_Buffer_pa(0xffd12000), g_dpewb_cost_int_Buffer_pa(0xffd5d000), g_dpewb_asfrm_Buffer_pa(0xffda8000), g_dpewb_asfrmext_Buffer_pa(0xffdf3000), g_dpewb_wmfhf_Buffer_pa(0xffe3e000)
03-23 00:10:48.617  7566  7566 E (6)[7566:VcodecProcess][MTK_V4L2][ERROR] mtk_vdec_s_ctrl: 2780: ctrl-id=99200e not support!
03-23 00:10:48.617  7566  7566 I         : (6)[7566:VcodecProcess][MTK_V4L2] level=0 fops_vcodec_open(),117: decoder capability 10
03-23 00:10:48.617  7566  7566 I         : (6)[7566:VcodecProcess][MTK_V4L2] level=0 fops_vcodec_open(),125: 1602f000.vdec decoder [280]
03-23 00:10:48.617  7566  7566 I         : (6)[7566:VcodecProcess][DPE]Curr UsrCnt(0), (process, pid, tgid)=(VcodecProcess, 7566, 3253), last user
03-23 00:10:48.617  7566  7566 I         : (6)[7566:VcodecProcess][DPE]DPE release g_u4EnableClockCount: 0
03-23 00:10:48.619  7566  7566 I         : (6)[7566:VcodecProcess][MTK_V4L2] level=0 fops_vcodec_release(),148: [280] decoder
03-23 00:10:48.621  7568  7568 I         : (6)[7568:VcodecProcess][DPE]DPE open g_u4EnableClockCount: 1
03-23 00:10:48.621  7568  7568 I         : (6)[7568:VcodecProcess][DPE]g_dpewb_dvme_int_Buffer_pa(0xffd12000), g_dpewb_cost_int_Buffer_pa(0xffd5d000), g_dpewb_asfrm_Buffer_pa(0xffda8000), g_dpewb_asfrmext_Buffer_pa(0xffdf3000), g_dpewb_wmfhf_Buffer_pa(0xffe3e000)
03-23 00:10:48.621  7568  7568 E (6)[7568:VcodecProcess][MTK_V4L2][ERROR] mtk_vdec_s_ctrl: 2780: ctrl-id=99200e not support!
03-23 00:10:48.621  7568  7568 I         : (6)[7568:VcodecProcess][MTK_V4L2] level=0 fops_vcodec_open(),117: decoder capability 10
03-23 00:10:48.621  7568  7568 I         : (6)[7568:VcodecProcess][MTK_V4L2] level=0 fops_vcodec_open(),125: 1602f000.vdec decoder [281]
03-23 00:10:48.621  7568  7568 I         : (6)[7568:VcodecProcess][DPE]Curr UsrCnt(0), (process, pid, tgid)=(VcodecProcess, 7568, 3253), last user
03-23 00:10:48.621  7568  7568 I         : (6)[7568:VcodecProcess][DPE]DPE release g_u4EnableClockCount: 0
03-23 00:10:48.621  7568  7568 I         : (6)[7568:VcodecProcess][MTK_V4L2] level=0 vidioc_venc_s_ctrl(),257: [84] V4L2_CID_MPEG_MTK_SEC_ENCODE id 10035217 val 0 array[0] 0 array[1] 0
03-23 00:10:48.621  7568  7568 I         : (6)[7568:VcodecProcess][MTK_V4L2] level=0 vidioc_venc_s_ctrl(),466: V4L2_CID_MPEG_VIDEO_ENABLE_TSVC layer: 0, type: 0
03-23 00:10:48.621  7568  7568 E (6)[7568:VcodecProcess][MTK_V4L2][ERROR] vidioc_venc_s_ctrl: 538: ctrl-id=10035243 not support!
03-23 00:10:48.621  7568  7568 I         : (6)[7568:VcodecProcess][MTK_V4L2] level=0 fops_vcodec_open(),123: 17020000.venc encoder [84]
03-23 00:10:48.621  7568  7568 I         : (6)[7568:VcodecProcess][MTK_V4L2] level=0 fops_vcodec_release(),148: [281] decoder
03-23 00:10:48.623  7568  7568 I         : (6)[7568:VcodecProcess][MTK_V4L2] level=0 fops_vcodec_release(),146: [84] encoder
03-23 00:10:48.625  7570  7570 I         : (6)[7570:VcodecProcess][DPE]DPE open g_u4EnableClockCount: 1
03-23 00:10:48.625  7570  7570 I         : (6)[7570:VcodecProcess][DPE]g_dpewb_dvme_int_Buffer_pa(0xffd12000), g_dpewb_cost_int_Buffer_pa(0xffd5d000), g_dpewb_asfrm_Buffer_pa(0xffda8000), g_dpewb_asfrmext_Buffer_pa(0xffdf3000), g_dpewb_wmfhf_Buffer_pa(0xffe3e000)
03-23 00:10:48.626  7570  7570 E (6)[7570:VcodecProcess][MTK_V4L2][ERROR] mtk_vdec_s_ctrl: 2780: ctrl-id=99200e not support!
03-23 00:10:48.626  7570  7570 I         : (6)[7570:VcodecProcess][MTK_V4L2] level=0 fops_vcodec_open(),117: decoder capability 10
03-23 00:10:48.626  7570  7570 I         : (6)[7570:VcodecProcess][MTK_V4L2] level=0 fops_vcodec_open(),125: 1602f000.vdec decoder [282]
03-23 00:10:48.626  7570  7570 I         : (6)[7570:VcodecProcess][DPE]Curr UsrCnt(0), (process, pid, tgid)=(VcodecProcess, 7570, 3253), last user
03-23 00:10:48.626  7570  7570 I         : (6)[7570:VcodecProcess][DPE]DPE release g_u4EnableClockCount: 0
03-23 00:10:48.627  7570  7570 I         : (6)[7570:VcodecProcess][MTK_V4L2] level=0 fops_vcodec_release(),148: [282] decoder
03-23 00:10:48.628  7562  7562 I         : (5)[7562:VcodecProcess][MTK_V4L2] level=0 fops_vcodec_release(),146: [83] encoder
03-23 00:10:48.629  7572  7572 I         : (5)[7572:VcodecProcess][DPE]DPE open g_u4EnableClockCount: 1
03-23 00:10:48.629  7572  7572 I         : (5)[7572:VcodecProcess][DPE]g_dpewb_dvme_int_Buffer_pa(0xffd12000), g_dpewb_cost_int_Buffer_pa(0xffd5d000), g_dpewb_asfrm_Buffer_pa(0xffda8000), g_dpewb_asfrmext_Buffer_pa(0xffdf3000), g_dpewb_wmfhf_Buffer_pa(0xffe3e000)
03-23 00:10:48.629  7572  7572 E (5)[7572:VcodecProcess][MTK_V4L2][ERROR] mtk_vdec_s_ctrl: 2780: ctrl-id=99200e not support!
03-23 00:10:48.629  7572  7572 I         : (5)[7572:VcodecProcess][MTK_V4L2] level=0 fops_vcodec_open(),117: decoder capability 10
03-23 00:10:48.629  7572  7572 I         : (5)[7572:VcodecProcess][MTK_V4L2] level=0 fops_vcodec_open(),125: 1602f000.vdec decoder [283]
03-23 00:10:48.629  7572  7572 I         : (5)[7572:VcodecProcess][DPE]Curr UsrCnt(0), (process, pid, tgid)=(VcodecProcess, 7572, 3253), last user
03-23 00:10:48.630  7572  7572 I         : (6)[7572:VcodecProcess][DPE]DPE release g_u4EnableClockCount: 0
03-23 00:10:48.632  7572  7572 I         : (6)[7572:VcodecProcess][MTK_V4L2] level=0 fops_vcodec_release(),148: [283] decoder
03-23 00:10:48.638  7575  7575 I         : (6)[7575:VcodecProcess][DPE]DPE open g_u4EnableClockCount: 1
03-23 00:10:48.638  7575  7575 I         : (6)[7575:VcodecProcess][DPE]g_dpewb_dvme_int_Buffer_pa(0xffd12000), g_dpewb_cost_int_Buffer_pa(0xffd5d000), g_dpewb_asfrm_Buffer_pa(0xffda8000), g_dpewb_asfrmext_Buffer_pa(0xffdf3000), g_dpewb_wmfhf_Buffer_pa(0xffe3e000)
03-23 00:10:48.638  7575  7575 E (6)[7575:VcodecProcess][MTK_V4L2][ERROR] mtk_vdec_s_ctrl: 2780: ctrl-id=99200e not support!
03-23 00:10:48.638  7575  7575 I         : (6)[7575:VcodecProcess][MTK_V4L2] level=0 fops_vcodec_open(),117: decoder capability 10
03-23 00:10:48.638  7575  7575 I         : (6)[7575:VcodecProcess][MTK_V4L2] level=0 fops_vcodec_open(),125: 1602f000.vdec decoder [284]
03-23 00:10:48.638  7575  7575 I         : (6)[7575:VcodecProcess][DPE]Curr UsrCnt(0), (process, pid, tgid)=(VcodecProcess, 7575, 3253), last user
03-23 00:10:48.638  7575  7575 I         : (4)[7575:VcodecProcess][DPE]DPE release g_u4EnableClockCount: 0
03-23 00:10:48.640  7575  7575 I         : (4)[7575:VcodecProcess][MTK_V4L2] level=0 fops_vcodec_release(),148: [284] decoder
03-23 00:10:48.641  7577  7577 I         : (4)[7577:VcodecProcess][DPE]DPE open g_u4EnableClockCount: 1
03-23 00:10:48.641  7577  7577 I         : (4)[7577:VcodecProcess][DPE]g_dpewb_dvme_int_Buffer_pa(0xffd12000), g_dpewb_cost_int_Buffer_pa(0xffd5d000), g_dpewb_asfrm_Buffer_pa(0xffda8000), g_dpewb_asfrmext_Buffer_pa(0xffdf3000), g_dpewb_wmfhf_Buffer_pa(0xffe3e000)
03-23 00:10:48.641  7577  7577 E (4)[7577:VcodecProcess][MTK_V4L2][ERROR] mtk_vdec_s_ctrl: 2780: ctrl-id=99200e not support!
03-23 00:10:48.641  7577  7577 I         : (4)[7577:VcodecProcess][MTK_V4L2] level=0 fops_vcodec_open(),117: decoder capability 10
03-23 00:10:48.641  7577  7577 I         : (4)[7577:VcodecProcess][MTK_V4L2] level=0 fops_vcodec_open(),125: 1602f000.vdec decoder [285]
03-23 00:10:48.641  7577  7577 I         : (4)[7577:VcodecProcess][DPE]Curr UsrCnt(0), (process, pid, tgid)=(VcodecProcess, 7577, 3253), last user
03-23 00:10:48.642  7577  7577 I         : (4)[7577:VcodecProcess][DPE]DPE release g_u4EnableClockCount: 0
03-23 00:10:48.643  7577  7577 I         : (4)[7577:VcodecProcess][MTK_V4L2] level=0 fops_vcodec_release(),148: [285] decoder
03-23 00:10:48.661  7472  7472 I (5)[7472:main]KernelSU: handle_setresuid from 0 to 0
03-23 00:10:48.701   586   586 I (4)[586:servicemanager]: Caller(pid=7494,uid=1041,sid=u:r:audioserver:s0) Could not find android.hardware.audio.effect.IFactory/default in the VINTF manifest. No alternative instances declared in VINTF.
03-23 00:10:48.702   586   586 I (4)[586:servicemanager]: Caller(pid=7494,uid=1041,sid=u:r:audioserver:s0) Could not find android.hardware.audio.core.IModule/default in the VINTF manifest. No alternative instances declared in VINTF.
03-23 00:10:48.703   586   586 I (6)[586:servicemanager]: Caller(pid=7494,uid=1041,sid=u:r:audioserver:s0) Since 'activity' could not be found trying to start it as a lazy AIDL service. (if it's not configured to be a lazy service, it may be stuck starting or still starting).
03-23 00:10:48.756   425   425 I (7)[425:charger_thread]tmp: 32 (jeita:1 sm:5 cv:4450000 en:1) (sm:1) en:1 c:0 s:0 ov:0 sc:0 1 1
03-23 00:10:48.756   425   425 I         : (7)[425:charger_thread]mtk_switch_charging_run [1 5], timer=81
03-23 00:10:48.859   425   425 I         : (7)[425:charger_thread]usb vbus = 5075.
03-23 00:10:48.859   425   425 E         : (7)[425:charger_thread]get bq charge done enable=0
03-23 00:10:48.859   425   425 I         : (7)[425:charger_thread]set hv charge enable=1
03-23 00:10:48.860   425   425 I (7)[425:charger_thread]pe40_ready: 0 pps:0 hv:1 thermal:-1,-1 tmp:32,39,16,xm_pps:0,pd20:0,leave_pdc:0
03-23 00:10:48.860   425   425 E (4)[425:charger_thread][xmusb350] xmusb350_get_charger_type: xmusb350_get_charger_type: get charger type success, 03!
03-23 00:10:48.860   425   425 E (4)[425:charger_thread][xmusb350] xmusb350_get_charger_type: xmusb350_get_charger_type: charger type is [0x03]!
03-23 00:10:48.860   425   425 I (4)[425:charger_thread][xmusb350] xmusb350_get_chg_type: xmusb350_get_chg_type: xmusb350 get chg type 3 : 3
03-23 00:10:48.860   425   425 I (4)[425:charger_thread]sck: en:0 pid:0 500000 0 500000 -1 0 thermal.dis:0
03-23 00:10:48.860   425   425 E         : (4)[425:charger_thread]mtbf current limit is 0
03-23 00:10:48.860   425   425 I (4)[425:charger_thread]force: 0 thermal:-1,-1 pe4:-1,-1,0 setting:500 500 sc:500,0,0 type:1 usb_unlimited:0 usbif:0 usbsm:0 aicl:-1 atm:0 chg_done:0
03-23 00:10:48.900  1740  1740 I         : (6)[1740:kworker/u16:9][Thermal/TZ/BTS]T_AP=40977
03-23 00:10:48.919  1096  1096 E (3)[1096:mi_thermald]get_connector_temp: connector_temp:298
03-23 00:10:48.920  1096  1096 I         : (3)[1096:mi_thermald][Thermal/TZ/BTS]T_AP=40957
03-23 00:10:48.989  7595  7595 I (4)[7595:main]KernelSU: handle_setresuid from 0 to 1000
03-23 00:10:49.011  7595  7595 I (4)[7595:system_server]binder: 7595:7595 ioctl 40046210 7ff2d68c54 returned -22
03-23 00:10:49.056   914   914 I (7)[914:binder:683_2]apexd: getActivePackages received by ApexService
03-23 00:10:49.069  7595  7595 I (5)[7595:system_server]binder: 7595:7595 ioctl 40046210 7ff2d677e4 returned -22
03-23 00:10:49.081  7595  7595 I (5)[7595:system_server]psi_write: new:000000009af77b99
03-23 00:10:49.081  7595  7595 I (5)[7595:system_server]psi_write: new:00000000127d9eed
03-23 00:10:49.081  7595  7595 I (5)[7595:system_server]psi_write: new:00000000e59d4632
03-23 00:10:49.137   667   667 I         : (7)[667:android.hardwar]xiaomi_touch_dev_open
03-23 00:10:49.137   667   667 I (7)[667:android.hardwar]xiaomi_touch_dev_ioctl cmd: 0, touchId:0, mode:14, value:0
03-23 00:10:49.137   667   667 I (7)[667:android.hardwar][FTS_TS/I]fts_set_cur_value: mode:14, value:0
03-23 00:10:49.137   667   667 I (7)[667:android.hardwar][FTS_TS/I]fts_update_gesture_state: gesture state:0x00
03-23 00:10:49.274  7595  7595 I (6)[7595:system_server]sdcardfs: removing com.android.configinfrastructure
03-23 00:10:49.274  7595  7595 I (6)[7595:system_server]sdcardfs: removing com.android.appsearch
03-23 00:10:49.274  7595  7595 I (6)[7595:system_server]sdcardfs: removing com.android.hardware.boot
03-23 00:10:49.274  7595  7595 I (6)[7595:system_server]sdcardfs: removing com.android.telephonycore
03-23 00:10:49.275  7595  7595 I (6)[7595:system_server]sdcardfs: removing com.android.adservices
03-23 00:10:49.275  7595  7595 I (6)[7595:system_server]sdcardfs: removing com.android.scheduling
03-23 00:10:49.275  7595  7595 I (6)[7595:system_server]sdcardfs: removing com.android.permission
03-23 00:10:49.275  7595  7595 I (6)[7595:system_server]sdcardfs: removing com.android.profiling
03-23 00:10:49.275  7595  7595 I (6)[7595:system_server]sdcardfs: removing com.android.art
03-23 00:10:49.275  7595  7595 I (6)[7595:system_server]sdcardfs: removing com.android.uwb
03-23 00:10:49.275  7595  7595 I (6)[7595:system_server]sdcardfs: removing com.android.tethering
03-23 00:10:49.275  7595  7595 I (6)[7595:system_server]sdcardfs: removing com.android.media.swcodec
03-23 00:10:49.275  7595  7595 I (6)[7595:system_server]sdcardfs: removing com.android.conscrypt
03-23 00:10:49.275  7595  7595 I (6)[7595:system_server]sdcardfs: removing com.android.bt
03-23 00:10:49.275  7595  7595 I (6)[7595:system_server]sdcardfs: removing com.android.adbd
03-23 00:10:49.275  7595  7595 I (6)[7595:system_server]sdcardfs: removing com.android.i18n
03-23 00:10:49.275  7595  7595 I (6)[7595:system_server]sdcardfs: removing com.android.rkpd
03-23 00:10:49.275  7595  7595 I (6)[7595:system_server]sdcardfs: removing com.android.virt
03-23 00:10:49.275  7595  7595 I (6)[7595:system_server]sdcardfs: removing com.android.wifi
03-23 00:10:49.275  7595  7595 I (6)[7595:system_server]sdcardfs: removing com.android.runtime
03-23 00:10:49.275  7595  7595 I (6)[7595:system_server]sdcardfs: removing com.android.devicelock
03-23 00:10:49.275  7595  7595 I (6)[7595:system_server]sdcardfs: removing com.android.apex.cts.shim
03-23 00:10:49.275  7595  7595 I (6)[7595:system_server]sdcardfs: removing com.android.neuralnetworks
03-23 00:10:49.275  7595  7595 I (6)[7595:system_server]sdcardfs: removing com.android.healthfitness
03-23 00:10:49.275  7595  7595 I (6)[7595:system_server]sdcardfs: removing com.android.resolv
03-23 00:10:49.275  7595  7595 I (6)[7595:system_server]sdcardfs: removing com.android.sdkext
03-23 00:10:49.275  7595  7595 I (6)[7595:system_server]sdcardfs: removing com.android.tzdata
03-23 00:10:49.275  7595  7595 I (6)[7595:system_server]sdcardfs: removing com.android.os.statsd
03-23 00:10:49.275  7595  7595 I (6)[7595:system_server]sdcardfs: removing com.android.extservices
03-23 00:10:49.275  7595  7595 I (6)[7595:system_server]sdcardfs: removing com.android.cellbroadcast
03-23 00:10:49.275  7595  7595 I (6)[7595:system_server]sdcardfs: removing com.android.ipsec
03-23 00:10:49.275  7595  7595 I (6)[7595:system_server]sdcardfs: removing com.android.media
03-23 00:10:49.275  7595  7595 I (6)[7595:system_server]sdcardfs: removing com.android.crashrecovery
03-23 00:10:49.275  7595  7595 I (6)[7595:system_server]sdcardfs: removing com.android.mediaprovider
03-23 00:10:49.275  7595  7595 I (6)[7595:system_server]sdcardfs: removing com.android.uprobestats
03-23 00:10:49.275  7595  7595 I (6)[7595:system_server]sdcardfs: removing com.android.nfcservices
03-23 00:10:49.275  7595  7595 I (6)[7595:system_server]sdcardfs: removing com.android.ondevicepersonalization
03-23 00:10:49.303   914   914 I (7)[914:binder:683_2]apexd: getAllPackages received by ApexService
03-23 00:10:49.385  7595  7595 I         : (6)[7595:system_server]adsp_core1_suspend(), done elapse 368 us
03-23 00:10:49.753  7595  7595 I (6)[7595:system_server]KernelSU: renameat: packages.list.tmp -> packages.list, new path: /system/packages.list
03-23 00:10:49.772  7595  7595 I (6)[7595:system_server]KernelSU: Searching manager...
03-23 00:10:49.773  7595  7595 I (6)[7595:system_server]KernelSU: Search manager finished
03-23 00:10:49.773  7595  7595 I (6)[7595:system_server]KernelSU: boot not completed, skip prune
03-23 00:10:49.773  7595  7595 I (6)[7595:system_server]KernelSU: packages.list detected: 134217856
03-23 00:10:49.790  7595  7595 I (6)[7595:system_server]KernelSU: Searching manager...
03-23 00:10:49.790  7595  7595 I (6)[7595:system_server]KernelSU: Search manager finished
03-23 00:10:49.790  7595  7595 I (6)[7595:system_server]KernelSU: boot not completed, skip prune
03-23 00:10:49.893   955   955 E         : (0)[955:android.hardwar][mtk_nanohub]sensor_id id 0, sensor_type:1
03-23 00:10:49.902   948   948 W (7)[948:android.hardwar]healthd: battery l=100 v=4293 t=32.1 h=2 st=2 c=362000 fc=4270000 cc=399 chg=u
03-23 00:10:49.924  2362  2362 I         : (7)[2362:kworker/u16:26][Thermal/TZ/BTS]T_AP=41369
03-23 00:10:49.982  7595  7595 I (6)[7595:system_server]binder: 7595:7595 ioctl c00c620f 7ff2d682bc returned -22
03-23 00:10:49.987  1740  1740 E (7)[1740:kworker/u16:9]get_connector_temp: connector_temp:298
03-23 00:10:50.541   952   952 I         : (7)[952:android.hardwar]led_state buf 986908574 0 0 0
03-23 00:10:50.541   952   952 I         : (7)[952:android.hardwar]led_state set off
03-23 00:10:50.541    50    50 I         : (7)[50:kworker/7:1][mtk_nanohub]cabc_backlight_data_notification_work [15, 0, 0, 0]
03-23 00:10:50.542   952   952 I         : (7)[952:android.hardwar]led_state buf 986908574 0 0 0
03-23 00:10:50.542   952   952 I         : (7)[952:android.hardwar]led_state set off
03-23 00:10:50.542    50    50 I         : (7)[50:kworker/7:1][mtk_nanohub]cabc_backlight_data_notification_work [15, 0, 0, 0]
03-23 00:10:50.543   952   952 I         : (7)[952:android.hardwar]led_state buf 986908574 0 0 0
03-23 00:10:50.543   952   952 I         : (7)[952:android.hardwar]led_state set off
03-23 00:10:50.544    50    50 I         : (7)[50:kworker/7:1][mtk_nanohub]cabc_backlight_data_notification_work [15, 0, 0, 0]
03-23 00:10:50.613     0     0 I         : (5)[7662:system-server-i]read descriptors
03-23 00:10:50.613     0     0 I         : (5)[7662:system-server-i]read strings
03-23 00:10:50.613     0     0 I         : (5)[7662:system-server-i]read descriptors
03-23 00:10:50.613     0     0 I         : (5)[7662:system-server-i]read strings
03-23 00:10:50.662  1190  1190 E (7)[1190:android.hardwar]fpc1022_irq fingerprint: enable spi clk clk_enable_set
03-23 00:10:50.663  1190  1190 E (5)[1190:android.hardwar]fpc1022_irq fingerprint: disable spi clk clk_enable_set
03-23 00:10:50.664  1190  1190 E (5)[1190:android.hardwar]fpc1022_irq fingerprint: enable spi clk clk_enable_set
03-23 00:10:50.665  1190  1190 E (4)[1190:android.hardwar]fpc1022_irq fingerprint: disable spi clk clk_enable_set
03-23 00:10:50.665  1190  1190 E (4)[1190:android.hardwar]fpc1022_irq fingerprint: enable spi clk clk_enable_set
03-23 00:10:50.688  1190  1190 E (4)[1190:android.hardwar]fpc1022_irq fingerprint: disable spi clk clk_enable_set
03-23 00:10:50.688  1190  1190 E (4)[1190:android.hardwar]fpc1022_irq fingerprint: enable spi clk clk_enable_set
03-23 00:10:50.689  1190  1190 E (4)[1190:android.hardwar]fpc1022_irq fingerprint: disable spi clk clk_enable_set
03-23 00:10:50.689  1190  1190 E (4)[1190:android.hardwar]fpc1022_irq fingerprint: enable spi clk clk_enable_set
03-23 00:10:50.689  1190  1190 E (4)[1190:android.hardwar]fpc1022_irq fingerprint: disable spi clk clk_enable_set
03-23 00:10:50.689  1190  1190 E (4)[1190:android.hardwar]fpc1022_irq fingerprint: enable spi clk clk_enable_set
03-23 00:10:50.689  1190  1190 E (4)[1190:android.hardwar]fpc1022_irq fingerprint: disable spi clk clk_enable_set
03-23 00:10:50.689  1190  1190 E (4)[1190:android.hardwar]fpc1022_irq fingerprint: enable spi clk clk_enable_set
03-23 00:10:50.689  1190  1190 E (4)[1190:android.hardwar]fpc1022_irq fingerprint: disable spi clk clk_enable_set
03-23 00:10:50.691  1356  1356 E (4)[1356:android.hardwar]fpc1022_irq fingerprint: enable spi clk clk_enable_set
03-23 00:10:50.691  1356  1356 E (4)[1356:android.hardwar]fpc1022_irq fingerprint: disable spi clk clk_enable_set
03-23 00:10:50.692  1356  1356 E (4)[1356:android.hardwar]fpc1022_irq fingerprint: enable spi clk clk_enable_set
03-23 00:10:50.693  1356  1356 E (5)[1356:android.hardwar]fpc1022_irq fingerprint: disable spi clk clk_enable_set
03-23 00:10:50.754   667   667 I         : (7)[667:android.hardwar]xiaomi_touch_dev_open
03-23 00:10:50.754   667   667 I (7)[667:android.hardwar]xiaomi_touch_dev_ioctl cmd: 0, touchId:0, mode:14, value:1
03-23 00:10:50.754   667   667 I (7)[667:android.hardwar][FTS_TS/I]fts_set_cur_value: mode:14, value:1
03-23 00:10:50.754   667   667 I (7)[667:android.hardwar][FTS_TS/I]fts_update_gesture_state: gesture state:0x01
03-23 00:10:50.761   955   955 E         : (1)[955:android.hardwar][mtk_nanohub]sensor_id id 0, sensor_type:1
03-23 00:10:50.800   981   981 I (7)[981:binder:964_1][MTK-WIFI] WIFI_open[I]: major 463 minor 0 (pid 981)
03-23 00:10:50.800   981   981 I (7)[981:binder:964_1][MTK-WIFI] WIFI_write[I]: WIFI_write 1, length 2, copy_size 2
03-23 00:10:50.800  1043  1043 I (5)[1043:mtk_wland_threa][MTK-WIFI] get_pre_cal_status[I]: pre cal status: 0
03-23 00:10:50.800  1043  1043 I (5)[1043:mtk_wland_threa][MTK-WIFI] get_pre_cal_status[I]: pre cal status: 0
03-23 00:10:50.800   995   995 I (7)[995:conninfra_cored]conninfra@(conninfra_pwr_on: 140) [conninfra_pwr_on] drv=[3]
03-23 00:10:50.800   995   995 I (7)[995:conninfra_cored]conninfra@(conninfra_core_wake_lock_get: 2129) [conninfra_core_wake_lock_get] after wake_lock(1)
03-23 00:10:50.808   995   995 I         : (7)[995:conninfra_cored]Consys HW version id(0x20010101) cfg_id=(0x3)
03-23 00:10:50.808   995   995 I         : (7)[995:conninfra_cored]connsys_emi_base=[0x8fb00000] mcif_emi_base=[0x6a000000] remap cr: connsys=[0x00008fb0] mcif=[0x00006a00]
03-23 00:10:50.808   995   995 I         : (7)[995:conninfra_cored]Write CONN_INFRA_SYSRAM_SW_CR_BUILD_MODE to 0x00000003
03-23 00:10:50.808   995   995 I         : (7)[995:conninfra_cored]A-die CHIP_ID=0x66358a11 rc=1
03-23 00:10:50.809   995   995 I         : (7)[995:conninfra_cored][consys_spi_write_offset_range_nolock][SYS_SPI_TOP] addr=0x0034 value=0x00bf00c4 reg_offset=12 value_offset=3 size=4
03-23 00:10:50.809   995   995 I         : (7)[995:conninfra_cored][consys_spi_write_offset_range_nolock][SYS_SPI_TOP] Write CR:0x00000034 from 0x03078000 to 0x03078000
03-23 00:10:50.809   995   995 I         : (7)[995:conninfra_cored][consys_spi_write_offset_range_nolock][SYS_SPI_TOP] addr=0x0038 value=0x00bf00c4 reg_offset=23 value_offset=0 size=3
03-23 00:10:50.810   995   995 I         : (7)[995:conninfra_cored][consys_spi_write_offset_range_nolock][SYS_SPI_TOP] Write CR:0x00000038 from 0x4a46a300 to 0x4a46a300
03-23 00:10:50.810   995   995 I         : (7)[995:conninfra_cored]thermal_b =[63]
03-23 00:10:50.810   995   995 I         : (7)[995:conninfra_cored]efuse = [0xa8000000, 0x00bf00c4, 0x0000d4fc, 0x73737878]
03-23 00:10:50.812   995   995 I (7)[995:conninfra_cored]conninfra@(consys_plt_pmic_raise_voltage: 633) [consys_plt_pmic_raise_voltage] [drv_type(3) raise(1) onoff(1)][bt_raise(0)]
03-23 00:10:50.812   995   995 I         : (7)[995:conninfra_cored][connsys_low_power_setting_mt6893] current_status=0 bt_only = 0
03-23 00:10:50.813  1043  1043 I (6)[1043:mtk_wland_threa]conninfra@(opfunc_power_on_internal: 328) [Conninfra Pwr On] BT=[0] FM=[0] GPS=[0] WF=[1]
03-23 00:10:50.820  7595  7595 E AndroidRuntime: *** FATAL EXCEPTION IN SYSTEM PROCESS: main
03-23 00:10:50.820  7595  7595 E AndroidRuntime: java.lang.IllegalStateException: Signature|privileged permissions not in privileged permission allowlist: {org.aospextended.device (/system_ext/priv-app/XiaomiParts): android.permission.CONTROL_DEVICE_LIGHTS}
03-23 00:10:50.820  7595  7595 E AndroidRuntime: 	at com.android.server.permission.access.permission.AppIdPermissionPolicy.onSystemReady(AppIdPermissionPolicy.kt:1823)
03-23 00:10:50.820  7595  7595 E AndroidRuntime: 	at com.android.server.permission.access.AccessPolicy.onSystemReady(AccessPolicy.kt:283)
03-23 00:10:50.820  7595  7595 E AndroidRuntime: 	at com.android.server.permission.access.AccessCheckingService.onSystemReady$frameworks__base__services__permission__android_common__services_permission_pre_jarjar(AccessCheckingService.kt:256)
03-23 00:10:50.820  7595  7595 E AndroidRuntime: 	at com.android.server.permission.access.permission.PermissionService.onSystemReady(PermissionService.kt:2396)
03-23 00:10:50.820  7595  7595 E AndroidRuntime: 	at com.android.server.pm.permission.PermissionManagerService$PermissionManagerServiceInternalImpl.onSystemReady(PermissionManagerService.java:777)
03-23 00:10:50.820  7595  7595 E AndroidRuntime: 	at com.android.server.pm.PackageManagerService.systemReady(PackageManagerService.java:4372)
03-23 00:10:50.820  7595  7595 E AndroidRuntime: 	at com.android.server.SystemServer.startOtherServices(SystemServer.java:3290)
03-23 00:10:50.820  7595  7595 E AndroidRuntime: 	at com.android.server.SystemServer.run(SystemServer.java:1046)
03-23 00:10:50.820  7595  7595 E AndroidRuntime: 	at com.android.server.SystemServer.main(SystemServer.java:724)
03-23 00:10:50.820  7595  7595 E AndroidRuntime: 	at java.lang.reflect.Method.invoke(Native Method)
03-23 00:10:50.820  7595  7595 E AndroidRuntime: 	at com.android.internal.os.RuntimeInit$MethodAndArgsCaller.run(RuntimeInit.java:569)
03-23 00:10:50.820  7595  7595 E AndroidRuntime: 	at com.android.internal.os.ZygoteInit.main(ZygoteInit.java:907)
03-23 00:10:50.815  1043  1043 I (7)[1043:mtk_wland_threa]conninfra@(consys_bus_clock_ctrl: 493) drv=[3] conninfra_bus_clock_wpll=[0]->[8] enable conninfra_bus_clock_bpll=[0]->[8] enable
03-23 00:10:50.866  1043  1043 I (7)[1043:mtk_wland_threa]conninfra@(consys_bus_clock_ctrl: 528) drv=[3] conninfra_bus_clock_wpll=[8]->[0] disable conninfra_bus_clock_bpll=[8]->[0] disable
03-23 00:10:50.866  1043  1043 I (7)[1043:mtk_wland_threa][MTK-WIFI] update_driver_reset_status[I]: update_driver_reset_status: 0
03-23 00:10:50.867  1043  1043 I (7)[1043:mtk_wland_threa][MTK-WIFI] update_driver_loaded_status[I]: update_driver_loaded_status: 0
03-23 00:10:50.868  1043  1043 W (7)[1043:mtk_wland_threa]wlan 18000000.wifi: Direct firmware load for wifi_sigma.cfg failed with error -2
03-23 00:10:50.868  1043  1043 W (7)[1043:mtk_wland_threa]wlan 18000000.wifi: Falling back to user helper
03-23 00:10:50.879  7788  7788 I (7)[7788:ueventd]: firmware: loading 'wifi_sigma.cfg' for '/devices/platform/18000000.wifi/firmware/wifi_sigma.cfg'
03-23 00:10:50.880  7788  7788 E (7)[7788:ueventd]: firmware: could not find firmware for wifi_sigma.cfg
03-23 00:10:50.880  7788  7788 E (7)[7788:ueventd]: firmware: attempted /etc/firmware/wifi_sigma.cfg, open failed: No such file or directory
03-23 00:10:50.880  7788  7788 E (7)[7788:ueventd]: firmware: attempted /odm/firmware/wifi_sigma.cfg, open failed: No such file or directory
03-23 00:10:50.880  7788  7788 E (7)[7788:ueventd]: firmware: attempted /vendor/firmware/wifi_sigma.cfg, open failed: No such file or directory
03-23 00:10:50.880  7788  7788 E (7)[7788:ueventd]: firmware: attempted /firmware/image/wifi_sigma.cfg, open failed: No such file or directory
03-23 00:10:50.900  1043  1043 I         : (7)[1043:mtk_wland_threa][connfem][API][WARN] connfem_epaelna_get_fem_info, No ConnFem context
03-23 00:10:50.900  1043  1043 I         : (7)[1043:mtk_wland_threa][connfem][API][WARN] connfem_epaelna_get_pin_info, No ConnFem context
03-23 00:10:50.900  1096  1096 I         : (3)[1096:mi_thermald][connfem][API][WARN] connfem_epaelna_laa_get_pin_info, No ConnFem context
03-23 00:10:50.952  1096  1096 E (3)[1096:mi_thermald]get_connector_temp: connector_temp:298
03-23 00:10:50.952  1096  1096 I         : (3)[1096:mi_thermald][Thermal/TZ/BTS]T_AP=41694
03-23 00:10:50.952  2362  2362 I         : (0)[2362:kworker/u16:26][Thermal/TZ/BTS]T_AP=41716
03-23 00:10:50.953  7677  7677 I (4)[7677:SettingsProvide]update_trigger: psi_trigger_destroy, old:00000000e59d4632
03-23 00:10:50.953  7677  7677 I (5)[7677:SettingsProvide]update_trigger: psi_trigger_destroy, old:00000000127d9eed
03-23 00:10:50.953  7677  7677 I (4)[7677:SettingsProvide]update_trigger: psi_trigger_destroy, old:000000009af77b99
03-23 00:10:50.953  1825  1825 I (4)[1825:kworker/4:55]binder: release 7595:7714 transaction 145360 out, still active
03-23 00:10:50.953  1825  1825 I (4)[1825:kworker/4:55]binder: undelivered TRANSACTION_COMPLETE
03-23 00:10:50.979  7796  7796 I (7)[7796:init]KernelSU: handle_setresuid from 0 to 1000
03-23 00:10:50.985  7796  7796 I (7)[7796:vdc]binder: 7796:7796 ioctl 40046210 7ff2629854 returned -22
03-23 00:10:50.991  1591  1591 I (5)[1591:kworker/5:55]binder: undelivered death notification, b40000748a398060
03-23 00:10:50.991  1591  1591 I (5)[1591:kworker/5:55]binder: undelivered death notification, b40000748a3976c0
03-23 00:10:50.995     3     3 I         : (0)[3:kworker/0:0][connlog] wifi_fw irq counter = 25
03-23 00:10:51.002  7518  7518 I         : (4)[7518:HwBinder:7474_2][IPI][DMA] hal_dma_get_queue_msg(), -ERESTARTSYS
03-23 00:10:51.002  7518  7518 I         : (4)[7518:HwBinder:7474_2][IPI][DMA] audio_ipi_dma_msg_read(), hal_dma_get_queue_msg retval -4
03-23 00:10:51.007     3     3 I         : (0)[3:kworker/0:0][connlog] wifi_fw emi ring is empty!
03-23 00:10:51.008  1043  1043 W (5)[1043:mtk_wland_threa]wlan 18000000.wifi: Direct firmware load for txpowerctrl.cfg failed with error -2
03-23 00:10:51.009  1043  1043 W (5)[1043:mtk_wland_threa]wlan 18000000.wifi: Falling back to user helper
03-23 00:10:51.015  7797  7797 I (7)[7797:ueventd]: firmware: loading 'txpowerctrl.cfg' for '/devices/platform/18000000.wifi/firmware/txpowerctrl.cfg'
03-23 00:10:51.015  7797  7797 E (7)[7797:ueventd]: firmware: could not find firmware for txpowerctrl.cfg
03-23 00:10:51.015  7797  7797 E (7)[7797:ueventd]: firmware: attempted /etc/firmware/txpowerctrl.cfg, open failed: No such file or directory
03-23 00:10:51.018  1043  1043 I (4)[1043:mtk_wland_threa][MTK-WIFI] update_driver_loaded_status[I]: update_driver_loaded_status: 1
03-23 00:10:51.018  1043  1043 I (4)[1043:mtk_wland_threa][WIFI-FW] fw_log_bug_hang_register[I]: fw_log_bug_hang_register: 0000000053736af3
03-23 00:10:51.018  1043  1043 I (4)[1043:mtk_wland_threa][MTK-WIFI] register_set_p2p_mode_handler[I]: (pid 1043) register set p2p mode handler 000000001a0e4634
03-23 00:10:51.112   981   981 I (7)[981:binder:964_1][MTK-WIFI] WIFI_write[I]: WMT turn on WIFI success!
03-23 00:10:51.112   981   981 I (7)[981:binder:964_1][MTK-WIFI] WIFI_close[I]: major 463 minor 0 (pid 981)
03-23 00:10:51.113   981   981 I (6)[981:binder:964_1]binder: 964:981 transaction failed 29189/0, size 4-0 line 3685
03-23 00:10:51.113   981   981 I (6)[981:binder:964_1]binder: send failed reply for transaction 145360, target dead
03-23 00:10:51.972  2350  2350 I         : (7)[2350:kworker/u16:14][Thermal/TZ/BTS]T_AP=41694
03-23 00:10:52.040  2350  2350 E (7)[2350:kworker/u16:14]get_connector_temp: connector_temp:298
03-23 00:10:52.232   343   343 I         : (6)[343:kworker/6:1]usb_state<CONFIGURED>
03-23 00:10:52.640   590   590 I (0)[590:logd.reader]logd: logdr: UID=2000 GID=2000 PID=7801 n tail=0 logMask=99 pid=0 start=0ns deadline=0ns
03-23 00:10:52.644   628   628 W (0)[628:logd.klogd]: Skipping entries from slow reader, pid 7801, fd 14, from LogBuffer::Prune()
03-23 00:10:52.824   343   343 I (6)[343:kworker/6:1]sd 0: 0:0:2: [sdc] Synchronizing SCSI cache
03-23 00:10:52.825   343   343 E (6)[343:kworker/6:1]ghr: scsi_execute exit ret = 0x0
03-23 00:10:52.825   343   343 I (6)[343:kworker/6:1]ufshpb_suspend: 3294 info: ufshpb_lu 2 goto suspend
03-23 00:10:52.825   343   343 I (6)[343:kworker/6:1]ufshpb_suspend: 3295 info: ufshpb_lu 2 changes suspend state
03-23 00:10:52.825   343   343 E (6)[343:kworker/6:1]ghr: scsi_execute exit ret = 0x0
03-23 00:10:52.988  1096  1096 E (3)[1096:mi_thermald]get_connector_temp: connector_temp:298
03-23 00:10:52.989  1096  1096 I         : (3)[1096:mi_thermald][Thermal/TZ/BTS]T_AP=41239
03-23 00:10:52.997  2346  2346 I         : (5)[2346:kworker/u16:10][Thermal/TZ/BTS]T_AP=41217
03-23 00:10:53.064     1     1 I (7)[1:init]: starting service 'netd'...
03-23 00:10:53.065     1     1 I (7)[1:init]: Created socket '/dev/socket/dnsproxyd', mode 660, user 0, group 3003
03-23 00:10:53.065     1     1 I (7)[1:init]: Created socket '/dev/socket/mdns', mode 660, user 0, group 1000
03-23 00:10:53.065     1     1 I (7)[1:init]: Created socket '/dev/socket/fwmarkd', mode 660, user 0, group 3003
03-23 00:10:53.072     1     1 I (1)[1:init]: ... started service 'netd' has pid 7804
03-23 00:10:53.074     1     1 I (1)[1:init]: starting service 'zygote'...
03-23 00:10:53.075     1     1 I (1)[1:init]: Created socket '/dev/socket/zygote', mode 660, user 0, group 1000
03-23 00:10:53.076     1     1 I (1)[1:init]: Created socket '/dev/socket/usap_pool_primary', mode 660, user 0, group 1000
03-23 00:10:53.083     1     1 I (3)[1:init]: ... started service 'zygote' has pid 7805
03-23 00:10:53.083     1     1 I (4)[1:init]: starting service 'vendor.audio-hal'...
03-23 00:10:53.089  7806  7806 I (0)[7806:init]KernelSU: handle_setresuid from 0 to 1041
03-23 00:10:53.107  7806  7806 I (4)[7806:android.hardwar]binder: 7806:7806 ioctl 40046210 ff9aab20 returned -22
03-23 00:10:53.107  7806  7806 I (4)[7806:binder:7806_2]binder: 7806:7806 ioctl 40046210 ff9aab38 returned -22
03-23 00:10:53.108   298   298 I         : (0)[298:krtatm][Thermal/TZ/CPU]set_adaptive_cpu_power_limit (0x0) 0 T=53594, 6000 T=64336, 0 T=46798, 6000 T=60422, 0 T=55243
03-23 00:10:53.146  7804  7804 I (7)[7804:netd]binder: 7804:7804 ioctl 40046210 7fdc809ef4 returned -22
03-23 00:10:53.147  7804  7804 I (7)[7804:binder:7804_4]binder: 7804:7804 ioctl 40046210 7fdc80a264 returned -22
03-23 00:10:53.171  7827  7827 I (5)[7827:init]KernelSU: handle_setresuid from 0 to 1041
03-23 00:10:53.207  7827  7827 I (5)[7827:audioserver]binder: 7827:7827 ioctl 40046210 7ff8225b24 returned -22
03-23 00:10:53.207  7827  7827 I (5)[7827:audioserver]binder: 7827:7827 ioctl 40046210 7ff8225b74 returned -22
03-23 00:10:53.216   586   586 I (3)[586:servicemanager]: Caller(pid=7827,uid=1041,sid=u:r:audioserver:s0) Could not find android.hardware.audio.effect.IFactory/default in the VINTF manifest. No alternative instances declared in VINTF.
03-23 00:10:53.217   586   586 I (3)[586:servicemanager]: Caller(pid=7827,uid=1041,sid=u:r:audioserver:s0) Could not find android.hardware.audio.core.IModule/default in the VINTF manifest. No alternative instances declared in VINTF.
03-23 00:10:53.254    50    50 E (7)[50:kworker/7:1]ghr: scsi_execute exit ret = 0x0
03-23 00:10:53.254    50    50 I (7)[50:kworker/7:1]ufshpb_resume: 3320 info: ufshpb_lu 2 resume. do_task_work 0 retry 0
03-23 00:10:53.295  7805  7805 I (6)[7805:main]KernelSU: handle_setresuid from 0 to 0
03-23 00:10:53.301   586   586 I (1)[586:servicemanager]: Caller(pid=7806,uid=1041,sid=u:r:hal_audio_default:s0) Found android.hardware.bluetooth.audio.IBluetoothAudioProviderFactory/default in device VINTF manifest.
03-23 00:10:53.389  7842  7842 I (7)[7842:init]KernelSU: handle_setresuid from 0 to 1047
03-23 00:10:53.413  7843  7843 I (0)[7843:init]KernelSU: handle_setresuid from 0 to 1013
03-23 00:10:53.427  7813  7813 I (4)[7813:HwBinder:7806_2]mt6885-audio 11210000.mt6885-afe-pcm: mt6885_afe_runtime_resume()
03-23 00:10:53.427  7813  7813 I (4)[7813:HwBinder:7806_2]mt6885-audio 11210000.mt6885-afe-pcm: mt6885_afe_enable_clock()
03-23 00:10:53.427  1825  1825 I (4)[1825:kworker/4:55]mt6885-audio 11210000.mt6885-afe-pcm: mt6885_afe_runtime_suspend()
03-23 00:10:53.427  1825  1825 I (4)[1825:kworker/4:55]mt6885-audio 11210000.mt6885-afe-pcm: mt6885_afe_disable_clock()
03-23 00:10:53.428  7813  7813 I (4)[7813:HwBinder:7806_2]mt6885-audio 11210000.mt6885-afe-pcm: mt6885_afe_runtime_resume()
03-23 00:10:53.428  7813  7813 I (4)[7813:HwBinder:7806_2]mt6885-audio 11210000.mt6885-afe-pcm: mt6885_afe_enable_clock()
03-23 00:10:53.428  1825  1825 I (4)[1825:kworker/4:55]mt6885-audio 11210000.mt6885-afe-pcm: mt6885_afe_runtime_suspend()
03-23 00:10:53.428  1825  1825 I (4)[1825:kworker/4:55]mt6885-audio 11210000.mt6885-afe-pcm: mt6885_afe_disable_clock()
03-23 00:10:53.429  7813  7813 I (4)[7813:HwBinder:7806_2]mt6885-audio 11210000.mt6885-afe-pcm: mt6885_afe_runtime_resume()
03-23 00:10:53.429  7813  7813 I (4)[7813:HwBinder:7806_2]mt6885-audio 11210000.mt6885-afe-pcm: mt6885_afe_enable_clock()
03-23 00:10:53.429  1825  1825 I (4)[1825:kworker/4:55]mt6885-audio 11210000.mt6885-afe-pcm: mt6885_afe_runtime_suspend()
03-23 00:10:53.429  1825  1825 I (4)[1825:kworker/4:55]mt6885-audio 11210000.mt6885-afe-pcm: mt6885_afe_disable_clock()
03-23 00:10:53.429  7813  7813 I (0)[7813:HwBinder:7806_2]mt6885-audio 11210000.mt6885-afe-pcm: mt6885_afe_runtime_resume()
03-23 00:10:53.429  7813  7813 I (0)[7813:HwBinder:7806_2]mt6885-audio 11210000.mt6885-afe-pcm: mt6885_afe_enable_clock()
03-23 00:10:53.430     3     3 I (0)[3:kworker/0:0]mt6885-audio 11210000.mt6885-afe-pcm: mt6885_afe_runtime_suspend()
03-23 00:10:53.430     3     3 I (0)[3:kworker/0:0]mt6885-audio 11210000.mt6885-afe-pcm: mt6885_afe_disable_clock()
03-23 00:10:53.431  7813  7813 I (0)[7813:HwBinder:7806_2]mt6885-audio 11210000.mt6885-afe-pcm: mt6885_afe_runtime_resume()
03-23 00:10:53.431  7813  7813 I (0)[7813:HwBinder:7806_2]mt6885-audio 11210000.mt6885-afe-pcm: mt6885_afe_enable_clock()
03-23 00:10:53.431     3     3 I (0)[3:kworker/0:0]mt6885-audio 11210000.mt6885-afe-pcm: mt6885_afe_runtime_suspend()
03-23 00:10:53.431     3     3 I (0)[3:kworker/0:0]mt6885-audio 11210000.mt6885-afe-pcm: mt6885_afe_disable_clock()
03-23 00:10:53.432  7813  7813 I (0)[7813:HwBinder:7806_2]mt6885-audio 11210000.mt6885-afe-pcm: mt6885_afe_runtime_resume()
03-23 00:10:53.432  7813  7813 I (0)[7813:HwBinder:7806_2]mt6885-audio 11210000.mt6885-afe-pcm: mt6885_afe_enable_clock()
03-23 00:10:53.432  1825  1825 I (4)[1825:kworker/4:55]mt6885-audio 11210000.mt6885-afe-pcm: mt6885_afe_runtime_suspend()
03-23 00:10:53.432  1825  1825 I (4)[1825:kworker/4:55]mt6885-audio 11210000.mt6885-afe-pcm: mt6885_afe_disable_clock()
03-23 00:10:53.433  7813  7813 I (4)[7813:HwBinder:7806_2]mt6885-audio 11210000.mt6885-afe-pcm: mt6885_afe_runtime_resume()
03-23 00:10:53.433  7813  7813 I (4)[7813:HwBinder:7806_2]mt6885-audio 11210000.mt6885-afe-pcm: mt6885_afe_enable_clock()
03-23 00:10:53.433  1825  1825 I (4)[1825:kworker/4:55]mt6885-audio 11210000.mt6885-afe-pcm: mt6885_afe_runtime_suspend()
03-23 00:10:53.433  1825  1825 I (4)[1825:kworker/4:55]mt6885-audio 11210000.mt6885-afe-pcm: mt6885_afe_disable_clock()
03-23 00:10:53.433  7813  7813 I (4)[7813:HwBinder:7806_2]mt6885-audio 11210000.mt6885-afe-pcm: mt6885_afe_runtime_resume()
03-23 00:10:53.433  7813  7813 I (4)[7813:HwBinder:7806_2]mt6885-audio 11210000.mt6885-afe-pcm: mt6885_afe_enable_clock()
03-23 00:10:53.433  1825  1825 I (4)[1825:kworker/4:55]mt6885-audio 11210000.mt6885-afe-pcm: mt6885_afe_runtime_suspend()
03-23 00:10:53.433  1825  1825 I (4)[1825:kworker/4:55]mt6885-audio 11210000.mt6885-afe-pcm: mt6885_afe_disable_clock()
03-23 00:10:53.434  7842  7842 I (7)[7842:cameraserver]binder: 7842:7842 ioctl 40046210 7fc547c104 returned -22
03-23 00:10:53.434  7842  7842 I (7)[7842:cameraserver]binder: 7842:7842 ioctl 40046210 7fc547c154 returned -22
03-23 00:10:53.434  7813  7813 I (4)[7813:HwBinder:7806_2]mt6885-audio 11210000.mt6885-afe-pcm: mt6885_afe_runtime_resume()
03-23 00:10:53.434  7813  7813 I (4)[7813:HwBinder:7806_2]mt6885-audio 11210000.mt6885-afe-pcm: mt6885_afe_enable_clock()
03-23 00:10:53.434  1825  1825 I (4)[1825:kworker/4:55]mt6885-audio 11210000.mt6885-afe-pcm: mt6885_afe_runtime_suspend()
03-23 00:10:53.434  1825  1825 I (4)[1825:kworker/4:55]mt6885-audio 11210000.mt6885-afe-pcm: mt6885_afe_disable_clock()
03-23 00:10:53.435  7813  7813 I (4)[7813:HwBinder:7806_2]mt6885-audio 11210000.mt6885-afe-pcm: mt6885_afe_runtime_resume()
03-23 00:10:53.435  7813  7813 I (4)[7813:HwBinder:7806_2]mt6885-audio 11210000.mt6885-afe-pcm: mt6885_afe_enable_clock()
03-23 00:10:53.435  1825  1825 I (4)[1825:kworker/4:55]mt6885-audio 11210000.mt6885-afe-pcm: mt6885_afe_runtime_suspend()
03-23 00:10:53.435  1825  1825 I (4)[1825:kworker/4:55]mt6885-audio 11210000.mt6885-afe-pcm: mt6885_afe_disable_clock()
03-23 00:10:53.435  7813  7813 I (4)[7813:HwBinder:7806_2]mt6885-audio 11210000.mt6885-afe-pcm: mt6885_afe_runtime_resume()
03-23 00:10:53.435  7813  7813 I (4)[7813:HwBinder:7806_2]mt6885-audio 11210000.mt6885-afe-pcm: mt6885_afe_enable_clock()
03-23 00:10:53.435  1825  1825 I (4)[1825:kworker/4:55]mt6885-audio 11210000.mt6885-afe-pcm: mt6885_afe_runtime_suspend()
03-23 00:10:53.435  1825  1825 I (4)[1825:kworker/4:55]mt6885-audio 11210000.mt6885-afe-pcm: mt6885_afe_disable_clock()
03-23 00:10:53.435  7813  7813 I (4)[7813:HwBinder:7806_2]mt6885-audio 11210000.mt6885-afe-pcm: mt6885_afe_runtime_resume()
03-23 00:10:53.435  7813  7813 I (4)[7813:HwBinder:7806_2]mt6885-audio 11210000.mt6885-afe-pcm: mt6885_afe_enable_clock()
03-23 00:10:53.436  1825  1825 I (4)[1825:kworker/4:55]mt6885-audio 11210000.mt6885-afe-pcm: mt6885_afe_runtime_suspend()
03-23 00:10:53.436  1825  1825 I (4)[1825:kworker/4:55]mt6885-audio 11210000.mt6885-afe-pcm: mt6885_afe_disable_clock()
03-23 00:10:53.436  7813  7813 I (4)[7813:HwBinder:7806_2]mt6885-audio 11210000.mt6885-afe-pcm: mt6885_afe_runtime_resume()
03-23 00:10:53.436  7813  7813 I (4)[7813:HwBinder:7806_2]mt6885-audio 11210000.mt6885-afe-pcm: mt6885_afe_enable_clock()
03-23 00:10:53.436  1825  1825 I (4)[1825:kworker/4:55]mt6885-audio 11210000.mt6885-afe-pcm: mt6885_afe_runtime_suspend()
03-23 00:10:53.436  1825  1825 I (4)[1825:kworker/4:55]mt6885-audio 11210000.mt6885-afe-pcm: mt6885_afe_disable_clock()
03-23 00:10:53.436  7813  7813 I (4)[7813:HwBinder:7806_2]mt6885-audio 11210000.mt6885-afe-pcm: mt6885_afe_runtime_resume()
03-23 00:10:53.436  7813  7813 I (4)[7813:HwBinder:7806_2]mt6885-audio 11210000.mt6885-afe-pcm: mt6885_afe_enable_clock()
03-23 00:10:53.436  1825  1825 I (4)[1825:kworker/4:55]mt6885-audio 11210000.mt6885-afe-pcm: mt6885_afe_runtime_suspend()
03-23 00:10:53.436  1825  1825 I (4)[1825:kworker/4:55]mt6885-audio 11210000.mt6885-afe-pcm: mt6885_afe_disable_clock()
03-23 00:10:53.437  7813  7813 I (4)[7813:HwBinder:7806_2]mt6885-audio 11210000.mt6885-afe-pcm: mt6885_afe_runtime_resume()
03-23 00:10:53.437  7813  7813 I (4)[7813:HwBinder:7806_2]mt6885-audio 11210000.mt6885-afe-pcm: mt6885_afe_enable_clock()
03-23 00:10:53.437  1825  1825 I (4)[1825:kworker/4:55]mt6885-audio 11210000.mt6885-afe-pcm: mt6885_afe_runtime_suspend()
03-23 00:10:53.437  1825  1825 I (4)[1825:kworker/4:55]mt6885-audio 11210000.mt6885-afe-pcm: mt6885_afe_disable_clock()
03-23 00:10:53.437  7813  7813 I (4)[7813:HwBinder:7806_2]mt6885-audio 11210000.mt6885-afe-pcm: mt6885_afe_runtime_resume()
03-23 00:10:53.437  7813  7813 I (4)[7813:HwBinder:7806_2]mt6885-audio 11210000.mt6885-afe-pcm: mt6885_afe_enable_clock()
03-23 00:10:53.437  1825  1825 I (4)[1825:kworker/4:55]mt6885-audio 11210000.mt6885-afe-pcm: mt6885_afe_runtime_suspend()
03-23 00:10:53.437  1825  1825 I (4)[1825:kworker/4:55]mt6885-audio 11210000.mt6885-afe-pcm: mt6885_afe_disable_clock()
03-23 00:10:53.438  7813  7813 I (4)[7813:HwBinder:7806_2]mt6885-audio 11210000.mt6885-afe-pcm: mt6885_afe_runtime_resume()
03-23 00:10:53.438  7813  7813 I (4)[7813:HwBinder:7806_2]mt6885-audio 11210000.mt6885-afe-pcm: mt6885_afe_enable_clock()
03-23 00:10:53.438  1825  1825 I (4)[1825:kworker/4:55]mt6885-audio 11210000.mt6885-afe-pcm: mt6885_afe_runtime_suspend()
03-23 00:10:53.438  1825  1825 I (4)[1825:kworker/4:55]mt6885-audio 11210000.mt6885-afe-pcm: mt6885_afe_disable_clock()
03-23 00:10:53.438  7813  7813 I (4)[7813:HwBinder:7806_2]mt6885-audio 11210000.mt6885-afe-pcm: mt6885_afe_runtime_resume()
03-23 00:10:53.438  7813  7813 I (4)[7813:HwBinder:7806_2]mt6885-audio 11210000.mt6885-afe-pcm: mt6885_afe_enable_clock()
03-23 00:10:53.438  1825  1825 I (4)[1825:kworker/4:55]mt6885-audio 11210000.mt6885-afe-pcm: mt6885_afe_runtime_suspend()
03-23 00:10:53.438  1825  1825 I (4)[1825:kworker/4:55]mt6885-audio 11210000.mt6885-afe-pcm: mt6885_afe_disable_clock()
03-23 00:10:53.438  7813  7813 I (4)[7813:HwBinder:7806_2]mt6885-audio 11210000.mt6885-afe-pcm: mt6885_afe_runtime_resume()
03-23 00:10:53.438  7813  7813 I (4)[7813:HwBinder:7806_2]mt6885-audio 11210000.mt6885-afe-pcm: mt6885_afe_enable_clock()
03-23 00:10:53.438  1825  1825 I (4)[1825:kworker/4:55]mt6885-audio 11210000.mt6885-afe-pcm: mt6885_afe_runtime_suspend()
03-23 00:10:53.438  1825  1825 I (4)[1825:kworker/4:55]mt6885-audio 11210000.mt6885-afe-pcm: mt6885_afe_disable_clock()
03-23 00:10:53.439  7813  7813 I (4)[7813:HwBinder:7806_2]mt6885-audio 11210000.mt6885-afe-pcm: mt6885_afe_runtime_resume()
03-23 00:10:53.439  7813  7813 I (4)[7813:HwBinder:7806_2]mt6885-audio 11210000.mt6885-afe-pcm: mt6885_afe_enable_clock()
03-23 00:10:53.439  1825  1825 I (4)[1825:kworker/4:55]mt6885-audio 11210000.mt6885-afe-pcm: mt6885_afe_runtime_suspend()
03-23 00:10:53.439  1825  1825 I (4)[1825:kworker/4:55]mt6885-audio 11210000.mt6885-afe-pcm: mt6885_afe_disable_clock()
03-23 00:10:53.439  7813  7813 I (4)[7813:HwBinder:7806_2]mt6885-audio 11210000.mt6885-afe-pcm: mt6885_afe_runtime_resume()
03-23 00:10:53.439  7813  7813 I (4)[7813:HwBinder:7806_2]mt6885-audio 11210000.mt6885-afe-pcm: mt6885_afe_enable_clock()
03-23 00:10:53.439  1825  1825 I (4)[1825:kworker/4:55]mt6885-audio 11210000.mt6885-afe-pcm: mt6885_afe_runtime_suspend()
03-23 00:10:53.439  1825  1825 I (4)[1825:kworker/4:55]mt6885-audio 11210000.mt6885-afe-pcm: mt6885_afe_disable_clock()
03-23 00:10:53.439  7813  7813 I (4)[7813:HwBinder:7806_2]mt6885-audio 11210000.mt6885-afe-pcm: mt6885_afe_runtime_resume()
03-23 00:10:53.439  7813  7813 I (4)[7813:HwBinder:7806_2]mt6885-audio 11210000.mt6885-afe-pcm: mt6885_afe_enable_clock()
03-23 00:10:53.439  1825  1825 I (4)[1825:kworker/4:55]mt6885-audio 11210000.mt6885-afe-pcm: mt6885_afe_runtime_suspend()
03-23 00:10:53.439  1825  1825 I (4)[1825:kworker/4:55]mt6885-audio 11210000.mt6885-afe-pcm: mt6885_afe_disable_clock()
03-23 00:10:53.440  7813  7813 I (4)[7813:HwBinder:7806_2]mt6885-audio 11210000.mt6885-afe-pcm: mt6885_afe_runtime_resume()
03-23 00:10:53.440  7813  7813 I (4)[7813:HwBinder:7806_2]mt6885-audio 11210000.mt6885-afe-pcm: mt6885_afe_enable_clock()
03-23 00:10:53.440  1825  1825 I (4)[1825:kworker/4:55]mt6885-audio 11210000.mt6885-afe-pcm: mt6885_afe_runtime_suspend()
03-23 00:10:53.440  1825  1825 I (4)[1825:kworker/4:55]mt6885-audio 11210000.mt6885-afe-pcm: mt6885_afe_disable_clock()
03-23 00:10:53.440  7813  7813 I (4)[7813:HwBinder:7806_2]mt6885-audio 11210000.mt6885-afe-pcm: mt6885_afe_runtime_resume()
03-23 00:10:53.440  7813  7813 I (4)[7813:HwBinder:7806_2]mt6885-audio 11210000.mt6885-afe-pcm: mt6885_afe_enable_clock()
03-23 00:10:53.440  1825  1825 I (4)[1825:kworker/4:55]mt6885-audio 11210000.mt6885-afe-pcm: mt6885_afe_runtime_suspend()
03-23 00:10:53.440  1825  1825 I (4)[1825:kworker/4:55]mt6885-audio 11210000.mt6885-afe-pcm: mt6885_afe_disable_clock()
03-23 00:10:53.441  7813  7813 I (4)[7813:HwBinder:7806_2]mt6885-audio 11210000.mt6885-afe-pcm: mt6885_afe_runtime_resume()
03-23 00:10:53.441  7813  7813 I (4)[7813:HwBinder:7806_2]mt6885-audio 11210000.mt6885-afe-pcm: mt6885_afe_enable_clock()
03-23 00:10:53.441  1825  1825 I (4)[1825:kworker/4:55]mt6885-audio 11210000.mt6885-afe-pcm: mt6885_afe_runtime_suspend()
03-23 00:10:53.441  1825  1825 I (4)[1825:kworker/4:55]mt6885-audio 11210000.mt6885-afe-pcm: mt6885_afe_disable_clock()
03-23 00:10:53.441  7813  7813 I (4)[7813:HwBinder:7806_2]mt6885-audio 11210000.mt6885-afe-pcm: mt6885_afe_runtime_resume()
03-23 00:10:53.441  7813  7813 I (4)[7813:HwBinder:7806_2]mt6885-audio 11210000.mt6885-afe-pcm: mt6885_afe_enable_clock()
03-23 00:10:53.441  1825  1825 I (4)[1825:kworker/4:55]mt6885-audio 11210000.mt6885-afe-pcm: mt6885_afe_runtime_suspend()
03-23 00:10:53.441  1825  1825 I (4)[1825:kworker/4:55]mt6885-audio 11210000.mt6885-afe-pcm: mt6885_afe_disable_clock()
03-23 00:10:53.442  7813  7813 I (4)[7813:HwBinder:7806_2]mt6885-audio 11210000.mt6885-afe-pcm: mt6885_afe_runtime_resume()
