03-23 00:10:35.555  2347  2347 E (4)[2347:kworker/u16:11]get_connector_temp: connector_temp:297
03-23 00:10:35.588  2359  2359 I         : (7)[2359:kworker/u16:23][Thermal/TZ/BTS]T_AP=41521
03-23 00:10:35.644   952   952 I         : (7)[952:android.hardwar]led_state buf 986908574 0 0 0
03-23 00:10:35.644   952   952 I         : (7)[952:android.hardwar]led_state set off
03-23 00:10:35.644    50    50 I         : (7)[50:kworker/7:1][mtk_nanohub]cabc_backlight_data_notification_work [15, 0, 0, 0]
03-23 00:10:35.645   952   952 I         : (7)[952:android.hardwar]led_state buf 986908574 0 0 0
03-23 00:10:35.645   952   952 I         : (7)[952:android.hardwar]led_state set off
03-23 00:10:35.645    50    50 I         : (7)[50:kworker/7:1][mtk_nanohub]cabc_backlight_data_notification_work [15, 0, 0, 0]
03-23 00:10:35.647   952   952 I         : (7)[952:android.hardwar]led_state buf 986908574 0 0 0
03-23 00:10:35.647   952   952 I         : (7)[952:android.hardwar]led_state set off
03-23 00:10:35.647    50    50 I         : (7)[50:kworker/7:1][mtk_nanohub]cabc_backlight_data_notification_work [15, 0, 0, 0]
03-23 00:10:35.715     0     0 I         : (0)[6690:system-server-i]read descriptors
03-23 00:10:35.715     0     0 I         : (0)[6690:system-server-i]read strings
03-23 00:10:35.715     0     0 I         : (0)[6690:system-server-i]read descriptors
03-23 00:10:35.715     0     0 I         : (0)[6690:system-server-i]read strings
03-23 00:10:35.762  1190  1190 E (0)[1190:android.hardwar]fpc1022_irq fingerprint: enable spi clk clk_enable_set
03-23 00:10:35.762  1190  1190 E (0)[1190:android.hardwar]fpc1022_irq fingerprint: disable spi clk clk_enable_set
03-23 00:10:35.764  1190  1190 E (0)[1190:android.hardwar]fpc1022_irq fingerprint: enable spi clk clk_enable_set
03-23 00:10:35.765  1190  1190 E (0)[1190:android.hardwar]fpc1022_irq fingerprint: disable spi clk clk_enable_set
03-23 00:10:35.765  1190  1190 E (0)[1190:android.hardwar]fpc1022_irq fingerprint: enable spi clk clk_enable_set
03-23 00:10:35.787  1190  1190 E (5)[1190:android.hardwar]fpc1022_irq fingerprint: disable spi clk clk_enable_set
03-23 00:10:35.787  1190  1190 E (5)[1190:android.hardwar]fpc1022_irq fingerprint: enable spi clk clk_enable_set
03-23 00:10:35.788  1190  1190 E (5)[1190:android.hardwar]fpc1022_irq fingerprint: disable spi clk clk_enable_set
03-23 00:10:35.788  1190  1190 E (5)[1190:android.hardwar]fpc1022_irq fingerprint: enable spi clk clk_enable_set
03-23 00:10:35.788  1190  1190 E (7)[1190:android.hardwar]fpc1022_irq fingerprint: disable spi clk clk_enable_set
03-23 00:10:35.788  1190  1190 E (7)[1190:android.hardwar]fpc1022_irq fingerprint: enable spi clk clk_enable_set
03-23 00:10:35.789  1190  1190 E (5)[1190:android.hardwar]fpc1022_irq fingerprint: disable spi clk clk_enable_set
03-23 00:10:35.789  1190  1190 E (5)[1190:android.hardwar]fpc1022_irq fingerprint: enable spi clk clk_enable_set
03-23 00:10:35.789  1190  1190 E (5)[1190:android.hardwar]fpc1022_irq fingerprint: disable spi clk clk_enable_set
03-23 00:10:35.791  1356  1356 E (7)[1356:android.hardwar]fpc1022_irq fingerprint: enable spi clk clk_enable_set
03-23 00:10:35.791  1356  1356 E (0)[1356:android.hardwar]fpc1022_irq fingerprint: disable spi clk clk_enable_set
03-23 00:10:35.793  1356  1356 E (7)[1356:android.hardwar]fpc1022_irq fingerprint: enable spi clk clk_enable_set
03-23 00:10:35.793  1356  1356 E (4)[1356:android.hardwar]fpc1022_irq fingerprint: disable spi clk clk_enable_set
03-23 00:10:35.851   667   667 I         : (7)[667:android.hardwar]xiaomi_touch_dev_open
03-23 00:10:35.851   667   667 I (7)[667:android.hardwar]xiaomi_touch_dev_ioctl cmd: 0, touchId:0, mode:14, value:1
03-23 00:10:35.851   667   667 I (7)[667:android.hardwar][FTS_TS/I]fts_set_cur_value: mode:14, value:1
03-23 00:10:35.851   667   667 I (7)[667:android.hardwar][FTS_TS/I]fts_update_gesture_state: gesture state:0x01
03-23 00:10:35.879    50    50 E (7)[50:kworker/7:1]get_connector_temp: connector_temp:297
03-23 00:10:35.879    50    50 E (7)[50:kworker/7:1][xmusb350] smblib_conn_therm_work: smblib_conn_therm_work connector_temp = 297
03-23 00:10:35.879    50    50 E (7)[50:kworker/7:1][xmusb350] smblib_conn_therm_work: [connector_temp thermal_status enable_charging wdog_timeout] = [297 5 1 10000]
03-23 00:10:35.880   955   955 E         : (3)[955:android.hardwar][mtk_nanohub]sensor_id id 0, sensor_type:1
03-23 00:10:35.893   981   981 I (1)[981:binder:964_1][MTK-WIFI] WIFI_open[I]: major 463 minor 0 (pid 981)
03-23 00:10:35.893   981   981 I (1)[981:binder:964_1][MTK-WIFI] WIFI_write[I]: WIFI_write 0, length 2, copy_size 2
03-23 00:10:35.918  6612  6612 E AndroidRuntime: *** FATAL EXCEPTION IN SYSTEM PROCESS: main
03-23 00:10:35.918  6612  6612 E AndroidRuntime: java.lang.IllegalStateException: Signature|privileged permissions not in privileged permission allowlist: {org.aospextended.device (/system_ext/priv-app/XiaomiParts): android.permission.CONTROL_DEVICE_LIGHTS}
03-23 00:10:35.918  6612  6612 E AndroidRuntime: 	at com.android.server.permission.access.permission.AppIdPermissionPolicy.onSystemReady(AppIdPermissionPolicy.kt:1823)
03-23 00:10:35.918  6612  6612 E AndroidRuntime: 	at com.android.server.permission.access.AccessPolicy.onSystemReady(AccessPolicy.kt:283)
03-23 00:10:35.918  6612  6612 E AndroidRuntime: 	at com.android.server.permission.access.AccessCheckingService.onSystemReady$frameworks__base__services__permission__android_common__services_permission_pre_jarjar(AccessCheckingService.kt:256)
03-23 00:10:35.918  6612  6612 E AndroidRuntime: 	at com.android.server.permission.access.permission.PermissionService.onSystemReady(PermissionService.kt:2396)
03-23 00:10:35.918  6612  6612 E AndroidRuntime: 	at com.android.server.pm.permission.PermissionManagerService$PermissionManagerServiceInternalImpl.onSystemReady(PermissionManagerService.java:777)
03-23 00:10:35.918  6612  6612 E AndroidRuntime: 	at com.android.server.pm.PackageManagerService.systemReady(PackageManagerService.java:4372)
03-23 00:10:35.918  6612  6612 E AndroidRuntime: 	at com.android.server.SystemServer.startOtherServices(SystemServer.java:3290)
03-23 00:10:35.918  6612  6612 E AndroidRuntime: 	at com.android.server.SystemServer.run(SystemServer.java:1046)
03-23 00:10:35.918  6612  6612 E AndroidRuntime: 	at com.android.server.SystemServer.main(SystemServer.java:724)
03-23 00:10:35.918  6612  6612 E AndroidRuntime: 	at java.lang.reflect.Method.invoke(Native Method)
03-23 00:10:35.918  6612  6612 E AndroidRuntime: 	at com.android.internal.os.RuntimeInit$MethodAndArgsCaller.run(RuntimeInit.java:569)
03-23 00:10:35.918  6612  6612 E AndroidRuntime: 	at com.android.internal.os.ZygoteInit.main(ZygoteInit.java:907)
03-23 00:10:35.965  1043  1043 I (6)[1043:mtk_wland_threa][MTK-WIFI] WIFI_write[I]: Turn off p2p/ap mode
03-23 00:10:35.980  1043  1043 I (6)[1043:mtk_wland_threa][MTK-WIFI] register_set_p2p_mode_handler[I]: (pid 1043) register set p2p mode handler           (null)
03-23 00:10:35.980  1043  1043 I (6)[1043:mtk_wland_threa][MTK-WIFI] update_driver_loaded_status[I]: update_driver_loaded_status: 0
03-23 00:10:35.990   340   340 I         : (1)[340:kworker/1:1][connlog] wifi_fw emi ring is empty!
03-23 00:10:35.990   340   340 I         : (1)[340:kworker/1:1][connlog] wifi_fw irq counter = 21
03-23 00:10:35.998  1043  1043 I (7)[1043:mtk_wland_threa][MTK-WIFI] update_driver_reset_status[I]: update_driver_reset_status: 0
03-23 00:10:35.998  1043  1043 I (7)[1043:mtk_wland_threa]conninfra@(consys_bus_clock_ctrl: 528) drv=[3] conninfra_bus_clock_wpll=[0]->[0] disable conninfra_bus_clock_bpll=[0]->[0] disable
03-23 00:10:35.998   995   995 I (5)[995:conninfra_cored]conninfra@(conninfra_pwr_off: 156) [conninfra_pwr_off] drv=[3]
03-23 00:10:35.998   995   995 I (5)[995:conninfra_cored]conninfra@(conninfra_core_wake_lock_get: 2129) [conninfra_core_wake_lock_get] after wake_lock(1)
03-23 00:10:35.998   995   995 I         : (5)[995:conninfra_cored]Last power off: 3, Power off CONNSYS PART 1
03-23 00:10:36.000   995   995 I         : (5)[995:conninfra_cored][consys_conninfra_wakeup_mt6893] Polling chip id success (0x20010101)
03-23 00:10:36.000   995   995 I         : (5)[995:conninfra_cored]conninfra_wakeup refcnt=[0]->[1] wakeup!!
03-23 00:10:36.000   995   995 I (5)[995:conninfra_cored]conninfra@(consys_plt_pmic_raise_voltage: 633) [consys_plt_pmic_raise_voltage] [drv_type(3) raise(0) onoff(1)][bt_raise(0)]
03-23 00:10:36.000   995   995 I         : (7)[995:conninfra_cored]conninfra_sleep refcnt=[1]->[0] sleep!!
03-23 00:10:36.000   995   995 I         : (7)[995:conninfra_cored]Turn off conn_infra power by SPM API
03-23 00:10:36.000   995   995 I         : (7)[995:conninfra_cored]Power off CONNSYS PART 2
03-23 00:10:36.001   981   981 I (7)[981:binder:964_1]conninfra@(opfunc_power_off_internal: 433) [Conninfra Pwr Off] Conninfra=[0] BT=[0] FM=[0] GPS=[0] WF=[0]
03-23 00:10:36.001   981   981 I (7)[981:binder:964_1][MTK-WIFI] WIFI_write[I]: WMT turn off WIFI success!
03-23 00:10:36.001   981   981 I (7)[981:binder:964_1][MTK-WIFI] WIFI_close[I]: major 463 minor 0 (pid 981)
03-23 00:10:36.065  6689  6689 I (4)[6689:NativeTombstone]update_trigger: psi_trigger_destroy, old:000000003d3eedc7
03-23 00:10:36.066  6689  6689 I (5)[6689:NativeTombstone]update_trigger: psi_trigger_destroy, old:00000000668523c2
03-23 00:10:36.066  6689  6689 I (4)[6689:NativeTombstone]update_trigger: psi_trigger_destroy, old:00000000e4bc2305
03-23 00:10:36.066  1824  1824 I (4)[1824:kworker/4:54]binder: undelivered TRANSACTION_COMPLETE
03-23 00:10:36.066  1824  1824 I (4)[1824:kworker/4:54]binder: undelivered transaction 124477, process died.
03-23 00:10:36.089  6812  6812 I (7)[6812:init]KernelSU: handle_setresuid from 0 to 1000
03-23 00:10:36.094  6812  6812 I (7)[6812:vdc]binder: 6812:6812 ioctl 40046210 7fe9595fc4 returned -22
03-23 00:10:36.103  1591  1591 I (5)[1591:kworker/5:55]binder: undelivered death notification, b4000077ed186a60
03-23 00:10:36.123  6533  6533 I         : (4)[6533:HwBinder:6490_2][IPI][DMA] hal_dma_get_queue_msg(), -ERESTARTSYS
03-23 00:10:36.123  6533  6533 I         : (4)[6533:HwBinder:6490_2][IPI][DMA] audio_ipi_dma_msg_read(), hal_dma_get_queue_msg retval -4
03-23 00:10:36.616  1739  1739 I         : (5)[1739:kworker/u16:8][Thermal/TZ/BTS]T_AP=41564
03-23 00:10:36.715  1096  1096 E (0)[1096:mi_thermald]get_connector_temp: connector_temp:297
03-23 00:10:36.715  1096  1096 I         : (0)[1096:mi_thermald][Thermal/TZ/BTS]T_AP=41543
03-23 00:10:36.868   343   343 I         : (6)[343:kworker/6:1]usb_state<CONFIGURED>
03-23 00:10:37.380     0     0 I         : (7)[0:swapper/7][name:spm&][RC] ratio, duration_ms:10236, dram:0%, syspll:0%, bus26m:0%
03-23 00:10:37.604  2364  2364 E (7)[2364:kworker/u16:28]get_connector_temp: connector_temp:297
03-23 00:10:37.636  2364  2364 I         : (7)[2364:kworker/u16:28][Thermal/TZ/BTS]T_AP=41173
03-23 00:10:38.048     1     1 I (7)[1:init]: starting service 'netd'...
03-23 00:10:38.048     1     1 I (7)[1:init]: Created socket '/dev/socket/dnsproxyd', mode 660, user 0, group 3003
03-23 00:10:38.048     1     1 I (7)[1:init]: Created socket '/dev/socket/mdns', mode 660, user 0, group 1000
03-23 00:10:38.048     1     1 I (7)[1:init]: Created socket '/dev/socket/fwmarkd', mode 660, user 0, group 3003
03-23 00:10:38.051     1     1 I (6)[1:init]: ... started service 'netd' has pid 6814
03-23 00:10:38.056     1     1 I (6)[1:init]: starting service 'zygote'...
03-23 00:10:38.057     1     1 I (6)[1:init]: Created socket '/dev/socket/zygote', mode 660, user 0, group 1000
03-23 00:10:38.057     1     1 I (6)[1:init]: Created socket '/dev/socket/usap_pool_primary', mode 660, user 0, group 1000
03-23 00:10:38.062     1     1 I (4)[1:init]: ... started service 'zygote' has pid 6815
03-23 00:10:38.062     1     1 I (4)[1:init]: starting service 'vendor.audio-hal'...
03-23 00:10:38.065  6818  6818 I (4)[6818:init]KernelSU: handle_setresuid from 0 to 1041
03-23 00:10:38.081  6818  6818 I (5)[6818:android.hardwar]binder: 6818:6818 ioctl 40046210 ffca3550 returned -22
03-23 00:10:38.082  6818  6818 I (5)[6818:binder:6818_2]binder: 6818:6818 ioctl 40046210 ffca3568 returned -22
03-23 00:10:38.130  6814  6814 I (7)[6814:netd]binder: 6814:6814 ioctl 40046210 7fe42a7404 returned -22
03-23 00:10:38.132  6814  6814 I (7)[6814:binder:6814_4]binder: 6814:6814 ioctl 40046210 7fe42a7774 returned -22
03-23 00:10:38.164  6837  6837 I (4)[6837:init]KernelSU: handle_setresuid from 0 to 1041
03-23 00:10:38.198  6837  6837 I (4)[6837:audioserver]binder: 6837:6837 ioctl 40046210 7fcf0c8d04 returned -22
03-23 00:10:38.198  6837  6837 I (4)[6837:audioserver]binder: 6837:6837 ioctl 40046210 7fcf0c8d54 returned -22
03-23 00:10:38.201   586   586 I (1)[586:servicemanager]: Caller(pid=6837,uid=1041,sid=u:r:audioserver:s0) Could not find android.hardware.audio.core.IModule/default in the VINTF manifest. No alternative instances declared in VINTF.
03-23 00:10:38.204   586   586 I (1)[586:servicemanager]: Caller(pid=6837,uid=1041,sid=u:r:audioserver:s0) Could not find android.hardware.audio.effect.IFactory/default in the VINTF manifest. No alternative instances declared in VINTF.
03-23 00:10:38.210   586   586 I (1)[586:servicemanager]: Caller(pid=6837,uid=1041,sid=u:r:audioserver:s0) Could not find android.hardware.audio.effect.IFactory/default in the VINTF manifest. No alternative instances declared in VINTF.
03-23 00:10:38.214   586   586 I (0)[586:servicemanager]: Caller(pid=6837,uid=1041,sid=u:r:audioserver:s0) Could not find android.hardware.audio.core.IModule/default in the VINTF manifest. No alternative instances declared in VINTF.
03-23 00:10:38.222   629   629 I (1)[629:logd.auditd][bq27z561] fg_update_status: SOC:100,Volt:4338,Cur:-233,Temp:318,RM:4150,FC:4270,FAST:0,ST:3,NAME:bq27z561
03-23 00:10:38.253    50    50 I (7)[50:kworker/7:1][bq27z561] fg_update_charge_full: raw:9718,done:0,pmic_done:0,full:0,health:1
03-23 00:10:38.253    50    50 I (7)[50:kworker/7:1][bq27z561] fg_update_charge_full: battery_main.CHG_FULL_STATUS:0
03-23 00:10:38.269  6815  6815 I (4)[6815:main]KernelSU: handle_setresuid from 0 to 0
03-23 00:10:38.277   586   586 I (0)[586:servicemanager]: Caller(pid=6818,uid=1041,sid=u:r:hal_audio_default:s0) Found android.hardware.bluetooth.audio.IBluetoothAudioProviderFactory/default in device VINTF manifest.
03-23 00:10:38.382  6852  6852 I (7)[6852:init]KernelSU: handle_setresuid from 0 to 1047
03-23 00:10:38.405  6853  6853 I (0)[6853:init]KernelSU: handle_setresuid from 0 to 1013
03-23 00:10:38.407  6823  6823 I (5)[6823:HwBinder:6818_2]mt6885-audio 11210000.mt6885-afe-pcm: mt6885_afe_runtime_resume()
03-23 00:10:38.407  6823  6823 I (5)[6823:HwBinder:6818_2]mt6885-audio 11210000.mt6885-afe-pcm: mt6885_afe_enable_clock()
03-23 00:10:38.408  1591  1591 I (5)[1591:kworker/5:55]mt6885-audio 11210000.mt6885-afe-pcm: mt6885_afe_runtime_suspend()
03-23 00:10:38.408  1591  1591 I (5)[1591:kworker/5:55]mt6885-audio 11210000.mt6885-afe-pcm: mt6885_afe_disable_clock()
03-23 00:10:38.409  6823  6823 I (2)[6823:HwBinder:6818_2]mt6885-audio 11210000.mt6885-afe-pcm: mt6885_afe_runtime_resume()
03-23 00:10:38.409  6823  6823 I (2)[6823:HwBinder:6818_2]mt6885-audio 11210000.mt6885-afe-pcm: mt6885_afe_enable_clock()
03-23 00:10:38.410   439   439 I (2)[439:kworker/2:2]mt6885-audio 11210000.mt6885-afe-pcm: mt6885_afe_runtime_suspend()
03-23 00:10:38.410   439   439 I (2)[439:kworker/2:2]mt6885-audio 11210000.mt6885-afe-pcm: mt6885_afe_disable_clock()
03-23 00:10:38.410  6823  6823 I (0)[6823:HwBinder:6818_2]mt6885-audio 11210000.mt6885-afe-pcm: mt6885_afe_runtime_resume()
03-23 00:10:38.410  6823  6823 I (0)[6823:HwBinder:6818_2]mt6885-audio 11210000.mt6885-afe-pcm: mt6885_afe_enable_clock()
03-23 00:10:38.411     3     3 I (0)[3:kworker/0:0]mt6885-audio 11210000.mt6885-afe-pcm: mt6885_afe_runtime_suspend()
03-23 00:10:38.411     3     3 I (0)[3:kworker/0:0]mt6885-audio 11210000.mt6885-afe-pcm: mt6885_afe_disable_clock()
03-23 00:10:38.412  6823  6823 I (0)[6823:HwBinder:6818_2]mt6885-audio 11210000.mt6885-afe-pcm: mt6885_afe_runtime_resume()
03-23 00:10:38.412  6823  6823 I (0)[6823:HwBinder:6818_2]mt6885-audio 11210000.mt6885-afe-pcm: mt6885_afe_enable_clock()
03-23 00:10:38.413     3     3 I (0)[3:kworker/0:0]mt6885-audio 11210000.mt6885-afe-pcm: mt6885_afe_runtime_suspend()
03-23 00:10:38.413     3     3 I (0)[3:kworker/0:0]mt6885-audio 11210000.mt6885-afe-pcm: mt6885_afe_disable_clock()
03-23 00:10:38.413  6823  6823 I (0)[6823:HwBinder:6818_2]mt6885-audio 11210000.mt6885-afe-pcm: mt6885_afe_runtime_resume()
03-23 00:10:38.413  6823  6823 I (0)[6823:HwBinder:6818_2]mt6885-audio 11210000.mt6885-afe-pcm: mt6885_afe_enable_clock()
03-23 00:10:38.414     3     3 I (0)[3:kworker/0:0]mt6885-audio 11210000.mt6885-afe-pcm: mt6885_afe_runtime_suspend()
03-23 00:10:38.414     3     3 I (0)[3:kworker/0:0]mt6885-audio 11210000.mt6885-afe-pcm: mt6885_afe_disable_clock()
03-23 00:10:38.414  6823  6823 I (5)[6823:HwBinder:6818_2]mt6885-audio 11210000.mt6885-afe-pcm: mt6885_afe_runtime_resume()
03-23 00:10:38.414  6823  6823 I (5)[6823:HwBinder:6818_2]mt6885-audio 11210000.mt6885-afe-pcm: mt6885_afe_enable_clock()
03-23 00:10:38.414  1591  1591 I (5)[1591:kworker/5:55]mt6885-audio 11210000.mt6885-afe-pcm: mt6885_afe_runtime_suspend()
03-23 00:10:38.414  1591  1591 I (5)[1591:kworker/5:55]mt6885-audio 11210000.mt6885-afe-pcm: mt6885_afe_disable_clock()
03-23 00:10:38.415  6823  6823 I (5)[6823:HwBinder:6818_2]mt6885-audio 11210000.mt6885-afe-pcm: mt6885_afe_runtime_resume()
03-23 00:10:38.415  6823  6823 I (5)[6823:HwBinder:6818_2]mt6885-audio 11210000.mt6885-afe-pcm: mt6885_afe_enable_clock()
03-23 00:10:38.415  1591  1591 I (5)[1591:kworker/5:55]mt6885-audio 11210000.mt6885-afe-pcm: mt6885_afe_runtime_suspend()
03-23 00:10:38.415  1591  1591 I (5)[1591:kworker/5:55]mt6885-audio 11210000.mt6885-afe-pcm: mt6885_afe_disable_clock()
03-23 00:10:38.415  6823  6823 I (5)[6823:HwBinder:6818_2]mt6885-audio 11210000.mt6885-afe-pcm: mt6885_afe_runtime_resume()
03-23 00:10:38.415  6823  6823 I (5)[6823:HwBinder:6818_2]mt6885-audio 11210000.mt6885-afe-pcm: mt6885_afe_enable_clock()
03-23 00:10:38.415  1591  1591 I (5)[1591:kworker/5:55]mt6885-audio 11210000.mt6885-afe-pcm: mt6885_afe_runtime_suspend()
03-23 00:10:38.415  1591  1591 I (5)[1591:kworker/5:55]mt6885-audio 11210000.mt6885-afe-pcm: mt6885_afe_disable_clock()
03-23 00:10:38.416  6823  6823 I (5)[6823:HwBinder:6818_2]mt6885-audio 11210000.mt6885-afe-pcm: mt6885_afe_runtime_resume()
03-23 00:10:38.416  6823  6823 I (5)[6823:HwBinder:6818_2]mt6885-audio 11210000.mt6885-afe-pcm: mt6885_afe_enable_clock()
03-23 00:10:38.416  1591  1591 I (5)[1591:kworker/5:55]mt6885-audio 11210000.mt6885-afe-pcm: mt6885_afe_runtime_suspend()
03-23 00:10:38.416  1591  1591 I (5)[1591:kworker/5:55]mt6885-audio 11210000.mt6885-afe-pcm: mt6885_afe_disable_clock()
03-23 00:10:38.417  6823  6823 I (5)[6823:HwBinder:6818_2]mt6885-audio 11210000.mt6885-afe-pcm: mt6885_afe_runtime_resume()
03-23 00:10:38.417  6823  6823 I (5)[6823:HwBinder:6818_2]mt6885-audio 11210000.mt6885-afe-pcm: mt6885_afe_enable_clock()
03-23 00:10:38.417  1591  1591 I (5)[1591:kworker/5:55]mt6885-audio 11210000.mt6885-afe-pcm: mt6885_afe_runtime_suspend()
03-23 00:10:38.417  1591  1591 I (5)[1591:kworker/5:55]mt6885-audio 11210000.mt6885-afe-pcm: mt6885_afe_disable_clock()
03-23 00:10:38.418  6823  6823 I (5)[6823:HwBinder:6818_2]mt6885-audio 11210000.mt6885-afe-pcm: mt6885_afe_runtime_resume()
03-23 00:10:38.418  6823  6823 I (5)[6823:HwBinder:6818_2]mt6885-audio 11210000.mt6885-afe-pcm: mt6885_afe_enable_clock()
03-23 00:10:38.418  1591  1591 I (5)[1591:kworker/5:55]mt6885-audio 11210000.mt6885-afe-pcm: mt6885_afe_runtime_suspend()
03-23 00:10:38.418  1591  1591 I (5)[1591:kworker/5:55]mt6885-audio 11210000.mt6885-afe-pcm: mt6885_afe_disable_clock()
03-23 00:10:38.419  6823  6823 I (5)[6823:HwBinder:6818_2]mt6885-audio 11210000.mt6885-afe-pcm: mt6885_afe_runtime_resume()
03-23 00:10:38.419  6823  6823 I (5)[6823:HwBinder:6818_2]mt6885-audio 11210000.mt6885-afe-pcm: mt6885_afe_enable_clock()
03-23 00:10:38.419  6852  6852 I (7)[6852:cameraserver]binder: 6852:6852 ioctl 40046210 7fc8858774 returned -22
03-23 00:10:38.419  6852  6852 I (7)[6852:cameraserver]binder: 6852:6852 ioctl 40046210 7fc88587c4 returned -22
03-23 00:10:38.419     3     3 I (0)[3:kworker/0:0]mt6885-audio 11210000.mt6885-afe-pcm: mt6885_afe_runtime_suspend()
03-23 00:10:38.419     3     3 I (0)[3:kworker/0:0]mt6885-audio 11210000.mt6885-afe-pcm: mt6885_afe_disable_clock()
03-23 00:10:38.419  6823  6823 I (0)[6823:HwBinder:6818_2]mt6885-audio 11210000.mt6885-afe-pcm: mt6885_afe_runtime_resume()
03-23 00:10:38.419  6823  6823 I (0)[6823:HwBinder:6818_2]mt6885-audio 11210000.mt6885-afe-pcm: mt6885_afe_enable_clock()
03-23 00:10:38.420     3     3 I (0)[3:kworker/0:0]mt6885-audio 11210000.mt6885-afe-pcm: mt6885_afe_runtime_suspend()
03-23 00:10:38.420     3     3 I (0)[3:kworker/0:0]mt6885-audio 11210000.mt6885-afe-pcm: mt6885_afe_disable_clock()
03-23 00:10:38.420  6823  6823 I (0)[6823:HwBinder:6818_2]mt6885-audio 11210000.mt6885-afe-pcm: mt6885_afe_runtime_resume()
03-23 00:10:38.420  6823  6823 I (0)[6823:HwBinder:6818_2]mt6885-audio 11210000.mt6885-afe-pcm: mt6885_afe_enable_clock()
03-23 00:10:38.421     3     3 I (0)[3:kworker/0:0]mt6885-audio 11210000.mt6885-afe-pcm: mt6885_afe_runtime_suspend()
03-23 00:10:38.421     3     3 I (0)[3:kworker/0:0]mt6885-audio 11210000.mt6885-afe-pcm: mt6885_afe_disable_clock()
03-23 00:10:38.422  6823  6823 I (0)[6823:HwBinder:6818_2]mt6885-audio 11210000.mt6885-afe-pcm: mt6885_afe_runtime_resume()
03-23 00:10:38.422  6823  6823 I (0)[6823:HwBinder:6818_2]mt6885-audio 11210000.mt6885-afe-pcm: mt6885_afe_enable_clock()
03-23 00:10:38.423     3     3 I (0)[3:kworker/0:0]mt6885-audio 11210000.mt6885-afe-pcm: mt6885_afe_runtime_suspend()
03-23 00:10:38.423     3     3 I (0)[3:kworker/0:0]mt6885-audio 11210000.mt6885-afe-pcm: mt6885_afe_disable_clock()
03-23 00:10:38.423  6823  6823 I (0)[6823:HwBinder:6818_2]mt6885-audio 11210000.mt6885-afe-pcm: mt6885_afe_runtime_resume()
03-23 00:10:38.424  6823  6823 I (0)[6823:HwBinder:6818_2]mt6885-audio 11210000.mt6885-afe-pcm: mt6885_afe_enable_clock()
03-23 00:10:38.424     3     3 I (0)[3:kworker/0:0]mt6885-audio 11210000.mt6885-afe-pcm: mt6885_afe_runtime_suspend()
03-23 00:10:38.424     3     3 I (0)[3:kworker/0:0]mt6885-audio 11210000.mt6885-afe-pcm: mt6885_afe_disable_clock()
03-23 00:10:38.425  6823  6823 I (0)[6823:HwBinder:6818_2]mt6885-audio 11210000.mt6885-afe-pcm: mt6885_afe_runtime_resume()
03-23 00:10:38.425  6823  6823 I (0)[6823:HwBinder:6818_2]mt6885-audio 11210000.mt6885-afe-pcm: mt6885_afe_enable_clock()
03-23 00:10:38.425  1591  1591 I (5)[1591:kworker/5:55]mt6885-audio 11210000.mt6885-afe-pcm: mt6885_afe_runtime_suspend()
03-23 00:10:38.425  1591  1591 I (5)[1591:kworker/5:55]mt6885-audio 11210000.mt6885-afe-pcm: mt6885_afe_disable_clock()
03-23 00:10:38.425  6823  6823 I (5)[6823:HwBinder:6818_2]mt6885-audio 11210000.mt6885-afe-pcm: mt6885_afe_runtime_resume()
03-23 00:10:38.425  6823  6823 I (5)[6823:HwBinder:6818_2]mt6885-audio 11210000.mt6885-afe-pcm: mt6885_afe_enable_clock()
03-23 00:10:38.425  1591  1591 I (5)[1591:kworker/5:55]mt6885-audio 11210000.mt6885-afe-pcm: mt6885_afe_runtime_suspend()
03-23 00:10:38.425  1591  1591 I (5)[1591:kworker/5:55]mt6885-audio 11210000.mt6885-afe-pcm: mt6885_afe_disable_clock()
03-23 00:10:38.426  6823  6823 I (5)[6823:HwBinder:6818_2]mt6885-audio 11210000.mt6885-afe-pcm: mt6885_afe_runtime_resume()
03-23 00:10:38.426  6823  6823 I (5)[6823:HwBinder:6818_2]mt6885-audio 11210000.mt6885-afe-pcm: mt6885_afe_enable_clock()
03-23 00:10:38.426  1591  1591 I (5)[1591:kworker/5:55]mt6885-audio 11210000.mt6885-afe-pcm: mt6885_afe_runtime_suspend()
03-23 00:10:38.426  1591  1591 I (5)[1591:kworker/5:55]mt6885-audio 11210000.mt6885-afe-pcm: mt6885_afe_disable_clock()
03-23 00:10:38.426  6823  6823 I (5)[6823:HwBinder:6818_2]mt6885-audio 11210000.mt6885-afe-pcm: mt6885_afe_runtime_resume()
03-23 00:10:38.426  6823  6823 I (5)[6823:HwBinder:6818_2]mt6885-audio 11210000.mt6885-afe-pcm: mt6885_afe_enable_clock()
03-23 00:10:38.426  1591  1591 I (5)[1591:kworker/5:55]mt6885-audio 11210000.mt6885-afe-pcm: mt6885_afe_runtime_suspend()
03-23 00:10:38.426  1591  1591 I (5)[1591:kworker/5:55]mt6885-audio 11210000.mt6885-afe-pcm: mt6885_afe_disable_clock()
03-23 00:10:38.426  6823  6823 I (5)[6823:HwBinder:6818_2]mt6885-audio 11210000.mt6885-afe-pcm: mt6885_afe_runtime_resume()
03-23 00:10:38.426  6823  6823 I (5)[6823:HwBinder:6818_2]mt6885-audio 11210000.mt6885-afe-pcm: mt6885_afe_enable_clock()
03-23 00:10:38.427  1045  1045 I (3)[1045:kworker/3:3]mt6885-audio 11210000.mt6885-afe-pcm: mt6885_afe_runtime_suspend()
03-23 00:10:38.427  1045  1045 I (3)[1045:kworker/3:3]mt6885-audio 11210000.mt6885-afe-pcm: mt6885_afe_disable_clock()
03-23 00:10:38.427  6823  6823 I (3)[6823:HwBinder:6818_2]mt6885-audio 11210000.mt6885-afe-pcm: mt6885_afe_runtime_resume()
03-23 00:10:38.427  6823  6823 I (3)[6823:HwBinder:6818_2]mt6885-audio 11210000.mt6885-afe-pcm: mt6885_afe_enable_clock()
03-23 00:10:38.428  1045  1045 I (3)[1045:kworker/3:3]mt6885-audio 11210000.mt6885-afe-pcm: mt6885_afe_runtime_suspend()
03-23 00:10:38.428  1045  1045 I (3)[1045:kworker/3:3]mt6885-audio 11210000.mt6885-afe-pcm: mt6885_afe_disable_clock()
03-23 00:10:38.428  6823  6823 I (3)[6823:HwBinder:6818_2]mt6885-audio 11210000.mt6885-afe-pcm: mt6885_afe_runtime_resume()
03-23 00:10:38.428  6823  6823 I (3)[6823:HwBinder:6818_2]mt6885-audio 11210000.mt6885-afe-pcm: mt6885_afe_enable_clock()
03-23 00:10:38.428  1591  1591 I (5)[1591:kworker/5:55]mt6885-audio 11210000.mt6885-afe-pcm: mt6885_afe_runtime_suspend()
03-23 00:10:38.429  1591  1591 I (5)[1591:kworker/5:55]mt6885-audio 11210000.mt6885-afe-pcm: mt6885_afe_disable_clock()
03-23 00:10:38.429  6823  6823 I (5)[6823:HwBinder:6818_2]mt6885-audio 11210000.mt6885-afe-pcm: mt6885_afe_runtime_resume()
03-23 00:10:38.429  6823  6823 I (5)[6823:HwBinder:6818_2]mt6885-audio 11210000.mt6885-afe-pcm: mt6885_afe_enable_clock()
03-23 00:10:38.429  1591  1591 I (5)[1591:kworker/5:55]mt6885-audio 11210000.mt6885-afe-pcm: mt6885_afe_runtime_suspend()
03-23 00:10:38.429  1591  1591 I (5)[1591:kworker/5:55]mt6885-audio 11210000.mt6885-afe-pcm: mt6885_afe_disable_clock()
03-23 00:10:38.430  6823  6823 I (0)[6823:HwBinder:6818_2]mt6885-audio 11210000.mt6885-afe-pcm: mt6885_afe_runtime_resume()
03-23 00:10:38.430  6823  6823 I (0)[6823:HwBinder:6818_2]mt6885-audio 11210000.mt6885-afe-pcm: mt6885_afe_enable_clock()
03-23 00:10:38.430     3     3 I (0)[3:kworker/0:0]mt6885-audio 11210000.mt6885-afe-pcm: mt6885_afe_runtime_suspend()
03-23 00:10:38.430     3     3 I (0)[3:kworker/0:0]mt6885-audio 11210000.mt6885-afe-pcm: mt6885_afe_disable_clock()
03-23 00:10:38.431  6823  6823 I (0)[6823:HwBinder:6818_2]mt6885-audio 11210000.mt6885-afe-pcm: mt6885_afe_runtime_resume()
03-23 00:10:38.431  6823  6823 I (0)[6823:HwBinder:6818_2]mt6885-audio 11210000.mt6885-afe-pcm: mt6885_afe_enable_clock()
03-23 00:10:38.432     3     3 I (0)[3:kworker/0:0]mt6885-audio 11210000.mt6885-afe-pcm: mt6885_afe_runtime_suspend()
03-23 00:10:38.432     3     3 I (0)[3:kworker/0:0]mt6885-audio 11210000.mt6885-afe-pcm: mt6885_afe_disable_clock()
03-23 00:10:38.433  6823  6823 I (0)[6823:HwBinder:6818_2]mt6885-audio 11210000.mt6885-afe-pcm: mt6885_afe_runtime_resume()
03-23 00:10:38.433  6823  6823 I (0)[6823:HwBinder:6818_2]mt6885-audio 11210000.mt6885-afe-pcm: mt6885_afe_enable_clock()
03-23 00:10:38.434     3     3 I (0)[3:kworker/0:0]mt6885-audio 11210000.mt6885-afe-pcm: mt6885_afe_runtime_suspend()
03-23 00:10:38.434     3     3 I (0)[3:kworker/0:0]mt6885-audio 11210000.mt6885-afe-pcm: mt6885_afe_disable_clock()
03-23 00:10:38.434  6823  6823 I (0)[6823:HwBinder:6818_2]mt6885-audio 11210000.mt6885-afe-pcm: mt6885_afe_runtime_resume()
03-23 00:10:38.434  6823  6823 I (0)[6823:HwBinder:6818_2]mt6885-audio 11210000.mt6885-afe-pcm: mt6885_afe_enable_clock()
03-23 00:10:38.435  1591  1591 I (5)[1591:kworker/5:55]mt6885-audio 11210000.mt6885-afe-pcm: mt6885_afe_runtime_suspend()
03-23 00:10:38.435  1591  1591 I (5)[1591:kworker/5:55]mt6885-audio 11210000.mt6885-afe-pcm: mt6885_afe_disable_clock()
03-23 00:10:38.436  6823  6823 I (5)[6823:HwBinder:6818_2]mt6885-audio 11210000.mt6885-afe-pcm: mt6885_afe_runtime_resume()
03-23 00:10:38.436  6823  6823 I (5)[6823:HwBinder:6818_2]mt6885-audio 11210000.mt6885-afe-pcm: mt6885_afe_enable_clock()
03-23 00:10:38.436  1591  1591 I (5)[1591:kworker/5:55]mt6885-audio 11210000.mt6885-afe-pcm: mt6885_afe_runtime_suspend()
03-23 00:10:38.436  1591  1591 I (5)[1591:kworker/5:55]mt6885-audio 11210000.mt6885-afe-pcm: mt6885_afe_disable_clock()
03-23 00:10:38.436  6823  6823 I (5)[6823:HwBinder:6818_2]mt6885-audio 11210000.mt6885-afe-pcm: mt6885_afe_runtime_resume()
03-23 00:10:38.436  6823  6823 I (5)[6823:HwBinder:6818_2]mt6885-audio 11210000.mt6885-afe-pcm: mt6885_afe_enable_clock()
03-23 00:10:38.436  6823  6823 D (5)[6823:HwBinder:6818_2]++++>CSPL: cs35l41_pcm_startup.
03-23 00:10:38.436  6823  6823 D (5)[6823:HwBinder:6818_2]++++>CSPL: cs35l41_set_dai_fmt, fmt = 16385.
03-23 00:10:38.436  6823  6823 D (5)[6823:HwBinder:6818_2]---->CSPL: cs35l41_set_dai_fmt, fmt = 16385.
03-23 00:10:38.436  6823  6823 D (5)[6823:HwBinder:6818_2]++++>CSPL: cs35l41_pcm_startup.
03-23 00:10:38.436  6823  6823 D (5)[6823:HwBinder:6818_2]++++>CSPL: cs35l41_set_dai_fmt, fmt = 16385.
03-23 00:10:38.436  6823  6823 D (5)[6823:HwBinder:6818_2]---->CSPL: cs35l41_set_dai_fmt, fmt = 16385.
03-23 00:10:38.437   340   340 I (1)[340:kworker/1:1]mt6885-audio 11210000.mt6885-afe-pcm: mt6885_afe_runtime_suspend()
03-23 00:10:38.437   340   340 I (1)[340:kworker/1:1]mt6885-audio 11210000.mt6885-afe-pcm: mt6885_afe_disable_clock()
03-23 00:10:38.438  6823  6823 I (1)[6823:HwBinder:6818_2]mt6885-audio 11210000.mt6885-afe-pcm: mt6885_afe_runtime_resume()
03-23 00:10:38.438  6823  6823 I (1)[6823:HwBinder:6818_2]mt6885-audio 11210000.mt6885-afe-pcm: mt6885_afe_enable_clock()
03-23 00:10:38.438  6823  6823 D (1)[6823:HwBinder:6818_2]++++>CSPL: cs35l41_pcm_startup.
03-23 00:10:38.438  6823  6823 D (1)[6823:HwBinder:6818_2]++++>CSPL: cs35l41_set_dai_fmt, fmt = 16385.
03-23 00:10:38.438  6823  6823 D (1)[6823:HwBinder:6818_2]---->CSPL: cs35l41_set_dai_fmt, fmt = 16385.
03-23 00:10:38.438  6823  6823 D (1)[6823:HwBinder:6818_2]++++>CSPL: cs35l41_pcm_startup.
03-23 00:10:38.438  6823  6823 D (1)[6823:HwBinder:6818_2]++++>CSPL: cs35l41_set_dai_fmt, fmt = 16385.
03-23 00:10:38.438  6823  6823 D (1)[6823:HwBinder:6818_2]---->CSPL: cs35l41_set_dai_fmt, fmt = 16385.
03-23 00:10:38.438   340   340 I (1)[340:kworker/1:1]mt6885-audio 11210000.mt6885-afe-pcm: mt6885_afe_runtime_suspend()
03-23 00:10:38.438   340   340 I (1)[340:kworker/1:1]mt6885-audio 11210000.mt6885-afe-pcm: mt6885_afe_disable_clock()
03-23 00:10:38.439  6823  6823 I (0)[6823:HwBinder:6818_2]mt6885-audio 11210000.mt6885-afe-pcm: mt6885_afe_runtime_resume()
03-23 00:10:38.439  6823  6823 I (0)[6823:HwBinder:6818_2]mt6885-audio 11210000.mt6885-afe-pcm: mt6885_afe_enable_clock()
03-23 00:10:38.439     3     3 I (0)[3:kworker/0:0]mt6885-audio 11210000.mt6885-afe-pcm: mt6885_afe_runtime_suspend()
03-23 00:10:38.439     3     3 I (0)[3:kworker/0:0]mt6885-audio 11210000.mt6885-afe-pcm: mt6885_afe_disable_clock()
03-23 00:10:38.440  6823  6823 I (0)[6823:HwBinder:6818_2]mt6885-audio 11210000.mt6885-afe-pcm: mt6885_afe_runtime_resume()
03-23 00:10:38.440  6823  6823 I (0)[6823:HwBinder:6818_2]mt6885-audio 11210000.mt6885-afe-pcm: mt6885_afe_enable_clock()
03-23 00:10:38.440  6823  6823 D (0)[6823:HwBinder:6818_2]++++>CSPL: cs35l41_pcm_startup.
03-23 00:10:38.440  6823  6823 D (0)[6823:HwBinder:6818_2]++++>CSPL: cs35l41_set_dai_fmt, fmt = 16385.
03-23 00:10:38.440  6823  6823 D (0)[6823:HwBinder:6818_2]---->CSPL: cs35l41_set_dai_fmt, fmt = 16385.
03-23 00:10:38.440  6823  6823 D (0)[6823:HwBinder:6818_2]++++>CSPL: cs35l41_pcm_startup.
03-23 00:10:38.440  6823  6823 D (0)[6823:HwBinder:6818_2]++++>CSPL: cs35l41_set_dai_fmt, fmt = 16385.
03-23 00:10:38.440  6823  6823 D (0)[6823:HwBinder:6818_2]---->CSPL: cs35l41_set_dai_fmt, fmt = 16385.
03-23 00:10:38.441     3     3 I (0)[3:kworker/0:0]mt6885-audio 11210000.mt6885-afe-pcm: mt6885_afe_runtime_suspend()
03-23 00:10:38.441     3     3 I (0)[3:kworker/0:0]mt6885-audio 11210000.mt6885-afe-pcm: mt6885_afe_disable_clock()
03-23 00:10:38.441  6823  6823 I (5)[6823:HwBinder:6818_2]mt6885-audio 11210000.mt6885-afe-pcm: mt6885_afe_runtime_resume()
03-23 00:10:38.441  6823  6823 I (5)[6823:HwBinder:6818_2]mt6885-audio 11210000.mt6885-afe-pcm: mt6885_afe_enable_clock()
03-23 00:10:38.441  6857  6857 I (7)[6857:init]KernelSU: handle_setresuid from 0 to 1010
03-23 00:10:38.442  1591  1591 I (5)[1591:kworker/5:55]mt6885-audio 11210000.mt6885-afe-pcm: mt6885_afe_runtime_suspend()
03-23 00:10:38.442  1591  1591 I (5)[1591:kworker/5:55]mt6885-audio 11210000.mt6885-afe-pcm: mt6885_afe_disable_clock()
03-23 00:10:38.442  6823  6823 I (5)[6823:HwBinder:6818_2]mt6885-audio 11210000.mt6885-afe-pcm: mt6885_afe_runtime_resume()
03-23 00:10:38.442  6823  6823 I (5)[6823:HwBinder:6818_2]mt6885-audio 11210000.mt6885-afe-pcm: mt6885_afe_enable_clock()
03-23 00:10:38.442  1591  1591 I (5)[1591:kworker/5:55]mt6885-audio 11210000.mt6885-afe-pcm: mt6885_afe_runtime_suspend()
03-23 00:10:38.442  1591  1591 I (5)[1591:kworker/5:55]mt6885-audio 11210000.mt6885-afe-pcm: mt6885_afe_disable_clock()
03-23 00:10:38.443  6823  6823 I (5)[6823:HwBinder:6818_2]mt6885-audio 11210000.mt6885-afe-pcm: mt6885_afe_runtime_resume()
03-23 00:10:38.443  6823  6823 I (5)[6823:HwBinder:6818_2]mt6885-audio 11210000.mt6885-afe-pcm: mt6885_afe_enable_clock()
03-23 00:10:38.443  1591  1591 I (5)[1591:kworker/5:55]mt6885-audio 11210000.mt6885-afe-pcm: mt6885_afe_runtime_suspend()
03-23 00:10:38.443  1591  1591 I (5)[1591:kworker/5:55]mt6885-audio 11210000.mt6885-afe-pcm: mt6885_afe_disable_clock()
03-23 00:10:38.444  6823  6823 I (5)[6823:HwBinder:6818_2]mt6885-audio 11210000.mt6885-afe-pcm: mt6885_afe_runtime_resume()
03-23 00:10:38.444  6823  6823 I (5)[6823:HwBinder:6818_2]mt6885-audio 11210000.mt6885-afe-pcm: mt6885_afe_enable_clock()
03-23 00:10:38.444  6823  6823 D (5)[6823:HwBinder:6818_2]++++>CSPL: cs35l41_pcm_startup.
03-23 00:10:38.444  6823  6823 D (5)[6823:HwBinder:6818_2]++++>CSPL: cs35l41_set_dai_fmt, fmt = 16385.
03-23 00:10:38.444  6823  6823 D (5)[6823:HwBinder:6818_2]---->CSPL: cs35l41_set_dai_fmt, fmt = 16385.
03-23 00:10:38.444  6823  6823 D (5)[6823:HwBinder:6818_2]++++>CSPL: cs35l41_pcm_startup.
03-23 00:10:38.444  6823  6823 D (5)[6823:HwBinder:6818_2]++++>CSPL: cs35l41_set_dai_fmt, fmt = 16385.
03-23 00:10:38.444  6823  6823 D (5)[6823:HwBinder:6818_2]---->CSPL: cs35l41_set_dai_fmt, fmt = 16385.
03-23 00:10:38.444  1591  1591 I (5)[1591:kworker/5:55]mt6885-audio 11210000.mt6885-afe-pcm: mt6885_afe_runtime_suspend()
03-23 00:10:38.444  1591  1591 I (5)[1591:kworker/5:55]mt6885-audio 11210000.mt6885-afe-pcm: mt6885_afe_disable_clock()
03-23 00:10:38.445  6823  6823 I (5)[6823:HwBinder:6818_2]mt6885-audio 11210000.mt6885-afe-pcm: mt6885_afe_runtime_resume()
03-23 00:10:38.445  6823  6823 I (5)[6823:HwBinder:6818_2]mt6885-audio 11210000.mt6885-afe-pcm: mt6885_afe_enable_clock()
03-23 00:10:38.445  1591  1591 I (5)[1591:kworker/5:55]mt6885-audio 11210000.mt6885-afe-pcm: mt6885_afe_runtime_suspend()
03-23 00:10:38.445  1591  1591 I (5)[1591:kworker/5:55]mt6885-audio 11210000.mt6885-afe-pcm: mt6885_afe_disable_clock()
03-23 00:10:38.445  6823  6823 I (5)[6823:HwBinder:6818_2]mt6885-audio 11210000.mt6885-afe-pcm: mt6885_afe_runtime_resume()
03-23 00:10:38.445  6823  6823 I (5)[6823:HwBinder:6818_2]mt6885-audio 11210000.mt6885-afe-pcm: mt6885_afe_enable_clock()
03-23 00:10:38.445  1591  1591 I (5)[1591:kworker/5:55]mt6885-audio 11210000.mt6885-afe-pcm: mt6885_afe_runtime_suspend()
03-23 00:10:38.445  1591  1591 I (5)[1591:kworker/5:55]mt6885-audio 11210000.mt6885-afe-pcm: mt6885_afe_disable_clock()
03-23 00:10:38.446  6823  6823 I (5)[6823:HwBinder:6818_2]mt6885-audio 11210000.mt6885-afe-pcm: mt6885_afe_runtime_resume()
03-23 00:10:38.446  6823  6823 I (5)[6823:HwBinder:6818_2]mt6885-audio 11210000.mt6885-afe-pcm: mt6885_afe_enable_clock()
03-23 00:10:38.446  1591  1591 I (5)[1591:kworker/5:55]mt6885-audio 11210000.mt6885-afe-pcm: mt6885_afe_runtime_suspend()
03-23 00:10:38.446  1591  1591 I (5)[1591:kworker/5:55]mt6885-audio 11210000.mt6885-afe-pcm: mt6885_afe_disable_clock()
03-23 00:10:38.447  6823  6823 I (5)[6823:HwBinder:6818_2]mtk_dsp_pcm_open(), task_id: 0
03-23 00:10:38.448  6823  6823 I         : (5)[6823:HwBinder:6818_2]adsp_core0_resume(), done elapse 553 us
03-23 00:10:38.448  6823  6823 I         : (5)[6823:HwBinder:6818_2]adsp_core1_resume(), done elapse 577 us
03-23 00:10:38.449  6823  6823 I (5)[6823:HwBinder:6818_2]mtk_dsp_pcm_close(), task_id: 0
03-23 00:10:38.449  6857  6857 I (7)[6857:wificond]binder: 6857:6857 ioctl 40046210 7fc2c14294 returned -22
03-23 00:10:38.449  6823  6823 I (5)[6823:HwBinder:6818_2]mtk_dsp_pcm_open(), task_id: 1
03-23 00:10:38.449  6823  6823 I         : (5)[6823:HwBinder:6818_2]adsp_core0_resume(), done elapse 0 us
03-23 00:10:38.449  6823  6823 I (5)[6823:HwBinder:6818_2]mtk_dsp_pcm_close(), task_id: 1
03-23 00:10:38.450  6823  6823 I (5)[6823:HwBinder:6818_2]mtk_dsp_pcm_open(), task_id: 3
03-23 00:10:38.450  6823  6823 I         : (5)[6823:HwBinder:6818_2]adsp_core0_resume(), done elapse 0 us
03-23 00:10:38.450  6823  6823 I (5)[6823:HwBinder:6818_2]mtk_dsp_pcm_close(), task_id: 3
03-23 00:10:38.450  6823  6823 I (5)[6823:HwBinder:6818_2]mtk_dsp_pcm_open(), task_id: 4
03-23 00:10:38.450   586   586 I         : (1)[586:servicemanager]adsp_core0_resume(), done elapse 0 us
03-23 00:10:38.450   586   586 I (1)[586:servicemanager]: Caller(pid=6857,uid=1010,sid=u:r:wificond:s0) Could not find android.hardware.net.nlinterceptor.IInterceptor/default in the VINTF manifest. No alternative instances declared in VINTF.
03-23 00:10:38.450  6823  6823 I (5)[6823:HwBinder:6818_2]mtk_dsp_pcm_close(), task_id: 4
03-23 00:10:38.450  6823  6823 I (5)[6823:HwBinder:6818_2]mtk_dsp_pcm_open(), task_id: 6
03-23 00:10:38.450  6823  6823 I         : (5)[6823:HwBinder:6818_2]adsp_core0_resume(), done elapse 0 us
03-23 00:10:38.450  6853  6853 I         : (6)[6853:mediaserver64]adsp_core1_resume(), done elapse 0 us
03-23 00:10:38.451  6853  6853 I (6)[6853:mediaserver64]binder: 6853:6853 ioctl 40046210 7ff2dc0ad4 returned -22
03-23 00:10:38.451  6823  6823 I (5)[6823:HwBinder:6818_2]mtk_dsp_pcm_close(), task_id: 6
03-23 00:10:38.451  6857  6857 I (7)[6857:wificond]binder: 6857:6857 ioctl 40046210 7fc2c141e4 returned -22
03-23 00:10:38.451  6823  6823 I (5)[6823:HwBinder:6818_2]mtk_dsp_pcm_open(), task_id: 9
03-23 00:10:38.451  6823  6823 I         : (5)[6823:HwBinder:6818_2]adsp_core0_resume(), done elapse 0 us
03-23 00:10:38.451  6823  6823 I         : (5)[6823:HwBinder:6818_2]mtk_scp_ipi_send() task_scene[14] not enable
03-23 00:10:38.451  6823  6823 I (5)[6823:HwBinder:6818_2]mtk_dsp_pcm_close(), task_id: 9
03-23 00:10:38.451  6823  6823 I         : (5)[6823:HwBinder:6818_2]mtk_scp_ipi_send() task_scene[14] not enable
03-23 00:10:38.451  6823  6823 I         : (5)[6823:HwBinder:6818_2]mtk_dsp_pcm_close ret[-1]
03-23 00:10:38.451  6823  6823 I (5)[6823:HwBinder:6818_2]mtk_dsp_pcm_open(), task_id: 10
03-23 00:10:38.451  6823  6823 I         : (5)[6823:HwBinder:6818_2]adsp_core0_resume(), done elapse 0 us
03-23 00:10:38.451  6823  6823 I (5)[6823:HwBinder:6818_2]mtk_dsp_pcm_close(), task_id: 10
03-23 00:10:38.452  6823  6823 I (6)[6823:HwBinder:6818_2]mtk_dsp_pcm_open(), task_id: 11
03-23 00:10:38.452  6823  6823 I         : (6)[6823:HwBinder:6818_2]adsp_core0_resume(), done elapse 0 us
03-23 00:10:38.452  6823  6823 I         : (5)[6823:HwBinder:6818_2]adsp_core1_resume(), done elapse 0 us
03-23 00:10:38.452  6823  6823 I (5)[6823:HwBinder:6818_2]mtk_dsp_pcm_close(), task_id: 11
03-23 00:10:38.452  6823  6823 I (5)[6823:HwBinder:6818_2]mtk_dsp_pcm_open(), task_id: 12
03-23 00:10:38.452  6823  6823 I         : (5)[6823:HwBinder:6818_2]adsp_core0_resume(), done elapse 0 us
03-23 00:10:38.452  6823  6823 I         : (6)[6823:HwBinder:6818_2]adsp_core1_resume(), done elapse 0 us
03-23 00:10:38.453  6823  6823 I (6)[6823:HwBinder:6818_2]mtk_dsp_pcm_close(), task_id: 12
03-23 00:10:38.453  6853  6853 I (5)[6853:mediaserver64]binder: 6853:6853 ioctl 40046210 7ff2dc0a84 returned -22
03-23 00:10:38.453  6823  6823 I (5)[6823:HwBinder:6818_2]mtk_dsp_pcm_open(), task_id: 13
03-23 00:10:38.453  6823  6823 I         : (6)[6823:HwBinder:6818_2]adsp_core0_resume(), done elapse 0 us
03-23 00:10:38.453  6823  6823 I (6)[6823:HwBinder:6818_2]mtk_dsp_pcm_close(), task_id: 13
03-23 00:10:38.454  6823  6823 I (6)[6823:HwBinder:6818_2]mtk_dsp_pcm_open(), task_id: 7
03-23 00:10:38.454  6823  6823 I         : (6)[6823:HwBinder:6818_2]adsp_core0_resume(), done elapse 0 us
03-23 00:10:38.454  6823  6823 I (6)[6823:HwBinder:6818_2]mtk_dsp_pcm_close(), task_id: 7
03-23 00:10:38.454  6823  6823 I (6)[6823:HwBinder:6818_2]mt6885-audio 11210000.mt6885-afe-pcm: mt6885_afe_runtime_resume()
03-23 00:10:38.454  6823  6823 I (6)[6823:HwBinder:6818_2]mt6885-audio 11210000.mt6885-afe-pcm: mt6885_afe_enable_clock()
03-23 00:10:38.455  6823  6823 I (6)[6823:HwBinder:6818_2]mt6885-audio 11210000.mt6885-afe-pcm: mt6885_mt6359_vow_startup(), start
03-23 00:10:38.455  6823  6823 I (6)[6823:HwBinder:6818_2]mt6885-audio 11210000.mt6885-afe-pcm: mt6885_mt6359_vow_shutdown(), end
03-23 00:10:38.455  6823  6823 I (6)[6823:HwBinder:6818_2]snd_scp_ultra snd_scp_ultra: mtk_scp_ultra_pcm_open() memif dl=7,ul=15
03-23 00:10:38.455  6823  6823 I (6)[6823:HwBinder:6818_2]snd_scp_ultra snd_scp_ultra: mtk_scp_ultra_pcm_open() memif dl=7,ul=15
03-23 00:10:38.455   343   343 I (6)[343:kworker/6:1]mt6885-audio 11210000.mt6885-afe-pcm: mt6885_afe_runtime_suspend()
03-23 00:10:38.455   343   343 I (6)[343:kworker/6:1]mt6885-audio 11210000.mt6885-afe-pcm: mt6885_afe_disable_clock()
03-23 00:10:38.455  6823  6823 I         : (5)[6823:HwBinder:6818_2]adsp_core0_resume(), done elapse 0 us
03-23 00:10:38.455  6823  6823 I         : (5)[6823:HwBinder:6818_2]adsp_core1_resume(), done elapse 0 us
03-23 00:10:38.455  6823  6823 I         : (5)[6823:HwBinder:6818_2][IPI][DRV] audio_ipi_init_dsp_hifi3(), audio hal reinit
03-23 00:10:38.455   254   254 I         : (1)[254:scp_send_thread][IPI][DSP_Q] scp_send_msg_to_scp(), pass, task: 26, msg_id: 0xadb0, ack_type: 1, p1: 0x0, p2: 0x0
03-23 00:10:38.456   255   255 I         : (7)[255:scp_recv_thread][IPI][MSG] audio_ipi_msg_dispatcher(), ack back, task: 26, msg_id: 0xadb0, ack_type: 2, p1: 0x0, p2: 0x0
03-23 00:10:38.456  6823  6823 I         : (5)[6823:HwBinder:6818_2]audio_get_dsp_id(), task 20 not support!!
03-23 00:10:38.456  6823  6823 I         : (5)[6823:HwBinder:6818_2]audio_get_dsp_id(), task 21 not support!!
03-23 00:10:38.456  6823  6823 I         : (5)[6823:HwBinder:6818_2]audio_get_dsp_id(), task 22 not support!!
03-23 00:10:38.456  6823  6823 I         : (5)[6823:HwBinder:6818_2]audio_get_dsp_id(), task 23 not support!!
03-23 00:10:38.456  6823  6823 I         : (5)[6823:HwBinder:6818_2][IPI][DMA] audio_ipi_dma_free_region(), task 26, a2d sz 0x0, offset 0x0, d2a sz 0x0, offset 0x0, (1024512/1024512)
03-23 00:10:38.456  6823  6823 I         : (5)[6823:HwBinder:6818_2]adsp_core0_resume(), done elapse 0 us
03-23 00:10:38.456  6823  6823 I         : (5)[6823:HwBinder:6818_2]adsp_core1_resume(), done elapse 0 us
03-23 00:10:38.456  6823  6823 I         : (5)[6823:HwBinder:6818_2][IPI][DRV] audio_ipi_init_dsp_hifi3(), audio hal reinit
03-23 00:10:38.456   256   256 I         : (6)[256:scp_send_thread][IPI][DSP_Q] scp_send_msg_to_scp(), pass, task: 27, msg_id: 0xadb0, ack_type: 1, p1: 0x0, p2: 0x0
03-23 00:10:38.456   257   257 I         : (7)[257:scp_recv_thread][IPI][MSG] audio_ipi_msg_dispatcher(), ack back, task: 27, msg_id: 0xadb0, ack_type: 2, p1: 0x0, p2: 0x0
03-23 00:10:38.456  6823  6823 I         : (5)[6823:HwBinder:6818_2]audio_get_dsp_id(), task 20 not support!!
03-23 00:10:38.456  6823  6823 I         : (5)[6823:HwBinder:6818_2]audio_get_dsp_id(), task 21 not support!!
03-23 00:10:38.456  6823  6823 I         : (5)[6823:HwBinder:6818_2]audio_get_dsp_id(), task 22 not support!!
03-23 00:10:38.456  6823  6823 I         : (5)[6823:HwBinder:6818_2]audio_get_dsp_id(), task 23 not support!!
03-23 00:10:38.456  6823  6823 I         : (5)[6823:HwBinder:6818_2][IPI][DMA] audio_ipi_dma_free_region(), task 27, a2d sz 0x0, offset 0x0, d2a sz 0x0, offset 0x0, (1024512/1024512)
03-23 00:10:38.456  6823  6823 I         : (5)[6823:HwBinder:6818_2]adsp_core0_resume(), done elapse 0 us
03-23 00:10:38.456  6823  6823 I         : (5)[6823:HwBinder:6818_2]adsp_core1_resume(), done elapse 0 us
03-23 00:10:38.456  6823  6823 I         : (5)[6823:HwBinder:6818_2][IPI][DMA] audio_ipi_dma_alloc_region(), task 26, a2d sz 0x20000, offset 0x5e00, d2a sz 0x18000, offset 0x25e00, (795136/1024512)
03-23 00:10:38.456  6823  6823 I         : (5)[6823:HwBinder:6818_2]adsp_core0_resume(), done elapse 0 us
03-23 00:10:38.456  6823  6823 I         : (5)[6823:HwBinder:6818_2]adsp_core1_resume(), done elapse 0 us
03-23 00:10:38.456  6823  6823 I         : (5)[6823:HwBinder:6818_2][IPI][DMA] audio_ipi_dma_alloc_region(), task 27, a2d sz 0x20000, offset 0x5e00, d2a sz 0x18000, offset 0x25e00, (795136/1024512)
03-23 00:10:38.456  6823  6823 I         : (5)[6823:HwBinder:6818_2]adsp_core0_resume(), done elapse 0 us
03-23 00:10:38.456  6823  6823 I         : (5)[6823:HwBinder:6818_2]adsp_core1_resume(), done elapse 0 us
03-23 00:10:38.460  6823  6823 I         : (5)[6823:HwBinder:6818_2]cs35l41_rcv_switch_pinctrl() fast_switch_file_idx 2
03-23 00:10:38.460  6823  6823 I         : (5)[6823:HwBinder:6818_2]cs35l41_rcv_switch_pinctrl() cs35l41_rcv_switch_pinctrl end
03-23 00:10:38.461  6823  6823 I (5)[6823:HwBinder:6818_2]mt6885-audio 11210000.mt6885-afe-pcm: mt6885_i2s_hd_set(), kcontrol name I2S0_HD_Mux, hd_en 0
03-23 00:10:38.461  6823  6823 I (5)[6823:HwBinder:6818_2]mt6885-audio 11210000.mt6885-afe-pcm: mt6885_i2s_hd_set(), kcontrol name I2S3_HD_Mux, hd_en 0
03-23 00:10:38.461  6823  6823 I (5)[6823:HwBinder:6818_2]mt6885-audio 11210000.mt6885-afe-pcm: mt6885_i2s_hd_set(), kcontrol name I2S0_HD_Mux, hd_en 0
03-23 00:10:38.461  6823  6823 I (5)[6823:HwBinder:6818_2]mt6885-audio 11210000.mt6885-afe-pcm: mt6885_record_xrun_assert_set(), xrun_assert 0
03-23 00:10:38.482  6823  6823 I         : (5)[6823:HwBinder:6818_2]usip_ioctl(), cmd 0xc00844f0, arg 4127549552, memory_size = 393216 addr_phy = 0x6e900000
03-23 00:10:38.482  6823  6823 I         : (5)[6823:HwBinder:6818_2]usip_mmap_data(), memory ready 1, size 393216, align_bytes 393216
03-23 00:10:38.483  6823  6823 I         : (5)[6823:HwBinder:6818_2]usip_ioctl(), cmd 0xc00844f1, arg 4110943992, memory_size = 393216 addr_phy = 0x6e900000
03-23 00:10:38.484  6823  6823 I (5)[6823:HwBinder:6818_2]mt6359-sound mt6359_snd: audio_vow_periodic_parm_set(), size = 128
03-23 00:10:38.484  6823  6823 I (5)[6823:HwBinder:6818_2]mt6359-sound mt6359_snd: audio_vow_cfg_get(), Audio VOWCFG4 Data = 0xf
03-23 00:10:38.484  6823  6823 I (5)[6823:HwBinder:6818_2]mt6359-sound mt6359_snd: audio_vow_cfg_get(), Audio VOWCFG0 Data = 0x0
03-23 00:10:38.484  6823  6823 I (5)[6823:HwBinder:6818_2]mt6359-sound mt6359_snd: audio_vow_cfg_set(), Audio VOWCFG0 Data = 0x0
03-23 00:10:38.484  6823  6823 I (5)[6823:HwBinder:6818_2]mt6359-sound mt6359_snd: audio_vow_cfg_get(), Audio VOWCFG1 Data = 0x0
03-23 00:10:38.484  6823  6823 I (5)[6823:HwBinder:6818_2]mt6359-sound mt6359_snd: audio_vow_cfg_set(), Audio VOWCFG1 Data = 0x0
03-23 00:10:38.484  6823  6823 I (5)[6823:HwBinder:6818_2]mt6359-sound mt6359_snd: audio_vow_cfg_get(), Audio VOWCFG2 Data = 0x4343
03-23 00:10:38.484  6823  6823 I (5)[6823:HwBinder:6818_2]mt6359-sound mt6359_snd: audio_vow_cfg_set(), Audio VOWCFG2 Data = 0x4343
03-23 00:10:38.484  6823  6823 I (5)[6823:HwBinder:6818_2]mt6359-sound mt6359_snd: audio_vow_cfg_get(), Audio VOWCFG3 Data = 0xa768
03-23 00:10:38.484  6823  6823 I (5)[6823:HwBinder:6818_2]mt6359-sound mt6359_snd: audio_vow_cfg_set(), Audio VOWCFG3 Data = 0xa768
03-23 00:10:38.484  6823  6823 I (5)[6823:HwBinder:6818_2]mt6359-sound mt6359_snd: audio_vow_cfg_get(), Audio VOWCFG4 Data = 0xf
03-23 00:10:38.484  6823  6823 I (5)[6823:HwBinder:6818_2]mt6359-sound mt6359_snd: audio_vow_cfg_set(), Audio VOWCFG4 Data = 0xf
03-23 00:10:38.484  6823  6823 I (5)[6823:HwBinder:6818_2]mt6359-sound mt6359_snd: audio_vow_cfg_get(), Audio VOWCFG5 Data = 0x1
03-23 00:10:38.484  6823  6823 I (5)[6823:HwBinder:6818_2]mt6359-sound mt6359_snd: audio_vow_cfg_set(), Audio VOWCFG5 Data = 0x1
03-23 00:10:38.484  6823  6823 I (5)[6823:HwBinder:6818_2]mt6359-sound mt6359_snd: audio_vow_cfg_get(), Audio_VOW_Periodic = 0x0
03-23 00:10:38.484  6823  6823 I (5)[6823:HwBinder:6818_2]mt6359-sound mt6359_snd: audio_vow_cfg_set(), Audio_VOW_Periodic = 0x0
03-23 00:10:38.488  6823  6823 I         : (6)[6823:HwBinder:6818_2]mtk_scp_ultra_engine_state_set() new state=4, memdl=7, memul=15
03-23 00:10:38.490  6871  6871 I (5)[6871:HwBinder:6818_2]speaker_amp 7-0040: cal_z = 10013
03-23 00:10:38.490  6871  6871 I (5)[6871:HwBinder:6818_2]speaker_amp 7-0042: cal_z = 9528
03-23 00:10:38.492   586   586 I (5)[586:servicemanager]: Caller(pid=6837,uid=1041,sid=u:r:audioserver:s0) Could not find android.hardware.audio.effect.IFactory/default in the VINTF manifest. No alternative instances declared in VINTF.
