03-23 00:10:48.433  7480  7480 I (5)[7480:HwBinder:7474_2]mt6885-audio 11210000.mt6885-afe-pcm: mt6885_afe_runtime_resume()
03-23 00:10:48.433  7480  7480 I (5)[7480:HwBinder:7474_2]mt6885-audio 11210000.mt6885-afe-pcm: mt6885_afe_enable_clock()
03-23 00:10:48.434  1591  1591 I (5)[1591:kworker/5:55]mt6885-audio 11210000.mt6885-afe-pcm: mt6885_afe_runtime_suspend()
03-23 00:10:48.434  1591  1591 I (5)[1591:kworker/5:55]mt6885-audio 11210000.mt6885-afe-pcm: mt6885_afe_disable_clock()
03-23 00:10:48.434  7480  7480 I (5)[7480:HwBinder:7474_2]mt6885-audio 11210000.mt6885-afe-pcm: mt6885_afe_runtime_resume()
03-23 00:10:48.434  7480  7480 I (5)[7480:HwBinder:7474_2]mt6885-audio 11210000.mt6885-afe-pcm: mt6885_afe_enable_clock()
03-23 00:10:48.434  1591  1591 I (5)[1591:kworker/5:55]mt6885-audio 11210000.mt6885-afe-pcm: mt6885_afe_runtime_suspend()
03-23 00:10:48.434  1591  1591 I (5)[1591:kworker/5:55]mt6885-audio 11210000.mt6885-afe-pcm: mt6885_afe_disable_clock()
03-23 00:10:48.434  7480  7480 I (5)[7480:HwBinder:7474_2]mt6885-audio 11210000.mt6885-afe-pcm: mt6885_afe_runtime_resume()
03-23 00:10:48.434  7480  7480 I (5)[7480:HwBinder:7474_2]mt6885-audio 11210000.mt6885-afe-pcm: mt6885_afe_enable_clock()
03-23 00:10:48.434   439   439 I (2)[439:kworker/2:2]mt6885-audio 11210000.mt6885-afe-pcm: mt6885_afe_runtime_suspend()
03-23 00:10:48.434   439   439 I (2)[439:kworker/2:2]mt6885-audio 11210000.mt6885-afe-pcm: mt6885_afe_disable_clock()
03-23 00:10:48.435  7480  7480 I (2)[7480:HwBinder:7474_2]mt6885-audio 11210000.mt6885-afe-pcm: mt6885_afe_runtime_resume()
03-23 00:10:48.435  7480  7480 I (2)[7480:HwBinder:7474_2]mt6885-audio 11210000.mt6885-afe-pcm: mt6885_afe_enable_clock()
03-23 00:10:48.436   439   439 I (2)[439:kworker/2:2]mt6885-audio 11210000.mt6885-afe-pcm: mt6885_afe_runtime_suspend()
03-23 00:10:48.436   439   439 I (2)[439:kworker/2:2]mt6885-audio 11210000.mt6885-afe-pcm: mt6885_afe_disable_clock()
03-23 00:10:48.436  7480  7480 I (2)[7480:HwBinder:7474_2]mt6885-audio 11210000.mt6885-afe-pcm: mt6885_afe_runtime_resume()
03-23 00:10:48.436  7480  7480 I (2)[7480:HwBinder:7474_2]mt6885-audio 11210000.mt6885-afe-pcm: mt6885_afe_enable_clock()
03-23 00:10:48.437  1591  1591 I (5)[1591:kworker/5:55]mt6885-audio 11210000.mt6885-afe-pcm: mt6885_afe_runtime_suspend()
03-23 00:10:48.437  1591  1591 I (5)[1591:kworker/5:55]mt6885-audio 11210000.mt6885-afe-pcm: mt6885_afe_disable_clock()
03-23 00:10:48.437  7480  7480 I (5)[7480:HwBinder:7474_2]mt6885-audio 11210000.mt6885-afe-pcm: mt6885_afe_runtime_resume()
03-23 00:10:48.437  7480  7480 I (5)[7480:HwBinder:7474_2]mt6885-audio 11210000.mt6885-afe-pcm: mt6885_afe_enable_clock()
03-23 00:10:48.437  1591  1591 I (5)[1591:kworker/5:55]mt6885-audio 11210000.mt6885-afe-pcm: mt6885_afe_runtime_suspend()
03-23 00:10:48.437  1591  1591 I (5)[1591:kworker/5:55]mt6885-audio 11210000.mt6885-afe-pcm: mt6885_afe_disable_clock()
03-23 00:10:48.437  7480  7480 I (5)[7480:HwBinder:7474_2]mt6885-audio 11210000.mt6885-afe-pcm: mt6885_afe_runtime_resume()
03-23 00:10:48.437  7480  7480 I (5)[7480:HwBinder:7474_2]mt6885-audio 11210000.mt6885-afe-pcm: mt6885_afe_enable_clock()
03-23 00:10:48.438  1591  1591 I (5)[1591:kworker/5:55]mt6885-audio 11210000.mt6885-afe-pcm: mt6885_afe_runtime_suspend()
03-23 00:10:48.438  1591  1591 I (5)[1591:kworker/5:55]mt6885-audio 11210000.mt6885-afe-pcm: mt6885_afe_disable_clock()
03-23 00:10:48.438  7480  7480 I (5)[7480:HwBinder:7474_2]mt6885-audio 11210000.mt6885-afe-pcm: mt6885_afe_runtime_resume()
03-23 00:10:48.438  7480  7480 I (5)[7480:HwBinder:7474_2]mt6885-audio 11210000.mt6885-afe-pcm: mt6885_afe_enable_clock()
03-23 00:10:48.438  1591  1591 I (5)[1591:kworker/5:55]mt6885-audio 11210000.mt6885-afe-pcm: mt6885_afe_runtime_suspend()
03-23 00:10:48.438  1591  1591 I (5)[1591:kworker/5:55]mt6885-audio 11210000.mt6885-afe-pcm: mt6885_afe_disable_clock()
03-23 00:10:48.438  7480  7480 I (5)[7480:HwBinder:7474_2]mt6885-audio 11210000.mt6885-afe-pcm: mt6885_afe_runtime_resume()
03-23 00:10:48.438  7480  7480 I (5)[7480:HwBinder:7474_2]mt6885-audio 11210000.mt6885-afe-pcm: mt6885_afe_enable_clock()
03-23 00:10:48.438  1591  1591 I (5)[1591:kworker/5:55]mt6885-audio 11210000.mt6885-afe-pcm: mt6885_afe_runtime_suspend()
03-23 00:10:48.438  1591  1591 I (5)[1591:kworker/5:55]mt6885-audio 11210000.mt6885-afe-pcm: mt6885_afe_disable_clock()
03-23 00:10:48.439  7480  7480 I (5)[7480:HwBinder:7474_2]mt6885-audio 11210000.mt6885-afe-pcm: mt6885_afe_runtime_resume()
03-23 00:10:48.439  7480  7480 I (5)[7480:HwBinder:7474_2]mt6885-audio 11210000.mt6885-afe-pcm: mt6885_afe_enable_clock()
03-23 00:10:48.439  1591  1591 I (5)[1591:kworker/5:55]mt6885-audio 11210000.mt6885-afe-pcm: mt6885_afe_runtime_suspend()
03-23 00:10:48.439  1591  1591 I (5)[1591:kworker/5:55]mt6885-audio 11210000.mt6885-afe-pcm: mt6885_afe_disable_clock()
03-23 00:10:48.439  7480  7480 I (5)[7480:HwBinder:7474_2]mt6885-audio 11210000.mt6885-afe-pcm: mt6885_afe_runtime_resume()
03-23 00:10:48.439  7480  7480 I (5)[7480:HwBinder:7474_2]mt6885-audio 11210000.mt6885-afe-pcm: mt6885_afe_enable_clock()
03-23 00:10:48.439  1591  1591 I (5)[1591:kworker/5:55]mt6885-audio 11210000.mt6885-afe-pcm: mt6885_afe_runtime_suspend()
03-23 00:10:48.439  1591  1591 I (5)[1591:kworker/5:55]mt6885-audio 11210000.mt6885-afe-pcm: mt6885_afe_disable_clock()
03-23 00:10:48.439  7480  7480 I (5)[7480:HwBinder:7474_2]mt6885-audio 11210000.mt6885-afe-pcm: mt6885_afe_runtime_resume()
03-23 00:10:48.439  7480  7480 I (5)[7480:HwBinder:7474_2]mt6885-audio 11210000.mt6885-afe-pcm: mt6885_afe_enable_clock()
03-23 00:10:48.439  1591  1591 I (5)[1591:kworker/5:55]mt6885-audio 11210000.mt6885-afe-pcm: mt6885_afe_runtime_suspend()
03-23 00:10:48.439  1591  1591 I (5)[1591:kworker/5:55]mt6885-audio 11210000.mt6885-afe-pcm: mt6885_afe_disable_clock()
03-23 00:10:48.440  7480  7480 I (5)[7480:HwBinder:7474_2]mt6885-audio 11210000.mt6885-afe-pcm: mt6885_afe_runtime_resume()
03-23 00:10:48.440  7480  7480 I (5)[7480:HwBinder:7474_2]mt6885-audio 11210000.mt6885-afe-pcm: mt6885_afe_enable_clock()
03-23 00:10:48.440  1591  1591 I (5)[1591:kworker/5:55]mt6885-audio 11210000.mt6885-afe-pcm: mt6885_afe_runtime_suspend()
03-23 00:10:48.440  1591  1591 I (5)[1591:kworker/5:55]mt6885-audio 11210000.mt6885-afe-pcm: mt6885_afe_disable_clock()
03-23 00:10:48.440  7480  7480 I (5)[7480:HwBinder:7474_2]mt6885-audio 11210000.mt6885-afe-pcm: mt6885_afe_runtime_resume()
03-23 00:10:48.440  7480  7480 I (5)[7480:HwBinder:7474_2]mt6885-audio 11210000.mt6885-afe-pcm: mt6885_afe_enable_clock()
03-23 00:10:48.440  1591  1591 I (5)[1591:kworker/5:55]mt6885-audio 11210000.mt6885-afe-pcm: mt6885_afe_runtime_suspend()
03-23 00:10:48.440  1591  1591 I (5)[1591:kworker/5:55]mt6885-audio 11210000.mt6885-afe-pcm: mt6885_afe_disable_clock()
03-23 00:10:48.440  7480  7480 I (5)[7480:HwBinder:7474_2]mt6885-audio 11210000.mt6885-afe-pcm: mt6885_afe_runtime_resume()
03-23 00:10:48.440  7480  7480 I (5)[7480:HwBinder:7474_2]mt6885-audio 11210000.mt6885-afe-pcm: mt6885_afe_enable_clock()
03-23 00:10:48.440  7480  7480 D (5)[7480:HwBinder:7474_2]++++>CSPL: cs35l41_pcm_startup.
03-23 00:10:48.440  7480  7480 D (5)[7480:HwBinder:7474_2]++++>CSPL: cs35l41_set_dai_fmt, fmt = 16385.
03-23 00:10:48.440  7480  7480 D (5)[7480:HwBinder:7474_2]---->CSPL: cs35l41_set_dai_fmt, fmt = 16385.
03-23 00:10:48.440  7480  7480 D (5)[7480:HwBinder:7474_2]++++>CSPL: cs35l41_pcm_startup.
03-23 00:10:48.440  7480  7480 D (5)[7480:HwBinder:7474_2]++++>CSPL: cs35l41_set_dai_fmt, fmt = 16385.
03-23 00:10:48.440  7480  7480 D (5)[7480:HwBinder:7474_2]---->CSPL: cs35l41_set_dai_fmt, fmt = 16385.
03-23 00:10:48.441  1591  1591 I (5)[1591:kworker/5:55]mt6885-audio 11210000.mt6885-afe-pcm: mt6885_afe_runtime_suspend()
03-23 00:10:48.441  1591  1591 I (5)[1591:kworker/5:55]mt6885-audio 11210000.mt6885-afe-pcm: mt6885_afe_disable_clock()
03-23 00:10:48.441  7480  7480 I (5)[7480:HwBinder:7474_2]mt6885-audio 11210000.mt6885-afe-pcm: mt6885_afe_runtime_resume()
03-23 00:10:48.441  7480  7480 I (5)[7480:HwBinder:7474_2]mt6885-audio 11210000.mt6885-afe-pcm: mt6885_afe_enable_clock()
03-23 00:10:48.441  7480  7480 D (5)[7480:HwBinder:7474_2]++++>CSPL: cs35l41_pcm_startup.
03-23 00:10:48.441  7480  7480 D (5)[7480:HwBinder:7474_2]++++>CSPL: cs35l41_set_dai_fmt, fmt = 16385.
03-23 00:10:48.441  7480  7480 D (5)[7480:HwBinder:7474_2]---->CSPL: cs35l41_set_dai_fmt, fmt = 16385.
03-23 00:10:48.441  7480  7480 D (5)[7480:HwBinder:7474_2]++++>CSPL: cs35l41_pcm_startup.
03-23 00:10:48.441  7480  7480 D (5)[7480:HwBinder:7474_2]++++>CSPL: cs35l41_set_dai_fmt, fmt = 16385.
03-23 00:10:48.441  7480  7480 D (5)[7480:HwBinder:7474_2]---->CSPL: cs35l41_set_dai_fmt, fmt = 16385.
03-23 00:10:48.441  1591  1591 I (5)[1591:kworker/5:55]mt6885-audio 11210000.mt6885-afe-pcm: mt6885_afe_runtime_suspend()
03-23 00:10:48.441  1591  1591 I (5)[1591:kworker/5:55]mt6885-audio 11210000.mt6885-afe-pcm: mt6885_afe_disable_clock()
03-23 00:10:48.443  7480  7480 I (2)[7480:HwBinder:7474_2]mt6885-audio 11210000.mt6885-afe-pcm: mt6885_afe_runtime_resume()
03-23 00:10:48.443  7480  7480 I (2)[7480:HwBinder:7474_2]mt6885-audio 11210000.mt6885-afe-pcm: mt6885_afe_enable_clock()
03-23 00:10:48.444  1591  1591 I (5)[1591:kworker/5:55]mt6885-audio 11210000.mt6885-afe-pcm: mt6885_afe_runtime_suspend()
03-23 00:10:48.444  1591  1591 I (5)[1591:kworker/5:55]mt6885-audio 11210000.mt6885-afe-pcm: mt6885_afe_disable_clock()
03-23 00:10:48.444  7480  7480 I (5)[7480:HwBinder:7474_2]mt6885-audio 11210000.mt6885-afe-pcm: mt6885_afe_runtime_resume()
03-23 00:10:48.444  7480  7480 I (5)[7480:HwBinder:7474_2]mt6885-audio 11210000.mt6885-afe-pcm: mt6885_afe_enable_clock()
03-23 00:10:48.444  7480  7480 D (5)[7480:HwBinder:7474_2]++++>CSPL: cs35l41_pcm_startup.
03-23 00:10:48.444  7480  7480 D (5)[7480:HwBinder:7474_2]++++>CSPL: cs35l41_set_dai_fmt, fmt = 16385.
03-23 00:10:48.445  7480  7480 D (5)[7480:HwBinder:7474_2]---->CSPL: cs35l41_set_dai_fmt, fmt = 16385.
03-23 00:10:48.445  7480  7480 D (5)[7480:HwBinder:7474_2]++++>CSPL: cs35l41_pcm_startup.
03-23 00:10:48.445  7480  7480 D (5)[7480:HwBinder:7474_2]++++>CSPL: cs35l41_set_dai_fmt, fmt = 16385.
03-23 00:10:48.445  7480  7480 D (5)[7480:HwBinder:7474_2]---->CSPL: cs35l41_set_dai_fmt, fmt = 16385.
03-23 00:10:48.445  1591  1591 I (5)[1591:kworker/5:55]mt6885-audio 11210000.mt6885-afe-pcm: mt6885_afe_runtime_suspend()
03-23 00:10:48.445  1591  1591 I (5)[1591:kworker/5:55]mt6885-audio 11210000.mt6885-afe-pcm: mt6885_afe_disable_clock()
03-23 00:10:48.445  7514  7514 I (3)[7514:init]KernelSU: handle_setresuid from 0 to 1010
03-23 00:10:48.446  7480  7480 I (0)[7480:HwBinder:7474_2]mt6885-audio 11210000.mt6885-afe-pcm: mt6885_afe_runtime_resume()
03-23 00:10:48.446  7480  7480 I (0)[7480:HwBinder:7474_2]mt6885-audio 11210000.mt6885-afe-pcm: mt6885_afe_enable_clock()
03-23 00:10:48.446     3     3 I (0)[3:kworker/0:0]mt6885-audio 11210000.mt6885-afe-pcm: mt6885_afe_runtime_suspend()
03-23 00:10:48.446     3     3 I (0)[3:kworker/0:0]mt6885-audio 11210000.mt6885-afe-pcm: mt6885_afe_disable_clock()
03-23 00:10:48.447  7480  7480 I (0)[7480:HwBinder:7474_2]mt6885-audio 11210000.mt6885-afe-pcm: mt6885_afe_runtime_resume()
03-23 00:10:48.447  7480  7480 I (0)[7480:HwBinder:7474_2]mt6885-audio 11210000.mt6885-afe-pcm: mt6885_afe_enable_clock()
03-23 00:10:48.448  1591  1591 I (5)[1591:kworker/5:55]mt6885-audio 11210000.mt6885-afe-pcm: mt6885_afe_runtime_suspend()
03-23 00:10:48.448  1591  1591 I (5)[1591:kworker/5:55]mt6885-audio 11210000.mt6885-afe-pcm: mt6885_afe_disable_clock()
03-23 00:10:48.448  7480  7480 I (5)[7480:HwBinder:7474_2]mt6885-audio 11210000.mt6885-afe-pcm: mt6885_afe_runtime_resume()
03-23 00:10:48.448  7480  7480 I (5)[7480:HwBinder:7474_2]mt6885-audio 11210000.mt6885-afe-pcm: mt6885_afe_enable_clock()
03-23 00:10:48.448  1591  1591 I (5)[1591:kworker/5:55]mt6885-audio 11210000.mt6885-afe-pcm: mt6885_afe_runtime_suspend()
03-23 00:10:48.448  1591  1591 I (5)[1591:kworker/5:55]mt6885-audio 11210000.mt6885-afe-pcm: mt6885_afe_disable_clock()
03-23 00:10:48.449  7480  7480 I (5)[7480:HwBinder:7474_2]mt6885-audio 11210000.mt6885-afe-pcm: mt6885_afe_runtime_resume()
03-23 00:10:48.449  7480  7480 I (5)[7480:HwBinder:7474_2]mt6885-audio 11210000.mt6885-afe-pcm: mt6885_afe_enable_clock()
03-23 00:10:48.449  7480  7480 D (5)[7480:HwBinder:7474_2]++++>CSPL: cs35l41_pcm_startup.
03-23 00:10:48.449  7480  7480 D (5)[7480:HwBinder:7474_2]++++>CSPL: cs35l41_set_dai_fmt, fmt = 16385.
03-23 00:10:48.449  7480  7480 D (5)[7480:HwBinder:7474_2]---->CSPL: cs35l41_set_dai_fmt, fmt = 16385.
03-23 00:10:48.449  7480  7480 D (5)[7480:HwBinder:7474_2]++++>CSPL: cs35l41_pcm_startup.
03-23 00:10:48.449  7480  7480 D (5)[7480:HwBinder:7474_2]++++>CSPL: cs35l41_set_dai_fmt, fmt = 16385.
03-23 00:10:48.449  7480  7480 D (5)[7480:HwBinder:7474_2]---->CSPL: cs35l41_set_dai_fmt, fmt = 16385.
03-23 00:10:48.449  1591  1591 I (5)[1591:kworker/5:55]mt6885-audio 11210000.mt6885-afe-pcm: mt6885_afe_runtime_suspend()
03-23 00:10:48.449  1591  1591 I (5)[1591:kworker/5:55]mt6885-audio 11210000.mt6885-afe-pcm: mt6885_afe_disable_clock()
03-23 00:10:48.450  7480  7480 I (5)[7480:HwBinder:7474_2]mt6885-audio 11210000.mt6885-afe-pcm: mt6885_afe_runtime_resume()
03-23 00:10:48.450  7480  7480 I (5)[7480:HwBinder:7474_2]mt6885-audio 11210000.mt6885-afe-pcm: mt6885_afe_enable_clock()
03-23 00:10:48.450  1591  1591 I (5)[1591:kworker/5:55]mt6885-audio 11210000.mt6885-afe-pcm: mt6885_afe_runtime_suspend()
03-23 00:10:48.450  1591  1591 I (5)[1591:kworker/5:55]mt6885-audio 11210000.mt6885-afe-pcm: mt6885_afe_disable_clock()
03-23 00:10:48.450  7480  7480 I (5)[7480:HwBinder:7474_2]mt6885-audio 11210000.mt6885-afe-pcm: mt6885_afe_runtime_resume()
03-23 00:10:48.450  7480  7480 I (5)[7480:HwBinder:7474_2]mt6885-audio 11210000.mt6885-afe-pcm: mt6885_afe_enable_clock()
03-23 00:10:48.450  1591  1591 I (5)[1591:kworker/5:55]mt6885-audio 11210000.mt6885-afe-pcm: mt6885_afe_runtime_suspend()
03-23 00:10:48.450  1591  1591 I (5)[1591:kworker/5:55]mt6885-audio 11210000.mt6885-afe-pcm: mt6885_afe_disable_clock()
03-23 00:10:48.450  7480  7480 I (5)[7480:HwBinder:7474_2]mt6885-audio 11210000.mt6885-afe-pcm: mt6885_afe_runtime_resume()
03-23 00:10:48.450  7480  7480 I (5)[7480:HwBinder:7474_2]mt6885-audio 11210000.mt6885-afe-pcm: mt6885_afe_enable_clock()
03-23 00:10:48.451  1591  1591 I (5)[1591:kworker/5:55]mt6885-audio 11210000.mt6885-afe-pcm: mt6885_afe_runtime_suspend()
03-23 00:10:48.451  1591  1591 I (5)[1591:kworker/5:55]mt6885-audio 11210000.mt6885-afe-pcm: mt6885_afe_disable_clock()
03-23 00:10:48.452  7480  7480 I (5)[7480:HwBinder:7474_2]mtk_dsp_pcm_open(), task_id: 0
03-23 00:10:48.452  7480  7480 I         : (5)[7480:HwBinder:7474_2]adsp_core0_resume(), done elapse 507 us
03-23 00:10:48.453  7480  7480 I         : (5)[7480:HwBinder:7474_2]adsp_core1_resume(), done elapse 592 us
03-23 00:10:48.453  7480  7480 I (5)[7480:HwBinder:7474_2]mtk_dsp_pcm_close(), task_id: 0
03-23 00:10:48.453  7514  7514 I (7)[7514:wificond]binder: 7514:7514 ioctl 40046210 7fcebb3004 returned -22
03-23 00:10:48.453  7480  7480 I (5)[7480:HwBinder:7474_2]mtk_dsp_pcm_open(), task_id: 1
03-23 00:10:48.453  7480  7480 I         : (5)[7480:HwBinder:7474_2]adsp_core0_resume(), done elapse 0 us
03-23 00:10:48.454  7480  7480 I (5)[7480:HwBinder:7474_2]mtk_dsp_pcm_close(), task_id: 1
03-23 00:10:48.454  7480  7480 I (5)[7480:HwBinder:7474_2]mtk_dsp_pcm_open(), task_id: 3
03-23 00:10:48.454  7510  7510 I         : (6)[7510:mediaserver64]adsp_core0_resume(), done elapse 0 us
03-23 00:10:48.454  7510  7510 I (6)[7510:mediaserver64]binder: 7510:7510 ioctl 40046210 7ffe234824 returned -22
03-23 00:10:48.454  7480  7480 I (5)[7480:HwBinder:7474_2]mtk_dsp_pcm_close(), task_id: 3
03-23 00:10:48.454  7480  7480 I (5)[7480:HwBinder:7474_2]mtk_dsp_pcm_open(), task_id: 4
03-23 00:10:48.454   586   586 I         : (0)[586:servicemanager]adsp_core0_resume(), done elapse 0 us
03-23 00:10:48.454   586   586 I (0)[586:servicemanager]: Caller(pid=7514,uid=1010,sid=u:r:wificond:s0) Could not find android.hardware.net.nlinterceptor.IInterceptor/default in the VINTF manifest. No alternative instances declared in VINTF.
03-23 00:10:48.455  7480  7480 I (6)[7480:HwBinder:7474_2]mtk_dsp_pcm_close(), task_id: 4
03-23 00:10:48.455  7514  7514 I (7)[7514:wificond]binder: 7514:7514 ioctl 40046210 7fcebb2f54 returned -22
03-23 00:10:48.455  7480  7480 I (6)[7480:HwBinder:7474_2]mtk_dsp_pcm_open(), task_id: 6
03-23 00:10:48.455  7480  7480 I         : (6)[7480:HwBinder:7474_2]adsp_core0_resume(), done elapse 0 us
03-23 00:10:48.455  7480  7480 I         : (5)[7480:HwBinder:7474_2]adsp_core1_resume(), done elapse 0 us
03-23 00:10:48.455  7480  7480 I (5)[7480:HwBinder:7474_2]mtk_dsp_pcm_close(), task_id: 6
03-23 00:10:48.456  7510  7510 I (5)[7510:mediaserver64]binder: 7510:7510 ioctl 40046210 7ffe2347d4 returned -22
03-23 00:10:48.456  7480  7480 I (6)[7480:HwBinder:7474_2]mtk_dsp_pcm_open(), task_id: 9
03-23 00:10:48.456  7480  7480 I         : (6)[7480:HwBinder:7474_2]adsp_core0_resume(), done elapse 0 us
03-23 00:10:48.456  7480  7480 I         : (6)[7480:HwBinder:7474_2]mtk_scp_ipi_send() task_scene[14] not enable
03-23 00:10:48.456  7480  7480 I (6)[7480:HwBinder:7474_2]mtk_dsp_pcm_close(), task_id: 9
03-23 00:10:48.456  7480  7480 I         : (6)[7480:HwBinder:7474_2]mtk_scp_ipi_send() task_scene[14] not enable
03-23 00:10:48.456  7480  7480 I         : (6)[7480:HwBinder:7474_2]mtk_dsp_pcm_close ret[-1]
03-23 00:10:48.456  7480  7480 I (6)[7480:HwBinder:7474_2]mtk_dsp_pcm_open(), task_id: 10
03-23 00:10:48.456  7480  7480 I         : (6)[7480:HwBinder:7474_2]adsp_core0_resume(), done elapse 0 us
03-23 00:10:48.456  7480  7480 I (6)[7480:HwBinder:7474_2]mtk_dsp_pcm_close(), task_id: 10
03-23 00:10:48.456  7480  7480 I (6)[7480:HwBinder:7474_2]mtk_dsp_pcm_open(), task_id: 11
03-23 00:10:48.456  7480  7480 I         : (6)[7480:HwBinder:7474_2]adsp_core0_resume(), done elapse 0 us
03-23 00:10:48.456  7480  7480 I         : (6)[7480:HwBinder:7474_2]adsp_core1_resume(), done elapse 0 us
03-23 00:10:48.457  7480  7480 I (6)[7480:HwBinder:7474_2]mtk_dsp_pcm_close(), task_id: 11
03-23 00:10:48.457  7480  7480 I (6)[7480:HwBinder:7474_2]mtk_dsp_pcm_open(), task_id: 12
03-23 00:10:48.457  7480  7480 I         : (6)[7480:HwBinder:7474_2]adsp_core0_resume(), done elapse 0 us
03-23 00:10:48.457  7480  7480 I         : (6)[7480:HwBinder:7474_2]adsp_core1_resume(), done elapse 0 us
03-23 00:10:48.457  7480  7480 I (6)[7480:HwBinder:7474_2]mtk_dsp_pcm_close(), task_id: 12
03-23 00:10:48.457  7480  7480 I (5)[7480:HwBinder:7474_2]mtk_dsp_pcm_open(), task_id: 13
03-23 00:10:48.457  7480  7480 I         : (5)[7480:HwBinder:7474_2]adsp_core0_resume(), done elapse 0 us
03-23 00:10:48.457  7480  7480 I (5)[7480:HwBinder:7474_2]mtk_dsp_pcm_close(), task_id: 13
03-23 00:10:48.458  7480  7480 I (5)[7480:HwBinder:7474_2]mtk_dsp_pcm_open(), task_id: 7
03-23 00:10:48.458  7480  7480 I         : (5)[7480:HwBinder:7474_2]adsp_core0_resume(), done elapse 0 us
03-23 00:10:48.458  7480  7480 I (5)[7480:HwBinder:7474_2]mtk_dsp_pcm_close(), task_id: 7
03-23 00:10:48.458  7480  7480 I (6)[7480:HwBinder:7474_2]mt6885-audio 11210000.mt6885-afe-pcm: mt6885_afe_runtime_resume()
03-23 00:10:48.458  7480  7480 I (6)[7480:HwBinder:7474_2]mt6885-audio 11210000.mt6885-afe-pcm: mt6885_afe_enable_clock()
03-23 00:10:48.458  7480  7480 I (6)[7480:HwBinder:7474_2]mt6885-audio 11210000.mt6885-afe-pcm: mt6885_mt6359_vow_startup(), start
03-23 00:10:48.458   343   343 I (6)[343:kworker/6:1]mt6885-audio 11210000.mt6885-afe-pcm: mt6885_afe_runtime_suspend()
03-23 00:10:48.458   343   343 I (6)[343:kworker/6:1]mt6885-audio 11210000.mt6885-afe-pcm: mt6885_afe_disable_clock()
03-23 00:10:48.458  7480  7480 I (6)[7480:HwBinder:7474_2]mt6885-audio 11210000.mt6885-afe-pcm: mt6885_mt6359_vow_shutdown(), end
03-23 00:10:48.458  7480  7480 I (6)[7480:HwBinder:7474_2]mt6885-audio 11210000.mt6885-afe-pcm: mt6885_afe_runtime_resume()
03-23 00:10:48.458  7480  7480 I (6)[7480:HwBinder:7474_2]mt6885-audio 11210000.mt6885-afe-pcm: mt6885_afe_enable_clock()
03-23 00:10:48.458   343   343 I (6)[343:kworker/6:1]mt6885-audio 11210000.mt6885-afe-pcm: mt6885_afe_runtime_suspend()
03-23 00:10:48.458   343   343 I (6)[343:kworker/6:1]mt6885-audio 11210000.mt6885-afe-pcm: mt6885_afe_disable_clock()
03-23 00:10:48.459  7480  7480 I (6)[7480:HwBinder:7474_2]snd_scp_ultra snd_scp_ultra: mtk_scp_ultra_pcm_open() memif dl=7,ul=15
03-23 00:10:48.459  7480  7480 I (6)[7480:HwBinder:7474_2]snd_scp_ultra snd_scp_ultra: mtk_scp_ultra_pcm_open() memif dl=7,ul=15
03-23 00:10:48.459  7480  7480 I         : (6)[7480:HwBinder:7474_2]adsp_core0_resume(), done elapse 0 us
03-23 00:10:48.459  7480  7480 I         : (6)[7480:HwBinder:7474_2]adsp_core1_resume(), done elapse 0 us
03-23 00:10:48.459  7480  7480 I         : (6)[7480:HwBinder:7474_2][IPI][DRV] audio_ipi_init_dsp_hifi3(), audio hal reinit
03-23 00:10:48.459   254   254 I         : (7)[254:scp_send_thread][IPI][DSP_Q] scp_send_msg_to_scp(), pass, task: 26, msg_id: 0xadb0, ack_type: 1, p1: 0x0, p2: 0x0
03-23 00:10:48.459   255   255 I         : (5)[255:scp_recv_thread][IPI][MSG] audio_ipi_msg_dispatcher(), ack back, task: 26, msg_id: 0xadb0, ack_type: 2, p1: 0x0, p2: 0x0
03-23 00:10:48.459  7480  7480 I         : (6)[7480:HwBinder:7474_2]audio_get_dsp_id(), task 20 not support!!
03-23 00:10:48.459  7480  7480 I         : (6)[7480:HwBinder:7474_2]audio_get_dsp_id(), task 21 not support!!
03-23 00:10:48.459  7480  7480 I         : (6)[7480:HwBinder:7474_2]audio_get_dsp_id(), task 22 not support!!
03-23 00:10:48.459  7480  7480 I         : (6)[7480:HwBinder:7474_2]audio_get_dsp_id(), task 23 not support!!
03-23 00:10:48.459  7480  7480 I         : (6)[7480:HwBinder:7474_2][IPI][DMA] audio_ipi_dma_free_region(), task 26, a2d sz 0x0, offset 0x0, d2a sz 0x0, offset 0x0, (1024512/1024512)
03-23 00:10:48.459  7480  7480 I         : (6)[7480:HwBinder:7474_2]adsp_core0_resume(), done elapse 0 us
03-23 00:10:48.459  7480  7480 I         : (6)[7480:HwBinder:7474_2]adsp_core1_resume(), done elapse 0 us
03-23 00:10:48.459  7480  7480 I         : (6)[7480:HwBinder:7474_2][IPI][DRV] audio_ipi_init_dsp_hifi3(), audio hal reinit
03-23 00:10:48.459   256   256 I         : (5)[256:scp_send_thread][IPI][DSP_Q] scp_send_msg_to_scp(), pass, task: 27, msg_id: 0xadb0, ack_type: 1, p1: 0x0, p2: 0x0
03-23 00:10:48.459   257   257 I         : (7)[257:scp_recv_thread][IPI][MSG] audio_ipi_msg_dispatcher(), ack back, task: 27, msg_id: 0xadb0, ack_type: 2, p1: 0x0, p2: 0x0
03-23 00:10:48.459  7480  7480 I         : (6)[7480:HwBinder:7474_2]audio_get_dsp_id(), task 20 not support!!
03-23 00:10:48.459  7480  7480 I         : (6)[7480:HwBinder:7474_2]audio_get_dsp_id(), task 21 not support!!
03-23 00:10:48.459  7480  7480 I         : (6)[7480:HwBinder:7474_2]audio_get_dsp_id(), task 22 not support!!
03-23 00:10:48.459  7480  7480 I         : (6)[7480:HwBinder:7474_2]audio_get_dsp_id(), task 23 not support!!
03-23 00:10:48.459  7480  7480 I         : (6)[7480:HwBinder:7474_2][IPI][DMA] audio_ipi_dma_free_region(), task 27, a2d sz 0x0, offset 0x0, d2a sz 0x0, offset 0x0, (1024512/1024512)
03-23 00:10:48.459  7480  7480 I         : (6)[7480:HwBinder:7474_2]adsp_core0_resume(), done elapse 0 us
03-23 00:10:48.459  7480  7480 I         : (6)[7480:HwBinder:7474_2]adsp_core1_resume(), done elapse 0 us
03-23 00:10:48.459  7480  7480 I         : (6)[7480:HwBinder:7474_2][IPI][DMA] audio_ipi_dma_alloc_region(), task 26, a2d sz 0x20000, offset 0x5e00, d2a sz 0x18000, offset 0x25e00, (795136/1024512)
03-23 00:10:48.459  7480  7480 I         : (6)[7480:HwBinder:7474_2]adsp_core0_resume(), done elapse 0 us
03-23 00:10:48.459  7480  7480 I         : (6)[7480:HwBinder:7474_2]adsp_core1_resume(), done elapse 0 us
03-23 00:10:48.459  7480  7480 I         : (6)[7480:HwBinder:7474_2][IPI][DMA] audio_ipi_dma_alloc_region(), task 27, a2d sz 0x20000, offset 0x5e00, d2a sz 0x18000, offset 0x25e00, (795136/1024512)
03-23 00:10:48.459  7480  7480 I         : (6)[7480:HwBinder:7474_2]adsp_core0_resume(), done elapse 0 us
03-23 00:10:48.459  7480  7480 I         : (6)[7480:HwBinder:7474_2]adsp_core1_resume(), done elapse 0 us
03-23 00:10:48.463  7480  7480 I         : (6)[7480:HwBinder:7474_2]cs35l41_rcv_switch_pinctrl() fast_switch_file_idx 2
03-23 00:10:48.463  7480  7480 I         : (6)[7480:HwBinder:7474_2]cs35l41_rcv_switch_pinctrl() cs35l41_rcv_switch_pinctrl end
03-23 00:10:48.464  7480  7480 I (6)[7480:HwBinder:7474_2]mt6885-audio 11210000.mt6885-afe-pcm: mt6885_i2s_hd_set(), kcontrol name I2S0_HD_Mux, hd_en 0
03-23 00:10:48.464  7480  7480 I (6)[7480:HwBinder:7474_2]mt6885-audio 11210000.mt6885-afe-pcm: mt6885_i2s_hd_set(), kcontrol name I2S3_HD_Mux, hd_en 0
03-23 00:10:48.464  7480  7480 I (6)[7480:HwBinder:7474_2]mt6885-audio 11210000.mt6885-afe-pcm: mt6885_i2s_hd_set(), kcontrol name I2S0_HD_Mux, hd_en 0
03-23 00:10:48.465  7480  7480 I (6)[7480:HwBinder:7474_2]mt6885-audio 11210000.mt6885-afe-pcm: mt6885_record_xrun_assert_set(), xrun_assert 0
03-23 00:10:48.466   346   346 I (7)[346:kworker/7:3][bq27z561] fg_update_status: SOC:100,Volt:4341,Cur:-207,Temp:321,RM:4150,FC:4270,FAST:0,ST:3,NAME:bq27z561
03-23 00:10:48.466   346   346 E (7)[346:kworker/7:3][USBPD-PM]: usbpd_psy_notifier_cb: usbpd_psy_notifier_cb enter
03-23 00:10:48.467   364   364 E (7)[364:kworker/7:4][USBPD-PM]: usbpd_psy_notifier_cb: usbpd_psy_notifier_cb enter
03-23 00:10:48.468   364   364 I (7)[364:kworker/7:4]charger_psy_event: 0 battery tmp:32 31 chr:1
03-23 00:10:48.468   117   117 I         : (5)[117:pd_dbg_info]///PD dbg info 126d
03-23 00:10:48.468   117   117 I (5)[117:pd_dbg_info]<   93.489>TCPC-TCPC: bat_update_work_func battery update soc = 100
03-23 00:10:48.468     0     0 I <   93.489>TCPC-TCPC: bat_update_work_func Battery Charging
03-23 00:10:48.476   948   948 I (7)[948:android.hardwar]nchg: capacity:100, data->night_chg_flag:0, pre_night_chg_flag:0, input_suspend:0
03-23 00:10:48.476     0     0 I , fcc   : 9800000
03-23 00:10:48.484   948   948 W (7)[948:android.hardwar]healthd: battery l=100 v=4341 t=32.1 h=2 st=2 c=-207000 fc=4270000 cc=399 chg=u
03-23 00:10:48.486  7480  7480 I         : (6)[7480:HwBinder:7474_2]usip_ioctl(), cmd 0xc00844f0, arg 4131694704, memory_size = 393216 addr_phy = 0x6e900000
03-23 00:10:48.486  7480  7480 I         : (6)[7480:HwBinder:7474_2]usip_mmap_data(), memory ready 1, size 393216, align_bytes 393216
03-23 00:10:48.487  7480  7480 I         : (6)[7480:HwBinder:7474_2]usip_ioctl(), cmd 0xc00844f1, arg 4115415288, memory_size = 393216 addr_phy = 0x6e900000
03-23 00:10:48.488  7480  7480 I (6)[7480:HwBinder:7474_2]mt6359-sound mt6359_snd: audio_vow_periodic_parm_set(), size = 128
03-23 00:10:48.488  7480  7480 I (6)[7480:HwBinder:7474_2]mt6359-sound mt6359_snd: audio_vow_cfg_get(), Audio VOWCFG4 Data = 0xf
03-23 00:10:48.488  7480  7480 I (6)[7480:HwBinder:7474_2]mt6359-sound mt6359_snd: audio_vow_cfg_get(), Audio VOWCFG0 Data = 0x0
03-23 00:10:48.488  7480  7480 I (6)[7480:HwBinder:7474_2]mt6359-sound mt6359_snd: audio_vow_cfg_set(), Audio VOWCFG0 Data = 0x0
03-23 00:10:48.488  7480  7480 I (6)[7480:HwBinder:7474_2]mt6359-sound mt6359_snd: audio_vow_cfg_get(), Audio VOWCFG1 Data = 0x0
03-23 00:10:48.488  7480  7480 I (6)[7480:HwBinder:7474_2]mt6359-sound mt6359_snd: audio_vow_cfg_set(), Audio VOWCFG1 Data = 0x0
03-23 00:10:48.488  7480  7480 I (6)[7480:HwBinder:7474_2]mt6359-sound mt6359_snd: audio_vow_cfg_get(), Audio VOWCFG2 Data = 0x4343
03-23 00:10:48.488  7480  7480 I (6)[7480:HwBinder:7474_2]mt6359-sound mt6359_snd: audio_vow_cfg_set(), Audio VOWCFG2 Data = 0x4343
03-23 00:10:48.488  7480  7480 I (6)[7480:HwBinder:7474_2]mt6359-sound mt6359_snd: audio_vow_cfg_get(), Audio VOWCFG3 Data = 0xa768
03-23 00:10:48.488  7480  7480 I (6)[7480:HwBinder:7474_2]mt6359-sound mt6359_snd: audio_vow_cfg_set(), Audio VOWCFG3 Data = 0xa768
03-23 00:10:48.488  7480  7480 I (6)[7480:HwBinder:7474_2]mt6359-sound mt6359_snd: audio_vow_cfg_get(), Audio VOWCFG4 Data = 0xf
03-23 00:10:48.488  7480  7480 I (6)[7480:HwBinder:7474_2]mt6359-sound mt6359_snd: audio_vow_cfg_set(), Audio VOWCFG4 Data = 0xf
03-23 00:10:48.488  7480  7480 I (6)[7480:HwBinder:7474_2]mt6359-sound mt6359_snd: audio_vow_cfg_get(), Audio VOWCFG5 Data = 0x1
03-23 00:10:48.488  7480  7480 I (6)[7480:HwBinder:7474_2]mt6359-sound mt6359_snd: audio_vow_cfg_set(), Audio VOWCFG5 Data = 0x1
03-23 00:10:48.488  7480  7480 I (6)[7480:HwBinder:7474_2]mt6359-sound mt6359_snd: audio_vow_cfg_get(), Audio_VOW_Periodic = 0x0
03-23 00:10:48.488  7480  7480 I (6)[7480:HwBinder:7474_2]mt6359-sound mt6359_snd: audio_vow_cfg_set(), Audio_VOW_Periodic = 0x0
03-23 00:10:48.492   948   948 W (5)[948:android.hardwar]healthd: battery l=100 v=4341 t=32.1 h=2 st=2 c=-207000 fc=4270000 cc=399 chg=u
03-23 00:10:48.493  7480  7480 I         : (6)[7480:HwBinder:7474_2]mtk_scp_ultra_engine_state_set() new state=4, memdl=7, memul=15
03-23 00:10:48.495  7528  7528 I (5)[7528:HwBinder:7474_2]speaker_amp 7-0040: cal_z = 10013
03-23 00:10:48.495  7528  7528 I (5)[7528:HwBinder:7474_2]speaker_amp 7-0042: cal_z = 9528
03-23 00:10:48.498   586   586 I (0)[586:servicemanager]: Caller(pid=7494,uid=1041,sid=u:r:audioserver:s0) Could not find android.hardware.audio.effect.IFactory/default in the VINTF manifest. No alternative instances declared in VINTF.
03-23 00:10:48.499    50    50 I (7)[50:kworker/7:1][bq27z561] fg_update_charge_full: raw:9718,done:0,pmic_done:0,full:0,health:1
03-23 00:10:48.499   586   586 I (6)[586:servicemanager]: Caller(pid=7494,uid=1041,sid=u:r:audioserver:s0) Could not find android.hardware.audio.core.IModule/default in the VINTF manifest. No alternative instances declared in VINTF.
03-23 00:10:48.499    50    50 I (7)[50:kworker/7:1][bq27z561] fg_update_charge_full: battery_main.CHG_FULL_STATUS:0
03-23 00:10:48.508   586   586 I (6)[586:servicemanager]: Caller(pid=7494,uid=1041,sid=u:r:audioserver:s0) Found android.system.suspend.ISystemSuspend/default in framework VINTF manifest.
03-23 00:10:48.554  7533  7533 I         : (6)[7533:VcodecProcess][DPE]DPE open g_u4EnableClockCount: 1
03-23 00:10:48.554  7533  7533 I         : (6)[7533:VcodecProcess][DPE]g_dpewb_dvme_int_Buffer_pa(0xffd12000), g_dpewb_cost_int_Buffer_pa(0xffd5d000), g_dpewb_asfrm_Buffer_pa(0xffda8000), g_dpewb_asfrmext_Buffer_pa(0xffdf3000), g_dpewb_wmfhf_Buffer_pa(0xffe3e000)
03-23 00:10:48.554  7533  7533 E (6)[7533:VcodecProcess][MTK_V4L2][ERROR] mtk_vdec_s_ctrl: 2780: ctrl-id=99200e not support!
03-23 00:10:48.554  7533  7533 I         : (6)[7533:VcodecProcess][MTK_V4L2] level=0 fops_vcodec_open(),117: decoder capability 10
03-23 00:10:48.554  7533  7533 I         : (6)[7533:VcodecProcess][MTK_V4L2] level=0 fops_vcodec_open(),125: 1602f000.vdec decoder [266]
03-23 00:10:48.554  7533  7533 I         : (6)[7533:VcodecProcess][DPE]Curr UsrCnt(0), (process, pid, tgid)=(VcodecProcess, 7533, 3253), last user
03-23 00:10:48.554  7533  7533 I         : (5)[7533:VcodecProcess][DPE]DPE release g_u4EnableClockCount: 0
03-23 00:10:48.556  7533  7533 I         : (5)[7533:VcodecProcess][MTK_V4L2] level=0 fops_vcodec_release(),148: [266] decoder
03-23 00:10:48.558  7535  7535 I         : (5)[7535:VcodecProcess][DPE]DPE open g_u4EnableClockCount: 1
03-23 00:10:48.558  7535  7535 I         : (5)[7535:VcodecProcess][DPE]g_dpewb_dvme_int_Buffer_pa(0xffd12000), g_dpewb_cost_int_Buffer_pa(0xffd5d000), g_dpewb_asfrm_Buffer_pa(0xffda8000), g_dpewb_asfrmext_Buffer_pa(0xffdf3000), g_dpewb_wmfhf_Buffer_pa(0xffe3e000)
03-23 00:10:48.558  7535  7535 E (5)[7535:VcodecProcess][MTK_V4L2][ERROR] mtk_vdec_s_ctrl: 2780: ctrl-id=99200e not support!
03-23 00:10:48.558  7535  7535 I         : (5)[7535:VcodecProcess][MTK_V4L2] level=0 fops_vcodec_open(),117: decoder capability 10
03-23 00:10:48.558  7535  7535 I         : (5)[7535:VcodecProcess][MTK_V4L2] level=0 fops_vcodec_open(),125: 1602f000.vdec decoder [267]
03-23 00:10:48.558  7535  7535 I         : (5)[7535:VcodecProcess][DPE]Curr UsrCnt(0), (process, pid, tgid)=(VcodecProcess, 7535, 3253), last user
03-23 00:10:48.558  7535  7535 I         : (5)[7535:VcodecProcess][DPE]DPE release g_u4EnableClockCount: 0
03-23 00:10:48.561  7535  7535 I         : (5)[7535:VcodecProcess][MTK_V4L2] level=0 fops_vcodec_release(),148: [267] decoder
03-23 00:10:48.562  7537  7537 I (5)[7537:main]KernelSU: handle_setresuid from 0 to 0
03-23 00:10:48.563  7538  7538 I         : (5)[7538:VcodecProcess][DPE]DPE open g_u4EnableClockCount: 1
03-23 00:10:48.563  7538  7538 I         : (5)[7538:VcodecProcess][DPE]g_dpewb_dvme_int_Buffer_pa(0xffd12000), g_dpewb_cost_int_Buffer_pa(0xffd5d000), g_dpewb_asfrm_Buffer_pa(0xffda8000), g_dpewb_asfrmext_Buffer_pa(0xffdf3000), g_dpewb_wmfhf_Buffer_pa(0xffe3e000)
03-23 00:10:48.563  7538  7538 E (5)[7538:VcodecProcess][MTK_V4L2][ERROR] mtk_vdec_s_ctrl: 2780: ctrl-id=99200e not support!
03-23 00:10:48.563  7538  7538 I         : (5)[7538:VcodecProcess][MTK_V4L2] level=0 fops_vcodec_open(),117: decoder capability 10
03-23 00:10:48.563  7538  7538 I         : (5)[7538:VcodecProcess][MTK_V4L2] level=0 fops_vcodec_open(),125: 1602f000.vdec decoder [268]
03-23 00:10:48.563  7538  7538 I         : (5)[7538:VcodecProcess][DPE]Curr UsrCnt(0), (process, pid, tgid)=(VcodecProcess, 7538, 3253), last user
03-23 00:10:48.564  7538  7538 I         : (5)[7538:VcodecProcess][DPE]DPE release g_u4EnableClockCount: 0
03-23 00:10:48.565  7538  7538 I         : (5)[7538:VcodecProcess][MTK_V4L2] level=0 fops_vcodec_release(),148: [268] decoder
03-23 00:10:48.567  7540  7540 I         : (6)[7540:VcodecProcess][DPE]DPE open g_u4EnableClockCount: 1
03-23 00:10:48.567  7540  7540 I         : (6)[7540:VcodecProcess][DPE]g_dpewb_dvme_int_Buffer_pa(0xffd12000), g_dpewb_cost_int_Buffer_pa(0xffd5d000), g_dpewb_asfrm_Buffer_pa(0xffda8000), g_dpewb_asfrmext_Buffer_pa(0xffdf3000), g_dpewb_wmfhf_Buffer_pa(0xffe3e000)
03-23 00:10:48.567  7540  7540 E (6)[7540:VcodecProcess][MTK_V4L2][ERROR] mtk_vdec_s_ctrl: 2780: ctrl-id=99200e not support!
03-23 00:10:48.567  7540  7540 I         : (6)[7540:VcodecProcess][MTK_V4L2] level=0 fops_vcodec_open(),117: decoder capability 10
03-23 00:10:48.567  7540  7540 I         : (6)[7540:VcodecProcess][MTK_V4L2] level=0 fops_vcodec_open(),125: 1602f000.vdec decoder [269]
03-23 00:10:48.567  7540  7540 I         : (6)[7540:VcodecProcess][DPE]Curr UsrCnt(0), (process, pid, tgid)=(VcodecProcess, 7540, 3253), last user
03-23 00:10:48.568  7540  7540 I         : (6)[7540:VcodecProcess][DPE]DPE release g_u4EnableClockCount: 0
03-23 00:10:48.569  7540  7540 I         : (6)[7540:VcodecProcess][MTK_V4L2] level=0 fops_vcodec_release(),148: [269] decoder
03-23 00:10:48.572  7542  7542 I         : (6)[7542:VcodecProcess][DPE]DPE open g_u4EnableClockCount: 1
03-23 00:10:48.572  7542  7542 I         : (6)[7542:VcodecProcess][DPE]g_dpewb_dvme_int_Buffer_pa(0xffd12000), g_dpewb_cost_int_Buffer_pa(0xffd5d000), g_dpewb_asfrm_Buffer_pa(0xffda8000), g_dpewb_asfrmext_Buffer_pa(0xffdf3000), g_dpewb_wmfhf_Buffer_pa(0xffe3e000)
03-23 00:10:48.572  7542  7542 E (6)[7542:VcodecProcess][MTK_V4L2][ERROR] mtk_vdec_s_ctrl: 2780: ctrl-id=99200e not support!
03-23 00:10:48.572  7542  7542 I         : (6)[7542:VcodecProcess][MTK_V4L2] level=0 fops_vcodec_open(),117: decoder capability 10
03-23 00:10:48.572  7542  7542 I         : (6)[7542:VcodecProcess][MTK_V4L2] level=0 fops_vcodec_open(),125: 1602f000.vdec decoder [270]
03-23 00:10:48.572  7542  7542 I         : (6)[7542:VcodecProcess][DPE]Curr UsrCnt(0), (process, pid, tgid)=(VcodecProcess, 7542, 3253), last user
03-23 00:10:48.572  7542  7542 I         : (6)[7542:VcodecProcess][DPE]DPE release g_u4EnableClockCount: 0
03-23 00:10:48.572  7542  7542 I         : (6)[7542:VcodecProcess][MTK_V4L2] level=0 vidioc_venc_s_ctrl(),257: [79] V4L2_CID_MPEG_MTK_SEC_ENCODE id 10035217 val 0 array[0] 0 array[1] 0
03-23 00:10:48.572  7542  7542 I         : (6)[7542:VcodecProcess][MTK_V4L2] level=0 vidioc_venc_s_ctrl(),466: V4L2_CID_MPEG_VIDEO_ENABLE_TSVC layer: 0, type: 0
03-23 00:10:48.572  7542  7542 E (6)[7542:VcodecProcess][MTK_V4L2][ERROR] vidioc_venc_s_ctrl: 538: ctrl-id=10035243 not support!
03-23 00:10:48.572  7542  7542 I         : (6)[7542:VcodecProcess][MTK_V4L2] level=0 fops_vcodec_open(),112: encoder capability 0
03-23 00:10:48.572  7542  7542 I         : (6)[7542:VcodecProcess][MTK_V4L2] level=0 fops_vcodec_open(),123: 17020000.venc encoder [79]
03-23 00:10:48.572  7542  7542 I         : (6)[7542:VcodecProcess][MTK_V4L2] level=0 fops_vcodec_release(),148: [270] decoder
03-23 00:10:48.574  7542  7542 I         : (5)[7542:VcodecProcess][MTK_V4L2] level=0 fops_vcodec_release(),146: [79] encoder
03-23 00:10:48.576   425   425 I (7)[425:charger_thread]Vbat=4293,Ibat=-207000,I=0,VChr=5081,T=32,Soc=-1: 50,CT:1:1 hv:1 pd:5:0
03-23 00:10:48.576   425   425 I (7)[425:charger_thread]mtk_charger_start_timer: alarm timer start:1, 103 591275774
03-23 00:10:48.578  7544  7544 I         : (6)[7544:VcodecProcess][DPE]DPE open g_u4EnableClockCount: 1
03-23 00:10:48.578  7544  7544 I         : (6)[7544:VcodecProcess][DPE]g_dpewb_dvme_int_Buffer_pa(0xffd12000), g_dpewb_cost_int_Buffer_pa(0xffd5d000), g_dpewb_asfrm_Buffer_pa(0xffda8000), g_dpewb_asfrmext_Buffer_pa(0xffdf3000), g_dpewb_wmfhf_Buffer_pa(0xffe3e000)
03-23 00:10:48.578  7544  7544 E (6)[7544:VcodecProcess][MTK_V4L2][ERROR] mtk_vdec_s_ctrl: 2780: ctrl-id=99200e not support!
03-23 00:10:48.578  7544  7544 I         : (6)[7544:VcodecProcess][MTK_V4L2] level=0 fops_vcodec_open(),117: decoder capability 10
03-23 00:10:48.578  7544  7544 I         : (6)[7544:VcodecProcess][MTK_V4L2] level=0 fops_vcodec_open(),125: 1602f000.vdec decoder [271]
03-23 00:10:48.578  7544  7544 I         : (6)[7544:VcodecProcess][DPE]Curr UsrCnt(0), (process, pid, tgid)=(VcodecProcess, 7544, 3253), last user
03-23 00:10:48.578  7544  7544 I         : (6)[7544:VcodecProcess][DPE]DPE release g_u4EnableClockCount: 0
03-23 00:10:48.578  7544  7544 I         : (6)[7544:VcodecProcess][MTK_V4L2] level=0 vidioc_venc_s_ctrl(),257: [80] V4L2_CID_MPEG_MTK_SEC_ENCODE id 10035217 val 0 array[0] 0 array[1] 0
03-23 00:10:48.578  7544  7544 I         : (6)[7544:VcodecProcess][MTK_V4L2] level=0 vidioc_venc_s_ctrl(),466: V4L2_CID_MPEG_VIDEO_ENABLE_TSVC layer: 0, type: 0
03-23 00:10:48.578  7544  7544 E (6)[7544:VcodecProcess][MTK_V4L2][ERROR] vidioc_venc_s_ctrl: 538: ctrl-id=10035243 not support!
03-23 00:10:48.578  7544  7544 I         : (6)[7544:VcodecProcess][MTK_V4L2] level=0 fops_vcodec_open(),112: encoder capability 0
03-23 00:10:48.578  7544  7544 I         : (6)[7544:VcodecProcess][MTK_V4L2] level=0 fops_vcodec_open(),123: 17020000.venc encoder [80]
03-23 00:10:48.578  7544  7544 I         : (6)[7544:VcodecProcess][MTK_V4L2] level=0 fops_vcodec_release(),148: [271] decoder
03-23 00:10:48.579  7546  7546 I (6)[7546:main]KernelSU: handle_setresuid from 0 to 0
03-23 00:10:48.579   425   425 I (7)[425:charger_thread]step_chg: vbat=4341000, batt_cyclecnt=399, fcc=9800000.
03-23 00:10:48.580   425   425 I         : (7)[425:charger_thread]fcc[STEPCHG_FCC] = 9600000
03-23 00:10:48.580   425   425 I         : (7)[425:charger_thread]effective_fcc = 9600000
03-23 00:10:48.580   425   425 I         : (7)[425:charger_thread]step_chg cv step STEP_B_TR vbatt = 4341000 , set fcc 9600000
03-23 00:10:48.580   425   425 I         : (7)[425:charger_thread][SW_JEITA] Battery Normal Temperature between 15 and 48 !!
03-23 00:10:48.580  7544  7544 I         : (4)[7544:VcodecProcess][MTK_V4L2] level=0 fops_vcodec_release(),146: [80] encoder
03-23 00:10:48.580   425   425 I         : (7)[425:charger_thread]fcc[JEITA_FCC] = 12400000
03-23 00:10:48.580   425   425 I         : (7)[425:charger_thread]effective_fcc = 9600000
03-23 00:10:48.580   425   425 I (7)[425:charger_thread]do_sw_jeita_state_machine: set jeita current limit success
03-23 00:10:48.580   425   425 E         : (7)[425:charger_thread]not ffc Set ieoc:150000
03-23 00:10:48.581   425   425 I (7)[425:charger_thread][SW_JEITA] batt_vol: 4341000 ffc_cv_hys:30000 info->ffc_cv:4450000
03-23 00:10:48.581   425   425 I (7)[425:charger_thread][SW_JEITA]preState: 5 newState:5 tmp:32 cv:4450000 jeita_current_limit:12400000
03-23 00:10:48.582  7547  7547 I         : (4)[7547:VcodecProcess][DPE]DPE open g_u4EnableClockCount: 1
03-23 00:10:48.582  7547  7547 I         : (4)[7547:VcodecProcess][DPE]g_dpewb_dvme_int_Buffer_pa(0xffd12000), g_dpewb_cost_int_Buffer_pa(0xffd5d000), g_dpewb_asfrm_Buffer_pa(0xffda8000), g_dpewb_asfrmext_Buffer_pa(0xffdf3000), g_dpewb_wmfhf_Buffer_pa(0xffe3e000)
03-23 00:10:48.582  7547  7547 E (4)[7547:VcodecProcess][MTK_V4L2][ERROR] mtk_vdec_s_ctrl: 2780: ctrl-id=99200e not support!
03-23 00:10:48.582  7547  7547 I         : (4)[7547:VcodecProcess][MTK_V4L2] level=0 fops_vcodec_open(),117: decoder capability 10
03-23 00:10:48.582  7547  7547 I         : (4)[7547:VcodecProcess][MTK_V4L2] level=0 fops_vcodec_open(),125: 1602f000.vdec decoder [272]
03-23 00:10:48.582  7547  7547 I         : (4)[7547:VcodecProcess][DPE]Curr UsrCnt(0), (process, pid, tgid)=(VcodecProcess, 7547, 3253), last user
03-23 00:10:48.582  7547  7547 I         : (6)[7547:VcodecProcess][DPE]DPE release g_u4EnableClockCount: 0
03-23 00:10:48.583  7547  7547 I         : (6)[7547:VcodecProcess][MTK_V4L2] level=0 fops_vcodec_release(),148: [272] decoder
03-23 00:10:48.585  7549  7549 I         : (6)[7549:VcodecProcess][DPE]DPE open g_u4EnableClockCount: 1
03-23 00:10:48.585  7549  7549 I         : (6)[7549:VcodecProcess][DPE]g_dpewb_dvme_int_Buffer_pa(0xffd12000), g_dpewb_cost_int_Buffer_pa(0xffd5d000), g_dpewb_asfrm_Buffer_pa(0xffda8000), g_dpewb_asfrmext_Buffer_pa(0xffdf3000), g_dpewb_wmfhf_Buffer_pa(0xffe3e000)
03-23 00:10:48.585  7549  7549 E (6)[7549:VcodecProcess][MTK_V4L2][ERROR] mtk_vdec_s_ctrl: 2780: ctrl-id=99200e not support!
03-23 00:10:48.585  7549  7549 I         : (6)[7549:VcodecProcess][MTK_V4L2] level=0 fops_vcodec_open(),117: decoder capability 10
03-23 00:10:48.585  7549  7549 I         : (6)[7549:VcodecProcess][MTK_V4L2] level=0 fops_vcodec_open(),125: 1602f000.vdec decoder [273]
03-23 00:10:48.585  7549  7549 I         : (6)[7549:VcodecProcess][DPE]Curr UsrCnt(0), (process, pid, tgid)=(VcodecProcess, 7549, 3253), last user
03-23 00:10:48.585  7549  7549 I         : (6)[7549:VcodecProcess][DPE]DPE release g_u4EnableClockCount: 0
03-23 00:10:48.585  7549  7549 I         : (6)[7549:VcodecProcess][MTK_V4L2] level=0 vidioc_venc_s_ctrl(),257: [81] V4L2_CID_MPEG_MTK_SEC_ENCODE id 10035217 val 0 array[0] 0 array[1] 0
03-23 00:10:48.585  7549  7549 I         : (6)[7549:VcodecProcess][MTK_V4L2] level=0 vidioc_venc_s_ctrl(),466: V4L2_CID_MPEG_VIDEO_ENABLE_TSVC layer: 0, type: 0
03-23 00:10:48.585  7549  7549 E (6)[7549:VcodecProcess][MTK_V4L2][ERROR] vidioc_venc_s_ctrl: 538: ctrl-id=10035243 not support!
03-23 00:10:48.585  7549  7549 I         : (6)[7549:VcodecProcess][MTK_V4L2] level=0 fops_vcodec_open(),112: encoder capability 0
03-23 00:10:48.585  7549  7549 I         : (6)[7549:VcodecProcess][MTK_V4L2] level=0 fops_vcodec_open(),123: 17020000.venc encoder [81]
03-23 00:10:48.585  7549  7549 I         : (6)[7549:VcodecProcess][MTK_V4L2] level=0 fops_vcodec_release(),148: [273] decoder
03-23 00:10:48.587  7549  7549 I         : (4)[7549:VcodecProcess][MTK_V4L2] level=0 fops_vcodec_release(),146: [81] encoder
03-23 00:10:48.589  7551  7551 I         : (6)[7551:VcodecProcess][DPE]DPE open g_u4EnableClockCount: 1
03-23 00:10:48.589  7551  7551 I         : (6)[7551:VcodecProcess][DPE]g_dpewb_dvme_int_Buffer_pa(0xffd12000), g_dpewb_cost_int_Buffer_pa(0xffd5d000), g_dpewb_asfrm_Buffer_pa(0xffda8000), g_dpewb_asfrmext_Buffer_pa(0xffdf3000), g_dpewb_wmfhf_Buffer_pa(0xffe3e000)
03-23 00:10:48.589  7551  7551 E (6)[7551:VcodecProcess][MTK_V4L2][ERROR] mtk_vdec_s_ctrl: 2780: ctrl-id=99200e not support!
03-23 00:10:48.589  7551  7551 I         : (6)[7551:VcodecProcess][MTK_V4L2] level=0 fops_vcodec_open(),117: decoder capability 10
03-23 00:10:48.589  7551  7551 I         : (6)[7551:VcodecProcess][MTK_V4L2] level=0 fops_vcodec_open(),125: 1602f000.vdec decoder [274]
03-23 00:10:48.589  7551  7551 I         : (6)[7551:VcodecProcess][DPE]Curr UsrCnt(0), (process, pid, tgid)=(VcodecProcess, 7551, 3253), last user
03-23 00:10:48.589  7551  7551 I         : (6)[7551:VcodecProcess][DPE]DPE release g_u4EnableClockCount: 0
03-23 00:10:48.592  7551  7551 I         : (6)[7551:VcodecProcess][MTK_V4L2] level=0 fops_vcodec_release(),148: [274] decoder
03-23 00:10:48.594  7553  7553 I         : (4)[7553:VcodecProcess][DPE]DPE open g_u4EnableClockCount: 1
03-23 00:10:48.594  7553  7553 I         : (4)[7553:VcodecProcess][DPE]g_dpewb_dvme_int_Buffer_pa(0xffd12000), g_dpewb_cost_int_Buffer_pa(0xffd5d000), g_dpewb_asfrm_Buffer_pa(0xffda8000), g_dpewb_asfrmext_Buffer_pa(0xffdf3000), g_dpewb_wmfhf_Buffer_pa(0xffe3e000)
03-23 00:10:48.594  7553  7553 E (4)[7553:VcodecProcess][MTK_V4L2][ERROR] mtk_vdec_s_ctrl: 2780: ctrl-id=99200e not support!
03-23 00:10:48.594  7553  7553 I         : (4)[7553:VcodecProcess][MTK_V4L2] level=0 fops_vcodec_open(),117: decoder capability 10
03-23 00:10:48.594  7553  7553 I         : (4)[7553:VcodecProcess][MTK_V4L2] level=0 fops_vcodec_open(),125: 1602f000.vdec decoder [275]
03-23 00:10:48.594  7553  7553 I         : (4)[7553:VcodecProcess][DPE]Curr UsrCnt(0), (process, pid, tgid)=(VcodecProcess, 7553, 3253), last user
03-23 00:10:48.594  7553  7553 I         : (4)[7553:VcodecProcess][DPE]DPE release g_u4EnableClockCount: 0
03-23 00:10:48.594  7553  7553 I         : (4)[7553:VcodecProcess][MTK_V4L2] level=0 vidioc_venc_s_ctrl(),257: [82] V4L2_CID_MPEG_MTK_SEC_ENCODE id 10035217 val 0 array[0] 0 array[1] 0
03-23 00:10:48.594  7553  7553 I         : (4)[7553:VcodecProcess][MTK_V4L2] level=0 vidioc_venc_s_ctrl(),466: V4L2_CID_MPEG_VIDEO_ENABLE_TSVC layer: 0, type: 0
03-23 00:10:48.594  7553  7553 E (4)[7553:VcodecProcess][MTK_V4L2][ERROR] vidioc_venc_s_ctrl: 538: ctrl-id=10035243 not support!
03-23 00:10:48.594  7553  7553 I         : (4)[7553:VcodecProcess][MTK_V4L2] level=0 fops_vcodec_open(),112: encoder capability 0
03-23 00:10:48.594  7553  7553 I         : (4)[7553:VcodecProcess][MTK_V4L2] level=0 fops_vcodec_open(),123: 17020000.venc encoder [82]
03-23 00:10:48.594  7553  7553 I         : (4)[7553:VcodecProcess][MTK_V4L2] level=0 fops_vcodec_release(),148: [275] decoder
03-23 00:10:48.596  7553  7553 I         : (4)[7553:VcodecProcess][MTK_V4L2] level=0 fops_vcodec_release(),146: [82] encoder
03-23 00:10:48.597  7557  7557 I (4)[7557:main]KernelSU: handle_setresuid from 0 to 0
03-23 00:10:48.598  7555  7555 I         : (5)[7555:VcodecProcess][DPE]DPE open g_u4EnableClockCount: 1
03-23 00:10:48.598  7555  7555 I         : (5)[7555:VcodecProcess][DPE]g_dpewb_dvme_int_Buffer_pa(0xffd12000), g_dpewb_cost_int_Buffer_pa(0xffd5d000), g_dpewb_asfrm_Buffer_pa(0xffda8000), g_dpewb_asfrmext_Buffer_pa(0xffdf3000), g_dpewb_wmfhf_Buffer_pa(0xffe3e000)
03-23 00:10:48.598  7555  7555 E (5)[7555:VcodecProcess][MTK_V4L2][ERROR] mtk_vdec_s_ctrl: 2780: ctrl-id=99200e not support!
03-23 00:10:48.598  7555  7555 I         : (5)[7555:VcodecProcess][MTK_V4L2] level=0 fops_vcodec_open(),117: decoder capability 10
03-23 00:10:48.598  7555  7555 I         : (5)[7555:VcodecProcess][MTK_V4L2] level=0 fops_vcodec_open(),125: 1602f000.vdec decoder [276]
03-23 00:10:48.598  7555  7555 I         : (5)[7555:VcodecProcess][DPE]Curr UsrCnt(0), (process, pid, tgid)=(VcodecProcess, 7555, 3253), last user
03-23 00:10:48.598  7555  7555 I         : (5)[7555:VcodecProcess][DPE]DPE release g_u4EnableClockCount: 0
03-23 00:10:48.600  7555  7555 I         : (5)[7555:VcodecProcess][MTK_V4L2] level=0 fops_vcodec_release(),148: [276] decoder
03-23 00:10:48.602  7558  7558 I         : (0)[7558:VcodecProcess][DPE]DPE open g_u4EnableClockCount: 1
03-23 00:10:48.602  7558  7558 I         : (0)[7558:VcodecProcess][DPE]g_dpewb_dvme_int_Buffer_pa(0xffd12000), g_dpewb_cost_int_Buffer_pa(0xffd5d000), g_dpewb_asfrm_Buffer_pa(0xffda8000), g_dpewb_asfrmext_Buffer_pa(0xffdf3000), g_dpewb_wmfhf_Buffer_pa(0xffe3e000)
03-23 00:10:48.602  7558  7558 E (0)[7558:VcodecProcess][MTK_V4L2][ERROR] mtk_vdec_s_ctrl: 2780: ctrl-id=99200e not support!
03-23 00:10:48.602  7558  7558 I         : (0)[7558:VcodecProcess][MTK_V4L2] level=0 fops_vcodec_open(),117: decoder capability 10
03-23 00:10:48.603  7558  7558 I         : (0)[7558:VcodecProcess][MTK_V4L2] level=0 fops_vcodec_open(),125: 1602f000.vdec decoder [277]
03-23 00:10:48.603  7558  7558 I         : (0)[7558:VcodecProcess][DPE]Curr UsrCnt(0), (process, pid, tgid)=(VcodecProcess, 7558, 3253), last user
03-23 00:10:48.603  7558  7558 I         : (2)[7558:VcodecProcess][DPE]DPE release g_u4EnableClockCount: 0
03-23 00:10:48.605  7558  7558 I         : (2)[7558:VcodecProcess][MTK_V4L2] level=0 fops_vcodec_release(),148: [277] decoder
03-23 00:10:48.607  7562  7562 I         : (4)[7562:VcodecProcess][DPE]DPE open g_u4EnableClockCount: 1
03-23 00:10:48.607  7562  7562 I         : (4)[7562:VcodecProcess][DPE]g_dpewb_dvme_int_Buffer_pa(0xffd12000), g_dpewb_cost_int_Buffer_pa(0xffd5d000), g_dpewb_asfrm_Buffer_pa(0xffda8000), g_dpewb_asfrmext_Buffer_pa(0xffdf3000), g_dpewb_wmfhf_Buffer_pa(0xffe3e000)
03-23 00:10:48.607  7562  7562 E (4)[7562:VcodecProcess][MTK_V4L2][ERROR] mtk_vdec_s_ctrl: 2780: ctrl-id=99200e not support!
03-23 00:10:48.607  7562  7562 I         : (4)[7562:VcodecProcess][MTK_V4L2] level=0 fops_vcodec_open(),117: decoder capability 10
03-23 00:10:48.607  7562  7562 I         : (4)[7562:VcodecProcess][MTK_V4L2] level=0 fops_vcodec_open(),125: 1602f000.vdec decoder [278]
03-23 00:10:48.607  7562  7562 I         : (4)[7562:VcodecProcess][DPE]Curr UsrCnt(0), (process, pid, tgid)=(VcodecProcess, 7562, 3253), last user
