03-23 00:09:24.444   119   119 D (5)[119:kworker/u16:2]speaker_amp 7-0042: DSP1: 	Coefficient name: AUDIO_BLK_SIZE
03-23 00:09:24.444   119   119 D (5)[119:kworker/u16:2]speaker_amp 7-0042: DSP1: 	Coefficient flags: 0x5
03-23 00:09:24.444   119   119 D (5)[119:kworker/u16:2]speaker_amp 7-0042: DSP1: 	ALSA control type: 0x4
03-23 00:09:24.444   119   119 D (5)[119:kworker/u16:2]speaker_amp 7-0042: DSP1: 	ALSA control len: 0x4
03-23 00:09:24.444   119   119 D (5)[119:kworker/u16:2]speaker_amp 7-0042: DSP1: 	Coefficient type: 0x5
03-23 00:09:24.444   119   119 D (5)[119:kworker/u16:2]speaker_amp 7-0042: DSP1: 	Coefficient offset: 0x3
03-23 00:09:24.444   119   119 D (5)[119:kworker/u16:2]speaker_amp 7-0042: DSP1: 	Coefficient name: BUILD_JOB_NAME
03-23 00:09:24.444   119   119 D (5)[119:kworker/u16:2]speaker_amp 7-0042: DSP1: 	Coefficient flags: 0x3
03-23 00:09:24.444   119   119 D (5)[119:kworker/u16:2]speaker_amp 7-0042: DSP1: 	ALSA control type: 0x4
03-23 00:09:24.444   119   119 D (5)[119:kworker/u16:2]speaker_amp 7-0042: DSP1: 	ALSA control len: 0xc
03-23 00:09:24.444   119   119 D (5)[119:kworker/u16:2]speaker_amp 7-0042: DSP1: 	Coefficient type: 0x5
03-23 00:09:24.444   119   119 D (5)[119:kworker/u16:2]speaker_amp 7-0042: DSP1: 	Coefficient offset: 0x6
03-23 00:09:24.444   119   119 D (5)[119:kworker/u16:2]speaker_amp 7-0042: DSP1: 	Coefficient name: BUILD_JOB_NUMBER
03-23 00:09:24.444   119   119 D (5)[119:kworker/u16:2]speaker_amp 7-0042: DSP1: 	Coefficient flags: 0x3
03-23 00:09:24.444   119   119 D (5)[119:kworker/u16:2]speaker_amp 7-0042: DSP1: 	ALSA control type: 0x4
03-23 00:09:24.444   119   119 D (5)[119:kworker/u16:2]speaker_amp 7-0042: DSP1: 	ALSA control len: 0x4
03-23 00:09:24.444   119   119 D (5)[119:kworker/u16:2]speaker_amp 7-0042: DSP1: 	Coefficient type: 0x5
03-23 00:09:24.444   119   119 D (5)[119:kworker/u16:2]speaker_amp 7-0042: DSP1: 	Coefficient offset: 0x7
03-23 00:09:24.444   119   119 D (5)[119:kworker/u16:2]speaker_amp 7-0042: DSP1: 	Coefficient name: GLOBAL_SAMPLE_RATE_HW
03-23 00:09:24.444   119   119 D (5)[119:kworker/u16:2]speaker_amp 7-0042: DSP1: 	Coefficient flags: 0x5
03-23 00:09:24.444   119   119 D (5)[119:kworker/u16:2]speaker_amp 7-0042: DSP1: 	ALSA control type: 0x4
03-23 00:09:24.444   119   119 D (5)[119:kworker/u16:2]speaker_amp 7-0042: DSP1: 	ALSA control len: 0x4
03-23 00:09:24.444   119   119 D (5)[119:kworker/u16:2]speaker_amp 7-0042: DSP1: 	Coefficient type: 0x5
03-23 00:09:24.444   119   119 D (5)[119:kworker/u16:2]speaker_amp 7-0042: DSP1: 	Coefficient offset: 0x8
03-23 00:09:24.444   119   119 D (5)[119:kworker/u16:2]speaker_amp 7-0042: DSP1: 	Coefficient name: MULTIRATE_NUMBER_BANDS
03-23 00:09:24.444   119   119 D (5)[119:kworker/u16:2]speaker_amp 7-0042: DSP1: 	Coefficient flags: 0x5
03-23 00:09:24.444   119   119 D (5)[119:kworker/u16:2]speaker_amp 7-0042: DSP1: 	ALSA control type: 0x4
03-23 00:09:24.444   119   119 D (5)[119:kworker/u16:2]speaker_amp 7-0042: DSP1: 	ALSA control len: 0x4
03-23 00:09:24.444   119   119 D (5)[119:kworker/u16:2]speaker_amp 7-0042: DSP1: 	Coefficient type: 0x5
03-23 00:09:24.444   119   119 D (5)[119:kworker/u16:2]speaker_amp 7-0042: DSP1: 	Coefficient offset: 0x9
03-23 00:09:24.444   119   119 D (5)[119:kworker/u16:2]speaker_amp 7-0042: DSP1: 	Coefficient name: FIRMWARE_STATE
03-23 00:09:24.444   119   119 D (5)[119:kworker/u16:2]speaker_amp 7-0042: DSP1: 	Coefficient flags: 0x3
03-23 00:09:24.444   119   119 D (5)[119:kworker/u16:2]speaker_amp 7-0042: DSP1: 	ALSA control type: 0x4
03-23 00:09:24.444   119   119 D (5)[119:kworker/u16:2]speaker_amp 7-0042: DSP1: 	ALSA control len: 0x4
03-23 00:09:24.444   119   119 D (5)[119:kworker/u16:2]speaker_amp 7-0042: DSP1: 	Coefficient type: 0x5
03-23 00:09:24.444   119   119 D (5)[119:kworker/u16:2]speaker_amp 7-0042: DSP1: 	Coefficient offset: 0xa
03-23 00:09:24.444   119   119 D (5)[119:kworker/u16:2]speaker_amp 7-0042: DSP1: 	Coefficient name: EVENT_TIMEOUT
03-23 00:09:24.444   119   119 D (5)[119:kworker/u16:2]speaker_amp 7-0042: DSP1: 	Coefficient flags: 0x3
03-23 00:09:24.444   119   119 D (5)[119:kworker/u16:2]speaker_amp 7-0042: DSP1: 	ALSA control type: 0x4
03-23 00:09:24.444   119   119 D (5)[119:kworker/u16:2]speaker_amp 7-0042: DSP1: 	ALSA control len: 0x4
03-23 00:09:24.444   119   119 D (5)[119:kworker/u16:2]speaker_amp 7-0042: DSP1: 	Coefficient type: 0x5
03-23 00:09:24.444   119   119 D (5)[119:kworker/u16:2]speaker_amp 7-0042: DSP1: 	Coefficient offset: 0xb
03-23 00:09:24.444   119   119 D (5)[119:kworker/u16:2]speaker_amp 7-0042: DSP1: 	Coefficient name: DC_OFFSET_HOLD_TIME
03-23 00:09:24.444   119   119 D (5)[119:kworker/u16:2]speaker_amp 7-0042: DSP1: 	Coefficient flags: 0x3
03-23 00:09:24.444   119   119 D (5)[119:kworker/u16:2]speaker_amp 7-0042: DSP1: 	ALSA control type: 0x4
03-23 00:09:24.444   119   119 D (5)[119:kworker/u16:2]speaker_amp 7-0042: DSP1: 	ALSA control len: 0x4
03-23 00:09:24.444   119   119 D (5)[119:kworker/u16:2]speaker_amp 7-0042: DSP1: 	Coefficient type: 0x5
03-23 00:09:24.444   119   119 D (5)[119:kworker/u16:2]speaker_amp 7-0042: DSP1: 	Coefficient offset: 0xc
03-23 00:09:24.444   119   119 D (5)[119:kworker/u16:2]speaker_amp 7-0042: DSP1: 	Coefficient name: ENABLE_FULL_US_BYPASS
03-23 00:09:24.444   119   119 D (5)[119:kworker/u16:2]speaker_amp 7-0042: DSP1: 	Coefficient flags: 0x3
03-23 00:09:24.444   119   119 D (5)[119:kworker/u16:2]speaker_amp 7-0042: DSP1: 	ALSA control type: 0x4
03-23 00:09:24.444   119   119 D (5)[119:kworker/u16:2]speaker_amp 7-0042: DSP1: 	ALSA control len: 0x4
03-23 00:09:24.444   119   119 D (5)[119:kworker/u16:2]speaker_amp 7-0042: DSP1: cs35l41-dsp1-spk-prot.wmfw.8: 876 bytes at 0 in Algorithm
03-23 00:09:24.444   119   119 D (5)[119:kworker/u16:2]speaker_amp 7-0042: DSP1: Algorithm ID: 0xcd
03-23 00:09:24.444   119   119 D (5)[119:kworker/u16:2]speaker_amp 7-0042: DSP1: Algorithm name: CSPL
03-23 00:09:24.444   119   119 D (5)[119:kworker/u16:2]speaker_amp 7-0042: DSP1: # of coefficient descriptors: 0x22
03-23 00:09:24.444   119   119 D (5)[119:kworker/u16:2]speaker_amp 7-0042: DSP1: 	Coefficient type: 0x5
03-23 00:09:24.444   119   119 D (5)[119:kworker/u16:2]speaker_amp 7-0042: DSP1: 	Coefficient offset: 0x0
03-23 00:09:24.444   119   119 D (5)[119:kworker/u16:2]speaker_amp 7-0042: DSP1: 	Coefficient name: CSPL_ENABLE
03-23 00:09:24.444   119   119 D (5)[119:kworker/u16:2]speaker_amp 7-0042: DSP1: 	Coefficient flags: 0x3
03-23 00:09:24.444   119   119 D (5)[119:kworker/u16:2]speaker_amp 7-0042: DSP1: 	ALSA control type: 0x4
03-23 00:09:24.444   119   119 D (5)[119:kworker/u16:2]speaker_amp 7-0042: DSP1: 	ALSA control len: 0x4
03-23 00:09:24.444   119   119 D (5)[119:kworker/u16:2]speaker_amp 7-0042: DSP1: 	Coefficient type: 0x5
03-23 00:09:24.444   119   119 D (5)[119:kworker/u16:2]speaker_amp 7-0042: DSP1: 	Coefficient offset: 0x1
03-23 00:09:24.444   119   119 D (5)[119:kworker/u16:2]speaker_amp 7-0042: DSP1: 	Coefficient name: CSPL_COMMAND
03-23 00:09:24.444   119   119 D (5)[119:kworker/u16:2]speaker_amp 7-0042: DSP1: 	Coefficient flags: 0x3
03-23 00:09:24.444   119   119 D (5)[119:kworker/u16:2]speaker_amp 7-0042: DSP1: 	ALSA control type: 0x4
03-23 00:09:24.444   119   119 D (5)[119:kworker/u16:2]speaker_amp 7-0042: DSP1: 	ALSA control len: 0x4
03-23 00:09:24.444   119   119 D (5)[119:kworker/u16:2]speaker_amp 7-0042: DSP1: 	Coefficient type: 0x5
03-23 00:09:24.444   119   119 D (5)[119:kworker/u16:2]speaker_amp 7-0042: DSP1: 	Coefficient offset: 0x2
03-23 00:09:24.444  1162  1162 E (4)[1162:camerahalserver][wl2866d_regulator_get_voltage]: [wl2866d-dvdd1][1] voltage read [4b]
03-23 00:09:24.444  1162  1162 E (4)[1162:camerahalserver][wl2866d_write]: Writing 0x64 to 0x03
03-23 00:09:24.444   119   119 D (5)[119:kworker/u16:2]speaker_amp 7-0042: DSP1: 	Coefficient name: CSPL_STATE
03-23 00:09:24.444   119   119 D (5)[119:kworker/u16:2]speaker_amp 7-0042: DSP1: 	Coefficient flags: 0x5
03-23 00:09:24.444   119   119 D (5)[119:kworker/u16:2]speaker_amp 7-0042: DSP1: 	ALSA control type: 0x4
03-23 00:09:24.444   119   119 D (5)[119:kworker/u16:2]speaker_amp 7-0042: DSP1: 	ALSA control len: 0x4
03-23 00:09:24.444   119   119 D (5)[119:kworker/u16:2]speaker_amp 7-0042: DSP1: 	Coefficient type: 0x5
03-23 00:09:24.444   119   119 D (5)[119:kworker/u16:2]speaker_amp 7-0042: DSP1: 	Coefficient offset: 0x3
03-23 00:09:24.444   119   119 D (5)[119:kworker/u16:2]speaker_amp 7-0042: DSP1: 	Coefficient name: CSPL_ERRORNO
03-23 00:09:24.444   119   119 D (5)[119:kworker/u16:2]speaker_amp 7-0042: DSP1: 	Coefficient flags: 0x5
03-23 00:09:24.444   119   119 D (5)[119:kworker/u16:2]speaker_amp 7-0042: DSP1: 	ALSA control type: 0x4
03-23 00:09:24.444   119   119 D (5)[119:kworker/u16:2]speaker_amp 7-0042: DSP1: 	ALSA control len: 0x4
03-23 00:09:24.444   119   119 D (5)[119:kworker/u16:2]speaker_amp 7-0042: DSP1: 	Coefficient type: 0x5
03-23 00:09:24.444   119   119 D (5)[119:kworker/u16:2]speaker_amp 7-0042: DSP1: 	Coefficient offset: 0x4
03-23 00:09:24.444   119   119 D (5)[119:kworker/u16:2]speaker_amp 7-0042: DSP1: 	Coefficient name: CSPL_TEMPERATURE
03-23 00:09:24.444   119   119 D (5)[119:kworker/u16:2]speaker_amp 7-0042: DSP1: 	Coefficient flags: 0x5
03-23 00:09:24.444   119   119 D (5)[119:kworker/u16:2]speaker_amp 7-0042: DSP1: 	ALSA control type: 0x4
03-23 00:09:24.444   119   119 D (5)[119:kworker/u16:2]speaker_amp 7-0042: DSP1: 	ALSA control len: 0x4
03-23 00:09:24.444   119   119 D (5)[119:kworker/u16:2]speaker_amp 7-0042: DSP1: 	Coefficient type: 0x5
03-23 00:09:24.444   119   119 D (5)[119:kworker/u16:2]speaker_amp 7-0042: DSP1: 	Coefficient offset: 0x5
03-23 00:09:24.444   119   119 D (5)[119:kworker/u16:2]speaker_amp 7-0042: DSP1: 	Coefficient name: UPDT_PRMS
03-23 00:09:24.444   119   119 D (5)[119:kworker/u16:2]speaker_amp 7-0042: DSP1: 	Coefficient flags: 0x5
03-23 00:09:24.444   119   119 D (5)[119:kworker/u16:2]speaker_amp 7-0042: DSP1: 	ALSA control type: 0x4
03-23 00:09:24.444   119   119 D (5)[119:kworker/u16:2]speaker_amp 7-0042: DSP1: 	ALSA control len: 0x4
03-23 00:09:24.444   119   119 D (5)[119:kworker/u16:2]speaker_amp 7-0042: DSP1: 	Coefficient type: 0x5
03-23 00:09:24.444   119   119 D (5)[119:kworker/u16:2]speaker_amp 7-0042: DSP1: 	Coefficient offset: 0x6
03-23 00:09:24.444   119   119 D (5)[119:kworker/u16:2]speaker_amp 7-0042: DSP1: 	Coefficient name: CAL_R
03-23 00:09:24.444   119   119 D (5)[119:kworker/u16:2]speaker_amp 7-0042: DSP1: 	Coefficient flags: 0x0
03-23 00:09:24.444   119   119 D (5)[119:kworker/u16:2]speaker_amp 7-0042: DSP1: 	ALSA control type: 0x4
03-23 00:09:24.444   119   119 D (5)[119:kworker/u16:2]speaker_amp 7-0042: DSP1: 	ALSA control len: 0x4
03-23 00:09:24.444   119   119 D (5)[119:kworker/u16:2]speaker_amp 7-0042: DSP1: 	Coefficient type: 0x5
03-23 00:09:24.444   119   119 D (5)[119:kworker/u16:2]speaker_amp 7-0042: DSP1: 	Coefficient offset: 0x7
03-23 00:09:24.444   119   119 D (5)[119:kworker/u16:2]speaker_amp 7-0042: DSP1: 	Coefficient name: CAL_AMBIENT
03-23 00:09:24.444   119   119 D (5)[119:kworker/u16:2]speaker_amp 7-0042: DSP1: 	Coefficient flags: 0x3
03-23 00:09:24.444   119   119 D (5)[119:kworker/u16:2]speaker_amp 7-0042: DSP1: 	ALSA control type: 0x4
03-23 00:09:24.444   119   119 D (5)[119:kworker/u16:2]speaker_amp 7-0042: DSP1: 	ALSA control len: 0x4
03-23 00:09:24.444   119   119 D (5)[119:kworker/u16:2]speaker_amp 7-0042: DSP1: 	Coefficient type: 0x5
03-23 00:09:24.444   119   119 D (5)[119:kworker/u16:2]speaker_amp 7-0042: DSP1: 	Coefficient offset: 0x8
03-23 00:09:24.444   119   119 D (5)[119:kworker/u16:2]speaker_amp 7-0042: DSP1: 	Coefficient name: CAL_STATUS
03-23 00:09:24.444   119   119 D (5)[119:kworker/u16:2]speaker_amp 7-0042: DSP1: 	Coefficient flags: 0x0
03-23 00:09:24.444   119   119 D (5)[119:kworker/u16:2]speaker_amp 7-0042: DSP1: 	ALSA control type: 0x4
03-23 00:09:24.444   119   119 D (5)[119:kworker/u16:2]speaker_amp 7-0042: DSP1: 	ALSA control len: 0x4
03-23 00:09:24.444   119   119 D (5)[119:kworker/u16:2]speaker_amp 7-0042: DSP1: 	Coefficient type: 0x5
03-23 00:09:24.444   119   119 D (5)[119:kworker/u16:2]speaker_amp 7-0042: DSP1: 	Coefficient offset: 0x9
03-23 00:09:24.444   119   119 D (5)[119:kworker/u16:2]speaker_amp 7-0042: DSP1: 	Coefficient name: CAL_CHECKSUM
03-23 00:09:24.444   119   119 D (5)[119:kworker/u16:2]speaker_amp 7-0042: DSP1: 	Coefficient flags: 0x0
03-23 00:09:24.444   119   119 D (5)[119:kworker/u16:2]speaker_amp 7-0042: DSP1: 	ALSA control type: 0x4
03-23 00:09:24.444   119   119 D (5)[119:kworker/u16:2]speaker_amp 7-0042: DSP1: 	ALSA control len: 0x4
03-23 00:09:24.444   119   119 D (5)[119:kworker/u16:2]speaker_amp 7-0042: DSP1: 	Coefficient type: 0x5
03-23 00:09:24.444   119   119 D (5)[119:kworker/u16:2]speaker_amp 7-0042: DSP1: 	Coefficient offset: 0xa
03-23 00:09:24.444   119   119 D (5)[119:kworker/u16:2]speaker_amp 7-0042: DSP1: 	Coefficient name: CAL_R_SELECTED
03-23 00:09:24.444   119   119 D (5)[119:kworker/u16:2]speaker_amp 7-0042: DSP1: 	Coefficient flags: 0x7
03-23 00:09:24.444   119   119 D (5)[119:kworker/u16:2]speaker_amp 7-0042: DSP1: 	ALSA control type: 0x4
03-23 00:09:24.444   119   119 D (5)[119:kworker/u16:2]speaker_amp 7-0042: DSP1: 	ALSA control len: 0x4
03-23 00:09:24.444   119   119 D (5)[119:kworker/u16:2]speaker_amp 7-0042: DSP1: 	Coefficient type: 0x5
03-23 00:09:24.444   119   119 D (5)[119:kworker/u16:2]speaker_amp 7-0042: DSP1: 	Coefficient offset: 0xb
03-23 00:09:24.444   119   119 D (5)[119:kworker/u16:2]speaker_amp 7-0042: DSP1: 	Coefficient name: CAL_SET_STATUS
03-23 00:09:24.444   119   119 D (5)[119:kworker/u16:2]speaker_amp 7-0042: DSP1: 	Coefficient flags: 0x7
03-23 00:09:24.444   119   119 D (5)[119:kworker/u16:2]speaker_amp 7-0042: DSP1: 	ALSA control type: 0x4
03-23 00:09:24.444   119   119 D (5)[119:kworker/u16:2]speaker_amp 7-0042: DSP1: 	ALSA control len: 0x4
03-23 00:09:24.444   119   119 D (5)[119:kworker/u16:2]speaker_amp 7-0042: DSP1: 	Coefficient type: 0x5
03-23 00:09:24.444   119   119 D (5)[119:kworker/u16:2]speaker_amp 7-0042: DSP1: 	Coefficient offset: 0xc
03-23 00:09:24.444   119   119 D (5)[119:kworker/u16:2]speaker_amp 7-0042: DSP1: 	Coefficient name: DIAG_F0
03-23 00:09:24.444   119   119 D (5)[119:kworker/u16:2]speaker_amp 7-0042: DSP1: 	Coefficient flags: 0x7
03-23 00:09:24.444   119   119 D (5)[119:kworker/u16:2]speaker_amp 7-0042: DSP1: 	ALSA control type: 0x4
03-23 00:09:24.444   119   119 D (5)[119:kworker/u16:2]speaker_amp 7-0042: DSP1: 	ALSA control len: 0x4
03-23 00:09:24.444   119   119 D (5)[119:kworker/u16:2]speaker_amp 7-0042: DSP1: 	Coefficient type: 0x5
03-23 00:09:24.444   119   119 D (5)[119:kworker/u16:2]speaker_amp 7-0042: DSP1: 	Coefficient offset: 0xd
03-23 00:09:24.444   119   119 D (5)[119:kworker/u16:2]speaker_amp 7-0042: DSP1: 	Coefficient name: DIAG_Z_LOW_DIFF
03-23 00:09:24.444   119   119 D (5)[119:kworker/u16:2]speaker_amp 7-0042: DSP1: 	Coefficient flags: 0x7
03-23 00:09:24.444   119   119 D (5)[119:kworker/u16:2]speaker_amp 7-0042: DSP1: 	ALSA control type: 0x4
03-23 00:09:24.444   119   119 D (5)[119:kworker/u16:2]speaker_amp 7-0042: DSP1: 	ALSA control len: 0x4
03-23 00:09:24.444   119   119 D (5)[119:kworker/u16:2]speaker_amp 7-0042: DSP1: 	Coefficient type: 0x5
03-23 00:09:24.444   119   119 D (5)[119:kworker/u16:2]speaker_amp 7-0042: DSP1: 	Coefficient offset: 0xe
03-23 00:09:24.444   119   119 D (5)[119:kworker/u16:2]speaker_amp 7-0042: DSP1: 	Coefficient name: DIAG_F0_STATUS
03-23 00:09:24.444   119   119 D (5)[119:kworker/u16:2]speaker_amp 7-0042: DSP1: 	Coefficient flags: 0x7
03-23 00:09:24.444   119   119 D (5)[119:kworker/u16:2]speaker_amp 7-0042: DSP1: 	ALSA control type: 0x4
03-23 00:09:24.444   119   119 D (5)[119:kworker/u16:2]speaker_amp 7-0042: DSP1: 	ALSA control len: 0x4
03-23 00:09:24.444   119   119 D (5)[119:kworker/u16:2]speaker_amp 7-0042: DSP1: 	Coefficient type: 0x5
03-23 00:09:24.444   119   119 D (5)[119:kworker/u16:2]speaker_amp 7-0042: DSP1: 	Coefficient offset: 0xf
03-23 00:09:24.444   119   119 D (5)[119:kworker/u16:2]speaker_amp 7-0042: DSP1: 	Coefficient name: RTLOG_ENABLE
03-23 00:09:24.444   119   119 D (5)[119:kworker/u16:2]speaker_amp 7-0042: DSP1: 	Coefficient flags: 0x3
03-23 00:09:24.444   119   119 D (5)[119:kworker/u16:2]speaker_amp 7-0042: DSP1: 	ALSA control type: 0x4
03-23 00:09:24.444   119   119 D (5)[119:kworker/u16:2]speaker_amp 7-0042: DSP1: 	ALSA control len: 0x4
03-23 00:09:24.444   119   119 D (5)[119:kworker/u16:2]speaker_amp 7-0042: DSP1: 	Coefficient type: 0x5
03-23 00:09:24.444   119   119 D (5)[119:kworker/u16:2]speaker_amp 7-0042: DSP1: 	Coefficient offset: 0x10
03-23 00:09:24.444   119   119 D (5)[119:kworker/u16:2]speaker_amp 7-0042: DSP1: 	Coefficient name: RTLOG_STATE
03-23 00:09:24.444   119   119 D (5)[119:kworker/u16:2]speaker_amp 7-0042: DSP1: 	Coefficient flags: 0x7
03-23 00:09:24.444   119   119 D (5)[119:kworker/u16:2]speaker_amp 7-0042: DSP1: 	ALSA control type: 0x4
03-23 00:09:24.444   119   119 D (5)[119:kworker/u16:2]speaker_amp 7-0042: DSP1: 	ALSA control len: 0x4
03-23 00:09:24.444   119   119 D (5)[119:kworker/u16:2]speaker_amp 7-0042: DSP1: 	Coefficient type: 0x5
03-23 00:09:24.444   119   119 D (5)[119:kworker/u16:2]speaker_amp 7-0042: DSP1: 	Coefficient offset: 0x11
03-23 00:09:24.444   119   119 D (5)[119:kworker/u16:2]speaker_amp 7-0042: DSP1: 	Coefficient name: RTLOG_COUNT
03-23 00:09:24.444   119   119 D (5)[119:kworker/u16:2]speaker_amp 7-0042: DSP1: 	Coefficient flags: 0x3
03-23 00:09:24.444   119   119 D (5)[119:kworker/u16:2]speaker_amp 7-0042: DSP1: 	ALSA control type: 0x4
03-23 00:09:24.444   119   119 D (5)[119:kworker/u16:2]speaker_amp 7-0042: DSP1: 	ALSA control len: 0x4
03-23 00:09:24.444   119   119 D (5)[119:kworker/u16:2]speaker_amp 7-0042: DSP1: 	Coefficient type: 0x5
03-23 00:09:24.444   119   119 D (5)[119:kworker/u16:2]speaker_amp 7-0042: DSP1: 	Coefficient offset: 0x14
03-23 00:09:24.444   119   119 D (5)[119:kworker/u16:2]speaker_amp 7-0042: DSP1: 	Coefficient name: RTLOG_FRMPRWIN
03-23 00:09:24.444   119   119 D (5)[119:kworker/u16:2]speaker_amp 7-0042: DSP1: 	Coefficient flags: 0x3
03-23 00:09:24.444   119   119 D (5)[119:kworker/u16:2]speaker_amp 7-0042: DSP1: 	ALSA control type: 0x4
03-23 00:09:24.444   119   119 D (5)[119:kworker/u16:2]speaker_amp 7-0042: DSP1: 	ALSA control len: 0x4
03-23 00:09:24.444   119   119 D (5)[119:kworker/u16:2]speaker_amp 7-0042: DSP1: 	Coefficient type: 0x5
03-23 00:09:24.444   119   119 D (5)[119:kworker/u16:2]speaker_amp 7-0042: DSP1: 	Coefficient offset: 0x15
03-23 00:09:24.444   119   119 D (5)[119:kworker/u16:2]speaker_amp 7-0042: DSP1: 	Coefficient name: RTLOG_VARIABLE
03-23 00:09:24.444   119   119 D (5)[119:kworker/u16:2]speaker_amp 7-0042: DSP1: 	Coefficient flags: 0x3
03-23 00:09:24.444   119   119 D (5)[119:kworker/u16:2]speaker_amp 7-0042: DSP1: 	ALSA control type: 0x4
03-23 00:09:24.444   119   119 D (5)[119:kworker/u16:2]speaker_amp 7-0042: DSP1: 	ALSA control len: 0x3c
03-23 00:09:24.444   119   119 D (5)[119:kworker/u16:2]speaker_amp 7-0042: DSP1: 	Coefficient type: 0x5
03-23 00:09:24.444   119   119 D (5)[119:kworker/u16:2]speaker_amp 7-0042: DSP1: 	Coefficient offset: 0x24
03-23 00:09:24.444   119   119 D (5)[119:kworker/u16:2]speaker_amp 7-0042: DSP1: 	Coefficient name: RTLOG_DATA
03-23 00:09:24.444   119   119 D (5)[119:kworker/u16:2]speaker_amp 7-0042: DSP1: 	Coefficient flags: 0x5
03-23 00:09:24.444   119   119 D (5)[119:kworker/u16:2]speaker_amp 7-0042: DSP1: 	ALSA control type: 0x4
03-23 00:09:24.444   119   119 D (5)[119:kworker/u16:2]speaker_amp 7-0042: DSP1: 	ALSA control len: 0x78
03-23 00:09:24.444   119   119 D (5)[119:kworker/u16:2]speaker_amp 7-0042: DSP1: 	Coefficient type: 0x5
03-23 00:09:24.444   119   119 D (5)[119:kworker/u16:2]speaker_amp 7-0042: DSP1: 	Coefficient offset: 0x42
03-23 00:09:24.444   119   119 D (5)[119:kworker/u16:2]speaker_amp 7-0042: DSP1: 	Coefficient name: BDLOG_MAX_TEMP
03-23 00:09:24.444   119   119 D (5)[119:kworker/u16:2]speaker_amp 7-0042: DSP1: 	Coefficient flags: 0x7
03-23 00:09:24.444   119   119 D (5)[119:kworker/u16:2]speaker_amp 7-0042: DSP1: 	ALSA control type: 0x4
03-23 00:09:24.444   119   119 D (5)[119:kworker/u16:2]speaker_amp 7-0042: DSP1: 	ALSA control len: 0x4
03-23 00:09:24.444   119   119 D (5)[119:kworker/u16:2]speaker_amp 7-0042: DSP1: 	Coefficient type: 0x5
03-23 00:09:24.444   119   119 D (5)[119:kworker/u16:2]speaker_amp 7-0042: DSP1: 	Coefficient offset: 0x43
03-23 00:09:24.444   119   119 D (5)[119:kworker/u16:2]speaker_amp 7-0042: DSP1: 	Coefficient name: BDLOG_MAX_EXC
03-23 00:09:24.444   119   119 D (5)[119:kworker/u16:2]speaker_amp 7-0042: DSP1: 	Coefficient flags: 0x7
03-23 00:09:24.444   119   119 D (5)[119:kworker/u16:2]speaker_amp 7-0042: DSP1: 	ALSA control type: 0x4
03-23 00:09:24.444   119   119 D (5)[119:kworker/u16:2]speaker_amp 7-0042: DSP1: 	ALSA control len: 0x4
03-23 00:09:24.444  1162  1162 E (4)[1162:camerahalserver][wl2866d_write_voltage]: [wl2866d-dvdd1][1] VSET=[0x64]
03-23 00:09:24.444   119   119 D (5)[119:kworker/u16:2]speaker_amp 7-0042: DSP1: 	Coefficient type: 0x5
03-23 00:09:24.444   119   119 D (5)[119:kworker/u16:2]speaker_amp 7-0042: DSP1: 	Coefficient offset: 0x44
03-23 00:09:24.444   119   119 D (5)[119:kworker/u16:2]speaker_amp 7-0042: DSP1: 	Coefficient name: BDLOG_OVER_TEMP_COUNT
03-23 00:09:24.444  1162  1162 E (4)[1162:camerahalserver][wl2866d_regulator_set_voltage]: [wl2866d-dvdd1][1] voltage set to 1200000
03-23 00:09:24.444   119   119 D (5)[119:kworker/u16:2]speaker_amp 7-0042: DSP1: 	Coefficient flags: 0x7
03-23 00:09:24.444   119   119 D (5)[119:kworker/u16:2]speaker_amp 7-0042: DSP1: 	ALSA control type: 0x4
03-23 00:09:24.444   119   119 D (5)[119:kworker/u16:2]speaker_amp 7-0042: DSP1: 	ALSA control len: 0x4
03-23 00:09:24.444   119   119 D (5)[119:kworker/u16:2]speaker_amp 7-0042: DSP1: 	Coefficient type: 0x5
03-23 00:09:24.444   119   119 D (5)[119:kworker/u16:2]speaker_amp 7-0042: DSP1: 	Coefficient offset: 0x45
03-23 00:09:24.444   119   119 D (5)[119:kworker/u16:2]speaker_amp 7-0042: DSP1: 	Coefficient name: BDLOG_OVER_EXC_COUNT
03-23 00:09:24.444   119   119 D (5)[119:kworker/u16:2]speaker_amp 7-0042: DSP1: 	Coefficient flags: 0x7
03-23 00:09:24.444   119   119 D (5)[119:kworker/u16:2]speaker_amp 7-0042: DSP1: 	ALSA control type: 0x4
03-23 00:09:24.444   119   119 D (5)[119:kworker/u16:2]speaker_amp 7-0042: DSP1: 	ALSA control len: 0x4
03-23 00:09:24.444   119   119 D (5)[119:kworker/u16:2]speaker_amp 7-0042: DSP1: 	Coefficient type: 0x5
03-23 00:09:24.444   119   119 D (5)[119:kworker/u16:2]speaker_amp 7-0042: DSP1: 	Coefficient offset: 0x46
03-23 00:09:24.444   119   119 D (5)[119:kworker/u16:2]speaker_amp 7-0042: DSP1: 	Coefficient name: BDLOG_ABNORMAL_MUTE
03-23 00:09:24.444   119   119 D (5)[119:kworker/u16:2]speaker_amp 7-0042: DSP1: 	Coefficient flags: 0x7
03-23 00:09:24.444   119   119 D (5)[119:kworker/u16:2]speaker_amp 7-0042: DSP1: 	ALSA control type: 0x4
03-23 00:09:24.444   119   119 D (5)[119:kworker/u16:2]speaker_amp 7-0042: DSP1: 	ALSA control len: 0x4
03-23 00:09:24.444   119   119 D (5)[119:kworker/u16:2]speaker_amp 7-0042: DSP1: 	Coefficient type: 0x5
03-23 00:09:24.444   119   119 D (5)[119:kworker/u16:2]speaker_amp 7-0042: DSP1: 	Coefficient offset: 0x47
03-23 00:09:24.444   119   119 D (5)[119:kworker/u16:2]speaker_amp 7-0042: DSP1: 	Coefficient name: BDLOG_VMON_LOW_FLAG
03-23 00:09:24.444   119   119 D (5)[119:kworker/u16:2]speaker_amp 7-0042: DSP1: 	Coefficient flags: 0x7
03-23 00:09:24.444   119   119 D (5)[119:kworker/u16:2]speaker_amp 7-0042: DSP1: 	ALSA control type: 0x4
03-23 00:09:24.444   119   119 D (5)[119:kworker/u16:2]speaker_amp 7-0042: DSP1: 	ALSA control len: 0x4
03-23 00:09:24.444   119   119 D (5)[119:kworker/u16:2]speaker_amp 7-0042: DSP1: 	Coefficient type: 0x5
03-23 00:09:24.444   119   119 D (5)[119:kworker/u16:2]speaker_amp 7-0042: DSP1: 	Coefficient offset: 0x48
03-23 00:09:24.444   119   119 D (5)[119:kworker/u16:2]speaker_amp 7-0042: DSP1: 	Coefficient name: REDUCE_POWER
03-23 00:09:24.444   119   119 D (5)[119:kworker/u16:2]speaker_amp 7-0042: DSP1: 	Coefficient flags: 0x3
03-23 00:09:24.444   119   119 D (5)[119:kworker/u16:2]speaker_amp 7-0042: DSP1: 	ALSA control type: 0x4
03-23 00:09:24.444   119   119 D (5)[119:kworker/u16:2]speaker_amp 7-0042: DSP1: 	ALSA control len: 0x4
03-23 00:09:24.444   119   119 D (5)[119:kworker/u16:2]speaker_amp 7-0042: DSP1: 	Coefficient type: 0x5
03-23 00:09:24.444   119   119 D (5)[119:kworker/u16:2]speaker_amp 7-0042: DSP1: 	Coefficient offset: 0x49
03-23 00:09:24.444   119   119 D (5)[119:kworker/u16:2]speaker_amp 7-0042: DSP1: 	Coefficient name: CH_BAL
03-23 00:09:24.444   119   119 D (5)[119:kworker/u16:2]speaker_amp 7-0042: DSP1: 	Coefficient flags: 0x3
03-23 00:09:24.444   119   119 D (5)[119:kworker/u16:2]speaker_amp 7-0042: DSP1: 	ALSA control type: 0x4
03-23 00:09:24.444   119   119 D (5)[119:kworker/u16:2]speaker_amp 7-0042: DSP1: 	ALSA control len: 0x4
03-23 00:09:24.444   119   119 D (5)[119:kworker/u16:2]speaker_amp 7-0042: DSP1: 	Coefficient type: 0x5
03-23 00:09:24.444   119   119 D (5)[119:kworker/u16:2]speaker_amp 7-0042: DSP1: 	Coefficient offset: 0x4a
03-23 00:09:24.444   119   119 D (5)[119:kworker/u16:2]speaker_amp 7-0042: DSP1: 	Coefficient name: ATTENUATION
03-23 00:09:24.444   119   119 D (5)[119:kworker/u16:2]speaker_amp 7-0042: DSP1: 	Coefficient flags: 0x3
03-23 00:09:24.444   119   119 D (5)[119:kworker/u16:2]speaker_amp 7-0042: DSP1: 	ALSA control type: 0x4
03-23 00:09:24.444   119   119 D (5)[119:kworker/u16:2]speaker_amp 7-0042: DSP1: 	ALSA control len: 0x4
03-23 00:09:24.444   119   119 D (5)[119:kworker/u16:2]speaker_amp 7-0042: DSP1: 	Coefficient type: 0x5
03-23 00:09:24.444   119   119 D (5)[119:kworker/u16:2]speaker_amp 7-0042: DSP1: 	Coefficient offset: 0x4b
03-23 00:09:24.444   119   119 D (5)[119:kworker/u16:2]speaker_amp 7-0042: DSP1: 	Coefficient name: SPK_OUTPUT_POWER
03-23 00:09:24.444   119   119 D (5)[119:kworker/u16:2]speaker_amp 7-0042: DSP1: 	Coefficient flags: 0x5
03-23 00:09:24.444   119   119 D (5)[119:kworker/u16:2]speaker_amp 7-0042: DSP1: 	ALSA control type: 0x4
03-23 00:09:24.444   119   119 D (5)[119:kworker/u16:2]speaker_amp 7-0042: DSP1: 	ALSA control len: 0x4
03-23 00:09:24.444   119   119 D (5)[119:kworker/u16:2]speaker_amp 7-0042: DSP1: 	Coefficient type: 0x5
03-23 00:09:24.444   119   119 D (5)[119:kworker/u16:2]speaker_amp 7-0042: DSP1: 	Coefficient offset: 0x4c
03-23 00:09:24.444   119   119 D (5)[119:kworker/u16:2]speaker_amp 7-0042: DSP1: 	Coefficient name: ALGO_FRAME_DELAY
03-23 00:09:24.444   119   119 D (5)[119:kworker/u16:2]speaker_amp 7-0042: DSP1: 	Coefficient flags: 0x7
03-23 00:09:24.444   119   119 D (5)[119:kworker/u16:2]speaker_amp 7-0042: DSP1: 	ALSA control type: 0x4
03-23 00:09:24.444   119   119 D (5)[119:kworker/u16:2]speaker_amp 7-0042: DSP1: 	ALSA control len: 0x4
03-23 00:09:24.444   119   119 D (5)[119:kworker/u16:2]speaker_amp 7-0042: DSP1: 	Coefficient type: 0x5
03-23 00:09:24.444   119   119 D (5)[119:kworker/u16:2]speaker_amp 7-0042: DSP1: 	Coefficient offset: 0x4d
03-23 00:09:24.444   119   119 D (5)[119:kworker/u16:2]speaker_amp 7-0042: DSP1: 	Coefficient name: FLUSH_CYCLE_COUNT
03-23 00:09:24.444   119   119 D (5)[119:kworker/u16:2]speaker_amp 7-0042: DSP1: 	Coefficient flags: 0x7
03-23 00:09:24.444   119   119 D (5)[119:kworker/u16:2]speaker_amp 7-0042: DSP1: 	ALSA control type: 0x4
03-23 00:09:24.444   119   119 D (5)[119:kworker/u16:2]speaker_amp 7-0042: DSP1: 	ALSA control len: 0x4
03-23 00:09:24.444   119   119 D (5)[119:kworker/u16:2]speaker_amp 7-0042: DSP1: 	Coefficient type: 0x6
03-23 00:09:24.444   119   119 D (5)[119:kworker/u16:2]speaker_amp 7-0042: DSP1: 	Coefficient offset: 0x0
03-23 00:09:24.444   119   119 D (5)[119:kworker/u16:2]speaker_amp 7-0042: DSP1: 	Coefficient name: CSPL_UPDATE_PARAMS_CONFIG
03-23 00:09:24.444   119   119 D (5)[119:kworker/u16:2]speaker_amp 7-0042: DSP1: 	Coefficient flags: 0x3
03-23 00:09:24.444   119   119 D (5)[119:kworker/u16:2]speaker_amp 7-0042: DSP1: 	ALSA control type: 0x4
03-23 00:09:24.444   119   119 D (5)[119:kworker/u16:2]speaker_amp 7-0042: DSP1: 	ALSA control len: 0x190
03-23 00:09:24.444   119   119 D (5)[119:kworker/u16:2]speaker_amp 7-0042: DSP1: cs35l41-dsp1-spk-prot.wmfw.9: 2164 bytes at 0 in Algorithm
03-23 00:09:24.444   119   119 D (5)[119:kworker/u16:2]speaker_amp 7-0042: DSP1: Algorithm ID: 0xf20b
03-23 00:09:24.444   119   119 D (5)[119:kworker/u16:2]speaker_amp 7-0042: DSP1: Algorithm name: EVENT_LOGGER
03-23 00:09:24.444   119   119 D (5)[119:kworker/u16:2]speaker_amp 7-0042: DSP1: # of coefficient descriptors: 0xb
03-23 00:09:24.444   119   119 D (5)[119:kworker/u16:2]speaker_amp 7-0042: DSP1: 	Coefficient type: 0x5
03-23 00:09:24.444   119   119 D (5)[119:kworker/u16:2]speaker_amp 7-0042: DSP1: 	Coefficient offset: 0x0
03-23 00:09:24.444   119   119 D (5)[119:kworker/u16:2]speaker_amp 7-0042: DSP1: 	Coefficient name: ENABLED
03-23 00:09:24.444   119   119 D (5)[119:kworker/u16:2]speaker_amp 7-0042: DSP1: 	Coefficient flags: 0x7
03-23 00:09:24.444   119   119 D (5)[119:kworker/u16:2]speaker_amp 7-0042: DSP1: 	ALSA control type: 0x4
03-23 00:09:24.444   119   119 D (5)[119:kworker/u16:2]speaker_amp 7-0042: DSP1: 	ALSA control len: 0x4
03-23 00:09:24.444   119   119 D (5)[119:kworker/u16:2]speaker_amp 7-0042: DSP1: 	Coefficient type: 0x5
03-23 00:09:24.444   119   119 D (5)[119:kworker/u16:2]speaker_amp 7-0042: DSP1: 	Coefficient offset: 0x1
03-23 00:09:24.444   119   119 D (5)[119:kworker/u16:2]speaker_amp 7-0042: DSP1: 	Coefficient name: WAS_DISABLED
03-23 00:09:24.444   119   119 D (5)[119:kworker/u16:2]speaker_amp 7-0042: DSP1: 	Coefficient flags: 0x5
03-23 00:09:24.444   119   119 D (5)[119:kworker/u16:2]speaker_amp 7-0042: DSP1: 	ALSA control type: 0x4
03-23 00:09:24.444   119   119 D (5)[119:kworker/u16:2]speaker_amp 7-0042: DSP1: 	ALSA control len: 0x4
03-23 00:09:24.444   119   119 D (5)[119:kworker/u16:2]speaker_amp 7-0042: DSP1: 	Coefficient type: 0x5
03-23 00:09:24.444   119   119 D (5)[119:kworker/u16:2]speaker_amp 7-0042: DSP1: 	Coefficient offset: 0x2
03-23 00:09:24.444   119   119 D (5)[119:kworker/u16:2]speaker_amp 7-0042: DSP1: 	Coefficient name: BUFFER
03-23 00:09:24.444   119   119 D (5)[119:kworker/u16:2]speaker_amp 7-0042: DSP1: 	Coefficient flags: 0x5
03-23 00:09:24.444   119   119 D (5)[119:kworker/u16:2]speaker_amp 7-0042: DSP1: 	ALSA control type: 0x4
03-23 00:09:24.444   119   119 D (5)[119:kworker/u16:2]speaker_amp 7-0042: DSP1: 	ALSA control len: 0x4
03-23 00:09:24.444   119   119 D (5)[119:kworker/u16:2]speaker_amp 7-0042: DSP1: 	Coefficient type: 0x5
03-23 00:09:24.444   119   119 D (5)[119:kworker/u16:2]speaker_amp 7-0042: DSP1: 	Coefficient offset: 0x3
03-23 00:09:24.444   119   119 D (5)[119:kworker/u16:2]speaker_amp 7-0042: DSP1: 	Coefficient name: BUFFER_SIZE
03-23 00:09:24.444   119   119 D (5)[119:kworker/u16:2]speaker_amp 7-0042: DSP1: 	Coefficient flags: 0x5
03-23 00:09:24.444   119   119 D (5)[119:kworker/u16:2]speaker_amp 7-0042: DSP1: 	ALSA control type: 0x4
03-23 00:09:24.444   119   119 D (5)[119:kworker/u16:2]speaker_amp 7-0042: DSP1: 	ALSA control len: 0x4
03-23 00:09:24.444   119   119 D (5)[119:kworker/u16:2]speaker_amp 7-0042: DSP1: 	Coefficient type: 0x5
03-23 00:09:24.444   119   119 D (5)[119:kworker/u16:2]speaker_amp 7-0042: DSP1: 	Coefficient offset: 0x4
03-23 00:09:24.444   119   119 D (5)[119:kworker/u16:2]speaker_amp 7-0042: DSP1: 	Coefficient name: TRANSFER_COMPLETED
03-23 00:09:24.444   119   119 D (5)[119:kworker/u16:2]speaker_amp 7-0042: DSP1: 	Coefficient flags: 0x7
03-23 00:09:24.444   119   119 D (5)[119:kworker/u16:2]speaker_amp 7-0042: DSP1: 	ALSA control type: 0x4
03-23 00:09:24.444   119   119 D (5)[119:kworker/u16:2]speaker_amp 7-0042: DSP1: 	ALSA control len: 0x4
03-23 00:09:24.444   119   119 D (5)[119:kworker/u16:2]speaker_amp 7-0042: DSP1: 	Coefficient type: 0x5
03-23 00:09:24.444   119   119 D (5)[119:kworker/u16:2]speaker_amp 7-0042: DSP1: 	Coefficient offset: 0x5
03-23 00:09:24.444   119   119 D (5)[119:kworker/u16:2]speaker_amp 7-0042: DSP1: 	Coefficient name: NUM_LOST_EVENTS
03-23 00:09:24.444   119   119 D (5)[119:kworker/u16:2]speaker_amp 7-0042: DSP1: 	Coefficient flags: 0x5
03-23 00:09:24.444   119   119 D (5)[119:kworker/u16:2]speaker_amp 7-0042: DSP1: 	ALSA control type: 0x4
03-23 00:09:24.444   119   119 D (5)[119:kworker/u16:2]speaker_amp 7-0042: DSP1: 	ALSA control len: 0x4
03-23 00:09:24.444   119   119 D (5)[119:kworker/u16:2]speaker_amp 7-0042: DSP1: 	Coefficient type: 0x5
03-23 00:09:24.444   119   119 D (5)[119:kworker/u16:2]speaker_amp 7-0042: DSP1: 	Coefficient offset: 0x6
03-23 00:09:24.444   119   119 D (5)[119:kworker/u16:2]speaker_amp 7-0042: DSP1: 	Coefficient name: LOST_EVENT_COUNTER
03-23 00:09:24.444   119   119 D (5)[119:kworker/u16:2]speaker_amp 7-0042: DSP1: 	Coefficient flags: 0x5
03-23 00:09:24.444   119   119 D (5)[119:kworker/u16:2]speaker_amp 7-0042: DSP1: 	ALSA control type: 0x4
03-23 00:09:24.444   119   119 D (5)[119:kworker/u16:2]speaker_amp 7-0042: DSP1: 	ALSA control len: 0x4
03-23 00:09:24.444   119   119 D (5)[119:kworker/u16:2]speaker_amp 7-0042: DSP1: 	Coefficient type: 0x5
03-23 00:09:24.444   119   119 D (5)[119:kworker/u16:2]speaker_amp 7-0042: DSP1: 	Coefficient offset: 0x7
03-23 00:09:24.444   119   119 D (5)[119:kworker/u16:2]speaker_amp 7-0042: DSP1: 	Coefficient name: TRIGGER_INTERRUPT
03-23 00:09:24.444   119   119 D (5)[119:kworker/u16:2]speaker_amp 7-0042: DSP1: 	Coefficient flags: 0x5
03-23 00:09:24.444   119   119 D (5)[119:kworker/u16:2]speaker_amp 7-0042: DSP1: 	ALSA control type: 0x4
03-23 00:09:24.444   119   119 D (5)[119:kworker/u16:2]speaker_amp 7-0042: DSP1: 	ALSA control len: 0x4
03-23 00:09:24.444   119   119 D (5)[119:kworker/u16:2]speaker_amp 7-0042: DSP1: 	Coefficient type: 0x5
03-23 00:09:24.444   119   119 D (5)[119:kworker/u16:2]speaker_amp 7-0042: DSP1: 	Coefficient offset: 0x8
03-23 00:09:24.444   119   119 D (5)[119:kworker/u16:2]speaker_amp 7-0042: DSP1: 	Coefficient name: FREE_SLOTS
03-23 00:09:24.444   119   119 D (5)[119:kworker/u16:2]speaker_amp 7-0042: DSP1: 	Coefficient flags: 0x5
03-23 00:09:24.444   119   119 D (5)[119:kworker/u16:2]speaker_amp 7-0042: DSP1: 	ALSA control type: 0x4
03-23 00:09:24.444   119   119 D (5)[119:kworker/u16:2]speaker_amp 7-0042: DSP1: 	ALSA control len: 0x4
03-23 00:09:24.444   119   119 D (5)[119:kworker/u16:2]speaker_amp 7-0042: DSP1: 	Coefficient type: 0x5
03-23 00:09:24.444   119   119 D (5)[119:kworker/u16:2]speaker_amp 7-0042: DSP1: 	Coefficient offset: 0x9
03-23 00:09:24.444   119   119 D (5)[119:kworker/u16:2]speaker_amp 7-0042: DSP1: 	Coefficient name: W_PTR
03-23 00:09:24.444   119   119 D (5)[119:kworker/u16:2]speaker_amp 7-0042: DSP1: 	Coefficient flags: 0x5
03-23 00:09:24.444   119   119 D (5)[119:kworker/u16:2]speaker_amp 7-0042: DSP1: 	ALSA control type: 0x4
03-23 00:09:24.444   119   119 D (5)[119:kworker/u16:2]speaker_amp 7-0042: DSP1: 	ALSA control len: 0x4
03-23 00:09:24.444   119   119 D (5)[119:kworker/u16:2]speaker_amp 7-0042: DSP1: 	Coefficient type: 0x5
03-23 00:09:24.444   119   119 D (5)[119:kworker/u16:2]speaker_amp 7-0042: DSP1: 	Coefficient offset: 0xa
03-23 00:09:24.444   119   119 D (5)[119:kworker/u16:2]speaker_amp 7-0042: DSP1: 	Coefficient name: EVENTS
03-23 00:09:24.444   119   119 D (5)[119:kworker/u16:2]speaker_amp 7-0042: DSP1: 	Coefficient flags: 0x5
03-23 00:09:24.444   119   119 D (5)[119:kworker/u16:2]speaker_amp 7-0042: DSP1: 	ALSA control type: 0x4
03-23 00:09:24.444   119   119 D (5)[119:kworker/u16:2]speaker_amp 7-0042: DSP1: 	ALSA control len: 0x200
03-23 00:09:24.444   119   119 D (5)[119:kworker/u16:2]speaker_amp 7-0042: DSP1: cs35l41-dsp1-spk-prot.wmfw.10: 688 bytes at 0 in Algorithm
03-23 00:09:24.444  1162  1162 E (0)[1162:camerahalserver][wl2866d_regulator_get_voltage]: [wl2866d-dvdd1][1] voltage read [64]
03-23 00:09:24.445  1162  1162 E (4)[1162:camerahalserver][wl2866d_masked_write]: Writing 0x01 to 0x000e with mask 0x01
03-23 00:09:24.446  1162  1162 E (4)[1162:camerahalserver][wl2866d_regulator_enable]: [wl2866d-dvdd1][1] regulator enable
03-23 00:09:24.446  1162  1162 E (6)[1162:camerahalserver][wl2866d_regulator_get_voltage]: [wl2866d-avdd1][1] voltage read [80]
03-23 00:09:24.446  1529  1529 W (5)[1529:kworker/5:5]ALSA: Control name 'RCV DSP1 Protection 400a4 GLOBAL_SAMPLE_RATE_HW' truncated to 'RCV DSP1 Protection 400a4 GLOBAL_SAMPLE_RAT'
03-23 00:09:24.447  1530  1530 W (5)[1530:kworker/5:6]ALSA: Control name 'RCV DSP1 Protection 400a4 ULTIRATE_NUMBER_BANDS' truncated to 'RCV DSP1 Protection 400a4 ULTIRATE_NUMBER_B'
03-23 00:09:24.447  1162  1162 E (7)[1162:camerahalserver][wl2866d_regulator_get_voltage]: [wl2866d-avdd1][1] voltage read [80]
03-23 00:09:24.447  1162  1162 E (7)[1162:camerahalserver][wl2866d_write]: Writing 0x80 to 0x05
03-23 00:09:24.448  1162  1162 E (7)[1162:camerahalserver][wl2866d_write_voltage]: [wl2866d-avdd1][1] VSET=[0x80]
03-23 00:09:24.448  1162  1162 E (7)[1162:camerahalserver][wl2866d_regulator_set_voltage]: [wl2866d-avdd1][1] voltage set to 2800000
03-23 00:09:24.448  1162  1162 E (7)[1162:camerahalserver][wl2866d_regulator_get_voltage]: [wl2866d-avdd1][1] voltage read [80]
03-23 00:09:24.449  1162  1162 E (4)[1162:camerahalserver][wl2866d_masked_write]: Writing 0x04 to 0x000e with mask 0x04
03-23 00:09:24.449   119   119 I (4)[119:kworker/u16:2]speaker_amp 7-0042: DSP1: Firmware: 400a4 vendor: 0x2 v0.27.0, 2 algorithms
03-23 00:09:24.450  1162  1162 E (4)[1162:camerahalserver][wl2866d_regulator_enable]: [wl2866d-avdd1][1] regulator enable
03-23 00:09:24.452  1533  1533 W (5)[1533:kworker/5:9]ALSA: Control name 'RCV DSP1 Protection 400a4 DC_OFFSET_HOLD_TIME' truncated to 'RCV DSP1 Protection 400a4 DC_OFFSET_HOLD_TI'
03-23 00:09:24.453   119   119 I (7)[119:kworker/u16:2]speaker_amp 7-0042: DSP1: 0: ID cd v29.47.0 XM@94 YM@e
03-23 00:09:24.453   119   119 I (7)[119:kworker/u16:2]speaker_amp 7-0042: DSP1: 1: ID f20b v0.0.1 XM@154 YM@0
03-23 00:09:24.454   119   119 D (5)[119:kworker/u16:2]speaker_amp 7-0042: DSP1: RCV-cs35l41-dsp1-spk-prot.bin: v0.27.0
03-23 00:09:24.454   119   119 D (5)[119:kworker/u16:2]speaker_amp 7-0042: DSP1: RCV-cs35l41-dsp1-spk-prot.bin.0: 0 v0.0.0
03-23 00:09:24.454   119   119 D (5)[119:kworker/u16:2]speaker_amp 7-0042: DSP1: RCV-cs35l41-dsp1-spk-prot.bin.0: 77 bytes at 0x0 in fe00
03-23 00:09:24.454   119   119 D (5)[119:kworker/u16:2]speaker_amp 7-0042: DSP1: RCV-cs35l41-dsp1-spk-prot.bin.1: cd v47.0.0
03-23 00:09:24.454   119   119 D (5)[119:kworker/u16:2]speaker_amp 7-0042: DSP1: RCV-cs35l41-dsp1-spk-prot.bin.1: 3876 bytes at 0x134 in 12
03-23 00:09:24.454   119   119 D (5)[119:kworker/u16:2]speaker_amp 7-0042: DSP1: RCV-cs35l41-dsp1-spk-prot.bin.1: 3876 bytes in 12 for cd
03-23 00:09:24.454   119   119 D (5)[119:kworker/u16:2]speaker_amp 7-0042: DSP1: RCV-cs35l41-dsp1-spk-prot.bin.1: Writing 3876 bytes at 2c0015c
03-23 00:09:24.457  1534  1534 W (5)[1534:kworker/5:10]ALSA: Control name 'RCV DSP1 Protection 400a4 ENABLE_FULL_US_BYPASS' truncated to 'RCV DSP1 Protection 400a4 ENABLE_FULL_US_BY'
03-23 00:09:24.459  1162  1162 I         : (7)[1162:camerahalserver]probe success, i2c write id: 0x20, sensor id: 0x1641
03-23 00:09:24.485  1564  1564 W (5)[1564:kworker/5:34]ALSA: Control name 'RCV DSP1 Protection cd BDLOG_OVER_TEMP_COUNT' truncated to 'RCV DSP1 Protection cd BDLOG_OVER_TEMP_COUN'
03-23 00:09:24.506  1578  1578 W (5)[1578:kworker/5:44]ALSA: Control name 'RCV DSP1 Protection cd SPL_UPDATE_PARAMS_CONFIG' truncated to 'RCV DSP1 Protection cd SPL_UPDATE_PARAMS_CO'
03-23 00:09:24.508   359   359 I (2)[359:chgdet_thread][xmusb350] xmusb350_enable_chg_type_det: xmusb350_enable_chg_type_det: CDP free
03-23 00:09:24.508   359   359 E (2)[359:chgdet_thread][xmusb350] xmusb350_set_usbsw_state: xmusb350_set_usbsw_state: state = usb
03-23 00:09:24.509   359   359 E (7)[359:chgdet_thread][xmusb350] xmusb350_get_error_state: xmusb350_get_error_state: get error state success, 0003!
03-23 00:09:24.509   359   359 E (7)[359:chgdet_thread][xmusb350] xmusb350_get_error_state: xmusb350_get_error_state: error state is [00]!
03-23 00:09:24.509   359   359 I (7)[359:chgdet_thread]charger_manager_enable_chg_type_det: xmusb350 is doing charger detect
03-23 00:09:24.509   359   359 I (7)[359:chgdet_thread][xmusb350] xmusb350_enable_chg_type_det: xmusb350_enable_chg_type_det: en = 1
03-23 00:09:24.509   359   359 I (7)[359:chgdet_thread][xmusb350] xmusb350_enable_chg_type_det: en = 1, typec_mode = 8
03-23 00:09:24.509   359   359 I (7)[359:chgdet_thread][xmusb350] xmusb350_enable_chg_type_det: attach(1) is the same
03-23 00:09:24.543   119   119 D (5)[119:kworker/u16:2]speaker_amp 7-0042: DSP1: RCV-cs35l41-dsp1-spk-prot.bin.2: 0 v0.0.0
03-23 00:09:24.543   119   119 D (5)[119:kworker/u16:2]speaker_amp 7-0042: DSP1: RCV-cs35l41-dsp1-spk-prot.bin.2: 750 bytes at 0x0 in fc00
03-23 00:09:24.543   119   119 E (5)[119:kworker/u16:2]speaker_amp 7-0042: DSP1: RCV-cs35l41-dsp1-spk-prot.bin.2: Unknown region type fc00 at 4012
03-23 00:09:24.544  1162  1162 E (5)[1162:camerahalserver][wl2866d_masked_write]: Writing 0x00 to 0x000e with mask 0x04
03-23 00:09:24.545  1162  1162 E (7)[1162:camerahalserver][wl2866d_regulator_disable]: [wl2866d-avdd1][1] regulator disabled
03-23 00:09:24.547  1162  1162 E (7)[1162:camerahalserver][wl2866d_masked_write]: Writing 0x00 to 0x000e with mask 0x01
03-23 00:09:24.548  1162  1162 E (7)[1162:camerahalserver][wl2866d_regulator_disable]: [wl2866d-dvdd1][1] regulator disabled
03-23 00:09:24.553  1601  1601 I (1)[1601:main]KernelSU: handle_setresuid from 0 to 0
03-23 00:09:24.573  1162  1162 E (4)[1162:camerahalserver][wl2866d_regulator_get_voltage]: [wl2866d-avdd1][1] voltage read [80]
03-23 00:09:24.574  1162  1162 E (2)[1162:camerahalserver][wl2866d_regulator_get_voltage]: [wl2866d-avdd1][1] voltage read [80]
03-23 00:09:24.574  1162  1162 E (2)[1162:camerahalserver][wl2866d_write]: Writing 0x80 to 0x05
03-23 00:09:24.574  1162  1162 E (3)[1162:camerahalserver][wl2866d_write_voltage]: [wl2866d-avdd1][1] VSET=[0x80]
03-23 00:09:24.574  1162  1162 E (3)[1162:camerahalserver][wl2866d_regulator_set_voltage]: [wl2866d-avdd1][1] voltage set to 2800000
03-23 00:09:24.575  1605  1605 I (4)[1605:main]KernelSU: handle_setresuid from 0 to 0
03-23 00:09:24.575  1162  1162 E (7)[1162:camerahalserver][wl2866d_regulator_get_voltage]: [wl2866d-avdd1][1] voltage read [80]
03-23 00:09:24.576  1162  1162 E (7)[1162:camerahalserver][wl2866d_masked_write]: Writing 0x04 to 0x000e with mask 0x04
03-23 00:09:24.577  1162  1162 E (7)[1162:camerahalserver][wl2866d_regulator_enable]: [wl2866d-avdd1][1] regulator enable
03-23 00:09:24.581   119   119 D (4)[119:kworker/u16:2]speaker_amp 7-0042: DSP1: Read 400 bytes from 3400038
03-23 00:09:24.582   119   119 D (4)[119:kworker/u16:2]speaker_amp 7-0042: DSP1: Read 4 bytes from 2800378
03-23 00:09:24.582   119   119 D (6)[119:kworker/u16:2]speaker_amp 7-0042: DSP1: Read 4 bytes from 2800374
03-23 00:09:24.582   119   119 D (6)[119:kworker/u16:2]speaker_amp 7-0042: DSP1: Read 4 bytes from 2800370
03-23 00:09:24.587   119   119 D (2)[119:kworker/u16:2]speaker_amp 7-0042: DSP1: Read 60 bytes from 28002a4
03-23 00:09:24.587   119   119 D (2)[119:kworker/u16:2]speaker_amp 7-0042: DSP1: Read 4 bytes from 28002a0
03-23 00:09:24.588   119   119 D (2)[119:kworker/u16:2]speaker_amp 7-0042: DSP1: Read 4 bytes from 2800294
03-23 00:09:24.588   119   119 D (1)[119:kworker/u16:2]speaker_amp 7-0042: DSP1: Read 4 bytes from 280028c
03-23 00:09:24.588   119   119 D (1)[119:kworker/u16:2]speaker_amp 7-0042: DSP1: Read 4 bytes from 2800274
03-23 00:09:24.589   119   119 D (1)[119:kworker/u16:2]speaker_amp 7-0042: DSP1: Read 4 bytes from 2800270
03-23 00:09:24.589   119   119 D (1)[119:kworker/u16:2]speaker_amp 7-0042: DSP1: Read 4 bytes from 280026c
03-23 00:09:24.589   119   119 D (7)[119:kworker/u16:2]speaker_amp 7-0042: DSP1: Read 4 bytes from 2800268
03-23 00:09:24.589   119   119 D (7)[119:kworker/u16:2]speaker_amp 7-0042: DSP1: Read 4 bytes from 2800254
03-23 00:09:24.590   119   119 D (7)[119:kworker/u16:2]speaker_amp 7-0042: DSP1: Read 4 bytes from 2800250
03-23 00:09:24.590   119   119 D (7)[119:kworker/u16:2]speaker_amp 7-0042: DSP1: Read 4 bytes from 2800840
03-23 00:09:24.590   119   119 D (6)[119:kworker/u16:2]speaker_amp 7-0042: DSP1: Read 4 bytes from 280083c
03-23 00:09:24.591   119   119 D (7)[119:kworker/u16:2]speaker_amp 7-0042: DSP1: Read 4 bytes from 2800838
03-23 00:09:24.591   119   119 D (7)[119:kworker/u16:2]speaker_amp 7-0042: DSP1: Read 4 bytes from 2800834
03-23 00:09:24.591   119   119 D (7)[119:kworker/u16:2]speaker_amp 7-0042: DSP1: Read 4 bytes from 2800828
03-23 00:09:24.591  1162  1162 E (4)[1162:camerahalserver][wl2866d_masked_write]: Writing 0x00 to 0x000e with mask 0x04
03-23 00:09:24.592  1162  1162 E (7)[1162:camerahalserver][wl2866d_regulator_disable]: [wl2866d-avdd1][1] regulator disabled
03-23 00:09:24.593   119   119 D (4)[119:kworker/u16:2]speaker_amp 7-0042: DSP1: Read 12 bytes from 280081c
03-23 00:09:24.596  1609  1609 I (6)[1609:main]KernelSU: handle_setresuid from 0 to 0
03-23 00:09:24.597   937   937 I         : (2)[937:binder:937_2]cs35l41_rcv_switch_pinctrl() fast_switch_file_idx 2
03-23 00:09:24.597     5     5 I         : (7)[5:kworker/u16:0]cs35l41_rcv_switch_pinctrl() cs35l41_rcv_switch_pinctrl end
03-23 00:09:24.598     5     5 I (7)[5:kworker/u16:0]speaker_amp 7-0040: DSP1: Firmware version: 3
03-23 00:09:24.598     5     5 D (7)[5:kworker/u16:0]speaker_amp 7-0040: DSP1: cs35l41-dsp1-spk-prot.wmfw: 1444 XM, 2044 YM 3856 PM, 0 ZM
03-23 00:09:24.598     5     5 D (7)[5:kworker/u16:0]speaker_amp 7-0040: DSP1: cs35l41-dsp1-spk-prot.wmfw: timestamp 1610123644
03-23 00:09:24.598     5     5 D (7)[5:kworker/u16:0]speaker_amp 7-0040: DSP1: cs35l41-dsp1-spk-prot.wmfw.0: 48 bytes at 0 in Information
03-23 00:09:24.598     5     5 I (7)[5:kworker/u16:0]speaker_amp 7-0040: DSP1: cs35l41-dsp1-spk-prot.wmfw: Fri 08 Jan 2021 17:34:04 W. Europe Standard Time
03-23 00:09:24.598     5     5 D (7)[5:kworker/u16:0]speaker_amp 7-0040: DSP1: cs35l41-dsp1-spk-prot.wmfw.1: 72 bytes at 0 in XM_PACKED
03-23 00:09:24.600     5     5 D (7)[5:kworker/u16:0]speaker_amp 7-0040: DSP1: cs35l41-dsp1-spk-prot.wmfw.2: 528 bytes at 52 in XM_PACKED
03-23 00:09:24.607     0     0 I -(2)[0:swapper/2]mtu3_phone musb-hdrc: mtu3_link_isr: high-speed
03-23 00:09:24.607     0     0 I -(2)[0:swapper/2]mtu3_phone musb-hdrc: gadget RESET
03-23 00:09:24.607     0     0 I -(2)[0:swapper/2]mtu3_phone musb-hdrc: gadget DISCONNECT
03-23 00:09:24.612     5     5 D (7)[5:kworker/u16:0]speaker_amp 7-0040: DSP1: cs35l41-dsp1-spk-prot.wmfw.3: 1656 bytes at 320 in XM_PACKED
03-23 00:09:24.651     5     5 D (4)[5:kworker/u16:0]speaker_amp 7-0040: DSP1: cs35l41-dsp1-spk-prot.wmfw.4: 1272 bytes at 876 in XM_PACKED
03-23 00:09:24.651  1162  1162 E (7)[1162:camerahalserver][wl2866d_regulator_get_voltage]: [wl2866d-avdd2][1] voltage read [78]
03-23 00:09:24.677     5     5 I         : (5)[5:kworker/u16:0]adsp_core1_suspend(), done elapse 394 us
03-23 00:09:24.681     5     5 D (5)[5:kworker/u16:0]speaker_amp 7-0040: DSP1: cs35l41-dsp1-spk-prot.wmfw.5: 372 bytes at 1320 in XM_PACKED
03-23 00:09:24.690     5     5 D (4)[5:kworker/u16:0]speaker_amp 7-0040: DSP1: cs35l41-dsp1-spk-prot.wmfw.6: 6132 bytes at 0 in YM_PACKED
03-23 00:09:24.690  1162  1162 E (5)[1162:camerahalserver][wl2866d_regulator_get_voltage]: [wl2866d-avdd2][1] voltage read [78]
03-23 00:09:24.690  1162  1162 E (5)[1162:camerahalserver][wl2866d_write]: Writing 0x80 to 0x06
03-23 00:09:24.697   932   932 I (6)[932:main]KernelSU: handle_setresuid from 0 to 0
03-23 00:09:24.709  1049  1049 I -(1)[1049:RenderEngine]configfs-gadget gadget: [rlimit]non-core reqc0.01 v0000 i0004 l16
03-23 00:09:24.709  1049  1049 I -(1)[1049:RenderEngine]configfs-gadget gadget: [rlimit]non-core reqc0.01 v0000 i0004 l40
03-23 00:09:24.785  1162  1162 E (7)[1162:camerahalserver][wl2866d_write_voltage]: [wl2866d-avdd2][1] VSET=[0x80]
03-23 00:09:24.785  1162  1162 E (7)[1162:camerahalserver][wl2866d_regulator_set_voltage]: [wl2866d-avdd2][1] voltage set to 2800000
03-23 00:09:24.793  1645  1645 I -(4)[1645:cat]configfs-gadget gadget: high-speed config #1: b
03-23 00:09:24.793  1645  1645 I         : -(4)[1645:cat]ffs_func_set_alt - ffs->state:2
03-23 00:09:24.793  1645  1645 I -(4)[1645:cat]saving_mode: 0
03-23 00:09:24.793  1645  1645 I -(4)[1645:cat]saving_mode: 0
03-23 00:09:24.793  1645  1645 I -(4)[1645:cat]configfs-gadget gadget: USB_REQ_SET_CONFIGURATION: value=0
03-23 00:09:24.832     5     5 D (0)[5:kworker/u16:0]speaker_amp 7-0040: DSP1: cs35l41-dsp1-spk-prot.wmfw.7: 19280 bytes at 0 in PM_PACKED
03-23 00:09:24.832  1162  1162 E (7)[1162:camerahalserver][wl2866d_regulator_get_voltage]: [wl2866d-avdd2][1] voltage read [80]
03-23 00:09:24.927  1162  1162 E (2)[1162:camerahalserver][wl2866d_masked_write]: Writing 0x08 to 0x000e with mask 0x08
03-23 00:09:24.928  1162  1162 E (2)[1162:camerahalserver][wl2866d_regulator_enable]: [wl2866d-avdd2][1] regulator enable
03-23 00:09:24.928  1162  1162 E (2)[1162:camerahalserver][wl2866d_regulator_get_voltage]: [wl2866d-dvdd2][1] voltage read [64]
03-23 00:09:24.929  1162  1162 E (3)[1162:camerahalserver][wl2866d_regulator_get_voltage]: [wl2866d-dvdd2][1] voltage read [64]
03-23 00:09:24.929  1162  1162 E (3)[1162:camerahalserver][wl2866d_write]: Writing 0x64 to 0x04
03-23 00:09:24.929  1162  1162 E (7)[1162:camerahalserver][wl2866d_write_voltage]: [wl2866d-dvdd2][1] VSET=[0x64]
03-23 00:09:24.929  1162  1162 E (7)[1162:camerahalserver][wl2866d_regulator_set_voltage]: [wl2866d-dvdd2][1] voltage set to 1200000
03-23 00:09:24.929  1162  1162 E (7)[1162:camerahalserver][wl2866d_regulator_get_voltage]: [wl2866d-dvdd2][1] voltage read [64]
