03-23 00:09:35.501  1356  1356 E (5)[1356:android.hardwar]fpc1022_irq fingerprint: enable spi clk clk_enable_set
03-23 00:09:35.502  1356  1356 E (5)[1356:android.hardwar]fpc1022_irq fingerprint: disable spi clk clk_enable_set
03-23 00:09:35.561   667   667 I         : (5)[667:android.hardwar]xiaomi_touch_dev_open
03-23 00:09:35.561   667   667 I (5)[667:android.hardwar]xiaomi_touch_dev_ioctl cmd: 0, touchId:0, mode:14, value:1
03-23 00:09:35.561   667   667 I (5)[667:android.hardwar][FTS_TS/I]fts_set_cur_value: mode:14, value:1
03-23 00:09:35.561   667   667 I (5)[667:android.hardwar][FTS_TS/I]fts_update_gesture_state: gesture state:0x01
03-23 00:09:35.567   955   955 E         : (1)[955:android.hardwar][mtk_nanohub]sensor_id id 0, sensor_type:1
03-23 00:09:35.605   981   981 I (4)[981:binder:964_1][MTK-WIFI] WIFI_open[I]: major 463 minor 0 (pid 981)
03-23 00:09:35.605   981   981 I (4)[981:binder:964_1][MTK-WIFI] WIFI_write[I]: WIFI_write 0, length 2, copy_size 2
03-23 00:09:35.636  2670  2670 E AndroidRuntime: *** FATAL EXCEPTION IN SYSTEM PROCESS: main
03-23 00:09:35.636  2670  2670 E AndroidRuntime: java.lang.IllegalStateException: Signature|privileged permissions not in privileged permission allowlist: {org.aospextended.device (/system_ext/priv-app/XiaomiParts): android.permission.CONTROL_DEVICE_LIGHTS}
03-23 00:09:35.636  2670  2670 E AndroidRuntime: 	at com.android.server.permission.access.permission.AppIdPermissionPolicy.onSystemReady(AppIdPermissionPolicy.kt:1823)
03-23 00:09:35.636  2670  2670 E AndroidRuntime: 	at com.android.server.permission.access.AccessPolicy.onSystemReady(AccessPolicy.kt:283)
03-23 00:09:35.636  2670  2670 E AndroidRuntime: 	at com.android.server.permission.access.AccessCheckingService.onSystemReady$frameworks__base__services__permission__android_common__services_permission_pre_jarjar(AccessCheckingService.kt:256)
03-23 00:09:35.636  2670  2670 E AndroidRuntime: 	at com.android.server.permission.access.permission.PermissionService.onSystemReady(PermissionService.kt:2396)
03-23 00:09:35.636  2670  2670 E AndroidRuntime: 	at com.android.server.pm.permission.PermissionManagerService$PermissionManagerServiceInternalImpl.onSystemReady(PermissionManagerService.java:777)
03-23 00:09:35.636  2670  2670 E AndroidRuntime: 	at com.android.server.pm.PackageManagerService.systemReady(PackageManagerService.java:4372)
03-23 00:09:35.636  2670  2670 E AndroidRuntime: 	at com.android.server.SystemServer.startOtherServices(SystemServer.java:3290)
03-23 00:09:35.636  2670  2670 E AndroidRuntime: 	at com.android.server.SystemServer.run(SystemServer.java:1046)
03-23 00:09:35.636  2670  2670 E AndroidRuntime: 	at com.android.server.SystemServer.main(SystemServer.java:724)
03-23 00:09:35.636  2670  2670 E AndroidRuntime: 	at java.lang.reflect.Method.invoke(Native Method)
03-23 00:09:35.636  2670  2670 E AndroidRuntime: 	at com.android.internal.os.RuntimeInit$MethodAndArgsCaller.run(RuntimeInit.java:569)
03-23 00:09:35.636  2670  2670 E AndroidRuntime: 	at com.android.internal.os.ZygoteInit.main(ZygoteInit.java:907)
03-23 00:09:35.653  1043  1043 I (7)[1043:mtk_wland_threa][MTK-WIFI] WIFI_write[I]: Turn off p2p/ap mode
03-23 00:09:35.668  1043  1043 I (7)[1043:mtk_wland_threa][MTK-WIFI] register_set_p2p_mode_handler[I]: (pid 1043) register set p2p mode handler           (null)
03-23 00:09:35.668  1043  1043 I (7)[1043:mtk_wland_threa][MTK-WIFI] update_driver_loaded_status[I]: update_driver_loaded_status: 0
03-23 00:09:35.674     3     3 I         : (0)[3:kworker/0:0][connlog] wifi_fw emi ring is empty!
03-23 00:09:35.674     3     3 I         : (0)[3:kworker/0:0][connlog] wifi_fw irq counter = 3
03-23 00:09:35.691  1043  1043 I (4)[1043:mtk_wland_threa][MTK-WIFI] update_driver_reset_status[I]: update_driver_reset_status: 0
03-23 00:09:35.691  1043  1043 I (4)[1043:mtk_wland_threa]conninfra@(consys_bus_clock_ctrl: 528) drv=[3] conninfra_bus_clock_wpll=[0]->[0] disable conninfra_bus_clock_bpll=[0]->[0] disable
03-23 00:09:35.692   995   995 I (7)[995:conninfra_cored]conninfra@(conninfra_pwr_off: 156) [conninfra_pwr_off] drv=[3]
03-23 00:09:35.692   995   995 I (7)[995:conninfra_cored]conninfra@(conninfra_core_wake_lock_get: 2129) [conninfra_core_wake_lock_get] after wake_lock(1)
03-23 00:09:35.692   995   995 I         : (7)[995:conninfra_cored]Last power off: 3, Power off CONNSYS PART 1
03-23 00:09:35.694   995   995 I         : (7)[995:conninfra_cored][consys_conninfra_wakeup_mt6893] Polling chip id success (0x20010101)
03-23 00:09:35.694   995   995 I         : (7)[995:conninfra_cored]conninfra_wakeup refcnt=[0]->[1] wakeup!!
03-23 00:09:35.694   995   995 I (7)[995:conninfra_cored]conninfra@(consys_plt_pmic_raise_voltage: 633) [consys_plt_pmic_raise_voltage] [drv_type(3) raise(0) onoff(1)][bt_raise(0)]
03-23 00:09:35.694   995   995 I         : (7)[995:conninfra_cored]conninfra_sleep refcnt=[1]->[0] sleep!!
03-23 00:09:35.694   995   995 I         : (7)[995:conninfra_cored]Turn off conn_infra power by SPM API
03-23 00:09:35.694   995   995 I         : (7)[995:conninfra_cored]Power off CONNSYS PART 2
03-23 00:09:35.694   981   981 I (7)[981:binder:964_1]conninfra@(opfunc_power_off_internal: 433) [Conninfra Pwr Off] Conninfra=[0] BT=[0] FM=[0] GPS=[0] WF=[0]
03-23 00:09:35.694   981   981 I (7)[981:binder:964_1][MTK-WIFI] WIFI_write[I]: WMT turn off WIFI success!
03-23 00:09:35.694   981   981 I (7)[981:binder:964_1][MTK-WIFI] WIFI_close[I]: major 463 minor 0 (pid 981)
03-23 00:09:35.718  1096  1096 E (0)[1096:mi_thermald]get_connector_temp: connector_temp:293
03-23 00:09:35.718  1096  1096 I         : (0)[1096:mi_thermald][Thermal/TZ/BTS]T_AP=43914
03-23 00:09:35.791  2755  2755 I (0)[2755:HintManagerServ]update_trigger: psi_trigger_destroy, old:000000000699640d
03-23 00:09:35.791  2755  2755 I (0)[2755:HintManagerServ]update_trigger: psi_trigger_destroy, old:00000000a3c67e9a
03-23 00:09:35.791  2755  2755 I (1)[2755:HintManagerServ]update_trigger: psi_trigger_destroy, old:00000000331b9965
03-23 00:09:35.791   340   340 I (1)[340:kworker/1:1]binder: undelivered TRANSACTION_COMPLETE
03-23 00:09:35.791   340   340 I (1)[340:kworker/1:1]binder: undelivered transaction 41863, process died.
03-23 00:09:35.819  2867  2867 I (7)[2867:init]KernelSU: handle_setresuid from 0 to 1000
03-23 00:09:35.825  2867  2867 I (7)[2867:vdc]binder: 2867:2867 ioctl 40046210 7fc6ce3db4 returned -22
03-23 00:09:35.826  1825  1825 I (4)[1825:kworker/4:55]binder: release 2619:2619 transaction 37108 out, still active
03-23 00:09:35.826  1825  1825 I (4)[1825:kworker/4:55]binder: undelivered TRANSACTION_COMPLETE
03-23 00:09:35.829    41    41 I (6)[41:kworker/6:0]binder: release 2620:2626 transaction 37108 in, still active
03-23 00:09:35.829    41    41 I (6)[41:kworker/6:0]binder: send failed reply for transaction 37108, target dead
03-23 00:09:35.829    41    41 I (6)[41:kworker/6:0]binder: 37108: from 0:0 to 0:0
03-23 00:09:35.829    41    41 I (6)[41:kworker/6:0]binder: total 2.338 s code 8 start 18.506 android 2026-03-22 18:39:33.485
03-23 00:09:35.837  2628  2628 I         : (3)[2628:HwBinder:2586_2][IPI][DMA] hal_dma_get_queue_msg(), -ERESTARTSYS
03-23 00:09:35.837  2628  2628 I         : (3)[2628:HwBinder:2586_2][IPI][DMA] audio_ipi_dma_msg_read(), hal_dma_get_queue_msg retval -4
03-23 00:09:35.944     0     0 I         : (7)[0:swapper/7][name:spm&][RC] ratio, duration_ms:10244, dram:0%, syspll:0%, bus26m:0%
03-23 00:09:36.166  2364  2364 E (7)[2364:kworker/u16:28]get_connector_temp: connector_temp:293
03-23 00:09:36.201  2369  2369 I         : (0)[2369:kworker/u16:33][Thermal/TZ/BTS]T_AP=43914
03-23 00:09:36.790   346   346 I (7)[346:kworker/7:3][bq27z561] fg_update_status: SOC:100,Volt:4304,Cur:181,Temp:313,RM:4151,FC:4270,FAST:0,ST:2,NAME:bq27z561
03-23 00:09:36.790   346   346 E (7)[346:kworker/7:3][USBPD-PM]: usbpd_psy_notifier_cb: usbpd_psy_notifier_cb enter
03-23 00:09:36.791   364   364 E (7)[364:kworker/7:4][USBPD-PM]: usbpd_psy_notifier_cb: usbpd_psy_notifier_cb enter
03-23 00:09:36.792   117   117 I         : (5)[117:pd_dbg_info]///PD dbg info 126d
03-23 00:09:36.792   117   117 I (5)[117:pd_dbg_info]<   21.812>TCPC-TCPC: bat_update_work_func battery update soc = 100
03-23 00:09:36.792     0     0 I <   21.812>TCPC-TCPC: bat_update_work_func Battery Charging
03-23 00:09:36.797   948   948 I (5)[948:android.hardwar]nchg: capacity:100, data->night_chg_flag:0, pre_night_chg_flag:0, input_suspend:0
03-23 00:09:36.797     0     0 I , fcc   : 11200000
03-23 00:09:36.805   948   948 W (5)[948:android.hardwar]healthd: battery l=100 v=4304 t=31.3 h=2 st=2 c=181000 fc=4270000 cc=399 chg=u
03-23 00:09:36.816   948   948 W (7)[948:android.hardwar]healthd: battery l=100 v=4304 t=31.3 h=2 st=2 c=181000 fc=4270000 cc=399 chg=u
03-23 00:09:36.821    50    50 I (7)[50:kworker/7:1][bq27z561] fg_update_charge_full: raw:9721,done:0,pmic_done:0,full:0,health:1
03-23 00:09:36.821    50    50 I (7)[50:kworker/7:1][bq27z561] fg_update_charge_full: battery_main.CHG_FULL_STATUS:0
03-23 00:09:37.220  2369  2369 I         : (7)[2369:kworker/u16:33][Thermal/TZ/BTS]T_AP=43397
03-23 00:09:37.736   423   423 I (4)[423:cmdq_sec_late_i][cmdq] g_cmdq_cnt: 2 g_cmdq:1 pa:0x0000000010318000
03-23 00:09:37.736   423   423 I         : (4)[423:cmdq_sec_late_i][cmdq] cmdq_sec_mtee_setup_context a0:0x1 cmdq_mtee:1
03-23 00:09:37.736   423   423 I         : (4)[423:cmdq_sec_late_i][port_lookup_tid] find last_token com, tee id 0
03-23 00:09:37.737   423   423 I         : (5)[423:cmdq_sec_late_i][port_lookup_tid] find last_token com, tee id 0
03-23 00:09:37.749  1096  1096 E (2)[1096:mi_thermald]get_connector_temp: connector_temp:293
03-23 00:09:37.749  1096  1096 I         : (2)[1096:mi_thermald][Thermal/TZ/BTS]T_AP=43056
03-23 00:09:37.764  1591  1591 I (5)[1591:kworker/5:55]sd 0: 0:0:2: [sdc] Synchronizing SCSI cache
03-23 00:09:37.765  1591  1591 E (5)[1591:kworker/5:55]ghr: scsi_execute exit ret = 0x0
03-23 00:09:37.765  1591  1591 I (5)[1591:kworker/5:55]ufshpb_suspend: 3294 info: ufshpb_lu 2 goto suspend
03-23 00:09:37.765  1591  1591 I (5)[1591:kworker/5:55]ufshpb_suspend: 3295 info: ufshpb_lu 2 changes suspend state
03-23 00:09:37.765  1591  1591 E (5)[1591:kworker/5:55]ghr: scsi_execute exit ret = 0x0
03-23 00:09:37.765  1591  1591 E (5)[1591:kworker/5:55]ghr: scsi_execute exit ret = 0x0
03-23 00:09:37.989     1     1 I (7)[1:init]: starting service 'netd'...
03-23 00:09:37.989     1     1 I (7)[1:init]: Created socket '/dev/socket/dnsproxyd', mode 660, user 0, group 3003
03-23 00:09:37.989     1     1 I (7)[1:init]: Created socket '/dev/socket/mdns', mode 660, user 0, group 1000
03-23 00:09:37.989     1     1 I (7)[1:init]: Created socket '/dev/socket/fwmarkd', mode 660, user 0, group 3003
03-23 00:09:37.992     1     1 I (5)[1:init]: ... started service 'netd' has pid 2870
03-23 00:09:37.995     1     1 I (5)[1:init]: starting service 'zygote'...
03-23 00:09:37.995     1     1 I (5)[1:init]: Created socket '/dev/socket/zygote', mode 660, user 0, group 1000
03-23 00:09:37.996     1     1 I (5)[1:init]: Created socket '/dev/socket/usap_pool_primary', mode 660, user 0, group 1000
03-23 00:09:38.001     1     1 I (2)[1:init]: ... started service 'zygote' has pid 2871
03-23 00:09:38.022   475   475 E (2)[475:ueventd]selinux: SELinux:  Could not stat /sys/devices/virtual/net/ipsec_test: No such file or directory.
03-23 00:09:38.034     1     1 I (7)[1:init]: starting service 'vendor.audio-hal'...
03-23 00:09:38.036  2875  2875 I (4)[2875:init]KernelSU: handle_setresuid from 0 to 1041
03-23 00:09:38.042  2870  2870 I (7)[2870:netd]binder: 2870:2870 ioctl 40046210 7fdfd27944 returned -22
03-23 00:09:38.043  2870  2870 I (7)[2870:binder:2870_4]binder: 2870:2870 ioctl 40046210 7fdfd27cb4 returned -22
03-23 00:09:38.053  2875  2875 I (6)[2875:android.hardwar]binder: 2875:2875 ioctl 40046210 ffc98510 returned -22
03-23 00:09:38.053  2875  2875 I (6)[2875:binder:2875_2]binder: 2875:2875 ioctl 40046210 ffc98528 returned -22
03-23 00:09:38.144  2893  2893 I (0)[2893:init]KernelSU: handle_setresuid from 0 to 1041
03-23 00:09:38.178  2893  2893 I (4)[2893:audioserver]binder: 2893:2893 ioctl 40046210 7ff3e82c84 returned -22
03-23 00:09:38.178  2893  2893 I (4)[2893:audioserver]binder: 2893:2893 ioctl 40046210 7ff3e82cd4 returned -22
03-23 00:09:38.214  2369  2369 E (7)[2369:kworker/u16:33]get_connector_temp: connector_temp:293
03-23 00:09:38.220  2871  2871 I (4)[2871:main]KernelSU: handle_setresuid from 0 to 0
03-23 00:09:38.248  2364  2364 I         : (1)[2364:kworker/u16:28][Thermal/TZ/BTS]T_AP=42791
03-23 00:09:38.344  2908  2908 I (7)[2908:init]KernelSU: handle_setresuid from 0 to 1047
03-23 00:09:38.380  2909  2909 I (4)[2909:init]KernelSU: handle_setresuid from 0 to 1013
03-23 00:09:38.389  2892  2892 I (6)[2892:HwBinder:2875_2]mt6885-audio 11210000.mt6885-afe-pcm: mt6885_afe_runtime_resume()
03-23 00:09:38.389  2892  2892 I (6)[2892:HwBinder:2875_2]mt6885-audio 11210000.mt6885-afe-pcm: mt6885_afe_enable_clock()
03-23 00:09:38.389    41    41 I (6)[41:kworker/6:0]mt6885-audio 11210000.mt6885-afe-pcm: mt6885_afe_runtime_suspend()
03-23 00:09:38.389    41    41 I (6)[41:kworker/6:0]mt6885-audio 11210000.mt6885-afe-pcm: mt6885_afe_disable_clock()
03-23 00:09:38.391  2892  2892 I (6)[2892:HwBinder:2875_2]mt6885-audio 11210000.mt6885-afe-pcm: mt6885_afe_runtime_resume()
03-23 00:09:38.391  2892  2892 I (6)[2892:HwBinder:2875_2]mt6885-audio 11210000.mt6885-afe-pcm: mt6885_afe_enable_clock()
03-23 00:09:38.391    41    41 I (6)[41:kworker/6:0]mt6885-audio 11210000.mt6885-afe-pcm: mt6885_afe_runtime_suspend()
03-23 00:09:38.391    41    41 I (6)[41:kworker/6:0]mt6885-audio 11210000.mt6885-afe-pcm: mt6885_afe_disable_clock()
03-23 00:09:38.393  2892  2892 I (6)[2892:HwBinder:2875_2]mt6885-audio 11210000.mt6885-afe-pcm: mt6885_afe_runtime_resume()
03-23 00:09:38.393  2892  2892 I (6)[2892:HwBinder:2875_2]mt6885-audio 11210000.mt6885-afe-pcm: mt6885_afe_enable_clock()
03-23 00:09:38.393    41    41 I (6)[41:kworker/6:0]mt6885-audio 11210000.mt6885-afe-pcm: mt6885_afe_runtime_suspend()
03-23 00:09:38.393    41    41 I (6)[41:kworker/6:0]mt6885-audio 11210000.mt6885-afe-pcm: mt6885_afe_disable_clock()
03-23 00:09:38.394  2892  2892 I (6)[2892:HwBinder:2875_2]mt6885-audio 11210000.mt6885-afe-pcm: mt6885_afe_runtime_resume()
03-23 00:09:38.394  2892  2892 I (6)[2892:HwBinder:2875_2]mt6885-audio 11210000.mt6885-afe-pcm: mt6885_afe_enable_clock()
03-23 00:09:38.394    41    41 I (6)[41:kworker/6:0]mt6885-audio 11210000.mt6885-afe-pcm: mt6885_afe_runtime_suspend()
03-23 00:09:38.394    41    41 I (6)[41:kworker/6:0]mt6885-audio 11210000.mt6885-afe-pcm: mt6885_afe_disable_clock()
03-23 00:09:38.396  2892  2892 I (5)[2892:HwBinder:2875_2]mt6885-audio 11210000.mt6885-afe-pcm: mt6885_afe_runtime_resume()
03-23 00:09:38.396  2892  2892 I (5)[2892:HwBinder:2875_2]mt6885-audio 11210000.mt6885-afe-pcm: mt6885_afe_enable_clock()
03-23 00:09:38.397  1591  1591 I (5)[1591:kworker/5:55]mt6885-audio 11210000.mt6885-afe-pcm: mt6885_afe_runtime_suspend()
03-23 00:09:38.397  1591  1591 I (5)[1591:kworker/5:55]mt6885-audio 11210000.mt6885-afe-pcm: mt6885_afe_disable_clock()
03-23 00:09:38.397  2892  2892 I (5)[2892:HwBinder:2875_2]mt6885-audio 11210000.mt6885-afe-pcm: mt6885_afe_runtime_resume()
03-23 00:09:38.397  2892  2892 I (5)[2892:HwBinder:2875_2]mt6885-audio 11210000.mt6885-afe-pcm: mt6885_afe_enable_clock()
03-23 00:09:38.397  1591  1591 I (5)[1591:kworker/5:55]mt6885-audio 11210000.mt6885-afe-pcm: mt6885_afe_runtime_suspend()
03-23 00:09:38.397  1591  1591 I (5)[1591:kworker/5:55]mt6885-audio 11210000.mt6885-afe-pcm: mt6885_afe_disable_clock()
03-23 00:09:38.397  2908  2908 I (7)[2908:cameraserver]binder: 2908:2908 ioctl 40046210 7feb6d66c4 returned -22
03-23 00:09:38.397  2892  2892 I (5)[2892:HwBinder:2875_2]mt6885-audio 11210000.mt6885-afe-pcm: mt6885_afe_runtime_resume()
03-23 00:09:38.397  2892  2892 I (5)[2892:HwBinder:2875_2]mt6885-audio 11210000.mt6885-afe-pcm: mt6885_afe_enable_clock()
03-23 00:09:38.397  2908  2908 I (7)[2908:cameraserver]binder: 2908:2908 ioctl 40046210 7feb6d6714 returned -22
03-23 00:09:38.398  1591  1591 I (5)[1591:kworker/5:55]mt6885-audio 11210000.mt6885-afe-pcm: mt6885_afe_runtime_suspend()
03-23 00:09:38.398  1591  1591 I (5)[1591:kworker/5:55]mt6885-audio 11210000.mt6885-afe-pcm: mt6885_afe_disable_clock()
03-23 00:09:38.398  2892  2892 I (5)[2892:HwBinder:2875_2]mt6885-audio 11210000.mt6885-afe-pcm: mt6885_afe_runtime_resume()
03-23 00:09:38.398  2892  2892 I (5)[2892:HwBinder:2875_2]mt6885-audio 11210000.mt6885-afe-pcm: mt6885_afe_enable_clock()
03-23 00:09:38.398  1591  1591 I (5)[1591:kworker/5:55]mt6885-audio 11210000.mt6885-afe-pcm: mt6885_afe_runtime_suspend()
03-23 00:09:38.398  1591  1591 I (5)[1591:kworker/5:55]mt6885-audio 11210000.mt6885-afe-pcm: mt6885_afe_disable_clock()
03-23 00:09:38.398  2892  2892 I (5)[2892:HwBinder:2875_2]mt6885-audio 11210000.mt6885-afe-pcm: mt6885_afe_runtime_resume()
03-23 00:09:38.398  2892  2892 I (5)[2892:HwBinder:2875_2]mt6885-audio 11210000.mt6885-afe-pcm: mt6885_afe_enable_clock()
03-23 00:09:38.398  1591  1591 I (5)[1591:kworker/5:55]mt6885-audio 11210000.mt6885-afe-pcm: mt6885_afe_runtime_suspend()
03-23 00:09:38.398  1591  1591 I (5)[1591:kworker/5:55]mt6885-audio 11210000.mt6885-afe-pcm: mt6885_afe_disable_clock()
03-23 00:09:38.399  2892  2892 I (5)[2892:HwBinder:2875_2]mt6885-audio 11210000.mt6885-afe-pcm: mt6885_afe_runtime_resume()
03-23 00:09:38.399  2892  2892 I (5)[2892:HwBinder:2875_2]mt6885-audio 11210000.mt6885-afe-pcm: mt6885_afe_enable_clock()
03-23 00:09:38.399  1591  1591 I (5)[1591:kworker/5:55]mt6885-audio 11210000.mt6885-afe-pcm: mt6885_afe_runtime_suspend()
03-23 00:09:38.399  1591  1591 I (5)[1591:kworker/5:55]mt6885-audio 11210000.mt6885-afe-pcm: mt6885_afe_disable_clock()
03-23 00:09:38.399  2892  2892 I (5)[2892:HwBinder:2875_2]mt6885-audio 11210000.mt6885-afe-pcm: mt6885_afe_runtime_resume()
03-23 00:09:38.399  2892  2892 I (5)[2892:HwBinder:2875_2]mt6885-audio 11210000.mt6885-afe-pcm: mt6885_afe_enable_clock()
03-23 00:09:38.399  1591  1591 I (5)[1591:kworker/5:55]mt6885-audio 11210000.mt6885-afe-pcm: mt6885_afe_runtime_suspend()
03-23 00:09:38.399  1591  1591 I (5)[1591:kworker/5:55]mt6885-audio 11210000.mt6885-afe-pcm: mt6885_afe_disable_clock()
03-23 00:09:38.400  2892  2892 I (5)[2892:HwBinder:2875_2]mt6885-audio 11210000.mt6885-afe-pcm: mt6885_afe_runtime_resume()
03-23 00:09:38.400  2892  2892 I (5)[2892:HwBinder:2875_2]mt6885-audio 11210000.mt6885-afe-pcm: mt6885_afe_enable_clock()
03-23 00:09:38.400  1591  1591 I (5)[1591:kworker/5:55]mt6885-audio 11210000.mt6885-afe-pcm: mt6885_afe_runtime_suspend()
03-23 00:09:38.400  1591  1591 I (5)[1591:kworker/5:55]mt6885-audio 11210000.mt6885-afe-pcm: mt6885_afe_disable_clock()
03-23 00:09:38.400  2892  2892 I (5)[2892:HwBinder:2875_2]mt6885-audio 11210000.mt6885-afe-pcm: mt6885_afe_runtime_resume()
03-23 00:09:38.400  2892  2892 I (5)[2892:HwBinder:2875_2]mt6885-audio 11210000.mt6885-afe-pcm: mt6885_afe_enable_clock()
03-23 00:09:38.400  1591  1591 I (5)[1591:kworker/5:55]mt6885-audio 11210000.mt6885-afe-pcm: mt6885_afe_runtime_suspend()
03-23 00:09:38.400  1591  1591 I (5)[1591:kworker/5:55]mt6885-audio 11210000.mt6885-afe-pcm: mt6885_afe_disable_clock()
03-23 00:09:38.400  2911  2911 I (7)[2911:init]KernelSU: handle_setresuid from 0 to 1010
03-23 00:09:38.401  2892  2892 I (5)[2892:HwBinder:2875_2]mt6885-audio 11210000.mt6885-afe-pcm: mt6885_afe_runtime_resume()
03-23 00:09:38.401  2892  2892 I (5)[2892:HwBinder:2875_2]mt6885-audio 11210000.mt6885-afe-pcm: mt6885_afe_enable_clock()
03-23 00:09:38.401     3     3 I (0)[3:kworker/0:0]mt6885-audio 11210000.mt6885-afe-pcm: mt6885_afe_runtime_suspend()
03-23 00:09:38.401     3     3 I (0)[3:kworker/0:0]mt6885-audio 11210000.mt6885-afe-pcm: mt6885_afe_disable_clock()
03-23 00:09:38.402  2892  2892 I (0)[2892:HwBinder:2875_2]mt6885-audio 11210000.mt6885-afe-pcm: mt6885_afe_runtime_resume()
03-23 00:09:38.402  2892  2892 I (0)[2892:HwBinder:2875_2]mt6885-audio 11210000.mt6885-afe-pcm: mt6885_afe_enable_clock()
03-23 00:09:38.402     3     3 I (0)[3:kworker/0:0]mt6885-audio 11210000.mt6885-afe-pcm: mt6885_afe_runtime_suspend()
03-23 00:09:38.402     3     3 I (0)[3:kworker/0:0]mt6885-audio 11210000.mt6885-afe-pcm: mt6885_afe_disable_clock()
03-23 00:09:38.404  2892  2892 I (1)[2892:HwBinder:2875_2]mt6885-audio 11210000.mt6885-afe-pcm: mt6885_afe_runtime_resume()
03-23 00:09:38.404  2892  2892 I (1)[2892:HwBinder:2875_2]mt6885-audio 11210000.mt6885-afe-pcm: mt6885_afe_enable_clock()
03-23 00:09:38.404  1591  1591 I (5)[1591:kworker/5:55]mt6885-audio 11210000.mt6885-afe-pcm: mt6885_afe_runtime_suspend()
03-23 00:09:38.404  1591  1591 I (5)[1591:kworker/5:55]mt6885-audio 11210000.mt6885-afe-pcm: mt6885_afe_disable_clock()
03-23 00:09:38.405  2892  2892 I (5)[2892:HwBinder:2875_2]mt6885-audio 11210000.mt6885-afe-pcm: mt6885_afe_runtime_resume()
03-23 00:09:38.405  2892  2892 I (5)[2892:HwBinder:2875_2]mt6885-audio 11210000.mt6885-afe-pcm: mt6885_afe_enable_clock()
03-23 00:09:38.405  1591  1591 I (5)[1591:kworker/5:55]mt6885-audio 11210000.mt6885-afe-pcm: mt6885_afe_runtime_suspend()
03-23 00:09:38.405  1591  1591 I (5)[1591:kworker/5:55]mt6885-audio 11210000.mt6885-afe-pcm: mt6885_afe_disable_clock()
03-23 00:09:38.406  2892  2892 I (5)[2892:HwBinder:2875_2]mt6885-audio 11210000.mt6885-afe-pcm: mt6885_afe_runtime_resume()
03-23 00:09:38.406  2892  2892 I (5)[2892:HwBinder:2875_2]mt6885-audio 11210000.mt6885-afe-pcm: mt6885_afe_enable_clock()
03-23 00:09:38.406  1591  1591 I (5)[1591:kworker/5:55]mt6885-audio 11210000.mt6885-afe-pcm: mt6885_afe_runtime_suspend()
03-23 00:09:38.406  1591  1591 I (5)[1591:kworker/5:55]mt6885-audio 11210000.mt6885-afe-pcm: mt6885_afe_disable_clock()
03-23 00:09:38.406  2892  2892 I (5)[2892:HwBinder:2875_2]mt6885-audio 11210000.mt6885-afe-pcm: mt6885_afe_runtime_resume()
03-23 00:09:38.406  2892  2892 I (5)[2892:HwBinder:2875_2]mt6885-audio 11210000.mt6885-afe-pcm: mt6885_afe_enable_clock()
03-23 00:09:38.406  1591  1591 I (5)[1591:kworker/5:55]mt6885-audio 11210000.mt6885-afe-pcm: mt6885_afe_runtime_suspend()
03-23 00:09:38.406  1591  1591 I (5)[1591:kworker/5:55]mt6885-audio 11210000.mt6885-afe-pcm: mt6885_afe_disable_clock()
03-23 00:09:38.406  2892  2892 I (5)[2892:HwBinder:2875_2]mt6885-audio 11210000.mt6885-afe-pcm: mt6885_afe_runtime_resume()
03-23 00:09:38.406  2892  2892 I (5)[2892:HwBinder:2875_2]mt6885-audio 11210000.mt6885-afe-pcm: mt6885_afe_enable_clock()
03-23 00:09:38.407  1591  1591 I (5)[1591:kworker/5:55]mt6885-audio 11210000.mt6885-afe-pcm: mt6885_afe_runtime_suspend()
03-23 00:09:38.407  1591  1591 I (5)[1591:kworker/5:55]mt6885-audio 11210000.mt6885-afe-pcm: mt6885_afe_disable_clock()
03-23 00:09:38.407  2892  2892 I (5)[2892:HwBinder:2875_2]mt6885-audio 11210000.mt6885-afe-pcm: mt6885_afe_runtime_resume()
03-23 00:09:38.407  2892  2892 I (5)[2892:HwBinder:2875_2]mt6885-audio 11210000.mt6885-afe-pcm: mt6885_afe_enable_clock()
03-23 00:09:38.407  1591  1591 I (5)[1591:kworker/5:55]mt6885-audio 11210000.mt6885-afe-pcm: mt6885_afe_runtime_suspend()
03-23 00:09:38.407  1591  1591 I (5)[1591:kworker/5:55]mt6885-audio 11210000.mt6885-afe-pcm: mt6885_afe_disable_clock()
03-23 00:09:38.407  2892  2892 I (5)[2892:HwBinder:2875_2]mt6885-audio 11210000.mt6885-afe-pcm: mt6885_afe_runtime_resume()
03-23 00:09:38.407  2892  2892 I (5)[2892:HwBinder:2875_2]mt6885-audio 11210000.mt6885-afe-pcm: mt6885_afe_enable_clock()
03-23 00:09:38.408  1591  1591 I (5)[1591:kworker/5:55]mt6885-audio 11210000.mt6885-afe-pcm: mt6885_afe_runtime_suspend()
03-23 00:09:38.408  1591  1591 I (5)[1591:kworker/5:55]mt6885-audio 11210000.mt6885-afe-pcm: mt6885_afe_disable_clock()
03-23 00:09:38.408  2892  2892 I (5)[2892:HwBinder:2875_2]mt6885-audio 11210000.mt6885-afe-pcm: mt6885_afe_runtime_resume()
03-23 00:09:38.408  2892  2892 I (5)[2892:HwBinder:2875_2]mt6885-audio 11210000.mt6885-afe-pcm: mt6885_afe_enable_clock()
03-23 00:09:38.408  2911  2911 I (7)[2911:wificond]binder: 2911:2911 ioctl 40046210 7ff5d4aa94 returned -22
03-23 00:09:38.408  1591  1591 I (5)[1591:kworker/5:55]mt6885-audio 11210000.mt6885-afe-pcm: mt6885_afe_runtime_suspend()
03-23 00:09:38.408  1591  1591 I (5)[1591:kworker/5:55]mt6885-audio 11210000.mt6885-afe-pcm: mt6885_afe_disable_clock()
03-23 00:09:38.409  2892  2892 I (3)[2892:HwBinder:2875_2]mt6885-audio 11210000.mt6885-afe-pcm: mt6885_afe_runtime_resume()
03-23 00:09:38.409  2892  2892 I (3)[2892:HwBinder:2875_2]mt6885-audio 11210000.mt6885-afe-pcm: mt6885_afe_enable_clock()
03-23 00:09:38.409  2911  2911 I (7)[2911:wificond]binder: 2911:2911 ioctl 40046210 7ff5d4a9e4 returned -22
03-23 00:09:38.409  1045  1045 I (3)[1045:kworker/3:3]mt6885-audio 11210000.mt6885-afe-pcm: mt6885_afe_runtime_suspend()
03-23 00:09:38.409  1045  1045 I (3)[1045:kworker/3:3]mt6885-audio 11210000.mt6885-afe-pcm: mt6885_afe_disable_clock()
03-23 00:09:38.410  2892  2892 I (3)[2892:HwBinder:2875_2]mt6885-audio 11210000.mt6885-afe-pcm: mt6885_afe_runtime_resume()
03-23 00:09:38.410  2892  2892 I (3)[2892:HwBinder:2875_2]mt6885-audio 11210000.mt6885-afe-pcm: mt6885_afe_enable_clock()
03-23 00:09:38.410  1045  1045 I (3)[1045:kworker/3:3]mt6885-audio 11210000.mt6885-afe-pcm: mt6885_afe_runtime_suspend()
03-23 00:09:38.410  1045  1045 I (3)[1045:kworker/3:3]mt6885-audio 11210000.mt6885-afe-pcm: mt6885_afe_disable_clock()
03-23 00:09:38.411  2892  2892 I (3)[2892:HwBinder:2875_2]mt6885-audio 11210000.mt6885-afe-pcm: mt6885_afe_runtime_resume()
03-23 00:09:38.411  2892  2892 I (3)[2892:HwBinder:2875_2]mt6885-audio 11210000.mt6885-afe-pcm: mt6885_afe_enable_clock()
03-23 00:09:38.411  1045  1045 I (3)[1045:kworker/3:3]mt6885-audio 11210000.mt6885-afe-pcm: mt6885_afe_runtime_suspend()
03-23 00:09:38.411  1045  1045 I (3)[1045:kworker/3:3]mt6885-audio 11210000.mt6885-afe-pcm: mt6885_afe_disable_clock()
03-23 00:09:38.412  2892  2892 I (3)[2892:HwBinder:2875_2]mt6885-audio 11210000.mt6885-afe-pcm: mt6885_afe_runtime_resume()
03-23 00:09:38.412  2892  2892 I (3)[2892:HwBinder:2875_2]mt6885-audio 11210000.mt6885-afe-pcm: mt6885_afe_enable_clock()
03-23 00:09:38.412  1045  1045 I (3)[1045:kworker/3:3]mt6885-audio 11210000.mt6885-afe-pcm: mt6885_afe_runtime_suspend()
03-23 00:09:38.412  1045  1045 I (3)[1045:kworker/3:3]mt6885-audio 11210000.mt6885-afe-pcm: mt6885_afe_disable_clock()
03-23 00:09:38.413  2892  2892 I (3)[2892:HwBinder:2875_2]mt6885-audio 11210000.mt6885-afe-pcm: mt6885_afe_runtime_resume()
03-23 00:09:38.413  2892  2892 I (3)[2892:HwBinder:2875_2]mt6885-audio 11210000.mt6885-afe-pcm: mt6885_afe_enable_clock()
03-23 00:09:38.414  1045  1045 I (3)[1045:kworker/3:3]mt6885-audio 11210000.mt6885-afe-pcm: mt6885_afe_runtime_suspend()
03-23 00:09:38.414  1045  1045 I (3)[1045:kworker/3:3]mt6885-audio 11210000.mt6885-afe-pcm: mt6885_afe_disable_clock()
03-23 00:09:38.414  2892  2892 I (5)[2892:HwBinder:2875_2]mt6885-audio 11210000.mt6885-afe-pcm: mt6885_afe_runtime_resume()
03-23 00:09:38.414  2892  2892 I (5)[2892:HwBinder:2875_2]mt6885-audio 11210000.mt6885-afe-pcm: mt6885_afe_enable_clock()
03-23 00:09:38.415  1591  1591 I (5)[1591:kworker/5:55]mt6885-audio 11210000.mt6885-afe-pcm: mt6885_afe_runtime_suspend()
03-23 00:09:38.415  1591  1591 I (5)[1591:kworker/5:55]mt6885-audio 11210000.mt6885-afe-pcm: mt6885_afe_disable_clock()
03-23 00:09:38.415  2892  2892 I (5)[2892:HwBinder:2875_2]mt6885-audio 11210000.mt6885-afe-pcm: mt6885_afe_runtime_resume()
03-23 00:09:38.415  2892  2892 I (5)[2892:HwBinder:2875_2]mt6885-audio 11210000.mt6885-afe-pcm: mt6885_afe_enable_clock()
03-23 00:09:38.415  2892  2892 D (5)[2892:HwBinder:2875_2]++++>CSPL: cs35l41_pcm_startup.
03-23 00:09:38.415  2892  2892 D (5)[2892:HwBinder:2875_2]++++>CSPL: cs35l41_set_dai_fmt, fmt = 16385.
03-23 00:09:38.415  2892  2892 D (5)[2892:HwBinder:2875_2]---->CSPL: cs35l41_set_dai_fmt, fmt = 16385.
03-23 00:09:38.415  2892  2892 D (5)[2892:HwBinder:2875_2]++++>CSPL: cs35l41_pcm_startup.
03-23 00:09:38.415  2892  2892 D (5)[2892:HwBinder:2875_2]++++>CSPL: cs35l41_set_dai_fmt, fmt = 16385.
03-23 00:09:38.415  2892  2892 D (5)[2892:HwBinder:2875_2]---->CSPL: cs35l41_set_dai_fmt, fmt = 16385.
03-23 00:09:38.415  1591  1591 I (5)[1591:kworker/5:55]mt6885-audio 11210000.mt6885-afe-pcm: mt6885_afe_runtime_suspend()
03-23 00:09:38.415  1591  1591 I (5)[1591:kworker/5:55]mt6885-audio 11210000.mt6885-afe-pcm: mt6885_afe_disable_clock()
03-23 00:09:38.415  2892  2892 I (5)[2892:HwBinder:2875_2]mt6885-audio 11210000.mt6885-afe-pcm: mt6885_afe_runtime_resume()
03-23 00:09:38.415  2892  2892 I (5)[2892:HwBinder:2875_2]mt6885-audio 11210000.mt6885-afe-pcm: mt6885_afe_enable_clock()
03-23 00:09:38.415  2892  2892 D (5)[2892:HwBinder:2875_2]++++>CSPL: cs35l41_pcm_startup.
03-23 00:09:38.415  2892  2892 D (5)[2892:HwBinder:2875_2]++++>CSPL: cs35l41_set_dai_fmt, fmt = 16385.
03-23 00:09:38.415  2892  2892 D (5)[2892:HwBinder:2875_2]---->CSPL: cs35l41_set_dai_fmt, fmt = 16385.
03-23 00:09:38.415  2892  2892 D (5)[2892:HwBinder:2875_2]++++>CSPL: cs35l41_pcm_startup.
03-23 00:09:38.415  2892  2892 D (5)[2892:HwBinder:2875_2]++++>CSPL: cs35l41_set_dai_fmt, fmt = 16385.
03-23 00:09:38.415  2892  2892 D (5)[2892:HwBinder:2875_2]---->CSPL: cs35l41_set_dai_fmt, fmt = 16385.
03-23 00:09:38.415  1591  1591 I (5)[1591:kworker/5:55]mt6885-audio 11210000.mt6885-afe-pcm: mt6885_afe_runtime_suspend()
03-23 00:09:38.415  1591  1591 I (5)[1591:kworker/5:55]mt6885-audio 11210000.mt6885-afe-pcm: mt6885_afe_disable_clock()
03-23 00:09:38.416  2892  2892 I (5)[2892:HwBinder:2875_2]mt6885-audio 11210000.mt6885-afe-pcm: mt6885_afe_runtime_resume()
03-23 00:09:38.416  2892  2892 I (5)[2892:HwBinder:2875_2]mt6885-audio 11210000.mt6885-afe-pcm: mt6885_afe_enable_clock()
03-23 00:09:38.416  1591  1591 I (5)[1591:kworker/5:55]mt6885-audio 11210000.mt6885-afe-pcm: mt6885_afe_runtime_suspend()
03-23 00:09:38.416  1591  1591 I (5)[1591:kworker/5:55]mt6885-audio 11210000.mt6885-afe-pcm: mt6885_afe_disable_clock()
03-23 00:09:38.416  2892  2892 I (5)[2892:HwBinder:2875_2]mt6885-audio 11210000.mt6885-afe-pcm: mt6885_afe_runtime_resume()
03-23 00:09:38.416  2892  2892 I (5)[2892:HwBinder:2875_2]mt6885-audio 11210000.mt6885-afe-pcm: mt6885_afe_enable_clock()
03-23 00:09:38.416  2892  2892 D (5)[2892:HwBinder:2875_2]++++>CSPL: cs35l41_pcm_startup.
03-23 00:09:38.416  2892  2892 D (5)[2892:HwBinder:2875_2]++++>CSPL: cs35l41_set_dai_fmt, fmt = 16385.
03-23 00:09:38.416  2892  2892 D (5)[2892:HwBinder:2875_2]---->CSPL: cs35l41_set_dai_fmt, fmt = 16385.
03-23 00:09:38.416  2892  2892 D (5)[2892:HwBinder:2875_2]++++>CSPL: cs35l41_pcm_startup.
03-23 00:09:38.416  2892  2892 D (5)[2892:HwBinder:2875_2]++++>CSPL: cs35l41_set_dai_fmt, fmt = 16385.
03-23 00:09:38.416  2892  2892 D (5)[2892:HwBinder:2875_2]---->CSPL: cs35l41_set_dai_fmt, fmt = 16385.
03-23 00:09:38.416  1591  1591 I (5)[1591:kworker/5:55]mt6885-audio 11210000.mt6885-afe-pcm: mt6885_afe_runtime_suspend()
03-23 00:09:38.416  1591  1591 I (5)[1591:kworker/5:55]mt6885-audio 11210000.mt6885-afe-pcm: mt6885_afe_disable_clock()
03-23 00:09:38.417  2892  2892 I (5)[2892:HwBinder:2875_2]mt6885-audio 11210000.mt6885-afe-pcm: mt6885_afe_runtime_resume()
03-23 00:09:38.417  2892  2892 I (5)[2892:HwBinder:2875_2]mt6885-audio 11210000.mt6885-afe-pcm: mt6885_afe_enable_clock()
03-23 00:09:38.417  1591  1591 I (5)[1591:kworker/5:55]mt6885-audio 11210000.mt6885-afe-pcm: mt6885_afe_runtime_suspend()
03-23 00:09:38.417  1591  1591 I (5)[1591:kworker/5:55]mt6885-audio 11210000.mt6885-afe-pcm: mt6885_afe_disable_clock()
03-23 00:09:38.417  2892  2892 I (5)[2892:HwBinder:2875_2]mt6885-audio 11210000.mt6885-afe-pcm: mt6885_afe_runtime_resume()
03-23 00:09:38.417  2892  2892 I (5)[2892:HwBinder:2875_2]mt6885-audio 11210000.mt6885-afe-pcm: mt6885_afe_enable_clock()
03-23 00:09:38.417  1591  1591 I (5)[1591:kworker/5:55]mt6885-audio 11210000.mt6885-afe-pcm: mt6885_afe_runtime_suspend()
03-23 00:09:38.417  1591  1591 I (5)[1591:kworker/5:55]mt6885-audio 11210000.mt6885-afe-pcm: mt6885_afe_disable_clock()
03-23 00:09:38.417  2892  2892 I (5)[2892:HwBinder:2875_2]mt6885-audio 11210000.mt6885-afe-pcm: mt6885_afe_runtime_resume()
03-23 00:09:38.417  2892  2892 I (5)[2892:HwBinder:2875_2]mt6885-audio 11210000.mt6885-afe-pcm: mt6885_afe_enable_clock()
03-23 00:09:38.418  1591  1591 I (5)[1591:kworker/5:55]mt6885-audio 11210000.mt6885-afe-pcm: mt6885_afe_runtime_suspend()
03-23 00:09:38.418  1591  1591 I (5)[1591:kworker/5:55]mt6885-audio 11210000.mt6885-afe-pcm: mt6885_afe_disable_clock()
03-23 00:09:38.418  2892  2892 I (5)[2892:HwBinder:2875_2]mt6885-audio 11210000.mt6885-afe-pcm: mt6885_afe_runtime_resume()
03-23 00:09:38.418  2892  2892 I (5)[2892:HwBinder:2875_2]mt6885-audio 11210000.mt6885-afe-pcm: mt6885_afe_enable_clock()
03-23 00:09:38.418  2892  2892 D (5)[2892:HwBinder:2875_2]++++>CSPL: cs35l41_pcm_startup.
03-23 00:09:38.418  2892  2892 D (5)[2892:HwBinder:2875_2]++++>CSPL: cs35l41_set_dai_fmt, fmt = 16385.
03-23 00:09:38.418  2892  2892 D (5)[2892:HwBinder:2875_2]---->CSPL: cs35l41_set_dai_fmt, fmt = 16385.
03-23 00:09:38.418  2892  2892 D (5)[2892:HwBinder:2875_2]++++>CSPL: cs35l41_pcm_startup.
03-23 00:09:38.418  2892  2892 D (5)[2892:HwBinder:2875_2]++++>CSPL: cs35l41_set_dai_fmt, fmt = 16385.
03-23 00:09:38.418  2892  2892 D (5)[2892:HwBinder:2875_2]---->CSPL: cs35l41_set_dai_fmt, fmt = 16385.
03-23 00:09:38.418  1591  1591 I (5)[1591:kworker/5:55]mt6885-audio 11210000.mt6885-afe-pcm: mt6885_afe_runtime_suspend()
03-23 00:09:38.418  1591  1591 I (5)[1591:kworker/5:55]mt6885-audio 11210000.mt6885-afe-pcm: mt6885_afe_disable_clock()
03-23 00:09:38.419  2892  2892 I (5)[2892:HwBinder:2875_2]mt6885-audio 11210000.mt6885-afe-pcm: mt6885_afe_runtime_resume()
03-23 00:09:38.419  2892  2892 I (5)[2892:HwBinder:2875_2]mt6885-audio 11210000.mt6885-afe-pcm: mt6885_afe_enable_clock()
03-23 00:09:38.419  1591  1591 I (5)[1591:kworker/5:55]mt6885-audio 11210000.mt6885-afe-pcm: mt6885_afe_runtime_suspend()
03-23 00:09:38.419  1591  1591 I (5)[1591:kworker/5:55]mt6885-audio 11210000.mt6885-afe-pcm: mt6885_afe_disable_clock()
03-23 00:09:38.419  2892  2892 I (5)[2892:HwBinder:2875_2]mt6885-audio 11210000.mt6885-afe-pcm: mt6885_afe_runtime_resume()
03-23 00:09:38.419  2892  2892 I (5)[2892:HwBinder:2875_2]mt6885-audio 11210000.mt6885-afe-pcm: mt6885_afe_enable_clock()
03-23 00:09:38.419  1591  1591 I (5)[1591:kworker/5:55]mt6885-audio 11210000.mt6885-afe-pcm: mt6885_afe_runtime_suspend()
03-23 00:09:38.419  1591  1591 I (5)[1591:kworker/5:55]mt6885-audio 11210000.mt6885-afe-pcm: mt6885_afe_disable_clock()
03-23 00:09:38.419  2892  2892 I (5)[2892:HwBinder:2875_2]mt6885-audio 11210000.mt6885-afe-pcm: mt6885_afe_runtime_resume()
03-23 00:09:38.419  2892  2892 I (5)[2892:HwBinder:2875_2]mt6885-audio 11210000.mt6885-afe-pcm: mt6885_afe_enable_clock()
03-23 00:09:38.420  1591  1591 I (5)[1591:kworker/5:55]mt6885-audio 11210000.mt6885-afe-pcm: mt6885_afe_runtime_suspend()
03-23 00:09:38.420  1591  1591 I (5)[1591:kworker/5:55]mt6885-audio 11210000.mt6885-afe-pcm: mt6885_afe_disable_clock()
03-23 00:09:38.421  2892  2892 I (5)[2892:HwBinder:2875_2]mtk_dsp_pcm_open(), task_id: 0
03-23 00:09:38.421  2892  2892 I         : (5)[2892:HwBinder:2875_2]adsp_core0_resume(), done elapse 520 us
03-23 00:09:38.422  2892  2892 I         : (5)[2892:HwBinder:2875_2]adsp_core1_resume(), done elapse 616 us
03-23 00:09:38.422  2892  2892 I (5)[2892:HwBinder:2875_2]mtk_dsp_pcm_close(), task_id: 0
03-23 00:09:38.422  2892  2892 I (5)[2892:HwBinder:2875_2]mtk_dsp_pcm_open(), task_id: 1
03-23 00:09:38.422  2892  2892 I         : (5)[2892:HwBinder:2875_2]adsp_core0_resume(), done elapse 0 us
03-23 00:09:38.422  2892  2892 I (5)[2892:HwBinder:2875_2]mtk_dsp_pcm_close(), task_id: 1
03-23 00:09:38.423  2892  2892 I (5)[2892:HwBinder:2875_2]mtk_dsp_pcm_open(), task_id: 3
03-23 00:09:38.423  2892  2892 I         : (5)[2892:HwBinder:2875_2]adsp_core0_resume(), done elapse 0 us
03-23 00:09:38.423  2892  2892 I (5)[2892:HwBinder:2875_2]mtk_dsp_pcm_close(), task_id: 3
03-23 00:09:38.423  2892  2892 I (5)[2892:HwBinder:2875_2]mtk_dsp_pcm_open(), task_id: 4
03-23 00:09:38.423  2892  2892 I         : (5)[2892:HwBinder:2875_2]adsp_core0_resume(), done elapse 0 us
03-23 00:09:38.423  2892  2892 I (5)[2892:HwBinder:2875_2]mtk_dsp_pcm_close(), task_id: 4
03-23 00:09:38.423  2892  2892 I (5)[2892:HwBinder:2875_2]mtk_dsp_pcm_open(), task_id: 6
03-23 00:09:38.423  2892  2892 I         : (5)[2892:HwBinder:2875_2]adsp_core0_resume(), done elapse 0 us
03-23 00:09:38.423  2892  2892 I         : (5)[2892:HwBinder:2875_2]adsp_core1_resume(), done elapse 0 us
03-23 00:09:38.424  2892  2892 I (5)[2892:HwBinder:2875_2]mtk_dsp_pcm_close(), task_id: 6
03-23 00:09:38.424  2892  2892 I (5)[2892:HwBinder:2875_2]mtk_dsp_pcm_open(), task_id: 9
03-23 00:09:38.424  2892  2892 I         : (5)[2892:HwBinder:2875_2]adsp_core0_resume(), done elapse 0 us
03-23 00:09:38.424  2892  2892 I         : (5)[2892:HwBinder:2875_2]mtk_scp_ipi_send() task_scene[14] not enable
03-23 00:09:38.424  2892  2892 I (5)[2892:HwBinder:2875_2]mtk_dsp_pcm_close(), task_id: 9
03-23 00:09:38.424  2892  2892 I         : (5)[2892:HwBinder:2875_2]mtk_scp_ipi_send() task_scene[14] not enable
03-23 00:09:38.424  2892  2892 I         : (5)[2892:HwBinder:2875_2]mtk_dsp_pcm_close ret[-1]
03-23 00:09:38.424  2892  2892 I (5)[2892:HwBinder:2875_2]mtk_dsp_pcm_open(), task_id: 10
03-23 00:09:38.424  2892  2892 I         : (5)[2892:HwBinder:2875_2]adsp_core0_resume(), done elapse 0 us
03-23 00:09:38.424  2892  2892 I (5)[2892:HwBinder:2875_2]mtk_dsp_pcm_close(), task_id: 10
03-23 00:09:38.425  2892  2892 I (5)[2892:HwBinder:2875_2]mtk_dsp_pcm_open(), task_id: 11
03-23 00:09:38.425  2892  2892 I         : (5)[2892:HwBinder:2875_2]adsp_core0_resume(), done elapse 0 us
03-23 00:09:38.425  2892  2892 I         : (5)[2892:HwBinder:2875_2]adsp_core1_resume(), done elapse 0 us
03-23 00:09:38.425  2892  2892 I (5)[2892:HwBinder:2875_2]mtk_dsp_pcm_close(), task_id: 11
03-23 00:09:38.425  2892  2892 I (5)[2892:HwBinder:2875_2]mtk_dsp_pcm_open(), task_id: 12
03-23 00:09:38.425  2892  2892 I         : (5)[2892:HwBinder:2875_2]adsp_core0_resume(), done elapse 0 us
03-23 00:09:38.425  2892  2892 I         : (5)[2892:HwBinder:2875_2]adsp_core1_resume(), done elapse 0 us
03-23 00:09:38.425  2892  2892 I (5)[2892:HwBinder:2875_2]mtk_dsp_pcm_close(), task_id: 12
03-23 00:09:38.426  2892  2892 I (5)[2892:HwBinder:2875_2]mtk_dsp_pcm_open(), task_id: 13
03-23 00:09:38.426  2892  2892 I         : (5)[2892:HwBinder:2875_2]adsp_core0_resume(), done elapse 0 us
03-23 00:09:38.426  2892  2892 I (5)[2892:HwBinder:2875_2]mtk_dsp_pcm_close(), task_id: 13
03-23 00:09:38.426  2892  2892 I (5)[2892:HwBinder:2875_2]mtk_dsp_pcm_open(), task_id: 7
03-23 00:09:38.426  2892  2892 I         : (5)[2892:HwBinder:2875_2]adsp_core0_resume(), done elapse 0 us
03-23 00:09:38.427  2892  2892 I (5)[2892:HwBinder:2875_2]mtk_dsp_pcm_close(), task_id: 7
03-23 00:09:38.427  2892  2892 I (5)[2892:HwBinder:2875_2]mt6885-audio 11210000.mt6885-afe-pcm: mt6885_afe_runtime_resume()
03-23 00:09:38.427  2892  2892 I (5)[2892:HwBinder:2875_2]mt6885-audio 11210000.mt6885-afe-pcm: mt6885_afe_enable_clock()
03-23 00:09:38.427  2892  2892 I (5)[2892:HwBinder:2875_2]mt6885-audio 11210000.mt6885-afe-pcm: mt6885_mt6359_vow_startup(), start
03-23 00:09:38.427  1591  1591 I (5)[1591:kworker/5:55]mt6885-audio 11210000.mt6885-afe-pcm: mt6885_afe_runtime_suspend()
03-23 00:09:38.427  1591  1591 I (5)[1591:kworker/5:55]mt6885-audio 11210000.mt6885-afe-pcm: mt6885_afe_disable_clock()
03-23 00:09:38.427  2892  2892 I (5)[2892:HwBinder:2875_2]mt6885-audio 11210000.mt6885-afe-pcm: mt6885_mt6359_vow_shutdown(), end
03-23 00:09:38.427  2892  2892 I (5)[2892:HwBinder:2875_2]mt6885-audio 11210000.mt6885-afe-pcm: mt6885_afe_runtime_resume()
03-23 00:09:38.427  2892  2892 I (5)[2892:HwBinder:2875_2]mt6885-audio 11210000.mt6885-afe-pcm: mt6885_afe_enable_clock()
03-23 00:09:38.427  1591  1591 I (5)[1591:kworker/5:55]mt6885-audio 11210000.mt6885-afe-pcm: mt6885_afe_runtime_suspend()
03-23 00:09:38.427  1591  1591 I (5)[1591:kworker/5:55]mt6885-audio 11210000.mt6885-afe-pcm: mt6885_afe_disable_clock()
03-23 00:09:38.427  2892  2892 I (5)[2892:HwBinder:2875_2]snd_scp_ultra snd_scp_ultra: mtk_scp_ultra_pcm_open() memif dl=7,ul=15
03-23 00:09:38.427  2892  2892 I (5)[2892:HwBinder:2875_2]snd_scp_ultra snd_scp_ultra: mtk_scp_ultra_pcm_open() memif dl=7,ul=15
03-23 00:09:38.428  2892  2892 I         : (2)[2892:HwBinder:2875_2]adsp_core0_resume(), done elapse 0 us
03-23 00:09:38.428  2892  2892 I         : (2)[2892:HwBinder:2875_2]adsp_core1_resume(), done elapse 0 us
03-23 00:09:38.428  2892  2892 I         : (2)[2892:HwBinder:2875_2][IPI][DRV] audio_ipi_init_dsp_hifi3(), audio hal reinit
03-23 00:09:38.428   254   254 I         : (7)[254:scp_send_thread][IPI][DSP_Q] scp_send_msg_to_scp(), pass, task: 26, msg_id: 0xadb0, ack_type: 1, p1: 0x0, p2: 0x0
03-23 00:09:38.428   255   255 I         : (7)[255:scp_recv_thread][IPI][MSG] audio_ipi_msg_dispatcher(), ack back, task: 26, msg_id: 0xadb0, ack_type: 2, p1: 0x0, p2: 0x0
03-23 00:09:38.428  2892  2892 I         : (5)[2892:HwBinder:2875_2]audio_get_dsp_id(), task 20 not support!!
03-23 00:09:38.428  2892  2892 I         : (5)[2892:HwBinder:2875_2]audio_get_dsp_id(), task 21 not support!!
03-23 00:09:38.428  2892  2892 I         : (5)[2892:HwBinder:2875_2]audio_get_dsp_id(), task 22 not support!!
03-23 00:09:38.428  2892  2892 I         : (5)[2892:HwBinder:2875_2]audio_get_dsp_id(), task 23 not support!!
03-23 00:09:38.428  2892  2892 I         : (5)[2892:HwBinder:2875_2][IPI][DMA] audio_ipi_dma_free_region(), task 26, a2d sz 0x0, offset 0x0, d2a sz 0x0, offset 0x0, (1024512/1024512)
03-23 00:09:38.428  2892  2892 I         : (5)[2892:HwBinder:2875_2]adsp_core0_resume(), done elapse 0 us
03-23 00:09:38.428  2892  2892 I         : (5)[2892:HwBinder:2875_2]adsp_core1_resume(), done elapse 0 us
03-23 00:09:38.428  2892  2892 I         : (5)[2892:HwBinder:2875_2][IPI][DRV] audio_ipi_init_dsp_hifi3(), audio hal reinit
03-23 00:09:38.428   256   256 I         : (0)[256:scp_send_thread][IPI][DSP_Q] scp_send_msg_to_scp(), pass, task: 27, msg_id: 0xadb0, ack_type: 1, p1: 0x0, p2: 0x0
03-23 00:09:38.428   257   257 I         : (7)[257:scp_recv_thread][IPI][MSG] audio_ipi_msg_dispatcher(), ack back, task: 27, msg_id: 0xadb0, ack_type: 2, p1: 0x0, p2: 0x0
03-23 00:09:38.428  2892  2892 I         : (5)[2892:HwBinder:2875_2]audio_get_dsp_id(), task 20 not support!!
03-23 00:09:38.428  2892  2892 I         : (5)[2892:HwBinder:2875_2]audio_get_dsp_id(), task 21 not support!!
03-23 00:09:38.428  2892  2892 I         : (5)[2892:HwBinder:2875_2]audio_get_dsp_id(), task 22 not support!!
03-23 00:09:38.428  2892  2892 I         : (5)[2892:HwBinder:2875_2]audio_get_dsp_id(), task 23 not support!!
03-23 00:09:38.428  2892  2892 I         : (5)[2892:HwBinder:2875_2][IPI][DMA] audio_ipi_dma_free_region(), task 27, a2d sz 0x0, offset 0x0, d2a sz 0x0, offset 0x0, (1024512/1024512)
03-23 00:09:38.428  2892  2892 I         : (5)[2892:HwBinder:2875_2]adsp_core0_resume(), done elapse 0 us
03-23 00:09:38.428  2892  2892 I         : (5)[2892:HwBinder:2875_2]adsp_core1_resume(), done elapse 0 us
03-23 00:09:38.428  2892  2892 I         : (5)[2892:HwBinder:2875_2][IPI][DMA] audio_ipi_dma_alloc_region(), task 26, a2d sz 0x20000, offset 0x5e00, d2a sz 0x18000, offset 0x25e00, (795136/1024512)
03-23 00:09:38.428  2892  2892 I         : (5)[2892:HwBinder:2875_2]adsp_core0_resume(), done elapse 0 us
03-23 00:09:38.428  2892  2892 I         : (5)[2892:HwBinder:2875_2]adsp_core1_resume(), done elapse 0 us
03-23 00:09:38.428  2892  2892 I         : (5)[2892:HwBinder:2875_2][IPI][DMA] audio_ipi_dma_alloc_region(), task 27, a2d sz 0x20000, offset 0x5e00, d2a sz 0x18000, offset 0x25e00, (795136/1024512)
03-23 00:09:38.428  2892  2892 I         : (5)[2892:HwBinder:2875_2]adsp_core0_resume(), done elapse 0 us
03-23 00:09:38.428  2909  2909 I         : (4)[2909:mediaserver64]adsp_core1_resume(), done elapse 0 us
03-23 00:09:38.428  2909  2909 I (4)[2909:mediaserver64]binder: 2909:2909 ioctl 40046210 7fe53f1874 returned -22
03-23 00:09:38.430  2909  2909 I (4)[2909:mediaserver64]binder: 2909:2909 ioctl 40046210 7fe53f1824 returned -22
03-23 00:09:38.432  2892  2892 I         : (5)[2892:HwBinder:2875_2]cs35l41_rcv_switch_pinctrl() fast_switch_file_idx 2
03-23 00:09:38.432  2892  2892 I         : (5)[2892:HwBinder:2875_2]cs35l41_rcv_switch_pinctrl() cs35l41_rcv_switch_pinctrl end
03-23 00:09:38.433  2892  2892 I (5)[2892:HwBinder:2875_2]mt6885-audio 11210000.mt6885-afe-pcm: mt6885_i2s_hd_set(), kcontrol name I2S0_HD_Mux, hd_en 0
03-23 00:09:38.433  2892  2892 I (5)[2892:HwBinder:2875_2]mt6885-audio 11210000.mt6885-afe-pcm: mt6885_i2s_hd_set(), kcontrol name I2S3_HD_Mux, hd_en 0
03-23 00:09:38.433  2892  2892 I (5)[2892:HwBinder:2875_2]mt6885-audio 11210000.mt6885-afe-pcm: mt6885_i2s_hd_set(), kcontrol name I2S0_HD_Mux, hd_en 0
03-23 00:09:38.434  2892  2892 I (5)[2892:HwBinder:2875_2]mt6885-audio 11210000.mt6885-afe-pcm: mt6885_record_xrun_assert_set(), xrun_assert 0
03-23 00:09:38.455  2892  2892 I         : (4)[2892:HwBinder:2875_2]usip_ioctl(), cmd 0xc00844f0, arg 4130973808, memory_size = 393216 addr_phy = 0x6e900000
03-23 00:09:38.455  2892  2892 I         : (4)[2892:HwBinder:2875_2]usip_mmap_data(), memory ready 1, size 393216, align_bytes 393216
03-23 00:09:38.456  2892  2892 I         : (4)[2892:HwBinder:2875_2]usip_ioctl(), cmd 0xc00844f1, arg 4114089256, memory_size = 393216 addr_phy = 0x6e900000
03-23 00:09:38.457  2892  2892 I (4)[2892:HwBinder:2875_2]mt6359-sound mt6359_snd: audio_vow_periodic_parm_set(), size = 128
03-23 00:09:38.457  2892  2892 I (4)[2892:HwBinder:2875_2]mt6359-sound mt6359_snd: audio_vow_cfg_get(), Audio VOWCFG4 Data = 0xf
03-23 00:09:38.457  2892  2892 I (4)[2892:HwBinder:2875_2]mt6359-sound mt6359_snd: audio_vow_cfg_get(), Audio VOWCFG0 Data = 0x0
03-23 00:09:38.457  2892  2892 I (4)[2892:HwBinder:2875_2]mt6359-sound mt6359_snd: audio_vow_cfg_set(), Audio VOWCFG0 Data = 0x0
03-23 00:09:38.457  2892  2892 I (4)[2892:HwBinder:2875_2]mt6359-sound mt6359_snd: audio_vow_cfg_get(), Audio VOWCFG1 Data = 0x0
03-23 00:09:38.457  2892  2892 I (4)[2892:HwBinder:2875_2]mt6359-sound mt6359_snd: audio_vow_cfg_set(), Audio VOWCFG1 Data = 0x0
03-23 00:09:38.457  2892  2892 I (4)[2892:HwBinder:2875_2]mt6359-sound mt6359_snd: audio_vow_cfg_get(), Audio VOWCFG2 Data = 0x4343
03-23 00:09:38.457  2892  2892 I (4)[2892:HwBinder:2875_2]mt6359-sound mt6359_snd: audio_vow_cfg_set(), Audio VOWCFG2 Data = 0x4343
03-23 00:09:38.457  2892  2892 I (4)[2892:HwBinder:2875_2]mt6359-sound mt6359_snd: audio_vow_cfg_get(), Audio VOWCFG3 Data = 0xa768
03-23 00:09:38.457  2892  2892 I (4)[2892:HwBinder:2875_2]mt6359-sound mt6359_snd: audio_vow_cfg_set(), Audio VOWCFG3 Data = 0xa768
03-23 00:09:38.457  2892  2892 I (4)[2892:HwBinder:2875_2]mt6359-sound mt6359_snd: audio_vow_cfg_get(), Audio VOWCFG4 Data = 0xf
03-23 00:09:38.457  2892  2892 I (4)[2892:HwBinder:2875_2]mt6359-sound mt6359_snd: audio_vow_cfg_set(), Audio VOWCFG4 Data = 0xf
03-23 00:09:38.457  2892  2892 I (4)[2892:HwBinder:2875_2]mt6359-sound mt6359_snd: audio_vow_cfg_get(), Audio VOWCFG5 Data = 0x1
03-23 00:09:38.457  2892  2892 I (4)[2892:HwBinder:2875_2]mt6359-sound mt6359_snd: audio_vow_cfg_set(), Audio VOWCFG5 Data = 0x1
03-23 00:09:38.457  2892  2892 I (4)[2892:HwBinder:2875_2]mt6359-sound mt6359_snd: audio_vow_cfg_get(), Audio_VOW_Periodic = 0x0
03-23 00:09:38.457  2892  2892 I (4)[2892:HwBinder:2875_2]mt6359-sound mt6359_snd: audio_vow_cfg_set(), Audio_VOW_Periodic = 0x0
03-23 00:09:38.461  2892  2892 I         : (5)[2892:HwBinder:2875_2]mtk_scp_ultra_engine_state_set() new state=4, memdl=7, memul=15
03-23 00:09:38.463  2928  2928 I (4)[2928:HwBinder:2875_2]speaker_amp 7-0040: cal_z = 10013
03-23 00:09:38.463  2928  2928 I (4)[2928:HwBinder:2875_2]speaker_amp 7-0042: cal_z = 9528
03-23 00:09:38.538  2938  2938 I (4)[2938:init]KernelSU: handle_setresuid from 0 to 1046
03-23 00:09:38.561  2938  2938 I (5)[2938:android.hardwar]binder: 2938:2938 ioctl 40046210 7fed750504 returned -22
03-23 00:09:38.562  2938  2938 I (5)[2938:android.hardwar]binder: 2938:2938 ioctl 40046210 7fed7504b4 returned -22
03-23 00:09:38.572  2948  2948 I (5)[2948:main]KernelSU: handle_setresuid from 0 to 0
03-23 00:09:38.589  2949  2949 I (4)[2949:main]KernelSU: handle_setresuid from 0 to 0
03-23 00:09:38.598  2952  2952 I         : (4)[2952:VcodecProcess][DPE]DPE open g_u4EnableClockCount: 1
03-23 00:09:38.598  2952  2952 I         : (4)[2952:VcodecProcess][DPE]g_dpewb_dvme_int_Buffer_pa(0xffd12000), g_dpewb_cost_int_Buffer_pa(0xffd5d000), g_dpewb_asfrm_Buffer_pa(0xffda8000), g_dpewb_asfrmext_Buffer_pa(0xffdf3000), g_dpewb_wmfhf_Buffer_pa(0xffe3e000)
03-23 00:09:38.598  2952  2952 E (4)[2952:VcodecProcess][MTK_V4L2][ERROR] mtk_vdec_s_ctrl: 2780: ctrl-id=99200e not support!
03-23 00:09:38.598  2952  2952 I         : (4)[2952:VcodecProcess][MTK_V4L2] level=0 fops_vcodec_open(),117: decoder capability 10
03-23 00:09:38.598  2952  2952 I         : (4)[2952:VcodecProcess][MTK_V4L2] level=0 fops_vcodec_open(),125: 1602f000.vdec decoder [1]
03-23 00:09:38.598  2952  2952 I         : (4)[2952:VcodecProcess][DPE]Curr UsrCnt(0), (process, pid, tgid)=(VcodecProcess, 2952, 2938), last user
03-23 00:09:38.599  2952  2952 I         : (6)[2952:VcodecProcess][DPE]DPE release g_u4EnableClockCount: 0
03-23 00:09:38.600  2952  2952 I         : (6)[2952:VcodecProcess][MTK_V4L2] level=0 fops_vcodec_release(),148: [1] decoder
03-23 00:09:38.602  2954  2954 I         : (6)[2954:VcodecProcess][DPE]DPE open g_u4EnableClockCount: 1
