03-23 00:09:32.985     1     1 I (7)[1:init]: Created socket '/dev/socket/dnsproxyd', mode 660, user 0, group 3003
03-23 00:09:32.985     1     1 I (7)[1:init]: Created socket '/dev/socket/mdns', mode 660, user 0, group 1000
03-23 00:09:32.985     1     1 I (7)[1:init]: Created socket '/dev/socket/fwmarkd', mode 660, user 0, group 3003
03-23 00:09:32.988     1     1 I (4)[1:init]: ... started service 'netd' has pid 2581
03-23 00:09:32.990     1     1 I (4)[1:init]: starting service 'zygote'...
03-23 00:09:32.991     1     1 I (4)[1:init]: Created socket '/dev/socket/zygote', mode 660, user 0, group 1000
03-23 00:09:32.991     1     1 I (4)[1:init]: Created socket '/dev/socket/usap_pool_primary', mode 660, user 0, group 1000
03-23 00:09:32.996     1     1 I (4)[1:init]: ... started service 'zygote' has pid 2582
03-23 00:09:33.032     1     1 I (7)[1:init]: starting service 'vendor.audio-hal'...
03-23 00:09:33.034  2586  2586 I (5)[2586:init]KernelSU: handle_setresuid from 0 to 1041
03-23 00:09:33.042  2581  2581 I (7)[2581:netd]binder: 2581:2581 ioctl 40046210 7fc424bfa4 returned -22
03-23 00:09:33.043  2581  2581 I (7)[2581:binder:2581_4]binder: 2581:2581 ioctl 40046210 7fc424c314 returned -22
03-23 00:09:33.053  2586  2586 I (6)[2586:android.hardwar]binder: 2586:2586 ioctl 40046210 ffe35e10 returned -22
03-23 00:09:33.053  2586  2586 I (6)[2586:binder:2586_2]binder: 2586:2586 ioctl 40046210 ffe35e28 returned -22
03-23 00:09:33.124  2364  2364 I         : (7)[2364:kworker/u16:28][Thermal/TZ/BTS]T_AP=43533
03-23 00:09:33.142  2604  2604 I (5)[2604:init]KernelSU: handle_setresuid from 0 to 1041
03-23 00:09:33.178  2604  2604 I (5)[2604:audioserver]binder: 2604:2604 ioctl 40046210 7fe072a634 returned -22
03-23 00:09:33.178  2604  2604 I (5)[2604:audioserver]binder: 2604:2604 ioctl 40046210 7fe072a684 returned -22
03-23 00:09:33.223  2582  2582 I (4)[2582:main]KernelSU: handle_setresuid from 0 to 0
03-23 00:09:33.342  2619  2619 I (7)[2619:init]KernelSU: handle_setresuid from 0 to 1047
03-23 00:09:33.366  2620  2620 I (5)[2620:init]KernelSU: handle_setresuid from 0 to 1013
03-23 00:09:33.377  2603  2603 I (3)[2603:HwBinder:2586_2]mt6885-audio 11210000.mt6885-afe-pcm: mt6885_afe_runtime_resume()
03-23 00:09:33.377  2603  2603 I (3)[2603:HwBinder:2586_2]mt6885-audio 11210000.mt6885-afe-pcm: mt6885_afe_enable_clock()
03-23 00:09:33.377  1045  1045 I (3)[1045:kworker/3:3]mt6885-audio 11210000.mt6885-afe-pcm: mt6885_afe_runtime_suspend()
03-23 00:09:33.377  1045  1045 I (3)[1045:kworker/3:3]mt6885-audio 11210000.mt6885-afe-pcm: mt6885_afe_disable_clock()
03-23 00:09:33.378  2603  2603 I (6)[2603:HwBinder:2586_2]mt6885-audio 11210000.mt6885-afe-pcm: mt6885_afe_runtime_resume()
03-23 00:09:33.378  2603  2603 I (6)[2603:HwBinder:2586_2]mt6885-audio 11210000.mt6885-afe-pcm: mt6885_afe_enable_clock()
03-23 00:09:33.379    41    41 I (6)[41:kworker/6:0]mt6885-audio 11210000.mt6885-afe-pcm: mt6885_afe_runtime_suspend()
03-23 00:09:33.379    41    41 I (6)[41:kworker/6:0]mt6885-audio 11210000.mt6885-afe-pcm: mt6885_afe_disable_clock()
03-23 00:09:33.379  2603  2603 I (6)[2603:HwBinder:2586_2]mt6885-audio 11210000.mt6885-afe-pcm: mt6885_afe_runtime_resume()
03-23 00:09:33.379  2603  2603 I (6)[2603:HwBinder:2586_2]mt6885-audio 11210000.mt6885-afe-pcm: mt6885_afe_enable_clock()
03-23 00:09:33.379    41    41 I (6)[41:kworker/6:0]mt6885-audio 11210000.mt6885-afe-pcm: mt6885_afe_runtime_suspend()
03-23 00:09:33.379    41    41 I (6)[41:kworker/6:0]mt6885-audio 11210000.mt6885-afe-pcm: mt6885_afe_disable_clock()
03-23 00:09:33.380  2603  2603 I (6)[2603:HwBinder:2586_2]mt6885-audio 11210000.mt6885-afe-pcm: mt6885_afe_runtime_resume()
03-23 00:09:33.380  2603  2603 I (6)[2603:HwBinder:2586_2]mt6885-audio 11210000.mt6885-afe-pcm: mt6885_afe_enable_clock()
03-23 00:09:33.380    41    41 I (6)[41:kworker/6:0]mt6885-audio 11210000.mt6885-afe-pcm: mt6885_afe_runtime_suspend()
03-23 00:09:33.380    41    41 I (6)[41:kworker/6:0]mt6885-audio 11210000.mt6885-afe-pcm: mt6885_afe_disable_clock()
03-23 00:09:33.380  2603  2603 I (6)[2603:HwBinder:2586_2]mt6885-audio 11210000.mt6885-afe-pcm: mt6885_afe_runtime_resume()
03-23 00:09:33.380  2603  2603 I (6)[2603:HwBinder:2586_2]mt6885-audio 11210000.mt6885-afe-pcm: mt6885_afe_enable_clock()
03-23 00:09:33.380    41    41 I (6)[41:kworker/6:0]mt6885-audio 11210000.mt6885-afe-pcm: mt6885_afe_runtime_suspend()
03-23 00:09:33.380    41    41 I (6)[41:kworker/6:0]mt6885-audio 11210000.mt6885-afe-pcm: mt6885_afe_disable_clock()
03-23 00:09:33.381  2603  2603 I (6)[2603:HwBinder:2586_2]mt6885-audio 11210000.mt6885-afe-pcm: mt6885_afe_runtime_resume()
03-23 00:09:33.381  2603  2603 I (6)[2603:HwBinder:2586_2]mt6885-audio 11210000.mt6885-afe-pcm: mt6885_afe_enable_clock()
03-23 00:09:33.381    41    41 I (6)[41:kworker/6:0]mt6885-audio 11210000.mt6885-afe-pcm: mt6885_afe_runtime_suspend()
03-23 00:09:33.381    41    41 I (6)[41:kworker/6:0]mt6885-audio 11210000.mt6885-afe-pcm: mt6885_afe_disable_clock()
03-23 00:09:33.381  2603  2603 I (6)[2603:HwBinder:2586_2]mt6885-audio 11210000.mt6885-afe-pcm: mt6885_afe_runtime_resume()
03-23 00:09:33.381  2603  2603 I (6)[2603:HwBinder:2586_2]mt6885-audio 11210000.mt6885-afe-pcm: mt6885_afe_enable_clock()
03-23 00:09:33.382    41    41 I (6)[41:kworker/6:0]mt6885-audio 11210000.mt6885-afe-pcm: mt6885_afe_runtime_suspend()
03-23 00:09:33.382    41    41 I (6)[41:kworker/6:0]mt6885-audio 11210000.mt6885-afe-pcm: mt6885_afe_disable_clock()
03-23 00:09:33.382  2603  2603 I (6)[2603:HwBinder:2586_2]mt6885-audio 11210000.mt6885-afe-pcm: mt6885_afe_runtime_resume()
03-23 00:09:33.382  2603  2603 I (6)[2603:HwBinder:2586_2]mt6885-audio 11210000.mt6885-afe-pcm: mt6885_afe_enable_clock()
03-23 00:09:33.382    41    41 I (6)[41:kworker/6:0]mt6885-audio 11210000.mt6885-afe-pcm: mt6885_afe_runtime_suspend()
03-23 00:09:33.382    41    41 I (6)[41:kworker/6:0]mt6885-audio 11210000.mt6885-afe-pcm: mt6885_afe_disable_clock()
03-23 00:09:33.383  2603  2603 I (1)[2603:HwBinder:2586_2]mt6885-audio 11210000.mt6885-afe-pcm: mt6885_afe_runtime_resume()
03-23 00:09:33.383  2603  2603 I (1)[2603:HwBinder:2586_2]mt6885-audio 11210000.mt6885-afe-pcm: mt6885_afe_enable_clock()
03-23 00:09:33.383   340   340 I (1)[340:kworker/1:1]mt6885-audio 11210000.mt6885-afe-pcm: mt6885_afe_runtime_suspend()
03-23 00:09:33.383   340   340 I (1)[340:kworker/1:1]mt6885-audio 11210000.mt6885-afe-pcm: mt6885_afe_disable_clock()
03-23 00:09:33.384  2603  2603 I (6)[2603:HwBinder:2586_2]mt6885-audio 11210000.mt6885-afe-pcm: mt6885_afe_runtime_resume()
03-23 00:09:33.384  2603  2603 I (6)[2603:HwBinder:2586_2]mt6885-audio 11210000.mt6885-afe-pcm: mt6885_afe_enable_clock()
03-23 00:09:33.384    41    41 I (6)[41:kworker/6:0]mt6885-audio 11210000.mt6885-afe-pcm: mt6885_afe_runtime_suspend()
03-23 00:09:33.384    41    41 I (6)[41:kworker/6:0]mt6885-audio 11210000.mt6885-afe-pcm: mt6885_afe_disable_clock()
03-23 00:09:33.384  2603  2603 I (1)[2603:HwBinder:2586_2]mt6885-audio 11210000.mt6885-afe-pcm: mt6885_afe_runtime_resume()
03-23 00:09:33.384  2603  2603 I (1)[2603:HwBinder:2586_2]mt6885-audio 11210000.mt6885-afe-pcm: mt6885_afe_enable_clock()
03-23 00:09:33.385    41    41 I (6)[41:kworker/6:0]mt6885-audio 11210000.mt6885-afe-pcm: mt6885_afe_runtime_suspend()
03-23 00:09:33.385    41    41 I (6)[41:kworker/6:0]mt6885-audio 11210000.mt6885-afe-pcm: mt6885_afe_disable_clock()
03-23 00:09:33.385  2603  2603 I (6)[2603:HwBinder:2586_2]mt6885-audio 11210000.mt6885-afe-pcm: mt6885_afe_runtime_resume()
03-23 00:09:33.385  2603  2603 I (6)[2603:HwBinder:2586_2]mt6885-audio 11210000.mt6885-afe-pcm: mt6885_afe_enable_clock()
03-23 00:09:33.385    41    41 I (6)[41:kworker/6:0]mt6885-audio 11210000.mt6885-afe-pcm: mt6885_afe_runtime_suspend()
03-23 00:09:33.385    41    41 I (6)[41:kworker/6:0]mt6885-audio 11210000.mt6885-afe-pcm: mt6885_afe_disable_clock()
03-23 00:09:33.385  2619  2619 I (7)[2619:cameraserver]binder: 2619:2619 ioctl 40046210 7ff1a190f4 returned -22
03-23 00:09:33.385  2619  2619 I (7)[2619:cameraserver]binder: 2619:2619 ioctl 40046210 7ff1a19144 returned -22
03-23 00:09:33.386  2603  2603 I (6)[2603:HwBinder:2586_2]mt6885-audio 11210000.mt6885-afe-pcm: mt6885_afe_runtime_resume()
03-23 00:09:33.386  2603  2603 I (6)[2603:HwBinder:2586_2]mt6885-audio 11210000.mt6885-afe-pcm: mt6885_afe_enable_clock()
03-23 00:09:33.386    41    41 I (6)[41:kworker/6:0]mt6885-audio 11210000.mt6885-afe-pcm: mt6885_afe_runtime_suspend()
03-23 00:09:33.386    41    41 I (6)[41:kworker/6:0]mt6885-audio 11210000.mt6885-afe-pcm: mt6885_afe_disable_clock()
03-23 00:09:33.386  2603  2603 I (6)[2603:HwBinder:2586_2]mt6885-audio 11210000.mt6885-afe-pcm: mt6885_afe_runtime_resume()
03-23 00:09:33.386  2603  2603 I (6)[2603:HwBinder:2586_2]mt6885-audio 11210000.mt6885-afe-pcm: mt6885_afe_enable_clock()
03-23 00:09:33.387    41    41 I (6)[41:kworker/6:0]mt6885-audio 11210000.mt6885-afe-pcm: mt6885_afe_runtime_suspend()
03-23 00:09:33.387    41    41 I (6)[41:kworker/6:0]mt6885-audio 11210000.mt6885-afe-pcm: mt6885_afe_disable_clock()
03-23 00:09:33.387  2603  2603 I (6)[2603:HwBinder:2586_2]mt6885-audio 11210000.mt6885-afe-pcm: mt6885_afe_runtime_resume()
03-23 00:09:33.387  2603  2603 I (6)[2603:HwBinder:2586_2]mt6885-audio 11210000.mt6885-afe-pcm: mt6885_afe_enable_clock()
03-23 00:09:33.387   340   340 I (1)[340:kworker/1:1]mt6885-audio 11210000.mt6885-afe-pcm: mt6885_afe_runtime_suspend()
03-23 00:09:33.387   340   340 I (1)[340:kworker/1:1]mt6885-audio 11210000.mt6885-afe-pcm: mt6885_afe_disable_clock()
03-23 00:09:33.388  2603  2603 I (1)[2603:HwBinder:2586_2]mt6885-audio 11210000.mt6885-afe-pcm: mt6885_afe_runtime_resume()
03-23 00:09:33.388  2603  2603 I (1)[2603:HwBinder:2586_2]mt6885-audio 11210000.mt6885-afe-pcm: mt6885_afe_enable_clock()
03-23 00:09:33.388   340   340 I (1)[340:kworker/1:1]mt6885-audio 11210000.mt6885-afe-pcm: mt6885_afe_runtime_suspend()
03-23 00:09:33.388   340   340 I (1)[340:kworker/1:1]mt6885-audio 11210000.mt6885-afe-pcm: mt6885_afe_disable_clock()
03-23 00:09:33.389  2603  2603 I (1)[2603:HwBinder:2586_2]mt6885-audio 11210000.mt6885-afe-pcm: mt6885_afe_runtime_resume()
03-23 00:09:33.389  2603  2603 I (1)[2603:HwBinder:2586_2]mt6885-audio 11210000.mt6885-afe-pcm: mt6885_afe_enable_clock()
03-23 00:09:33.389   340   340 I (1)[340:kworker/1:1]mt6885-audio 11210000.mt6885-afe-pcm: mt6885_afe_runtime_suspend()
03-23 00:09:33.389   340   340 I (1)[340:kworker/1:1]mt6885-audio 11210000.mt6885-afe-pcm: mt6885_afe_disable_clock()
03-23 00:09:33.390  2603  2603 I (1)[2603:HwBinder:2586_2]mt6885-audio 11210000.mt6885-afe-pcm: mt6885_afe_runtime_resume()
03-23 00:09:33.390  2603  2603 I (1)[2603:HwBinder:2586_2]mt6885-audio 11210000.mt6885-afe-pcm: mt6885_afe_enable_clock()
03-23 00:09:33.391   340   340 I (1)[340:kworker/1:1]mt6885-audio 11210000.mt6885-afe-pcm: mt6885_afe_runtime_suspend()
03-23 00:09:33.391   340   340 I (1)[340:kworker/1:1]mt6885-audio 11210000.mt6885-afe-pcm: mt6885_afe_disable_clock()
03-23 00:09:33.391  2603  2603 I (1)[2603:HwBinder:2586_2]mt6885-audio 11210000.mt6885-afe-pcm: mt6885_afe_runtime_resume()
03-23 00:09:33.391  2603  2603 I (1)[2603:HwBinder:2586_2]mt6885-audio 11210000.mt6885-afe-pcm: mt6885_afe_enable_clock()
03-23 00:09:33.392   340   340 I (1)[340:kworker/1:1]mt6885-audio 11210000.mt6885-afe-pcm: mt6885_afe_runtime_suspend()
03-23 00:09:33.392   340   340 I (1)[340:kworker/1:1]mt6885-audio 11210000.mt6885-afe-pcm: mt6885_afe_disable_clock()
03-23 00:09:33.392  2603  2603 I (6)[2603:HwBinder:2586_2]mt6885-audio 11210000.mt6885-afe-pcm: mt6885_afe_runtime_resume()
03-23 00:09:33.392  2603  2603 I (6)[2603:HwBinder:2586_2]mt6885-audio 11210000.mt6885-afe-pcm: mt6885_afe_enable_clock()
03-23 00:09:33.393    41    41 I (6)[41:kworker/6:0]mt6885-audio 11210000.mt6885-afe-pcm: mt6885_afe_runtime_suspend()
03-23 00:09:33.393    41    41 I (6)[41:kworker/6:0]mt6885-audio 11210000.mt6885-afe-pcm: mt6885_afe_disable_clock()
03-23 00:09:33.393  2603  2603 I (6)[2603:HwBinder:2586_2]mt6885-audio 11210000.mt6885-afe-pcm: mt6885_afe_runtime_resume()
03-23 00:09:33.393  2603  2603 I (6)[2603:HwBinder:2586_2]mt6885-audio 11210000.mt6885-afe-pcm: mt6885_afe_enable_clock()
03-23 00:09:33.393    41    41 I (6)[41:kworker/6:0]mt6885-audio 11210000.mt6885-afe-pcm: mt6885_afe_runtime_suspend()
03-23 00:09:33.393    41    41 I (6)[41:kworker/6:0]mt6885-audio 11210000.mt6885-afe-pcm: mt6885_afe_disable_clock()
03-23 00:09:33.394  2603  2603 I (6)[2603:HwBinder:2586_2]mt6885-audio 11210000.mt6885-afe-pcm: mt6885_afe_runtime_resume()
03-23 00:09:33.394  2603  2603 I (6)[2603:HwBinder:2586_2]mt6885-audio 11210000.mt6885-afe-pcm: mt6885_afe_enable_clock()
03-23 00:09:33.394    41    41 I (6)[41:kworker/6:0]mt6885-audio 11210000.mt6885-afe-pcm: mt6885_afe_runtime_suspend()
03-23 00:09:33.394    41    41 I (6)[41:kworker/6:0]mt6885-audio 11210000.mt6885-afe-pcm: mt6885_afe_disable_clock()
03-23 00:09:33.395  2603  2603 I (6)[2603:HwBinder:2586_2]mt6885-audio 11210000.mt6885-afe-pcm: mt6885_afe_runtime_resume()
03-23 00:09:33.395  2603  2603 I (6)[2603:HwBinder:2586_2]mt6885-audio 11210000.mt6885-afe-pcm: mt6885_afe_enable_clock()
03-23 00:09:33.395    41    41 I (6)[41:kworker/6:0]mt6885-audio 11210000.mt6885-afe-pcm: mt6885_afe_runtime_suspend()
03-23 00:09:33.395    41    41 I (6)[41:kworker/6:0]mt6885-audio 11210000.mt6885-afe-pcm: mt6885_afe_disable_clock()
03-23 00:09:33.395  2603  2603 I (6)[2603:HwBinder:2586_2]mt6885-audio 11210000.mt6885-afe-pcm: mt6885_afe_runtime_resume()
03-23 00:09:33.395  2603  2603 I (6)[2603:HwBinder:2586_2]mt6885-audio 11210000.mt6885-afe-pcm: mt6885_afe_enable_clock()
03-23 00:09:33.396    41    41 I (6)[41:kworker/6:0]mt6885-audio 11210000.mt6885-afe-pcm: mt6885_afe_runtime_suspend()
03-23 00:09:33.396    41    41 I (6)[41:kworker/6:0]mt6885-audio 11210000.mt6885-afe-pcm: mt6885_afe_disable_clock()
03-23 00:09:33.397  2603  2603 I (6)[2603:HwBinder:2586_2]mt6885-audio 11210000.mt6885-afe-pcm: mt6885_afe_runtime_resume()
03-23 00:09:33.397  2603  2603 I (6)[2603:HwBinder:2586_2]mt6885-audio 11210000.mt6885-afe-pcm: mt6885_afe_enable_clock()
03-23 00:09:33.397    41    41 I (6)[41:kworker/6:0]mt6885-audio 11210000.mt6885-afe-pcm: mt6885_afe_runtime_suspend()
03-23 00:09:33.397    41    41 I (6)[41:kworker/6:0]mt6885-audio 11210000.mt6885-afe-pcm: mt6885_afe_disable_clock()
03-23 00:09:33.397  2603  2603 I (6)[2603:HwBinder:2586_2]mt6885-audio 11210000.mt6885-afe-pcm: mt6885_afe_runtime_resume()
03-23 00:09:33.397  2603  2603 I (6)[2603:HwBinder:2586_2]mt6885-audio 11210000.mt6885-afe-pcm: mt6885_afe_enable_clock()
03-23 00:09:33.398    41    41 I (6)[41:kworker/6:0]mt6885-audio 11210000.mt6885-afe-pcm: mt6885_afe_runtime_suspend()
03-23 00:09:33.398    41    41 I (6)[41:kworker/6:0]mt6885-audio 11210000.mt6885-afe-pcm: mt6885_afe_disable_clock()
03-23 00:09:33.398  2624  2624 I (7)[2624:init]KernelSU: handle_setresuid from 0 to 1010
03-23 00:09:33.399  2603  2603 I (2)[2603:HwBinder:2586_2]mt6885-audio 11210000.mt6885-afe-pcm: mt6885_afe_runtime_resume()
03-23 00:09:33.399  2603  2603 I (2)[2603:HwBinder:2586_2]mt6885-audio 11210000.mt6885-afe-pcm: mt6885_afe_enable_clock()
03-23 00:09:33.399   439   439 I (2)[439:kworker/2:2]mt6885-audio 11210000.mt6885-afe-pcm: mt6885_afe_runtime_suspend()
03-23 00:09:33.399   439   439 I (2)[439:kworker/2:2]mt6885-audio 11210000.mt6885-afe-pcm: mt6885_afe_disable_clock()
03-23 00:09:33.400  2603  2603 I (2)[2603:HwBinder:2586_2]mt6885-audio 11210000.mt6885-afe-pcm: mt6885_afe_runtime_resume()
03-23 00:09:33.400  2603  2603 I (2)[2603:HwBinder:2586_2]mt6885-audio 11210000.mt6885-afe-pcm: mt6885_afe_enable_clock()
03-23 00:09:33.401    41    41 I (6)[41:kworker/6:0]mt6885-audio 11210000.mt6885-afe-pcm: mt6885_afe_runtime_suspend()
03-23 00:09:33.401    41    41 I (6)[41:kworker/6:0]mt6885-audio 11210000.mt6885-afe-pcm: mt6885_afe_disable_clock()
03-23 00:09:33.402  2603  2603 I (6)[2603:HwBinder:2586_2]mt6885-audio 11210000.mt6885-afe-pcm: mt6885_afe_runtime_resume()
03-23 00:09:33.402  2603  2603 I (6)[2603:HwBinder:2586_2]mt6885-audio 11210000.mt6885-afe-pcm: mt6885_afe_enable_clock()
03-23 00:09:33.402    41    41 I (6)[41:kworker/6:0]mt6885-audio 11210000.mt6885-afe-pcm: mt6885_afe_runtime_suspend()
03-23 00:09:33.402    41    41 I (6)[41:kworker/6:0]mt6885-audio 11210000.mt6885-afe-pcm: mt6885_afe_disable_clock()
03-23 00:09:33.402  2603  2603 I (6)[2603:HwBinder:2586_2]mt6885-audio 11210000.mt6885-afe-pcm: mt6885_afe_runtime_resume()
03-23 00:09:33.402  2603  2603 I (6)[2603:HwBinder:2586_2]mt6885-audio 11210000.mt6885-afe-pcm: mt6885_afe_enable_clock()
03-23 00:09:33.402  2603  2603 D (6)[2603:HwBinder:2586_2]++++>CSPL: cs35l41_pcm_startup.
03-23 00:09:33.402  2603  2603 D (6)[2603:HwBinder:2586_2]++++>CSPL: cs35l41_set_dai_fmt, fmt = 16385.
03-23 00:09:33.402  2603  2603 D (6)[2603:HwBinder:2586_2]---->CSPL: cs35l41_set_dai_fmt, fmt = 16385.
03-23 00:09:33.402  2603  2603 D (6)[2603:HwBinder:2586_2]++++>CSPL: cs35l41_pcm_startup.
03-23 00:09:33.402  2603  2603 D (6)[2603:HwBinder:2586_2]++++>CSPL: cs35l41_set_dai_fmt, fmt = 16385.
03-23 00:09:33.402  2603  2603 D (6)[2603:HwBinder:2586_2]---->CSPL: cs35l41_set_dai_fmt, fmt = 16385.
03-23 00:09:33.403    41    41 I (6)[41:kworker/6:0]mt6885-audio 11210000.mt6885-afe-pcm: mt6885_afe_runtime_suspend()
03-23 00:09:33.403    41    41 I (6)[41:kworker/6:0]mt6885-audio 11210000.mt6885-afe-pcm: mt6885_afe_disable_clock()
03-23 00:09:33.403  2603  2603 I (6)[2603:HwBinder:2586_2]mt6885-audio 11210000.mt6885-afe-pcm: mt6885_afe_runtime_resume()
03-23 00:09:33.403  2603  2603 I (6)[2603:HwBinder:2586_2]mt6885-audio 11210000.mt6885-afe-pcm: mt6885_afe_enable_clock()
03-23 00:09:33.404  2603  2603 D (6)[2603:HwBinder:2586_2]++++>CSPL: cs35l41_pcm_startup.
03-23 00:09:33.404  2603  2603 D (6)[2603:HwBinder:2586_2]++++>CSPL: cs35l41_set_dai_fmt, fmt = 16385.
03-23 00:09:33.404  2603  2603 D (6)[2603:HwBinder:2586_2]---->CSPL: cs35l41_set_dai_fmt, fmt = 16385.
03-23 00:09:33.404  2603  2603 D (6)[2603:HwBinder:2586_2]++++>CSPL: cs35l41_pcm_startup.
03-23 00:09:33.404  2603  2603 D (6)[2603:HwBinder:2586_2]++++>CSPL: cs35l41_set_dai_fmt, fmt = 16385.
03-23 00:09:33.404  2603  2603 D (6)[2603:HwBinder:2586_2]---->CSPL: cs35l41_set_dai_fmt, fmt = 16385.
03-23 00:09:33.404    41    41 I (6)[41:kworker/6:0]mt6885-audio 11210000.mt6885-afe-pcm: mt6885_afe_runtime_suspend()
03-23 00:09:33.404    41    41 I (6)[41:kworker/6:0]mt6885-audio 11210000.mt6885-afe-pcm: mt6885_afe_disable_clock()
03-23 00:09:33.404  2603  2603 I (6)[2603:HwBinder:2586_2]mt6885-audio 11210000.mt6885-afe-pcm: mt6885_afe_runtime_resume()
03-23 00:09:33.404  2603  2603 I (6)[2603:HwBinder:2586_2]mt6885-audio 11210000.mt6885-afe-pcm: mt6885_afe_enable_clock()
03-23 00:09:33.405    41    41 I (6)[41:kworker/6:0]mt6885-audio 11210000.mt6885-afe-pcm: mt6885_afe_runtime_suspend()
03-23 00:09:33.405    41    41 I (6)[41:kworker/6:0]mt6885-audio 11210000.mt6885-afe-pcm: mt6885_afe_disable_clock()
03-23 00:09:33.405  2603  2603 I (6)[2603:HwBinder:2586_2]mt6885-audio 11210000.mt6885-afe-pcm: mt6885_afe_runtime_resume()
03-23 00:09:33.405  2603  2603 I (6)[2603:HwBinder:2586_2]mt6885-audio 11210000.mt6885-afe-pcm: mt6885_afe_enable_clock()
03-23 00:09:33.405  2603  2603 D (6)[2603:HwBinder:2586_2]++++>CSPL: cs35l41_pcm_startup.
03-23 00:09:33.405  2603  2603 D (6)[2603:HwBinder:2586_2]++++>CSPL: cs35l41_set_dai_fmt, fmt = 16385.
03-23 00:09:33.405  2603  2603 D (6)[2603:HwBinder:2586_2]---->CSPL: cs35l41_set_dai_fmt, fmt = 16385.
03-23 00:09:33.405  2603  2603 D (6)[2603:HwBinder:2586_2]++++>CSPL: cs35l41_pcm_startup.
03-23 00:09:33.405  2603  2603 D (6)[2603:HwBinder:2586_2]++++>CSPL: cs35l41_set_dai_fmt, fmt = 16385.
03-23 00:09:33.405  2603  2603 D (6)[2603:HwBinder:2586_2]---->CSPL: cs35l41_set_dai_fmt, fmt = 16385.
03-23 00:09:33.406  2624  2624 I (7)[2624:wificond]binder: 2624:2624 ioctl 40046210 7fd68b9994 returned -22
03-23 00:09:33.406    41    41 I (6)[41:kworker/6:0]mt6885-audio 11210000.mt6885-afe-pcm: mt6885_afe_runtime_suspend()
03-23 00:09:33.406    41    41 I (6)[41:kworker/6:0]mt6885-audio 11210000.mt6885-afe-pcm: mt6885_afe_disable_clock()
03-23 00:09:33.407  2624  2624 I (7)[2624:wificond]binder: 2624:2624 ioctl 40046210 7fd68b98e4 returned -22
03-23 00:09:33.407  2603  2603 I (6)[2603:HwBinder:2586_2]mt6885-audio 11210000.mt6885-afe-pcm: mt6885_afe_runtime_resume()
03-23 00:09:33.407  2603  2603 I (6)[2603:HwBinder:2586_2]mt6885-audio 11210000.mt6885-afe-pcm: mt6885_afe_enable_clock()
03-23 00:09:33.407    41    41 I (6)[41:kworker/6:0]mt6885-audio 11210000.mt6885-afe-pcm: mt6885_afe_runtime_suspend()
03-23 00:09:33.407    41    41 I (6)[41:kworker/6:0]mt6885-audio 11210000.mt6885-afe-pcm: mt6885_afe_disable_clock()
03-23 00:09:33.408  2603  2603 I (6)[2603:HwBinder:2586_2]mt6885-audio 11210000.mt6885-afe-pcm: mt6885_afe_runtime_resume()
03-23 00:09:33.408  2603  2603 I (6)[2603:HwBinder:2586_2]mt6885-audio 11210000.mt6885-afe-pcm: mt6885_afe_enable_clock()
03-23 00:09:33.408   340   340 I (1)[340:kworker/1:1]mt6885-audio 11210000.mt6885-afe-pcm: mt6885_afe_runtime_suspend()
03-23 00:09:33.408   340   340 I (1)[340:kworker/1:1]mt6885-audio 11210000.mt6885-afe-pcm: mt6885_afe_disable_clock()
03-23 00:09:33.409  2603  2603 I (1)[2603:HwBinder:2586_2]mt6885-audio 11210000.mt6885-afe-pcm: mt6885_afe_runtime_resume()
03-23 00:09:33.409  2603  2603 I (1)[2603:HwBinder:2586_2]mt6885-audio 11210000.mt6885-afe-pcm: mt6885_afe_enable_clock()
03-23 00:09:33.409   340   340 I (1)[340:kworker/1:1]mt6885-audio 11210000.mt6885-afe-pcm: mt6885_afe_runtime_suspend()
03-23 00:09:33.409   340   340 I (1)[340:kworker/1:1]mt6885-audio 11210000.mt6885-afe-pcm: mt6885_afe_disable_clock()
03-23 00:09:33.410  2603  2603 I (1)[2603:HwBinder:2586_2]mt6885-audio 11210000.mt6885-afe-pcm: mt6885_afe_runtime_resume()
03-23 00:09:33.410  2603  2603 I (1)[2603:HwBinder:2586_2]mt6885-audio 11210000.mt6885-afe-pcm: mt6885_afe_enable_clock()
03-23 00:09:33.410  2603  2603 D (1)[2603:HwBinder:2586_2]++++>CSPL: cs35l41_pcm_startup.
03-23 00:09:33.410  2603  2603 D (1)[2603:HwBinder:2586_2]++++>CSPL: cs35l41_set_dai_fmt, fmt = 16385.
03-23 00:09:33.410  2603  2603 D (1)[2603:HwBinder:2586_2]---->CSPL: cs35l41_set_dai_fmt, fmt = 16385.
03-23 00:09:33.410  2603  2603 D (1)[2603:HwBinder:2586_2]++++>CSPL: cs35l41_pcm_startup.
03-23 00:09:33.410  2603  2603 D (1)[2603:HwBinder:2586_2]++++>CSPL: cs35l41_set_dai_fmt, fmt = 16385.
03-23 00:09:33.410  2603  2603 D (1)[2603:HwBinder:2586_2]---->CSPL: cs35l41_set_dai_fmt, fmt = 16385.
03-23 00:09:33.411   340   340 I (1)[340:kworker/1:1]mt6885-audio 11210000.mt6885-afe-pcm: mt6885_afe_runtime_suspend()
03-23 00:09:33.411   340   340 I (1)[340:kworker/1:1]mt6885-audio 11210000.mt6885-afe-pcm: mt6885_afe_disable_clock()
03-23 00:09:33.412  2603  2603 I (1)[2603:HwBinder:2586_2]mt6885-audio 11210000.mt6885-afe-pcm: mt6885_afe_runtime_resume()
03-23 00:09:33.412  2603  2603 I (1)[2603:HwBinder:2586_2]mt6885-audio 11210000.mt6885-afe-pcm: mt6885_afe_enable_clock()
03-23 00:09:33.412   340   340 I (1)[340:kworker/1:1]mt6885-audio 11210000.mt6885-afe-pcm: mt6885_afe_runtime_suspend()
03-23 00:09:33.412   340   340 I (1)[340:kworker/1:1]mt6885-audio 11210000.mt6885-afe-pcm: mt6885_afe_disable_clock()
03-23 00:09:33.413  2603  2603 I (1)[2603:HwBinder:2586_2]mt6885-audio 11210000.mt6885-afe-pcm: mt6885_afe_runtime_resume()
03-23 00:09:33.413  2603  2603 I (1)[2603:HwBinder:2586_2]mt6885-audio 11210000.mt6885-afe-pcm: mt6885_afe_enable_clock()
03-23 00:09:33.413   340   340 I (1)[340:kworker/1:1]mt6885-audio 11210000.mt6885-afe-pcm: mt6885_afe_runtime_suspend()
03-23 00:09:33.413   340   340 I (1)[340:kworker/1:1]mt6885-audio 11210000.mt6885-afe-pcm: mt6885_afe_disable_clock()
03-23 00:09:33.414  2603  2603 I (6)[2603:HwBinder:2586_2]mt6885-audio 11210000.mt6885-afe-pcm: mt6885_afe_runtime_resume()
03-23 00:09:33.414  2603  2603 I (6)[2603:HwBinder:2586_2]mt6885-audio 11210000.mt6885-afe-pcm: mt6885_afe_enable_clock()
03-23 00:09:33.414   439   439 I (2)[439:kworker/2:2]mt6885-audio 11210000.mt6885-afe-pcm: mt6885_afe_runtime_suspend()
03-23 00:09:33.414   439   439 I (2)[439:kworker/2:2]mt6885-audio 11210000.mt6885-afe-pcm: mt6885_afe_disable_clock()
03-23 00:09:33.415  2603  2603 I (6)[2603:HwBinder:2586_2]mtk_dsp_pcm_open(), task_id: 0
03-23 00:09:33.415  2603  2603 I         : (6)[2603:HwBinder:2586_2]adsp_core0_resume(), done elapse 529 us
03-23 00:09:33.416  2603  2603 I         : (6)[2603:HwBinder:2586_2]adsp_core1_resume(), done elapse 576 us
03-23 00:09:33.416  2603  2603 I (6)[2603:HwBinder:2586_2]mtk_dsp_pcm_close(), task_id: 0
03-23 00:09:33.416  2603  2603 I (6)[2603:HwBinder:2586_2]mtk_dsp_pcm_open(), task_id: 1
03-23 00:09:33.416  2603  2603 I         : (6)[2603:HwBinder:2586_2]adsp_core0_resume(), done elapse 0 us
03-23 00:09:33.416  2603  2603 I (6)[2603:HwBinder:2586_2]mtk_dsp_pcm_close(), task_id: 1
03-23 00:09:33.417  2603  2603 I (6)[2603:HwBinder:2586_2]mtk_dsp_pcm_open(), task_id: 3
03-23 00:09:33.417  2603  2603 I         : (6)[2603:HwBinder:2586_2]adsp_core0_resume(), done elapse 0 us
03-23 00:09:33.417  2603  2603 I (6)[2603:HwBinder:2586_2]mtk_dsp_pcm_close(), task_id: 3
03-23 00:09:33.417  2603  2603 I (6)[2603:HwBinder:2586_2]mtk_dsp_pcm_open(), task_id: 4
03-23 00:09:33.417  2603  2603 I         : (6)[2603:HwBinder:2586_2]adsp_core0_resume(), done elapse 0 us
03-23 00:09:33.417  2603  2603 I (6)[2603:HwBinder:2586_2]mtk_dsp_pcm_close(), task_id: 4
03-23 00:09:33.417  2603  2603 I (6)[2603:HwBinder:2586_2]mtk_dsp_pcm_open(), task_id: 6
03-23 00:09:33.417  2603  2603 I         : (6)[2603:HwBinder:2586_2]adsp_core0_resume(), done elapse 0 us
03-23 00:09:33.417  2603  2603 I         : (6)[2603:HwBinder:2586_2]adsp_core1_resume(), done elapse 0 us
03-23 00:09:33.418  2603  2603 I (6)[2603:HwBinder:2586_2]mtk_dsp_pcm_close(), task_id: 6
03-23 00:09:33.418  2603  2603 I (6)[2603:HwBinder:2586_2]mtk_dsp_pcm_open(), task_id: 9
03-23 00:09:33.418  2603  2603 I         : (6)[2603:HwBinder:2586_2]adsp_core0_resume(), done elapse 0 us
03-23 00:09:33.418  2603  2603 I         : (6)[2603:HwBinder:2586_2]mtk_scp_ipi_send() task_scene[14] not enable
03-23 00:09:33.418  2603  2603 I (6)[2603:HwBinder:2586_2]mtk_dsp_pcm_close(), task_id: 9
03-23 00:09:33.418  2603  2603 I         : (6)[2603:HwBinder:2586_2]mtk_scp_ipi_send() task_scene[14] not enable
03-23 00:09:33.418  2603  2603 I         : (6)[2603:HwBinder:2586_2]mtk_dsp_pcm_close ret[-1]
03-23 00:09:33.418  2603  2603 I (6)[2603:HwBinder:2586_2]mtk_dsp_pcm_open(), task_id: 10
03-23 00:09:33.418  2603  2603 I         : (6)[2603:HwBinder:2586_2]adsp_core0_resume(), done elapse 0 us
03-23 00:09:33.418  2603  2603 I (6)[2603:HwBinder:2586_2]mtk_dsp_pcm_close(), task_id: 10
03-23 00:09:33.418  2620  2620 I (5)[2620:mediaserver64]binder: 2620:2620 ioctl 40046210 7fe3f312d4 returned -22
03-23 00:09:33.418  2603  2603 I (6)[2603:HwBinder:2586_2]mtk_dsp_pcm_open(), task_id: 11
03-23 00:09:33.418  2603  2603 I         : (6)[2603:HwBinder:2586_2]adsp_core0_resume(), done elapse 0 us
03-23 00:09:33.418  2603  2603 I         : (6)[2603:HwBinder:2586_2]adsp_core1_resume(), done elapse 0 us
03-23 00:09:33.419  2603  2603 I (6)[2603:HwBinder:2586_2]mtk_dsp_pcm_close(), task_id: 11
03-23 00:09:33.419  2603  2603 I (6)[2603:HwBinder:2586_2]mtk_dsp_pcm_open(), task_id: 12
03-23 00:09:33.419  2603  2603 I         : (6)[2603:HwBinder:2586_2]adsp_core0_resume(), done elapse 0 us
03-23 00:09:33.419  2603  2603 I         : (5)[2603:HwBinder:2586_2]adsp_core1_resume(), done elapse 0 us
03-23 00:09:33.419  2603  2603 I (5)[2603:HwBinder:2586_2]mtk_dsp_pcm_close(), task_id: 12
03-23 00:09:33.420  2603  2603 I (5)[2603:HwBinder:2586_2]mtk_dsp_pcm_open(), task_id: 13
03-23 00:09:33.420  2603  2603 I         : (5)[2603:HwBinder:2586_2]adsp_core0_resume(), done elapse 0 us
03-23 00:09:33.420  2603  2603 I (5)[2603:HwBinder:2586_2]mtk_dsp_pcm_close(), task_id: 13
03-23 00:09:33.420  2603  2603 I (5)[2603:HwBinder:2586_2]mtk_dsp_pcm_open(), task_id: 7
03-23 00:09:33.420  2620  2620 I         : (6)[2620:mediaserver64]adsp_core0_resume(), done elapse 0 us
03-23 00:09:33.420  2620  2620 I (6)[2620:mediaserver64]binder: 2620:2620 ioctl 40046210 7fe3f31284 returned -22
03-23 00:09:33.420  2603  2603 I (5)[2603:HwBinder:2586_2]mtk_dsp_pcm_close(), task_id: 7
03-23 00:09:33.421  2603  2603 I (5)[2603:HwBinder:2586_2]mt6885-audio 11210000.mt6885-afe-pcm: mt6885_afe_runtime_resume()
03-23 00:09:33.421  2603  2603 I (5)[2603:HwBinder:2586_2]mt6885-audio 11210000.mt6885-afe-pcm: mt6885_afe_enable_clock()
03-23 00:09:33.421  2603  2603 I (5)[2603:HwBinder:2586_2]mt6885-audio 11210000.mt6885-afe-pcm: mt6885_mt6359_vow_startup(), start
03-23 00:09:33.421  1591  1591 I (5)[1591:kworker/5:55]mt6885-audio 11210000.mt6885-afe-pcm: mt6885_afe_runtime_suspend()
03-23 00:09:33.421  1591  1591 I (5)[1591:kworker/5:55]mt6885-audio 11210000.mt6885-afe-pcm: mt6885_afe_disable_clock()
03-23 00:09:33.421  2603  2603 I (5)[2603:HwBinder:2586_2]mt6885-audio 11210000.mt6885-afe-pcm: mt6885_mt6359_vow_shutdown(), end
03-23 00:09:33.421  2603  2603 I (5)[2603:HwBinder:2586_2]mt6885-audio 11210000.mt6885-afe-pcm: mt6885_afe_runtime_resume()
03-23 00:09:33.421  2603  2603 I (5)[2603:HwBinder:2586_2]mt6885-audio 11210000.mt6885-afe-pcm: mt6885_afe_enable_clock()
03-23 00:09:33.421  1591  1591 I (5)[1591:kworker/5:55]mt6885-audio 11210000.mt6885-afe-pcm: mt6885_afe_runtime_suspend()
03-23 00:09:33.421  1591  1591 I (5)[1591:kworker/5:55]mt6885-audio 11210000.mt6885-afe-pcm: mt6885_afe_disable_clock()
03-23 00:09:33.421  2603  2603 I (5)[2603:HwBinder:2586_2]snd_scp_ultra snd_scp_ultra: mtk_scp_ultra_pcm_open() memif dl=7,ul=15
03-23 00:09:33.421  2603  2603 I (5)[2603:HwBinder:2586_2]snd_scp_ultra snd_scp_ultra: mtk_scp_ultra_pcm_open() memif dl=7,ul=15
03-23 00:09:33.421  2603  2603 I         : (5)[2603:HwBinder:2586_2]adsp_core0_resume(), done elapse 0 us
03-23 00:09:33.421  2603  2603 I         : (5)[2603:HwBinder:2586_2]adsp_core1_resume(), done elapse 0 us
03-23 00:09:33.421  2603  2603 I         : (5)[2603:HwBinder:2586_2][IPI][DRV] audio_ipi_init_dsp_hifi3(), audio hal reinit
03-23 00:09:33.422   254   254 I         : (7)[254:scp_send_thread][IPI][DSP_Q] scp_send_msg_to_scp(), pass, task: 26, msg_id: 0xadb0, ack_type: 1, p1: 0x0, p2: 0x0
03-23 00:09:33.422   255   255 I         : (7)[255:scp_recv_thread][IPI][MSG] audio_ipi_msg_dispatcher(), ack back, task: 26, msg_id: 0xadb0, ack_type: 2, p1: 0x0, p2: 0x0
03-23 00:09:33.422  2603  2603 I         : (5)[2603:HwBinder:2586_2]audio_get_dsp_id(), task 20 not support!!
03-23 00:09:33.422  2603  2603 I         : (5)[2603:HwBinder:2586_2]audio_get_dsp_id(), task 21 not support!!
03-23 00:09:33.422  2603  2603 I         : (5)[2603:HwBinder:2586_2]audio_get_dsp_id(), task 22 not support!!
03-23 00:09:33.422  2603  2603 I         : (5)[2603:HwBinder:2586_2]audio_get_dsp_id(), task 23 not support!!
03-23 00:09:33.422  2603  2603 I         : (5)[2603:HwBinder:2586_2][IPI][DMA] audio_ipi_dma_free_region(), task 26, a2d sz 0x0, offset 0x0, d2a sz 0x0, offset 0x0, (1024512/1024512)
03-23 00:09:33.422  2603  2603 I         : (5)[2603:HwBinder:2586_2]adsp_core0_resume(), done elapse 0 us
03-23 00:09:33.422  2603  2603 I         : (5)[2603:HwBinder:2586_2]adsp_core1_resume(), done elapse 0 us
03-23 00:09:33.422  2603  2603 I         : (5)[2603:HwBinder:2586_2][IPI][DRV] audio_ipi_init_dsp_hifi3(), audio hal reinit
03-23 00:09:33.422   256   256 I         : (6)[256:scp_send_thread][IPI][DSP_Q] scp_send_msg_to_scp(), pass, task: 27, msg_id: 0xadb0, ack_type: 1, p1: 0x0, p2: 0x0
03-23 00:09:33.422   257   257 I         : (7)[257:scp_recv_thread][IPI][MSG] audio_ipi_msg_dispatcher(), ack back, task: 27, msg_id: 0xadb0, ack_type: 2, p1: 0x0, p2: 0x0
03-23 00:09:33.422  2603  2603 I         : (5)[2603:HwBinder:2586_2]audio_get_dsp_id(), task 20 not support!!
03-23 00:09:33.422  2603  2603 I         : (5)[2603:HwBinder:2586_2]audio_get_dsp_id(), task 21 not support!!
03-23 00:09:33.422  2603  2603 I         : (5)[2603:HwBinder:2586_2]audio_get_dsp_id(), task 22 not support!!
03-23 00:09:33.422  2603  2603 I         : (5)[2603:HwBinder:2586_2]audio_get_dsp_id(), task 23 not support!!
03-23 00:09:33.422  2603  2603 I         : (5)[2603:HwBinder:2586_2][IPI][DMA] audio_ipi_dma_free_region(), task 27, a2d sz 0x0, offset 0x0, d2a sz 0x0, offset 0x0, (1024512/1024512)
03-23 00:09:33.422  2603  2603 I         : (5)[2603:HwBinder:2586_2]adsp_core0_resume(), done elapse 0 us
03-23 00:09:33.422  2603  2603 I         : (5)[2603:HwBinder:2586_2]adsp_core1_resume(), done elapse 0 us
03-23 00:09:33.422  2603  2603 I         : (5)[2603:HwBinder:2586_2][IPI][DMA] audio_ipi_dma_alloc_region(), task 26, a2d sz 0x20000, offset 0x5e00, d2a sz 0x18000, offset 0x25e00, (795136/1024512)
03-23 00:09:33.422  2603  2603 I         : (5)[2603:HwBinder:2586_2]adsp_core0_resume(), done elapse 0 us
03-23 00:09:33.422  2603  2603 I         : (5)[2603:HwBinder:2586_2]adsp_core1_resume(), done elapse 0 us
03-23 00:09:33.422  2603  2603 I         : (5)[2603:HwBinder:2586_2][IPI][DMA] audio_ipi_dma_alloc_region(), task 27, a2d sz 0x20000, offset 0x5e00, d2a sz 0x18000, offset 0x25e00, (795136/1024512)
03-23 00:09:33.422  2603  2603 I         : (5)[2603:HwBinder:2586_2]adsp_core0_resume(), done elapse 0 us
03-23 00:09:33.422  2603  2603 I         : (5)[2603:HwBinder:2586_2]adsp_core1_resume(), done elapse 0 us
03-23 00:09:33.426  2603  2603 I         : (5)[2603:HwBinder:2586_2]cs35l41_rcv_switch_pinctrl() fast_switch_file_idx 2
03-23 00:09:33.426  2603  2603 I         : (5)[2603:HwBinder:2586_2]cs35l41_rcv_switch_pinctrl() cs35l41_rcv_switch_pinctrl end
03-23 00:09:33.429  2603  2603 I (5)[2603:HwBinder:2586_2]mt6885-audio 11210000.mt6885-afe-pcm: mt6885_i2s_hd_set(), kcontrol name I2S0_HD_Mux, hd_en 0
03-23 00:09:33.429  2603  2603 I (5)[2603:HwBinder:2586_2]mt6885-audio 11210000.mt6885-afe-pcm: mt6885_i2s_hd_set(), kcontrol name I2S3_HD_Mux, hd_en 0
03-23 00:09:33.429  2603  2603 I (5)[2603:HwBinder:2586_2]mt6885-audio 11210000.mt6885-afe-pcm: mt6885_i2s_hd_set(), kcontrol name I2S0_HD_Mux, hd_en 0
03-23 00:09:33.429  2603  2603 I (5)[2603:HwBinder:2586_2]mt6885-audio 11210000.mt6885-afe-pcm: mt6885_record_xrun_assert_set(), xrun_assert 0
03-23 00:09:33.454  2603  2603 I         : (5)[2603:HwBinder:2586_2]usip_ioctl(), cmd 0xc00844f0, arg 4129491056, memory_size = 393216 addr_phy = 0x6e900000
03-23 00:09:33.454  2603  2603 I         : (5)[2603:HwBinder:2586_2]usip_mmap_data(), memory ready 1, size 393216, align_bytes 393216
03-23 00:09:33.455  2603  2603 I         : (5)[2603:HwBinder:2586_2]usip_ioctl(), cmd 0xc00844f1, arg 4112790136, memory_size = 393216 addr_phy = 0x6e900000
03-23 00:09:33.456  2603  2603 I (5)[2603:HwBinder:2586_2]mt6359-sound mt6359_snd: audio_vow_periodic_parm_set(), size = 128
03-23 00:09:33.456  2603  2603 I (5)[2603:HwBinder:2586_2]mt6359-sound mt6359_snd: audio_vow_cfg_get(), Audio VOWCFG4 Data = 0xf
03-23 00:09:33.456  2603  2603 I (5)[2603:HwBinder:2586_2]mt6359-sound mt6359_snd: audio_vow_cfg_get(), Audio VOWCFG0 Data = 0x0
03-23 00:09:33.456  2603  2603 I (5)[2603:HwBinder:2586_2]mt6359-sound mt6359_snd: audio_vow_cfg_set(), Audio VOWCFG0 Data = 0x0
03-23 00:09:33.456  2603  2603 I (5)[2603:HwBinder:2586_2]mt6359-sound mt6359_snd: audio_vow_cfg_get(), Audio VOWCFG1 Data = 0x0
03-23 00:09:33.456  2603  2603 I (5)[2603:HwBinder:2586_2]mt6359-sound mt6359_snd: audio_vow_cfg_set(), Audio VOWCFG1 Data = 0x0
03-23 00:09:33.456  2603  2603 I (5)[2603:HwBinder:2586_2]mt6359-sound mt6359_snd: audio_vow_cfg_get(), Audio VOWCFG2 Data = 0x4343
03-23 00:09:33.456  2603  2603 I (5)[2603:HwBinder:2586_2]mt6359-sound mt6359_snd: audio_vow_cfg_set(), Audio VOWCFG2 Data = 0x4343
03-23 00:09:33.456  2603  2603 I (5)[2603:HwBinder:2586_2]mt6359-sound mt6359_snd: audio_vow_cfg_get(), Audio VOWCFG3 Data = 0xa768
03-23 00:09:33.456  2603  2603 I (5)[2603:HwBinder:2586_2]mt6359-sound mt6359_snd: audio_vow_cfg_set(), Audio VOWCFG3 Data = 0xa768
03-23 00:09:33.456  2603  2603 I (5)[2603:HwBinder:2586_2]mt6359-sound mt6359_snd: audio_vow_cfg_get(), Audio VOWCFG4 Data = 0xf
03-23 00:09:33.456  2603  2603 I (5)[2603:HwBinder:2586_2]mt6359-sound mt6359_snd: audio_vow_cfg_set(), Audio VOWCFG4 Data = 0xf
03-23 00:09:33.456  2603  2603 I (5)[2603:HwBinder:2586_2]mt6359-sound mt6359_snd: audio_vow_cfg_get(), Audio VOWCFG5 Data = 0x1
03-23 00:09:33.456  2603  2603 I (5)[2603:HwBinder:2586_2]mt6359-sound mt6359_snd: audio_vow_cfg_set(), Audio VOWCFG5 Data = 0x1
03-23 00:09:33.456  2603  2603 I (5)[2603:HwBinder:2586_2]mt6359-sound mt6359_snd: audio_vow_cfg_get(), Audio_VOW_Periodic = 0x0
03-23 00:09:33.456  2603  2603 I (5)[2603:HwBinder:2586_2]mt6359-sound mt6359_snd: audio_vow_cfg_set(), Audio_VOW_Periodic = 0x0
03-23 00:09:33.460  2603  2603 I         : (6)[2603:HwBinder:2586_2]mtk_scp_ultra_engine_state_set() new state=4, memdl=7, memul=15
03-23 00:09:33.462  2638  2638 I (5)[2638:HwBinder:2586_2]speaker_amp 7-0040: cal_z = 10013
03-23 00:09:33.462  2638  2638 I (5)[2638:HwBinder:2586_2]speaker_amp 7-0042: cal_z = 9528
03-23 00:09:33.536  2646  2646 I (6)[2646:init]KernelSU: handle_setresuid from 0 to 1046
03-23 00:09:33.541  2647  2647 I (6)[2647:main]KernelSU: handle_setresuid from 0 to 0
03-23 00:09:33.557  2648  2648 I (4)[2648:main]KernelSU: handle_setresuid from 0 to 0
03-23 00:09:33.559  2646  2646 I (5)[2646:android.hardwar]binder: 2646:2646 ioctl 40046210 7fca08d6a4 returned -22
03-23 00:09:33.559  2646  2646 I (5)[2646:android.hardwar]binder: 2646:2646 ioctl 40046210 7fca08d654 returned -22
03-23 00:09:33.576  2653  2653 I (5)[2653:main]KernelSU: handle_setresuid from 0 to 0
03-23 00:09:33.640  2582  2582 I (5)[2582:main]KernelSU: handle_setresuid from 0 to 0
03-23 00:09:33.688  1096  1096 E (2)[1096:mi_thermald]get_connector_temp: connector_temp:293
03-23 00:09:33.688  1096  1096 I         : (2)[1096:mi_thermald][Thermal/TZ/BTS]T_AP=43420
03-23 00:09:34.010  2670  2670 I (4)[2670:main]KernelSU: handle_setresuid from 0 to 1000
03-23 00:09:34.033  2670  2670 I (4)[2670:system_server]binder: 2670:2670 ioctl 40046210 7ff4676564 returned -22
03-23 00:09:34.081   914   914 I (7)[914:binder:683_2]apexd: getActivePackages received by ApexService
03-23 00:09:34.093  2670  2670 I (4)[2670:system_server]binder: 2670:2670 ioctl 40046210 7ff46750f4 returned -22
03-23 00:09:34.107  2670  2670 I (4)[2670:system_server]psi_write: new:00000000331b9965
03-23 00:09:34.107  2670  2670 I (4)[2670:system_server]psi_write: new:00000000a3c67e9a
03-23 00:09:34.107  2670  2670 I (4)[2670:system_server]psi_write: new:000000000699640d
03-23 00:09:34.114  2365  2365 E (7)[2365:kworker/u16:29]get_connector_temp: connector_temp:293
03-23 00:09:34.148  2369  2369 I         : (5)[2369:kworker/u16:33][Thermal/TZ/BTS]T_AP=43600
03-23 00:09:34.165   667   667 I         : (7)[667:android.hardwar]xiaomi_touch_dev_open
03-23 00:09:34.165   667   667 I (7)[667:android.hardwar]xiaomi_touch_dev_ioctl cmd: 0, touchId:0, mode:14, value:0
03-23 00:09:34.165   667   667 I (7)[667:android.hardwar][FTS_TS/I]fts_set_cur_value: mode:14, value:0
03-23 00:09:34.165   667   667 I (7)[667:android.hardwar][FTS_TS/I]fts_update_gesture_state: gesture state:0x00
03-23 00:09:34.296  2670  2670 I (4)[2670:system_server]sdcardfs: removing com.android.configinfrastructure
03-23 00:09:34.296  2670  2670 I (4)[2670:system_server]sdcardfs: removing com.android.appsearch
03-23 00:09:34.296  2670  2670 I (4)[2670:system_server]sdcardfs: removing com.android.hardware.boot
03-23 00:09:34.296  2670  2670 I (4)[2670:system_server]sdcardfs: removing com.android.telephonycore
03-23 00:09:34.296  2670  2670 I (4)[2670:system_server]sdcardfs: removing com.android.adservices
03-23 00:09:34.296  2670  2670 I (4)[2670:system_server]sdcardfs: removing com.android.scheduling
03-23 00:09:34.296  2670  2670 I (5)[2670:system_server]sdcardfs: removing com.android.permission
03-23 00:09:34.296  2670  2670 I (5)[2670:system_server]sdcardfs: removing com.android.profiling
03-23 00:09:34.296  2670  2670 I (4)[2670:system_server]sdcardfs: removing com.android.art
03-23 00:09:34.296  2670  2670 I (5)[2670:system_server]sdcardfs: removing com.android.uwb
03-23 00:09:34.296  2670  2670 I (5)[2670:system_server]sdcardfs: removing com.android.tethering
03-23 00:09:34.297  2670  2670 I (4)[2670:system_server]sdcardfs: removing com.android.media.swcodec
03-23 00:09:34.297  2670  2670 I (5)[2670:system_server]sdcardfs: removing com.android.conscrypt
03-23 00:09:34.297  2670  2670 I (4)[2670:system_server]sdcardfs: removing com.android.bt
03-23 00:09:34.297  2670  2670 I (5)[2670:system_server]sdcardfs: removing com.android.adbd
03-23 00:09:34.297  2670  2670 I (4)[2670:system_server]sdcardfs: removing com.android.i18n
03-23 00:09:34.297  2670  2670 I (5)[2670:system_server]sdcardfs: removing com.android.rkpd
03-23 00:09:34.297  2670  2670 I (4)[2670:system_server]sdcardfs: removing com.android.virt
03-23 00:09:34.297  2670  2670 I (5)[2670:system_server]sdcardfs: removing com.android.wifi
03-23 00:09:34.297  2670  2670 I (4)[2670:system_server]sdcardfs: removing com.android.runtime
03-23 00:09:34.297  2670  2670 I (5)[2670:system_server]sdcardfs: removing com.android.devicelock
03-23 00:09:34.297  2670  2670 I (5)[2670:system_server]sdcardfs: removing com.android.apex.cts.shim
03-23 00:09:34.297  2670  2670 I (5)[2670:system_server]sdcardfs: removing com.android.neuralnetworks
03-23 00:09:34.297  2670  2670 I (4)[2670:system_server]sdcardfs: removing com.android.healthfitness
03-23 00:09:34.297  2670  2670 I (5)[2670:system_server]sdcardfs: removing com.android.resolv
03-23 00:09:34.297  2670  2670 I (4)[2670:system_server]sdcardfs: removing com.android.sdkext
03-23 00:09:34.297  2670  2670 I (5)[2670:system_server]sdcardfs: removing com.android.tzdata
03-23 00:09:34.297  2670  2670 I (4)[2670:system_server]sdcardfs: removing com.android.os.statsd
03-23 00:09:34.297  2670  2670 I (5)[2670:system_server]sdcardfs: removing com.android.extservices
03-23 00:09:34.297  2670  2670 I (4)[2670:system_server]sdcardfs: removing com.android.cellbroadcast
03-23 00:09:34.297  2670  2670 I (5)[2670:system_server]sdcardfs: removing com.android.ipsec
03-23 00:09:34.297  2670  2670 I (4)[2670:system_server]sdcardfs: removing com.android.media
03-23 00:09:34.298  2670  2670 I (5)[2670:system_server]sdcardfs: removing com.android.crashrecovery
03-23 00:09:34.298  2670  2670 I (4)[2670:system_server]sdcardfs: removing com.android.mediaprovider
03-23 00:09:34.298  2670  2670 I (5)[2670:system_server]sdcardfs: removing com.android.uprobestats
03-23 00:09:34.298  2670  2670 I (4)[2670:system_server]sdcardfs: removing com.android.nfcservices
03-23 00:09:34.298  2670  2670 I (5)[2670:system_server]sdcardfs: removing com.android.ondevicepersonalization
03-23 00:09:34.325   914   914 I (7)[914:binder:683_2]apexd: getAllPackages received by ApexService
03-23 00:09:34.341    50    50 I         : (7)[50:kworker/7:1]adsp_core1_suspend(), done elapse 382 us
03-23 00:09:34.435    50    50 E (7)[50:kworker/7:1]get_connector_temp: connector_temp:293
03-23 00:09:34.435    50    50 E (7)[50:kworker/7:1][xmusb350] smblib_conn_therm_work: smblib_conn_therm_work connector_temp = 293
03-23 00:09:34.435    50    50 E (7)[50:kworker/7:1][xmusb350] smblib_conn_therm_work: [connector_temp thermal_status enable_charging wdog_timeout] = [293 5 1 10000]
03-23 00:09:34.785  2670  2670 I (4)[2670:system_server]KernelSU: renameat: packages.list.tmp -> packages.list, new path: /system/packages.list
03-23 00:09:34.805  2670  2670 I (4)[2670:system_server]KernelSU: Searching manager...
03-23 00:09:34.805  2670  2670 I (4)[2670:system_server]KernelSU: Search manager finished
03-23 00:09:34.805  2670  2670 I (4)[2670:system_server]KernelSU: boot not completed, skip prune
03-23 00:09:34.805  2670  2670 I (4)[2670:system_server]KernelSU: packages.list detected: 134217856
03-23 00:09:34.823  2670  2670 I (4)[2670:system_server]KernelSU: Searching manager...
03-23 00:09:34.823  2670  2670 I (4)[2670:system_server]KernelSU: Search manager finished
03-23 00:09:34.823  2670  2670 I (4)[2670:system_server]KernelSU: boot not completed, skip prune
03-23 00:09:34.919   955   955 E         : (3)[955:android.hardwar][mtk_nanohub]sensor_id id 0, sensor_type:1
03-23 00:09:34.928   948   948 W (7)[948:android.hardwar]healthd: battery l=100 v=4279 t=31.2 h=2 st=2 c=421000 fc=4270000 cc=399 chg=u
03-23 00:09:35.009  2670  2670 I (6)[2670:system_server]binder: 2670:2670 ioctl c00c620f 7ff4675bcc returned -22
03-23 00:09:35.083   586   586 I (6)[586:servicemanager]: Caller(pid=2670,uid=1000,sid=u:r:system_server:s0) Found android.frameworks.sensorservice.ISensorManager/default in framework VINTF manifest.
03-23 00:09:35.172  2369  2369 I         : (3)[2369:kworker/u16:33][Thermal/TZ/BTS]T_AP=43758
03-23 00:09:35.191   586   586 I (5)[586:servicemanager]: Caller(pid=2670,uid=1000,sid=u:r:system_server:s0) Could not find android.hardware.oemlock.IOemLock/default in the VINTF manifest. No alternative instances declared in VINTF.
03-23 00:09:35.263   586   586 I (5)[586:servicemanager]: Caller(pid=2670,uid=1000,sid=u:r:system_server:s0) Found android.hardware.wifi.IWifi/default in device VINTF manifest.
03-23 00:09:35.265   586   586 I (5)[586:servicemanager]: Caller(pid=2670,uid=1000,sid=u:r:system_server:s0) Found android.hardware.wifi.supplicant.ISupplicant/default in device VINTF manifest.
03-23 00:09:35.266   586   586 I (5)[586:servicemanager]: Caller(pid=2670,uid=1000,sid=u:r:system_server:s0) Found android.hardware.wifi.supplicant.ISupplicant/default in device VINTF manifest.
03-23 00:09:35.355   952   952 I         : (7)[952:android.hardwar]led_state buf 986908574 0 0 0
03-23 00:09:35.355   952   952 I         : (7)[952:android.hardwar]led_state set off
03-23 00:09:35.355    50    50 I         : (7)[50:kworker/7:1][mtk_nanohub]cabc_backlight_data_notification_work [15, 0, 0, 0]
03-23 00:09:35.356   952   952 I         : (4)[952:android.hardwar]led_state buf 986908574 0 0 0
03-23 00:09:35.356   952   952 I         : (4)[952:android.hardwar]led_state set off
03-23 00:09:35.356  1825  1825 I         : (4)[1825:kworker/4:55][mtk_nanohub]cabc_backlight_data_notification_work [15, 0, 0, 0]
03-23 00:09:35.358   952   952 I         : (7)[952:android.hardwar]led_state buf 986908574 0 0 0
03-23 00:09:35.358   952   952 I         : (7)[952:android.hardwar]led_state set off
03-23 00:09:35.358    50    50 I         : (7)[50:kworker/7:1][mtk_nanohub]cabc_backlight_data_notification_work [15, 0, 0, 0]
03-23 00:09:35.372   586   586 I (4)[586:servicemanager]: Caller(pid=2670,uid=1000,sid=u:r:system_server:s0) Found android.frameworks.location.altitude.IAltitudeService/default in framework VINTF manifest.
03-23 00:09:35.406   586   586 I (5)[586:servicemanager]: Caller(pid=2670,uid=1000,sid=u:r:system_server:s0) Could not find android.hardware.soundtrigger3.ISoundTriggerHw/default in the VINTF manifest. No alternative instances declared in VINTF.
03-23 00:09:35.417   586   586 I (0)[586:servicemanager]: Caller(pid=2670,uid=1000,sid=u:r:system_server:s0) Found android.hardware.thermal.IThermal/default in device VINTF manifest.
03-23 00:09:35.418   586   586 I (0)[586:servicemanager]: Caller(pid=2670,uid=1000,sid=u:r:system_server:s0) Found android.hardware.usb.gadget.IUsbGadget/default in device VINTF manifest.
03-23 00:09:35.419     0     0 I         : (6)[2730:system-server-i]read descriptors
03-23 00:09:35.419     0     0 I         : (6)[2730:system-server-i]read strings
03-23 00:09:35.419     0     0 I         : (6)[2730:system-server-i]read descriptors
03-23 00:09:35.419     0     0 I         : (6)[2730:system-server-i]read strings
03-23 00:09:35.424   586   586 I (3)[586:servicemanager]: Caller(pid=2670,uid=1000,sid=u:r:system_server:s0) Found android.hardware.usb.IUsb/default in device VINTF manifest.
03-23 00:09:35.428    41    41 I         : (6)[41:kworker/6:0]usb_state<CONFIGURED>
03-23 00:09:35.475  1190  1190 E (7)[1190:android.hardwar]fpc1022_irq fingerprint: enable spi clk clk_enable_set
03-23 00:09:35.475  1190  1190 E (6)[1190:android.hardwar]fpc1022_irq fingerprint: disable spi clk clk_enable_set
03-23 00:09:35.476  1190  1190 E (6)[1190:android.hardwar]fpc1022_irq fingerprint: enable spi clk clk_enable_set
03-23 00:09:35.476  1190  1190 E (4)[1190:android.hardwar]fpc1022_irq fingerprint: disable spi clk clk_enable_set
03-23 00:09:35.476  1190  1190 E (4)[1190:android.hardwar]fpc1022_irq fingerprint: enable spi clk clk_enable_set
03-23 00:09:35.495  1190  1190 E (4)[1190:android.hardwar]fpc1022_irq fingerprint: disable spi clk clk_enable_set
03-23 00:09:35.495  1190  1190 E (4)[1190:android.hardwar]fpc1022_irq fingerprint: enable spi clk clk_enable_set
03-23 00:09:35.496  1190  1190 E (6)[1190:android.hardwar]fpc1022_irq fingerprint: disable spi clk clk_enable_set
03-23 00:09:35.496  1190  1190 E (7)[1190:android.hardwar]fpc1022_irq fingerprint: enable spi clk clk_enable_set
03-23 00:09:35.497  1190  1190 E (4)[1190:android.hardwar]fpc1022_irq fingerprint: disable spi clk clk_enable_set
03-23 00:09:35.497  1190  1190 E (4)[1190:android.hardwar]fpc1022_irq fingerprint: enable spi clk clk_enable_set
03-23 00:09:35.497  1190  1190 E (4)[1190:android.hardwar]fpc1022_irq fingerprint: disable spi clk clk_enable_set
03-23 00:09:35.498  1190  1190 E (4)[1190:android.hardwar]fpc1022_irq fingerprint: enable spi clk clk_enable_set
03-23 00:09:35.498  1190  1190 E (6)[1190:android.hardwar]fpc1022_irq fingerprint: disable spi clk clk_enable_set
03-23 00:09:35.500  1356  1356 E (4)[1356:android.hardwar]fpc1022_irq fingerprint: enable spi clk clk_enable_set
03-23 00:09:35.500  1356  1356 E (4)[1356:android.hardwar]fpc1022_irq fingerprint: disable spi clk clk_enable_set
