--------- beginning of kernel
03-23 00:09:23.172   992   992 I (6)[992:conninfra_loade]GDL[I:6] [gps_dl_reserved_mem_show_info: 123]: phy_addr = 0xbfd00000, vir_addr = 0x0000000023d91356, size = 0x100000, min_size = 0x65000
03-23 00:09:23.172   992   992 I (6)[992:conninfra_loade]GDL[I:0] [gps_icap_probe: 177]: start
03-23 00:09:23.172   992   992 I (6)[992:conninfra_loade]GDL[I:0] [gps_icap_probe: 194]: major: 465, minor: 0
03-23 00:09:23.172   992   992 I (6)[992:conninfra_loade]GDL[I:0] [gps_icap_probe: 212]: done
03-23 00:09:23.172   992   992 I (6)[992:conninfra_loade]GDL[I:6] [gps_dl_reserved_mem_dma_buf_init: 171]: init gps dl dma buf(0,0) in arch64, addr: vir=0x0000000029d77db1, phy=0xbfd51000, len=8192
03-23 00:09:23.172   992   992 I (6)[992:conninfra_loade]GDL[I:6] [gps_dl_reserved_mem_dma_buf_init: 171]: init gps dl dma buf(0,1) in arch64, addr: vir=0x0000000069c1a598, phy=0xbfd57000, len=8192
03-23 00:09:23.172   992   992 I (6)[992:conninfra_loade]GDL-0[I:4] [gps_each_link_set_state: 180]: state change: UNINIT -> CLOSED
03-23 00:09:23.172   992   992 I (6)[992:conninfra_loade]GDL[I:6] [gps_dl_reserved_mem_dma_buf_init: 171]: init gps dl dma buf(1,0) in arch64, addr: vir=0x00000000f2e8d4d6, phy=0xbfd54000, len=8192
03-23 00:09:23.172   992   992 I (6)[992:conninfra_loade]GDL[I:6] [gps_dl_reserved_mem_dma_buf_init: 171]: init gps dl dma buf(1,1) in arch64, addr: vir=0x00000000886c2536, phy=0xbfd5a000, len=8192
03-23 00:09:23.172   955   955 I (3)[955:android.hardwar]GDL-1[I:4] [gps_each_link_set_state: 180]: state change: UNINIT -> CLOSED
03-23 00:09:23.173   955   955 I         : (3)[955:android.hardwar][mtk_nanohub]mtk_nanohub_config [5]
03-23 00:09:23.173   992   992 I (6)[992:conninfra_loade]GDL[I:0] [gps_dl_ctrl_thread: 273]: gps control thread starts
03-23 00:09:23.173   992   992 I (7)[992:conninfra_loade]GDL[W:6] [gps_dl_linux_irqs_register: 70]: i = 0, irq_id = 460, name = gps_da0, flags = 0x2004, ret = 0
03-23 00:09:23.174   955   955 I (3)[955:android.hardwar]GDL[W:6] [gps_dl_linux_irqs_register: 70]: i = 1, irq_id = 461, name = gps_nd0, flags = 0x2004, ret = 0
03-23 00:09:23.174   955   955 I         : (3)[955:android.hardwar][mtk_nanohub]mtk_nanohub_config [90]
03-23 00:09:23.175   955   955 I         : (2)[955:android.hardwar][mtk_nanohub]mtk_nanohub_config [90]
03-23 00:09:23.176  1015  1015 I (7)[1015:init]KernelSU: handle_setresuid from 0 to 1001
03-23 00:09:23.176   357   357 E (7)[357:kworker/u16:5]ghr: scsi_execute exit ret = 0x0
03-23 00:09:23.176   954   954 I (4)[954:android.hardwar]binder: 954:954 ioctl 40046210 7fca564984 returned -22
03-23 00:09:23.176  1006  1006 I (7)[1006:init]KernelSU: handle_setresuid from 0 to 1000
03-23 00:09:23.176   992   992 I (7)[992:conninfra_loade]GDL[W:6] [gps_dl_linux_irqs_register: 70]: i = 2, irq_id = 462, name = gps_mb0, flags = 0x2004, ret = 0
03-23 00:09:23.177   992   992 I (7)[992:conninfra_loade]GDL[W:6] [gps_dl_linux_irqs_register: 70]: i = 3, irq_id = 463, name = gps_da1, flags = 0x2004, ret = 0
03-23 00:09:23.180   997   997 I (7)[997:gpuservice]GDL[W:6] [gps_dl_linux_irqs_register: 70]: i = 4, irq_id = 464, name = gps_nd1, flags = 0x2004, ret = 0
03-23 00:09:23.181   997   997 I (7)[997:gpuservice]binder: 997:997 ioctl 40046210 7fd0273054 returned -22
03-23 00:09:23.181   992   992 I (7)[992:conninfra_loade]GDL[W:6] [gps_dl_linux_irqs_register: 70]: i = 5, irq_id = 465, name = gps_mb1, flags = 0x2004, ret = 0
03-23 00:09:23.182   992   992 I (7)[992:conninfra_loade]GDL[W:6] [gps_dl_linux_irqs_register: 70]: i = 6, irq_id = 466, name = gps_dma, flags = 0x2004, ret = 0
03-23 00:09:23.182   992   992 I -(7)[992:conninfra_loade]conninfra@(conninfra_sub_drv_ops_register: 228) [conninfra_sub_drv_ops_register] ----
03-23 00:09:23.182   992   992 I -(7)[992:conninfra_loade]conninfra@(conninfra_core_subsys_ops_reg: 1853) [conninfra_core_subsys_ops_reg] [pre_cal] type=[GPS] cb rst=[00000000e70e58a3][00000000ac665384] pre_cal=[          (null)][          (null)], therm=[          (null)]
03-23 00:09:23.182   992   992 I (7)[992:conninfra_loade]conninfra@(conninfra_core_subsys_ops_reg: 1857) [conninfra_core_subsys_ops_reg] [pre_cal] type=[2] bt=[000000006c93a660] wf=[          (null)]
03-23 00:09:23.182   992   992 I (7)[992:conninfra_loade]GDL[W:6] [gps_dl_linux_plat_drv_register: 608]: platform_driver_register, ret(0)
03-23 00:09:23.182   992   992 I (7)[992:conninfra_loade]GDL[W:6] [gps_dl_linux_plat_drv_register: 612]: driver_create_file, ret(0)
03-23 00:09:23.182   992   992 I         : (7)[992:conninfra_loade]finish gps driver init, i_ret:0
03-23 00:09:23.182   992   992 I         : (7)[992:conninfra_loade]Start to do fm module init
03-23 00:09:23.182   992   992 I (7)[992:conninfra_loade][FM_NTC | MAIN] mt_fm_init: mt_fm_init
03-23 00:09:23.182   992   992 I (7)[992:conninfra_loade][FM_NTC | MAIN] fm_env_setup: fm_env_setup
03-23 00:09:23.182   992   992 I (7)[992:conninfra_loade][FM_NTC | MAIN] fm_env_setup: fm ops registered
03-23 00:09:23.182   992   992 I (7)[992:conninfra_loade][FM_NTC | MAIN] fm_env_setup: fm locks created
03-23 00:09:23.182   992   992 I (7)[992:conninfra_loade][FM_NTC | MAIN] fm_env_setup: fm timer created
03-23 00:09:23.182   992   992 I (7)[992:conninfra_loade][FM_NTC | LINK] fm_link_setup: fm link setup
03-23 00:09:23.182   992   992 I (7)[992:conninfra_loade][FM_NTC | LINK] fm_trace_fifo_create: cmd_fifo created
03-23 00:09:23.182   992   992 I (7)[992:conninfra_loade][FM_NTC | LINK] fm_trace_fifo_create: evt_fifo created
03-23 00:09:23.182   992   992 I -(7)[992:conninfra_loade]conninfra@(conninfra_sub_drv_ops_register: 228) [conninfra_sub_drv_ops_register] ----
03-23 00:09:23.182   992   992 I -(7)[992:conninfra_loade]conninfra@(conninfra_core_subsys_ops_reg: 1853) [conninfra_core_subsys_ops_reg] [pre_cal] type=[FM] cb rst=[00000000a95d181f][000000005af97e70] pre_cal=[          (null)][          (null)], therm=[          (null)]
03-23 00:09:23.182   955   955 I (3)[955:android.hardwar]conninfra@(conninfra_core_subsys_ops_reg: 1857) [conninfra_core_subsys_ops_reg] [pre_cal] type=[1] bt=[000000006c93a660] wf=[          (null)]
03-23 00:09:23.182   955   955 I         : (3)[955:android.hardwar][mtk_nanohub]mtk_nanohub_config [82]
03-23 00:09:23.182   992   992 I (7)[992:conninfra_loade][FM_NTC | MAIN] mt_fm_probe: mt_fm_probe pdev:00000000bfe2a603 g_fm_probe_cnt:0
03-23 00:09:23.182   992   992 I (7)[992:conninfra_loade][FM_NTC | MAIN] mt_fm_probe: current compatible:mediatek,fm
03-23 00:09:23.182   992   992 I (7)[992:conninfra_loade][FM_NTC | MAIN] mt_fm_probe: family-id:0x6885 host_id:0x6893 conn_id:0x2001 irq_num:459
03-23 00:09:23.182   992   992 I (7)[992:conninfra_loade][FM_NTC | CHIP] fm_register_irq: fm_register_irq irq_num(459)
03-23 00:09:23.182   992   992 I (7)[992:conninfra_loade][FM_NTC | CHIP] drv_do_ioremap: [FM_SPI] 0x18004000:0x00001000
03-23 00:09:23.182   992   992 I (7)[992:conninfra_loade][FM_NTC | CHIP] drv_do_ioremap: [FM_TOP] 0x18060000:0x00001000
03-23 00:09:23.182   992   992 I (7)[992:conninfra_loade][FM_NTC | CHIP] drv_do_ioremap: [FM_MCU] 0x18000000:0x00010000
03-23 00:09:23.183   992   992 I (7)[992:conninfra_loade][FM_NTC | MAIN] mt_fm_probe: FM-OF: no fm device node
03-23 00:09:23.183    50    50 E (7)[50:kworker/7:1]mtk-vcodec-enc 17000000.venc_gcon: [VCU] can't get vcu node
03-23 00:09:23.183    50    50 E (7)[50:kworker/7:1][MTK_V4L2][ERROR] mtk_vcodec_enc_probe: 262: [VCU] vcu device in not ready
03-23 00:09:23.183    50    50 E (7)[50:kworker/7:1]mtk-vcodec-dec 1602f000.vdec_gcon: [VCU] can't get vcu node
03-23 00:09:23.183    50    50 E (7)[50:kworker/7:1][MTK_V4L2][ERROR] mtk_vcodec_dec_probe: 273: [VCU] vcu device in not ready
03-23 00:09:23.183   992   992 I (7)[992:conninfra_loade][FM_NTC | MAIN] fm_cust_config_setting: chipid:0x6635, chip type:1
03-23 00:09:23.183   992   992 I (7)[992:conninfra_loade][FM_NTC | MAIN] fm_cust_config_setup: FM default config
03-23 00:09:23.183   992   992 I (7)[992:conninfra_loade][FM_NTC | MAIN] fm_cust_config_print: 0x6635 configs:
03-23 00:09:23.183   992   992 I (7)[992:conninfra_loade][FM_NTC | MAIN] fm_cust_config_print: RX->rssi_l:	-296
03-23 00:09:23.183   992   992 I (7)[992:conninfra_loade][FM_NTC | MAIN] fm_cust_config_print: RX->rssi_s:	-296
03-23 00:09:23.183   992   992 I (7)[992:conninfra_loade][FM_NTC | MAIN] fm_cust_config_print: RX->pamd_th:	-12
03-23 00:09:23.183   992   992 I (7)[992:conninfra_loade][FM_NTC | MAIN] fm_cust_config_print: RX->mr_th:	-67
03-23 00:09:23.183   992   992 I (7)[992:conninfra_loade][FM_NTC | MAIN] fm_cust_config_print: RX->atdc_th:	3496
03-23 00:09:23.183   992   992 I (7)[992:conninfra_loade][FM_NTC | MAIN] fm_cust_config_print: RX->prx_th:	64
03-23 00:09:23.183   992   992 I (7)[992:conninfra_loade][FM_NTC | MAIN] fm_cust_config_print: RX->smg_th:	16421
03-23 00:09:23.183   992   992 I (7)[992:conninfra_loade][FM_NTC | MAIN] fm_cust_config_print: RX->de_emphasis:	0
03-23 00:09:23.183   992   992 I (7)[992:conninfra_loade][FM_NTC | MAIN] fm_cust_config_print: RX->osc_freq:	0
03-23 00:09:23.183   992   992 I (7)[992:conninfra_loade][FM_NTC | MAIN] fm_cust_config_print: RX->desense_rssi_th:	-240
03-23 00:09:23.183   992   992 I (7)[992:conninfra_loade][FM_NTC | MAIN] fm_cust_config_print: TX->scan_hole_low:	0
03-23 00:09:23.183   992   992 I (7)[992:conninfra_loade][FM_NTC | MAIN] fm_cust_config_print: TX->scan_hole_high:	0
03-23 00:09:23.183   992   992 I (7)[992:conninfra_loade][FM_NTC | MAIN] fm_cust_config_print: TX->power_level:	0
03-23 00:09:23.183   992   992 I (7)[992:conninfra_loade][FM_NTC | MAIN] fm_cust_config_print: aud path[1]I2S state[1]mode[0]rate[0]pad[0]
03-23 00:09:23.184  1034  1034 W         : (2)[1034:file_read_threa](NULL device *): Direct firmware load for fm_cust.cfg failed with error -2
03-23 00:09:23.184  1034  1034 W         : (2)[1034:file_read_threa](NULL device *): Falling back to user helper
03-23 00:09:23.196   357   357 E (2)[357:kworker/u16:5]ghr: scsi_execute exit ret = 0x0
03-23 00:09:23.200  1042  1042 I (7)[1042:ueventd]: firmware: loading 'fm_cust.cfg' for '/devices/virtual/firmware/fm_cust.cfg'
03-23 00:09:23.200  1042  1042 E (7)[1042:ueventd]: firmware: could not find firmware for fm_cust.cfg
03-23 00:09:23.200  1042  1042 E (7)[1042:ueventd]: firmware: attempted /etc/firmware/fm_cust.cfg, open failed: No such file or directory
03-23 00:09:23.200  1042  1042 E (7)[1042:ueventd]: firmware: attempted /odm/firmware/fm_cust.cfg, open failed: No such file or directory
03-23 00:09:23.200  1042  1042 E (7)[1042:ueventd]: firmware: attempted /vendor/firmware/fm_cust.cfg, open failed: No such file or directory
03-23 00:09:23.200  1042  1042 E (7)[1042:ueventd]: firmware: attempted /firmware/image/fm_cust.cfg, open failed: No such file or directory
03-23 00:09:23.201  1034  1034 I (2)[1034:file_read_threa][FM_ERR | CHIP] file_read_thread: Failed to load firmware "fm_cust.cfg"
03-23 00:09:23.201   992   992 I (6)[992:conninfra_loade][FM_ALT | MAIN] fm_cust_config_file: fail to read config file = fm_cust.cfg
03-23 00:09:23.201   992   992 I (6)[992:conninfra_loade][FM_NTC | MAIN] fm_cust_config_setup: FM cust config
03-23 00:09:23.201   992   992 I (6)[992:conninfra_loade][FM_NTC | MAIN] fm_cust_config_print: 0x6635 configs:
03-23 00:09:23.201   992   992 I (6)[992:conninfra_loade][FM_NTC | MAIN] fm_cust_config_print: RX->rssi_l:	-296
03-23 00:09:23.201   992   992 I (6)[992:conninfra_loade][FM_NTC | MAIN] fm_cust_config_print: RX->rssi_s:	-296
03-23 00:09:23.201   992   992 I (6)[992:conninfra_loade][FM_NTC | MAIN] fm_cust_config_print: RX->pamd_th:	-12
03-23 00:09:23.201   992   992 I (6)[992:conninfra_loade][FM_NTC | MAIN] fm_cust_config_print: RX->mr_th:	-67
03-23 00:09:23.201   992   992 I (6)[992:conninfra_loade][FM_NTC | MAIN] fm_cust_config_print: RX->atdc_th:	3496
03-23 00:09:23.201   992   992 I (6)[992:conninfra_loade][FM_NTC | MAIN] fm_cust_config_print: RX->prx_th:	64
03-23 00:09:23.201   992   992 I (6)[992:conninfra_loade][FM_NTC | MAIN] fm_cust_config_print: RX->smg_th:	16421
03-23 00:09:23.201   992   992 I (6)[992:conninfra_loade][FM_NTC | MAIN] fm_cust_config_print: RX->de_emphasis:	0
03-23 00:09:23.201   992   992 I (6)[992:conninfra_loade][FM_NTC | MAIN] fm_cust_config_print: RX->osc_freq:	0
03-23 00:09:23.201   992   992 I (6)[992:conninfra_loade][FM_NTC | MAIN] fm_cust_config_print: RX->desense_rssi_th:	-240
03-23 00:09:23.201   992   992 I (6)[992:conninfra_loade][FM_NTC | MAIN] fm_cust_config_print: TX->scan_hole_low:	0
03-23 00:09:23.201   992   992 I (6)[992:conninfra_loade][FM_NTC | MAIN] fm_cust_config_print: TX->scan_hole_high:	0
03-23 00:09:23.201   992   992 I (6)[992:conninfra_loade][FM_NTC | MAIN] fm_cust_config_print: TX->power_level:	0
03-23 00:09:23.201   992   992 I (6)[992:conninfra_loade][FM_NTC | MAIN] fm_cust_config_print: aud path[1]I2S state[1]mode[0]rate[0]pad[0]
03-23 00:09:23.201   992   992 I (6)[992:conninfra_loade][FM_NTC | MAIN] fm_cdev_setup: alloc fm:464:0
03-23 00:09:23.201   992   992 I (6)[992:conninfra_loade][FM_NTC | MAIN] fm_mod_init: create_proc_entry success
03-23 00:09:23.201   992   992 I (6)[992:conninfra_loade][FM_NTC | MAIN] mt_fm_init: 6. fm platform driver registered
03-23 00:09:23.201   992   992 I (6)[992:conninfra_loade][FM_NTC | MAIN] mt_fm_init: mt_fm_init done
03-23 00:09:23.201   992   992 I         : (6)[992:conninfra_loade]Finish fm module init
03-23 00:09:23.201   992   992 I         : (6)[992:conninfra_loade]Start to do wlan module init 0x6893
03-23 00:09:23.201   992   992 I (7)[992:conninfra_loade][WIFI-FW] wifi_pwr_on_init[I]: Do wifi_pwr_on_init.
03-23 00:09:23.201   992   992 I (7)[992:conninfra_loade][MTK-WIFI] WIFI_init[I]: mtk_wmt_wifi_chrdev driver(major 0 463) installed.
03-23 00:09:23.201   992   992 I (7)[992:conninfra_loade][WIFI-FW] fw_log_wifi_init[I]: alloc_chrdev_region result 0, major 462
03-23 00:09:23.201   992   992 I         : (7)[992:conninfra_loade]wifi_fw init. Base=8fd4f000 size=196608
03-23 00:09:23.201   992   992 I (7)[992:conninfra_loade][construct_emi_offset_table] emi_offset_table[0]: emi_base=[0x40], emi_size=[0x20000], emi_read=[0x40], emi_write=[0x44], emi_buf=[0x60], emi_guard=[0x20060], emi_idx=[0]
03-23 00:09:23.201   992   992 I (7)[992:conninfra_loade][construct_emi_offset_table] emi_offset_table[2]: emi_base=[0x0], emi_size=[0x0], emi_read=[0x0], emi_write=[0x0], emi_buf=[0x0], emi_guard=[0x0], emi_idx=[0]
03-23 00:09:23.201   992   992 I         : (7)[992:conninfra_loade][wifi_fw] EMI mapping OK virtual(0x00000000c6850fff) physical(0x8fd4f000) size=196608
03-23 00:09:23.201    41    41 E (6)[41:kworker/6:0]mtk-vcodec-enc 17000000.venc_gcon: [VCU] can't get vcu node
03-23 00:09:23.201    41    41 E (6)[41:kworker/6:0][MTK_V4L2][ERROR] mtk_vcodec_enc_probe: 262: [VCU] vcu device in not ready
03-23 00:09:23.201    41    41 E (6)[41:kworker/6:0]mtk-vcodec-dec 1602f000.vdec_gcon: [VCU] can't get vcu node
03-23 00:09:23.201    41    41 E (6)[41:kworker/6:0][MTK_V4L2][ERROR] mtk_vcodec_dec_probe: 273: [VCU] vcu device in not ready
03-23 00:09:23.201   992   992 I         : (7)[992:conninfra_loade]write(00000000e4c05531) as 0, read(000000004c9c39a8) as 0
03-23 00:09:23.201   992   992 I (7)[992:conninfra_loade]base: 00000000aa440a5d, read: 000000004c9c39a8, write: 00000000e4c05531, max_size: 131072
03-23 00:09:23.202   992   992 I (7)[992:conninfra_loade][ICS-FW] fw_log_ics_init[I]: alloc_chrdev_region result 0, major 461
03-23 00:09:23.202   992   992 I         : (7)[992:conninfra_loade]WMT-WIFI char dev init, ret:0
03-23 00:09:23.202   992   992 I         : (7)[992:conninfra_loade][wlan]Set ALL DBG module log level to [0x01]
03-23 00:09:23.202   992   992 I         : (7)[992:conninfra_loade][wlan]Reset ALL DBG module log level to DEFAULT!
03-23 00:09:23.202   992   992 I (7)[992:conninfra_loade]wlan 18000000.wifi: assigned reserved memory node wifi-reserve-memory
03-23 00:09:23.204   992   992 I (7)[992:conninfra_loade][WIFI-FW] mtk_wcn_wlan_reg[I]: wmt wlan cb register
03-23 00:09:23.204   992   992 I -(7)[992:conninfra_loade]conninfra@(conninfra_sub_drv_ops_register: 228) [conninfra_sub_drv_ops_register] ----
03-23 00:09:23.204   992   992 I -(7)[992:conninfra_loade]conninfra@(conninfra_core_subsys_ops_reg: 1853) [conninfra_core_subsys_ops_reg] [pre_cal] type=[WIFI] cb rst=[000000000ab330db][00000000482b405b] pre_cal=[00000000eba53167][0000000068ab0f4e], therm=[          (null)]
03-23 00:09:23.204   992   992 I (7)[992:conninfra_loade]conninfra@(conninfra_core_subsys_ops_reg: 1857) [conninfra_core_subsys_ops_reg] [pre_cal] type=[3] bt=[000000006c93a660] wf=[00000000eba53167]
03-23 00:09:23.204   995   995 I (3)[995:conninfra_cored]conninfra@(conninfra_core_subsys_ops_reg: 1867) [conninfra_core_subsys_ops_reg] [pre_cal] trigger pre-cal BT/WF are registered
03-23 00:09:23.204   995   995 I (3)[995:conninfra_cored]conninfra@(opfunc_pre_cal_prepare: 1049) [pre_cal] BT&WIFI is off, schedule pre-cal from status=[0] to new status[2]
03-23 00:09:23.204   995   995 I (1)[995:conninfra_cored]conninfra@(conninfra_core_pre_cal_start: 1346) [conninfra_core_pre_cal_start] [pre_cal] Begin pre-cal, g_pre_cal_mode: 0, caller = 1
03-23 00:09:23.204   995   995 I (1)[995:conninfra_cored]conninfra@(conninfra_core_wake_lock_get: 2129) [conninfra_core_wake_lock_get] after wake_lock(1)
03-23 00:09:23.204    50    50 E (7)[50:kworker/7:1]mtk-vcodec-enc 17000000.venc_gcon: [VCU] can't get vcu node
03-23 00:09:23.204    50    50 E (7)[50:kworker/7:1][MTK_V4L2][ERROR] mtk_vcodec_enc_probe: 262: [VCU] vcu device in not ready
03-23 00:09:23.204    50    50 E (7)[50:kworker/7:1]mtk-vcodec-dec 1602f000.vdec_gcon: [VCU] can't get vcu node
03-23 00:09:23.204    50    50 E (7)[50:kworker/7:1][MTK_V4L2][ERROR] mtk_vcodec_dec_probe: 273: [VCU] vcu device in not ready
03-23 00:09:23.204   359   359 I (6)[359:chgdet_thread][xmusb350] xmusb350_enable_chg_type_det: xmusb350_enable_chg_type_det: CDP block
03-23 00:09:23.204  1043  1043 I (7)[1043:mtk_wland_threa][WIFI-FW] mtk_wland_thread_main[I]: mtk_wland_threa:1043 starts running...
03-23 00:09:23.204   992   992 I         : (6)[992:conninfra_loade]conn_type=0 Get emi_base=0x8fb00000 emi_size=4521984
03-23 00:09:23.204   992   992 I         : (6)[992:conninfra_loade]Clear 00000000050484c5 size=98304 as zero
03-23 00:09:23.205   992   992 I (6)[992:conninfra_loade][MTK-WIFI] update_driver_reset_status[I]: update_driver_reset_status: 0
03-23 00:09:23.205   992   992 I         : (1)[992:conninfra_loade][lbat_user_register] name=WiFi Get Battery Voltage, hv=3650, lv1=3550, lv2=2000
03-23 00:09:23.205   992   992 I (1)[992:conninfra_loade][WIFI-FW] wifi_fwlog_event_func_register[I]: wifi_fwlog_event_func_register 00000000e146547e
03-23 00:09:23.205   992   992 I (1)[992:conninfra_loade][WIFI-FW] wifi_fwlog_get_fw_ver_register[I]: wifi_fwlog_get_fw_ver_register 000000003d2f1571
03-23 00:09:23.205   992   992 I (1)[992:conninfra_loade][ICS-FW] wifi_ics_event_func_register[I]: ics_fwlog_event_func_register 000000007e3977c7
03-23 00:09:23.205   992   992 I         : (1)[992:conninfra_loade]WLAN-GEN4 driver init, ret:0
03-23 00:09:23.205   992   992 I         : (1)[992:conninfra_loade]Finish wlan module init
03-23 00:09:23.206   992   992 I         : (1)[992:conninfra_loade][conninfra_dev_unlocked_ioctl] cmd (-2147171840),arg(0)
03-23 00:09:23.207   992   992 I         : (1)[992:conninfra_loade][conninfra_dev_unlocked_ioctl] cmd (-2147171837),arg(0)
03-23 00:09:23.207   992   992 I         : (5)[992:conninfra_loade][conninfra_dev_unlocked_ioctl] cmd (1074053633),arg(0)
03-23 00:09:23.207   992   992 I         : (5)[992:conninfra_loade]close major 164 minor 0 (pid 992)
03-23 00:09:23.212   995   995 I         : (7)[995:conninfra_cored]Consys HW version id(0x20010101) cfg_id=(0x3)
03-23 00:09:23.212   995   995 I         : (7)[995:conninfra_cored]connsys_emi_base=[0x8fb00000] mcif_emi_base=[0x6a000000] remap cr: connsys=[0x00008fb0] mcif=[0x00006a00]
03-23 00:09:23.212   995   995 I         : (7)[995:conninfra_cored]Write CONN_INFRA_SYSRAM_SW_CR_BUILD_MODE to 0x00000003
03-23 00:09:23.212   995   995 I         : (7)[995:conninfra_cored]A-die CHIP_ID=0x66358a11 rc=1
03-23 00:09:23.215   995   995 I         : (5)[995:conninfra_cored][consys_spi_write_offset_range_nolock][SYS_SPI_TOP] addr=0x0034 value=0x00bf00c4 reg_offset=12 value_offset=3 size=4
03-23 00:09:23.215   995   995 I         : (5)[995:conninfra_cored][consys_spi_write_offset_range_nolock][SYS_SPI_TOP] Write CR:0x00000034 from 0x03078000 to 0x03078000
03-23 00:09:23.215   995   995 I         : (5)[995:conninfra_cored][consys_spi_write_offset_range_nolock][SYS_SPI_TOP] addr=0x0038 value=0x00bf00c4 reg_offset=23 value_offset=0 size=3
03-23 00:09:23.215   995   995 I         : (5)[995:conninfra_cored][consys_spi_write_offset_range_nolock][SYS_SPI_TOP] Write CR:0x00000038 from 0x4a46a300 to 0x4a46a300
03-23 00:09:23.215   995   995 I         : (5)[995:conninfra_cored]thermal_b =[63]
03-23 00:09:23.216   995   995 I         : (5)[995:conninfra_cored]efuse = [0xa8000000, 0x00bf00c4, 0x0000d4fc, 0x73737878]
03-23 00:09:23.218   995   995 I (5)[995:conninfra_cored]conninfra@(consys_plt_pmic_raise_voltage: 633) [consys_plt_pmic_raise_voltage] [drv_type(0) raise(1) onoff(1)][bt_raise(0)]
03-23 00:09:23.218   995   995 I (5)[995:conninfra_cored]conninfra@(consys_raise_vcn13_vs2_voltage: 521) [consys_raise_vcn13_vs2_voltage] curr_vcn13_state=0 next_state=2
03-23 00:09:23.218   995   995 I (5)[995:conninfra_cored]conninfra@(consys_raise_vcn13_vs2_voltage: 524) [consys_raise_vcn13_vs2_voltage] check down
03-23 00:09:23.218   995   995 I         : (5)[995:conninfra_cored][connsys_low_power_setting_mt6893] current_status=0 bt_only = 1
03-23 00:09:23.219   995   995 I (5)[995:conninfra_cored]conninfra@(opfunc_power_on_internal: 328) [Conninfra Pwr On] BT=[1] FM=[0] GPS=[0] WF=[0]
03-23 00:09:23.219   995   995 I (5)[995:conninfra_cored]conninfra@(conninfra_core_wake_lock_get: 2129) [conninfra_core_wake_lock_get] after wake_lock(1)
03-23 00:09:23.220  1005  1005 I (7)[1005:surfaceflinger]binder: 1005:1005 ioctl 40046210 7fedc6fb54 returned -22
03-23 00:09:23.221  1005  1005 I (7)[1005:surfaceflinger]binder: 1005:1005 ioctl 40046210 7fedc6fba4 returned -22
03-23 00:09:23.222   995   995 I         : (7)[995:conninfra_cored][consys_conninfra_wakeup_mt6893] Polling chip id success (0x20010101)
03-23 00:09:23.222   995   995 I         : (7)[995:conninfra_cored]conninfra_wakeup refcnt=[0]->[1] wakeup!!
03-23 00:09:23.222   995   995 I (7)[995:conninfra_cored]conninfra@(consys_plt_pmic_raise_voltage: 633) [consys_plt_pmic_raise_voltage] [drv_type(3) raise(1) onoff(1)][bt_raise(1)]
03-23 00:09:23.222   995   995 I         : (7)[995:conninfra_cored][connsys_low_power_setting_mt6893] current_status=1 bt_only = 0
03-23 00:09:23.222   995   995 I         : (7)[995:conninfra_cored]conninfra_sleep refcnt=[1]->[0] sleep!!
03-23 00:09:23.223   999   999 I (1)[999:sub_bt_thrd]conninfra@(opfunc_power_on_internal: 328) [Conninfra Pwr On] BT=[1] FM=[0] GPS=[0] WF=[1]
03-23 00:09:23.223   999   999 I (1)[999:sub_bt_thrd]conninfra@(opfunc_subdrv_cal_pwr_on: 1217) [opfunc_subdrv_cal_pwr_on] drv=[sub_bt_thrd]
03-23 00:09:23.223   999   999 I         : (1)[999:sub_bt_thrd]conn_pwr_set_drv_status, type = 0, status = 1
03-23 00:09:23.223   999   999 I         : (1)[999:sub_bt_thrd]conn_pwr_arbitrate no support 0x6635
03-23 00:09:23.223   999   999 I         : (1)[999:sub_bt_thrd]conn_pwr_drv_pre_on, ret = 0, type = 0, level = 0
03-23 00:09:23.223   999   999 I (1)[999:sub_bt_thrd][btmtk_info] bt_pwrctrl_pre_on: lp_cur_bat_lv = 0
03-23 00:09:23.223   999   999 I (1)[999:sub_bt_thrd][btmtk_info] btmtk_set_power_on: CONNAC20_CHIPID[6893], bdev[0x000000004df04de3], bt_state[0]!
03-23 00:09:23.223   999   999 I         : (1)[999:sub_bt_thrd][connsys_coredump_clean] Clear 000000001c2ef43a size=98304 as zero
03-23 00:09:23.223   999   999 I (0)[999:sub_bt_thrd]conninfra@(opfunc_subdrv_cal_pwr_on: 1217) [opfunc_subdrv_cal_pwr_on] drv=[sub_wifi_thrd]
03-23 00:09:23.227   999   999 I (0)[999:sub_bt_thrd][btmtk_info] __download_patch_to_emi: load binary [soc3_0_ram_mcu_1a_1_hdr.bin]
03-23 00:09:23.228   999   999 I         : (5)[999:sub_bt_thrd][btmtk_info] [Patch]BTime=23111717290100,HVer=0x8a10,SVer=0x8a10,Plat=ALPS,Addr=0xf0000000,Type=4000000
03-23 00:09:23.228   999   999 I         : (5)[999:sub_bt_thrd][btmtk_info] [Patch] emi_ap_phy_base[0x00000000b3511bc7], remap_addr[0x00000000]
03-23 00:09:23.228   999   999 I         : (5)[999:sub_bt_thrd][btmtk_info] [Patch] patch_emi_offset[0x00000000], patch_size[0x000285d0]
03-23 00:09:23.228   999   999 I (5)[999:sub_bt_thrd][btmtk_info] __download_patch_to_emi: load binary [soc3_0_ram_bt_1a_1_hdr.bin]
03-23 00:09:23.230   999   999 I         : (5)[999:sub_bt_thrd][btmtk_info] [Patch]BTime=20231117173248,HVer=0x8a00,SVer=0x8a00,Plat=ALPS,Addr=0xf0100011,Type=0
03-23 00:09:23.230   999   999 I         : (5)[999:sub_bt_thrd][btmtk_info] [Patch] emi_ap_phy_base[0x00000000b3511bc7], remap_addr[0x00000059]
03-23 00:09:23.230   999   999 I         : (5)[999:sub_bt_thrd][btmtk_info] [Patch] patch_emi_offset[0x00100000], patch_size[0x000a4424]
03-23 00:09:23.231   999   999 I         : (5)[999:sub_bt_thrd][btmtk_info] remap addr = 0x00008FB0
03-23 00:09:23.231   999   999 I         : (5)[999:sub_bt_thrd][btmtk_info] 0x18060128 = [0x00020002]
03-23 00:09:23.231   999   999 I         : (5)[999:sub_bt_thrd][btmtk_info] 0x18001A00 = [0x1000003f]
03-23 00:09:23.231   999   999 I         : (5)[999:sub_bt_thrd][btmtk_info] 0x1800C00C = [0x0000001c]
03-23 00:09:23.231   357   357 I (2)[357:kworker/u16:5]conninfra@(consys_bus_clock_ctrl: 493) drv=[0] conninfra_bus_clock_wpll=[0]->[1] enable conninfra_bus_clock_bpll=[0]->[1] enable
03-23 00:09:23.234   357   357 E (2)[357:kworker/u16:5]ghr: scsi_execute exit ret = 0x0
03-23 00:09:23.234   119   119 E (0)[119:kworker/u16:2]ghr: scsi_execute exit ret = 0x0
03-23 00:09:23.234     5     5 E (5)[5:kworker/u16:0]ghr: scsi_execute exit ret = 0x0
03-23 00:09:23.235   474   474 I (5)[474:init]: wait for '/sys/class/power_supply/usb/type' took 0ms
03-23 00:09:23.236   999   999 I         : (2)[999:sub_bt_thrd][btmtk_info] bgfsys fw version id = 0x00008a00
03-23 00:09:23.236   999   999 I         : (2)[999:sub_bt_thrd][btmtk_info] bgfsys hw code = 0x00000000
03-23 00:09:23.236   999   999 I         : (2)[999:sub_bt_thrd][btmtk_info] bgfsys version id = 0x20010000
03-23 00:09:23.236   999   999 I (2)[999:sub_bt_thrd]conninfra@(consys_bus_clock_ctrl: 528) drv=[0] conninfra_bus_clock_wpll=[1]->[0] disable conninfra_bus_clock_bpll=[1]->[0] disable
03-23 00:09:23.236   999   999 I         : (2)[999:sub_bt_thrd][btmtk_info] 0x18060128 = [0x00020002]
03-23 00:09:23.236   999   999 I         : (2)[999:sub_bt_thrd][btmtk_info] 0x18001A00 = [0x1000003f]
03-23 00:09:23.237   999   999 I         : (2)[999:sub_bt_thrd][btmtk_info] 0x1800C00C = [0x0000001c]
03-23 00:09:23.237   999   999 I         : (2)[999:sub_bt_thrd][btmtk_info] MCU pc = 0xf0001d76
03-23 00:09:23.243  1052  1052 I (7)[1052:init]KernelSU: handle_setresuid from 0 to 1000
03-23 00:09:23.246   993   993 I (4)[993:audioserver]binder: 993:993 ioctl 40046210 7fd01aff84 returned -22
03-23 00:09:23.246   993   993 I (4)[993:audioserver]binder: 993:993 ioctl 40046210 7fd01affd4 returned -22
03-23 00:09:23.250  1057  1057 I (3)[1057:init]KernelSU: handle_setresuid from 0 to 9999
03-23 00:09:23.253   999   999 I         : (3)[999:sub_bt_thrd][btmtk_info] MCU pc = 0xf0002bce
03-23 00:09:23.268   999   999 I         : (3)[999:sub_bt_thrd][btmtk_info] MCU pc = 0x001005f2
03-23 00:09:23.268   999   999 I         : (3)[999:sub_bt_thrd][btmtk_info] MCU sw_dbg_ctl = 0x00001d1e
03-23 00:09:23.269   999   999 I         : (3)[999:sub_bt_thrd][btmtk_info] Request BTIF_WAKEUP_IRQ (454) succeed, pirq = 000000001397945f, flag = 0x00000084
03-23 00:09:23.269   999   999 I         : (3)[999:sub_bt_thrd][btmtk_info] Request BGF_SW_IRQ (455) succeed, pirq = 000000004a41df00, flag = 0x00000084
03-23 00:09:23.270   999   999 I (3)[999:sub_bt_thrd]MTK-BTIF-EXP[I]mtk_wcn_btif_open: btif_open succeed
03-23 00:09:23.270   999   999 I         : (6)[999:sub_bt_thrd]CR region=67. Memory region=3 total dump regions is 70.
03-23 00:09:23.270  1092  1092 I         : (4)[1092:bt_tx_ps][btmtk_info] btmtk_tx_thread start running...
03-23 00:09:23.270   999   999 I         : (6)[999:sub_bt_thrd][btmtk_info] init workqueue
03-23 00:09:23.270   999   999 I         : (6)[999:sub_bt_thrd][btmtk_info] init dumpqueue
03-23 00:09:23.270   999   999 I         : (6)[999:sub_bt_thrd][btmtk_info] [InternalCmd] btmtk_intcmd_send_connfem_cmd
03-23 00:09:23.270   999   999 I         : (6)[999:sub_bt_thrd][connfem][API][WARN] connfem_epaelna_get_fem_info, No ConnFem context
03-23 00:09:23.270   999   999 I         : (6)[999:sub_bt_thrd][connfem][API][WARN] connfem_epaelna_get_pin_info, No ConnFem context
03-23 00:09:23.270   999   999 I         : (6)[999:sub_bt_thrd][connfem][API][WARN] connfem_epaelna_get_flags, No ConnFem context
03-23 00:09:23.270   999   999 I         : (6)[999:sub_bt_thrd][btmtk_info] CONNFEM BTvid/pid == 0, ignore
03-23 00:09:23.271   999   999 I (6)[999:sub_bt_thrd][btmtk_warn] btmtk_intcmd_wmt_send_antenna_cmd: ptr is NULL, do not get corresponding tag. Ignore antenna setting
03-23 00:09:23.271   999   999 I         : (6)[999:sub_bt_thrd][btmtk_info] [InternalCmd] _send_wmt_power_cmd
03-23 00:09:23.275    50    50 E (7)[50:kworker/7:1]get_connector_temp: connector_temp:293
03-23 00:09:23.275    50    50 E (7)[50:kworker/7:1][xmusb350] smblib_conn_therm_work: smblib_conn_therm_work connector_temp = 293
03-23 00:09:23.275    50    50 E (7)[50:kworker/7:1][xmusb350] smblib_conn_therm_work: [connector_temp thermal_status enable_charging wdog_timeout] = [293 5 1 10000]
03-23 00:09:23.280  1103  1103 I (7)[1103:init]KernelSU: handle_setresuid from 0 to 1000
03-23 00:09:23.280  1104  1104 I (3)[1104:init]KernelSU: handle_setresuid from 0 to 1019
03-23 00:09:23.293  1104  1104 I (6)[1104:drmserver64]binder: 1104:1104 ioctl 40046210 7fcfdba464 returned -22
03-23 00:09:23.299   357   357 E (3)[357:kworker/u16:5]ghr: scsi_execute exit ret = 0x0
03-23 00:09:23.300   357   357 E (3)[357:kworker/u16:5]ghr: scsi_execute exit ret = 0x0
03-23 00:09:23.304  1112  1112 I (0)[1112:init]KernelSU: handle_setresuid from 0 to 9999
03-23 00:09:23.308   357   357 E (4)[357:kworker/u16:5]ghr: scsi_execute exit ret = 0x0
03-23 00:09:23.309  1119  1119 I (0)[1119:init]KernelSU: handle_setresuid from 0 to 9999
03-23 00:09:23.313   359   359 I (0)[359:chgdet_thread][xmusb350] xmusb350_enable_chg_type_det: xmusb350_enable_chg_type_det: CDP block
03-23 00:09:23.318  1123  1123 I (4)[1123:init]KernelSU: handle_setresuid from 0 to 1000
03-23 00:09:23.323  1126  1126 I (7)[1126:init]KernelSU: handle_setresuid from 0 to 1000
03-23 00:09:23.331  1126  1126 I (7)[1126:android.hardwar]binder: 1126:1126 ioctl 40046210 7fc854f414 returned -22
03-23 00:09:23.333  1128  1128 I (0)[1128:init]KernelSU: handle_setresuid from 0 to 1021
03-23 00:09:23.339  1130  1130 I (4)[1130:init]KernelSU: handle_setresuid from 0 to 1047
03-23 00:09:23.341  1131  1131 I (7)[1131:init]KernelSU: handle_setresuid from 0 to 1000
03-23 00:09:23.344  1132  1132 I (7)[1132:init]KernelSU: handle_setresuid from 0 to 1067
03-23 00:09:23.351  1135  1135 I (0)[1135:init]KernelSU: handle_setresuid from 0 to 1040
03-23 00:09:23.359  1137  1137 I (4)[1137:init]KernelSU: handle_setresuid from 0 to 1013
03-23 00:09:23.369  1138  1138 I (4)[1138:init]KernelSU: handle_setresuid from 0 to 1013
03-23 00:09:23.374  1132  1132 I (7)[1132:incidentd]binder: 1132:1132 ioctl 40046210 7fe0d83f84 returned -22
03-23 00:09:23.378  1050  1050 E (2)[1050:mi_thermald]get_connector_temp: connector_temp:295
03-23 00:09:23.378  1050  1050 I         : (2)[1050:mi_thermald][Thermal/TC/TA][wakeup_ta_algo] error,g_tad_pid=0
03-23 00:09:23.378  1050  1050 I         : (2)[1050:mi_thermald][Thermal/TZ/BTS]wakeup_ta_algo -1
03-23 00:09:23.381  1131  1131 I (4)[1131:idmap2d]binder: 1131:1131 ioctl 40046210 7fd527dc04 returned -22
03-23 00:09:23.386  1133  1133 I (7)[1133:installd]binder: 1133:1133 ioctl 40046210 7fc8b9b994 returned -22
03-23 00:09:23.389  1137  1137 I (4)[1137:mediametrics]binder: 1137:1137 ioctl 40046210 7fd39455d4 returned -22
03-23 00:09:23.399  1144  1144 I (7)[1144:mnld]GDL[I:0] [gps_icap_unlocked_ioctl: 65]: cmd (1),arg(0)
03-23 00:09:23.399  1144  1144 I (7)[1144:mnld]GDL[W:0] [gps_icap_unlocked_ioctl: 69]: IOCTL_EMI_MEMORY_INIT
03-23 00:09:23.399  1144  1144 I (7)[1144:mnld]GDL[I:0] [gps_icap_unlocked_ioctl: 65]: cmd (4),arg(425565070108)
03-23 00:09:23.399  1142  1142 I (7)[1142:init]GDL[W:0] [gps_icap_unlocked_ioctl: 88]: IOCTL_ADC_CAPTURE_ADDR_GET,(0)
03-23 00:09:23.400  1142  1142 I (7)[1142:init]KernelSU: handle_setresuid from 0 to 1010
03-23 00:09:23.400  1162  1162 I (7)[1162:init]KernelSU: handle_setresuid from 0 to 1047
03-23 00:09:23.412  1164  1164 I (7)[1164:init]KernelSU: handle_setresuid from 0 to 1000
03-23 00:09:23.413  1142  1142 I (5)[1142:wificond]binder: 1142:1142 ioctl 40046210 7feac13714 returned -22
03-23 00:09:23.417  1172  1172 I (7)[1172:init]KernelSU: handle_setresuid from 0 to 1000
03-23 00:09:23.420   359   359 I (5)[359:chgdet_thread][xmusb350] xmusb350_enable_chg_type_det: xmusb350_enable_chg_type_det: CDP block
03-23 00:09:23.431  1142  1142 I (6)[1142:wificond]binder: 1142:1142 ioctl 40046210 7feac13664 returned -22
03-23 00:09:23.432   440   440 E (3)[440:kworker/3:2][xmusb350] xmusb350_charger_type_det_work: xmusb350_charger_type_det_work: usb voltage is [4750]!
03-23 00:09:23.433   440   440 E (3)[440:kworker/3:2][xmusb350] xmusb350_get_charger_type: xmusb350_get_charger_type: get charger type success, 03!
03-23 00:09:23.433  1174  1174 I (7)[1174:init]KernelSU: handle_setresuid from 0 to 1021
03-23 00:09:23.433   440   440 E (3)[440:kworker/3:2][xmusb350] xmusb350_get_charger_type: xmusb350_get_charger_type: charger type is [0x03]!
03-23 00:09:23.434   440   440 E (3)[440:kworker/3:2][xmusb350] xmusb350_get_error_state: xmusb350_get_error_state: get error state success, 0003!
03-23 00:09:23.434   440   440 E (3)[440:kworker/3:2][xmusb350] xmusb350_get_error_state: xmusb350_get_error_state: error state is [00]!
03-23 00:09:23.434   440   440 E (3)[440:kworker/3:2][xmusb350] xmusb350_charger_type_det_work: xmusb350_charger_type_det_work: charger type is [0x03]!
03-23 00:09:23.434   440   440 E (3)[440:kworker/3:2][xmusb350] xmusb350_charger_type_det_work: old type = 0x11, new type = 0x03, typec_mode = 8
03-23 00:09:23.434   440   440 E (3)[440:kworker/3:2][xmusb350] xmusb350_set_usbsw_state: xmusb350_set_usbsw_state: state = usb
03-23 00:09:23.434   440   440 I         : (3)[440:kworker/3:2]mt_charger_set_property
03-23 00:09:23.434   440   440 I (3)[440:kworker/3:2]dump_charger_name: charger type: 1, Standard USB Host
03-23 00:09:23.434   440   440 I         : (3)[440:kworker/3:2]mt_usb_connect
03-23 00:09:23.434   440   440 E (3)[440:kworker/3:2][xmusb350] xmusb350_psy_chg_type_changed: chg_type = 1
03-23 00:09:23.434   119   119 I         : (6)[119:kworker/u16:2]cur_dr(2) new_dr(1)
03-23 00:09:23.434   119   119 I         : (6)[119:kworker/u16:2][MTU3]mailbox state(4)
03-23 00:09:23.434   119   119 I         : (6)[119:kworker/u16:2][MTU3]usb_cable_connected vbus_exist=0 type=1
03-23 00:09:23.434   440   440 E (3)[440:kworker/3:2][xmusb350] xmusb350_charger_type_det_work: xmusb350_charger_type_det_work: MTK type is [0x01], QC35 type is [0x03], usb_desc.type is [0x04].
03-23 00:09:23.434   440   440 E (3)[440:kworker/3:2][USBPD-PM]: usbpd_psy_notifier_cb: usbpd_psy_notifier_cb enter
03-23 00:09:23.434   119   119 I         : (6)[119:kworker/u16:2][MTU3]ssusb_set_mode = 1
03-23 00:09:23.434   357   357 I         : (0)[357:kworker/u16:5]mtk_charger_int_handler
03-23 00:09:23.434   119   119 I (6)[119:kworker/u16:2]mtu3_phone musb-hdrc: switch_port_to_device
03-23 00:09:23.434   357   357 I (0)[357:kworker/u16:5]battery_callback: 1
03-23 00:09:23.434  1045  1045 E (3)[1045:kworker/3:3][USBPD-PM]: usbpd_psy_notifier_cb: usbpd_psy_notifier_cb enter
03-23 00:09:23.435  1045  1045 E -(3)[1045:kworker/3:3][USBPD-PM]: usbpd_psy_notifier_cb: usbpd_psy_notifier_cb psy_change is running
03-23 00:09:23.435   440   440 E (3)[440:kworker/3:2][USBPD-PM]: usb_psy_change_work: usb_psy_change_work enter.
03-23 00:09:23.435   440   440 E (3)[440:kworker/3:2][USBPD-PM]: usb_psy_change_work: usb_psy_change_work power role is 5.
03-23 00:09:23.435   440   440 E (3)[440:kworker/3:2][USBPD-PM]: usb_psy_change_work: pps unsupport.
03-23 00:09:23.435   440   440 E (3)[440:kworker/3:2][USBPD-PM]: usb_psy_change_work: usb_psy_change_work pd_auth_val.intval is 0.
03-23 00:09:23.435   440   440 E (3)[440:kworker/3:2][USBPD-PM]: usb_psy_change_work: usb_psy_change_work pdpm->pd_active is 0.
03-23 00:09:23.435   357   357 I         : (0)[357:kworker/u16:5][FGADC_intr_end][FG_INTR_INIT][read_fg_hw_info] curr_1 0 curr_2 0 Iavg 0 sign 0 car -10 ncar -10 time 18
03-23 00:09:23.435   357   357 I (0)[357:kworker/u16:5][fg_sw_bat_cycle_accu]car[o:0 n:0],diff_car: 0,ncar[o:0 n:0 hw:-10] thr 0
03-23 00:09:23.436  1140  1140 I (2)[1140:storaged]binder: 1140:1140 ioctl 40046210 7fd9a3f814 returned -22
03-23 00:09:23.436  1135  1135 I (3)[1135:mediaextractor]binder: 1135:1135 ioctl 40046210 7fdd473df4 returned -22
03-23 00:09:23.436   357   357 I         : (1)[357:kworker/u16:5]wake_up_charger
03-23 00:09:23.436   340   340 E (1)[340:kworker/1:1][USBPD-PM]: usbpd_psy_notifier_cb: usbpd_psy_notifier_cb enter
03-23 00:09:23.436   119   119 I         : (6)[119:kworker/u16:2][MTKPHY]usb_phy_tuning [vrt_ref term_ref enhance intr_cal discth] = [6 6 2 14 11]
03-23 00:09:23.437  1176  1176 I (7)[1176:init]KernelSU: handle_setresuid from 0 to 1013
03-23 00:09:23.447   119   119 I (1)[119:kworker/u16:2]nchg: capacity:98, data->night_chg_flag:0, pre_night_chg_flag:0, input_suspend:0
03-23 00:09:23.447     0     0 I , fcc   : 12000000
03-23 00:09:23.448   119   119 I (1)[119:kworker/u16:2]mtu3_phone musb-hdrc: max_speed: high-speed
03-23 00:09:23.450  1175  1175 I (0)[1175:init]KernelSU: handle_setresuid from 0 to 1000
03-23 00:09:23.451  1178  1178 I (4)[1178:init]KernelSU: handle_setresuid from 0 to 1010
03-23 00:09:23.452  1181  1181 I (5)[1181:init]KernelSU: handle_setresuid from 0 to 1046
03-23 00:09:23.453  1138  1138 I (6)[1138:mediaserver64]binder: 1138:1138 ioctl 40046210 7fdb488a94 returned -22
03-23 00:09:23.460  1138  1138 I (4)[1138:mediaserver64]binder: 1138:1138 ioctl 40046210 7fdb488a44 returned -22
03-23 00:09:23.461  1178  1178 I (5)[1178:wlan_assistant][MTK-WIFI] WIFI_open[I]: major 463 minor 0 (pid 1178)
03-23 00:09:23.461  1178  1178 I (5)[1178:wlan_assistant][MTK-WIFI] WIFI_write[I]: WIFI_write WR-BUF:NVRAM, length 6156, copy_size 19
03-23 00:09:23.461  1178  1178 I (5)[1178:wlan_assistant][MTK-WIFI] WIFI_write[I]: Wi-Fi handler = 00000000d38eb1de
03-23 00:09:23.461  1178  1178 I (5)[1178:wlan_assistant][MTK-WIFI] WIFI_close[I]: major 463 minor 0 (pid 1178)
03-23 00:09:23.463  1130  1130 I (5)[1130:cameraserver]binder: 1130:1130 ioctl 40046210 7fda5f25c4 returned -22
03-23 00:09:23.463  1130  1130 I (5)[1130:cameraserver]binder: 1130:1130 ioctl 40046210 7fda5f2614 returned -22
03-23 00:09:23.465  1184  1184 I (0)[1184:init]KernelSU: handle_setresuid from 0 to 1000
03-23 00:09:23.467  1182  1182 I (5)[1182:init]KernelSU: handle_setresuid from 0 to 1066
03-23 00:09:23.476  1194  1194 I (7)[1194:init]KernelSU: handle_setresuid from 0 to 1000
03-23 00:09:23.481  1096  1096 E (2)[1096:mi_thermald]get_connector_temp: connector_temp:293
03-23 00:09:23.486  1190  1190 I (7)[1190:init]KernelSU: handle_setresuid from 0 to 1000
03-23 00:09:23.487  1176  1176 I         : (3)[1176:vpud][VCU] mtk_vcu_open name: vpud pid 1176 tgid 1176 open_cnt 1 current 000000005b435541 group_leader 000000005b435541
03-23 00:09:23.487  1201  1201 I (7)[1201:init]KernelSU: handle_setresuid from 0 to 1000
03-23 00:09:23.488  1182  1182 I (4)[1182:statsd]binder: 1182:1182 ioctl 40046210 7ffbe6b9c4 returned -22
03-23 00:09:23.495  1175  1175 I (0)[1175:vendor.mediatek]binder: 1175:1175 ioctl 40046210 7fec102084 returned -22
03-23 00:09:23.497  1162  1162 I (5)[1162:camerahalserver]binder: 1162:1162 ioctl 40046210 7fca7ae014 returned -22
03-23 00:09:23.497  1162  1162 I (5)[1162:camerahalserver]binder: 1162:1162 ioctl 40046210 7fca7adfc4 returned -22
03-23 00:09:23.499  1212  1212 I (4)[1212:init]KernelSU: handle_setresuid from 0 to 1000
03-23 00:09:23.499  1049  1049 E (0)[1049:surfaceflinger]mali 13000000.mali: Keeping requested GPU VA of 0x100000000
03-23 00:09:23.512  1184  1184 I (1)[1184:gatekeeperd]binder: 1184:1184 ioctl 40046210 7feb8f3134 returned -22
03-23 00:09:23.514  1184  1184 I (1)[1184:gatekeeperd]binder: 1184:1184 ioctl 40046210 7feb8f3054 returned -22
03-23 00:09:23.525  1220  1220 I (7)[1220:init]KernelSU: handle_setresuid from 0 to 1000
03-23 00:09:23.527  1190  1190 I (7)[1190:android.hardwar]binder: 1190:1190 ioctl 40046210 7ff24023c4 returned -22
03-23 00:09:23.528   359   359 I (2)[359:chgdet_thread][xmusb350] xmusb350_enable_chg_type_det: xmusb350_enable_chg_type_det: CDP block
03-23 00:09:23.529  1186  1186 I (6)[1186:update_engine]binder: 1186:1186 ioctl 40046210 7fd3ee74d4 returned -22
03-23 00:09:23.529  1212  1212 I (2)[1212:vendor.microtru]binder: 1212:1212 ioctl 40046210 7fc6674954 returned -22
03-23 00:09:23.534  1267  1267 I (4)[1267:atrace]binder: 1267:1267 ioctl 40046210 7fc706ed74 returned -22
03-23 00:09:23.540  1190  1190 E (6)[1190:android.hardwar]fpc1022_irq fingerprint: enable spi clk clk_enable_set
03-23 00:09:23.545  1007  1007 I (2)[1007:sub_wifi_thrd][MTK-WIFI] update_wr_mtx_down_up_status[I]: Try to down wr_mtx
03-23 00:09:23.545  1007  1007 I (2)[1007:sub_wifi_thrd][MTK-WIFI] get_wifi_powered_status[I]: wifi power status : 0
03-23 00:09:23.545  1007  1007 I (2)[1007:sub_wifi_thrd][MTK-WIFI] update_pre_cal_status[I]: update_pre_cal_status: 1
03-23 00:09:23.545  1007  1007 I (2)[1007:sub_wifi_thrd][MTK-WIFI] get_pre_cal_status[I]: pre cal status: 1
03-23 00:09:23.545  1187  1187 I (3)[1187:usbd]conninfra@(consys_bus_clock_ctrl: 493) drv=[3] conninfra_bus_clock_wpll=[0]->[8] enable conninfra_bus_clock_bpll=[0]->[8] enable
03-23 00:09:23.548  1187  1187 I (3)[1187:usbd]binder: 1187:1187 ioctl 40046210 7ff4852bf4 returned -22
03-23 00:09:23.586  1190  1190 E (0)[1190:android.hardwar]fpc1022_irq fingerprint: disable spi clk clk_enable_set
03-23 00:09:23.587  1190  1190 E (0)[1190:android.hardwar]fpc1022_irq fingerprint: enable spi clk clk_enable_set
03-23 00:09:23.589  1123  1123 I (6)[1123:android.hardwar]binder: 1123:1123 ioctl 40046210 7ffd803e64 returned -22
03-23 00:09:23.592  1175  1175 I (2)[1175:vendor.mediatek]mi-dsi-panel: [mi_dsi_panel_get_panel_info:1162] mi_dsi_panel_get_panel_info +
03-23 00:09:23.594  1045  1045 I (3)[1045:kworker/3:3]conninfra@(consys_bus_clock_ctrl: 528) drv=[3] conninfra_bus_clock_wpll=[8]->[0] disable conninfra_bus_clock_bpll=[8]->[0] disable
03-23 00:09:23.611  1045  1045 E         : (3)[1045:kworker/3:3]typec_cc_orientation = 1
03-23 00:09:23.621  1007  1007 I         : (7)[1007:sub_wifi_thrd][connfem][API][WARN] connfem_epaelna_get_fem_info, No ConnFem context
03-23 00:09:23.621  1007  1007 I         : (7)[1007:sub_wifi_thrd][connfem][API][WARN] connfem_epaelna_get_pin_info, No ConnFem context
03-23 00:09:23.621   359   359 I         : (0)[359:chgdet_thread][connfem][API][WARN] connfem_epaelna_laa_get_pin_info, No ConnFem context
03-23 00:09:23.636   359   359 I (0)[359:chgdet_thread][xmusb350] xmusb350_enable_chg_type_det: xmusb350_enable_chg_type_det: CDP block
03-23 00:09:23.661   425   425 I (2)[425:charger_thread]Vbat=4289,Ibat=-358000,I=0,VChr=4750,T=31,Soc=-1: 50,CT:1:2 hv:1 pd:0:0
03-23 00:09:23.661   425   425 I (2)[425:charger_thread]mtk_charger_start_timer: alarm timer start:1, 18 677028384
03-23 00:09:23.663  1181  1181 I (2)[1181:mediaswcodec]binder: 1181:1181 ioctl 40046210 7fe5dfd644 returned -22
03-23 00:09:23.664  1181  1181 I (2)[1181:binder:1181_2]binder: 1181:1181 ioctl 40046210 7fe5dfd624 returned -22
03-23 00:09:23.665   425   425 I (2)[425:charger_thread]step_chg: vbat=4295000, batt_cyclecnt=399, fcc=12000000.
03-23 00:09:23.666   425   425 I         : (1)[425:charger_thread]fcc[STEPCHG_FCC] = 11800000
03-23 00:09:23.666   425   425 I         : (1)[425:charger_thread]effective_fcc = 11800000
03-23 00:09:23.666   425   425 I         : (1)[425:charger_thread]step_chg cv step STEP_B_TR vbatt = 4295000 , set fcc 11800000
03-23 00:09:23.666   425   425 I         : (1)[425:charger_thread][SW_JEITA] Battery Normal Temperature between 15 and 48 !!
03-23 00:09:23.667   425   425 I         : (1)[425:charger_thread]fcc[JEITA_FCC] = 12400000
03-23 00:09:23.667   425   425 I         : (1)[425:charger_thread]effective_fcc = 11800000
03-23 00:09:23.667   425   425 I (1)[425:charger_thread]do_sw_jeita_state_machine: set jeita current limit success
03-23 00:09:23.667   425   425 E         : (1)[425:charger_thread]not ffc Set ieoc:150000
03-23 00:09:23.668   425   425 I (3)[425:charger_thread][SW_JEITA] batt_vol: 4295000 ffc_cv_hys:30000 info->ffc_cv:4450000
03-23 00:09:23.668   425   425 I (3)[425:charger_thread][SW_JEITA]preState: 5 newState:5 tmp:31 cv:4450000 jeita_current_limit:12400000
03-23 00:09:23.681  1324  1324 I (6)[1324:netdagent]conninfra@(opfunc_subdrv_cal_pwr_on: 1231) [pre_cal][opfunc_subdrv_cal_pwr_on] [sub_wifi_thrd] DONE
03-23 00:09:23.692  1324  1324 I (6)[1324:netdagent]binder: 1201:1324 ioctl 40046210 756b2c79f4 returned -22
03-23 00:09:23.696   119   119 E (1)[119:kworker/u16:2]ghr: scsi_execute exit ret = 0x0
03-23 00:09:23.713    50    50 E (7)[50:kworker/7:1]get_connector_temp: connector_temp:293
03-23 00:09:23.713    50    50 E (7)[50:kworker/7:1][xmusb350] smblib_conn_therm_work: smblib_conn_therm_work connector_temp = 293
03-23 00:09:23.713    50    50 E (7)[50:kworker/7:1][xmusb350] smblib_conn_therm_work: [connector_temp thermal_status enable_charging wdog_timeout] = [293 5 1 10000]
03-23 00:09:23.725   937   937 I (4)[937:binder:937_2]mt6885-audio 11210000.mt6885-afe-pcm: mt6885_afe_runtime_resume()
03-23 00:09:23.725   937   937 I (4)[937:binder:937_2]mt6885-audio 11210000.mt6885-afe-pcm: mt6885_afe_enable_clock()
03-23 00:09:23.725  1285  1285 I (4)[1285:kworker/4:3]mt6885-audio 11210000.mt6885-afe-pcm: mt6885_afe_runtime_suspend()
03-23 00:09:23.725  1285  1285 I (4)[1285:kworker/4:3]mt6885-audio 11210000.mt6885-afe-pcm: mt6885_afe_disable_clock()
03-23 00:09:23.725   937   937 I (5)[937:binder:937_2]mt6885-audio 11210000.mt6885-afe-pcm: mt6885_afe_runtime_resume()
03-23 00:09:23.725   937   937 I (5)[937:binder:937_2]mt6885-audio 11210000.mt6885-afe-pcm: mt6885_afe_enable_clock()
03-23 00:09:23.725    36    36 I (5)[36:kworker/5:0]mt6885-audio 11210000.mt6885-afe-pcm: mt6885_afe_runtime_suspend()
03-23 00:09:23.725    36    36 I (5)[36:kworker/5:0]mt6885-audio 11210000.mt6885-afe-pcm: mt6885_afe_disable_clock()
03-23 00:09:23.726   937   937 I (6)[937:binder:937_2]mt6885-audio 11210000.mt6885-afe-pcm: mt6885_afe_runtime_resume()
03-23 00:09:23.726   937   937 I (6)[937:binder:937_2]mt6885-audio 11210000.mt6885-afe-pcm: mt6885_afe_enable_clock()
03-23 00:09:23.726   343   343 I (6)[343:kworker/6:1]mt6885-audio 11210000.mt6885-afe-pcm: mt6885_afe_runtime_suspend()
03-23 00:09:23.726   343   343 I (6)[343:kworker/6:1]mt6885-audio 11210000.mt6885-afe-pcm: mt6885_afe_disable_clock()
03-23 00:09:23.727   937   937 I (6)[937:binder:937_2]mt6885-audio 11210000.mt6885-afe-pcm: mt6885_afe_runtime_resume()
03-23 00:09:23.727   937   937 I (6)[937:binder:937_2]mt6885-audio 11210000.mt6885-afe-pcm: mt6885_afe_enable_clock()
03-23 00:09:23.727   343   343 I (6)[343:kworker/6:1]mt6885-audio 11210000.mt6885-afe-pcm: mt6885_afe_runtime_suspend()
03-23 00:09:23.727   343   343 I (6)[343:kworker/6:1]mt6885-audio 11210000.mt6885-afe-pcm: mt6885_afe_disable_clock()
03-23 00:09:23.727   937   937 I (4)[937:binder:937_2]mt6885-audio 11210000.mt6885-afe-pcm: mt6885_afe_runtime_resume()
03-23 00:09:23.727   937   937 I (4)[937:binder:937_2]mt6885-audio 11210000.mt6885-afe-pcm: mt6885_afe_enable_clock()
03-23 00:09:23.727  1285  1285 I (4)[1285:kworker/4:3]mt6885-audio 11210000.mt6885-afe-pcm: mt6885_afe_runtime_suspend()
03-23 00:09:23.727  1285  1285 I (4)[1285:kworker/4:3]mt6885-audio 11210000.mt6885-afe-pcm: mt6885_afe_disable_clock()
03-23 00:09:23.728   937   937 I (0)[937:binder:937_2]mt6885-audio 11210000.mt6885-afe-pcm: mt6885_afe_runtime_resume()
03-23 00:09:23.728   937   937 I (0)[937:binder:937_2]mt6885-audio 11210000.mt6885-afe-pcm: mt6885_afe_enable_clock()
03-23 00:09:23.728   437   437 I (0)[437:kworker/0:2]mt6885-audio 11210000.mt6885-afe-pcm: mt6885_afe_runtime_suspend()
03-23 00:09:23.728   437   437 I (0)[437:kworker/0:2]mt6885-audio 11210000.mt6885-afe-pcm: mt6885_afe_disable_clock()
03-23 00:09:23.729   937   937 I (4)[937:binder:937_2]mt6885-audio 11210000.mt6885-afe-pcm: mt6885_afe_runtime_resume()
03-23 00:09:23.729   937   937 I (4)[937:binder:937_2]mt6885-audio 11210000.mt6885-afe-pcm: mt6885_afe_enable_clock()
03-23 00:09:23.729  1285  1285 I (4)[1285:kworker/4:3]mt6885-audio 11210000.mt6885-afe-pcm: mt6885_afe_runtime_suspend()
03-23 00:09:23.729  1285  1285 I (4)[1285:kworker/4:3]mt6885-audio 11210000.mt6885-afe-pcm: mt6885_afe_disable_clock()
03-23 00:09:23.729   937   937 I (4)[937:binder:937_2]mt6885-audio 11210000.mt6885-afe-pcm: mt6885_afe_runtime_resume()
03-23 00:09:23.729   937   937 I (4)[937:binder:937_2]mt6885-audio 11210000.mt6885-afe-pcm: mt6885_afe_enable_clock()
03-23 00:09:23.729  1285  1285 I (4)[1285:kworker/4:3]mt6885-audio 11210000.mt6885-afe-pcm: mt6885_afe_runtime_suspend()
